Archive member included to satisfy reference by file (symbol)

/raid/tools/cross-compilers/riscv-rv64gc-medany/lib/gcc/riscv64-unknown-elf/8.3.0/../../../../riscv64-unknown-elf/lib/libm.a(lib_a-s_floor.o)
                              /tmp/cc8f9Ybn.o (floor)
/raid/tools/cross-compilers/riscv-rv64gc-medany/lib/gcc/riscv64-unknown-elf/8.3.0/../../../../riscv64-unknown-elf/lib/libm.a(lib_a-w_log.o)
                              /tmp/cc8f9Ybn.o (log)
/raid/tools/cross-compilers/riscv-rv64gc-medany/lib/gcc/riscv64-unknown-elf/8.3.0/../../../../riscv64-unknown-elf/lib/libm.a(lib_a-w_pow.o)
                              /tmp/cc8f9Ybn.o (pow)
/raid/tools/cross-compilers/riscv-rv64gc-medany/lib/gcc/riscv64-unknown-elf/8.3.0/../../../../riscv64-unknown-elf/lib/libm.a(lib_a-w_sqrt.o)
                              /tmp/cc8f9Ybn.o (sqrt)
/raid/tools/cross-compilers/riscv-rv64gc-medany/lib/gcc/riscv64-unknown-elf/8.3.0/../../../../riscv64-unknown-elf/lib/libm.a(lib_a-e_log.o)
                              /raid/tools/cross-compilers/riscv-rv64gc-medany/lib/gcc/riscv64-unknown-elf/8.3.0/../../../../riscv64-unknown-elf/lib/libm.a(lib_a-w_log.o) (__ieee754_log)
/raid/tools/cross-compilers/riscv-rv64gc-medany/lib/gcc/riscv64-unknown-elf/8.3.0/../../../../riscv64-unknown-elf/lib/libm.a(lib_a-e_pow.o)
                              /raid/tools/cross-compilers/riscv-rv64gc-medany/lib/gcc/riscv64-unknown-elf/8.3.0/../../../../riscv64-unknown-elf/lib/libm.a(lib_a-w_pow.o) (__ieee754_pow)
/raid/tools/cross-compilers/riscv-rv64gc-medany/lib/gcc/riscv64-unknown-elf/8.3.0/../../../../riscv64-unknown-elf/lib/libm.a(lib_a-e_sqrt.o)
                              /raid/tools/cross-compilers/riscv-rv64gc-medany/lib/gcc/riscv64-unknown-elf/8.3.0/../../../../riscv64-unknown-elf/lib/libm.a(lib_a-w_sqrt.o) (__ieee754_sqrt)
/raid/tools/cross-compilers/riscv-rv64gc-medany/lib/gcc/riscv64-unknown-elf/8.3.0/../../../../riscv64-unknown-elf/lib/libm.a(lib_a-s_fabs.o)
                              /raid/tools/cross-compilers/riscv-rv64gc-medany/lib/gcc/riscv64-unknown-elf/8.3.0/../../../../riscv64-unknown-elf/lib/libm.a(lib_a-e_pow.o) (fabs)
/raid/tools/cross-compilers/riscv-rv64gc-medany/lib/gcc/riscv64-unknown-elf/8.3.0/../../../../riscv64-unknown-elf/lib/libm.a(lib_a-s_finite.o)
                              /raid/tools/cross-compilers/riscv-rv64gc-medany/lib/gcc/riscv64-unknown-elf/8.3.0/../../../../riscv64-unknown-elf/lib/libm.a(lib_a-w_pow.o) (finite)
/raid/tools/cross-compilers/riscv-rv64gc-medany/lib/gcc/riscv64-unknown-elf/8.3.0/../../../../riscv64-unknown-elf/lib/libm.a(lib_a-s_lib_ver.o)
                              /raid/tools/cross-compilers/riscv-rv64gc-medany/lib/gcc/riscv64-unknown-elf/8.3.0/../../../../riscv64-unknown-elf/lib/libm.a(lib_a-w_log.o) (__fdlib_version)
/raid/tools/cross-compilers/riscv-rv64gc-medany/lib/gcc/riscv64-unknown-elf/8.3.0/../../../../riscv64-unknown-elf/lib/libm.a(lib_a-s_matherr.o)
                              /raid/tools/cross-compilers/riscv-rv64gc-medany/lib/gcc/riscv64-unknown-elf/8.3.0/../../../../riscv64-unknown-elf/lib/libm.a(lib_a-w_log.o) (matherr)
/raid/tools/cross-compilers/riscv-rv64gc-medany/lib/gcc/riscv64-unknown-elf/8.3.0/../../../../riscv64-unknown-elf/lib/libm.a(lib_a-s_nan.o)
                              /raid/tools/cross-compilers/riscv-rv64gc-medany/lib/gcc/riscv64-unknown-elf/8.3.0/../../../../riscv64-unknown-elf/lib/libm.a(lib_a-w_log.o) (nan)
/raid/tools/cross-compilers/riscv-rv64gc-medany/lib/gcc/riscv64-unknown-elf/8.3.0/../../../../riscv64-unknown-elf/lib/libm.a(lib_a-s_rint.o)
                              /raid/tools/cross-compilers/riscv-rv64gc-medany/lib/gcc/riscv64-unknown-elf/8.3.0/../../../../riscv64-unknown-elf/lib/libm.a(lib_a-w_pow.o) (rint)
/raid/tools/cross-compilers/riscv-rv64gc-medany/lib/gcc/riscv64-unknown-elf/8.3.0/../../../../riscv64-unknown-elf/lib/libm.a(lib_a-s_scalbn.o)
                              /raid/tools/cross-compilers/riscv-rv64gc-medany/lib/gcc/riscv64-unknown-elf/8.3.0/../../../../riscv64-unknown-elf/lib/libm.a(lib_a-e_pow.o) (scalbn)
/raid/tools/cross-compilers/riscv-rv64gc-medany/lib/gcc/riscv64-unknown-elf/8.3.0/../../../../riscv64-unknown-elf/lib/libm.a(lib_a-s_copysign.o)
                              /raid/tools/cross-compilers/riscv-rv64gc-medany/lib/gcc/riscv64-unknown-elf/8.3.0/../../../../riscv64-unknown-elf/lib/libm.a(lib_a-s_scalbn.o) (copysign)
/raid/tools/cross-compilers/riscv-rv64gc-medany/lib/gcc/riscv64-unknown-elf/8.3.0/../../../../riscv64-unknown-elf/lib/libc.a(lib_a-atexit.o)
                              /raid/tools/cross-compilers/riscv-rv64gc-medany/lib/gcc/riscv64-unknown-elf/8.3.0/../../../../riscv64-unknown-elf/lib/crt0.o (atexit)
/raid/tools/cross-compilers/riscv-rv64gc-medany/lib/gcc/riscv64-unknown-elf/8.3.0/../../../../riscv64-unknown-elf/lib/libc.a(lib_a-errno.o)
                              ./lib/syscalls.o (__errno)
[...]
Memory Configuration

Name             Origin             Length             Attributes
*default*        0x0000000000000000 0xffffffffffffffff

Linker script and memory map

LOAD ./lib/syscalls.o
LOAD ./lib/riscv_counters.o
LOAD ./lib/ns16550.o
Address of section .text-segment set to 0xc0000000
LOAD /tmp/cc8f9Ybn.o
LOAD /raid/tools/cross-compilers/riscv-rv64gc-medany/lib/gcc/riscv64-unknown-elf/8.3.0/../../../../riscv64-unknown-elf/lib/libm.a
LOAD /raid/tools/cross-compilers/riscv-rv64gc-medany/lib/gcc/riscv64-unknown-elf/8.3.0/libgcc.a
LOAD /raid/tools/cross-compilers/riscv-rv64gc-medany/lib/gcc/riscv64-unknown-elf/8.3.0/../../../../riscv64-unknown-elf/lib/libnosys.a
LOAD /raid/tools/cross-compilers/riscv-rv64gc-medany/lib/gcc/riscv64-unknown-elf/8.3.0/libgcc.a
START GROUP
LOAD /raid/tools/cross-compilers/riscv-rv64gc-medany/lib/gcc/riscv64-unknown-elf/8.3.0/libgcc.a
LOAD /raid/tools/cross-compilers/riscv-rv64gc-medany/lib/gcc/riscv64-unknown-elf/8.3.0/../../../../riscv64-unknown-elf/lib/libc.a
LOAD /raid/tools/cross-compilers/riscv-rv64gc-medany/lib/gcc/riscv64-unknown-elf/8.3.0/../../../../riscv64-unknown-elf/lib/libnosys.a
END GROUP
LOAD /raid/tools/cross-compilers/riscv-rv64gc-medany/lib/gcc/riscv64-unknown-elf/8.3.0/crtend.o
                [!provide]                        PROVIDE (__executable_start = SEGMENT_START ("text-segment", 0x10000))
                0x00000000c00000b0                . = (SEGMENT_START ("text-segment", 0x10000) + SIZEOF_HEADERS)

.interp
 *(.interp)

.note.gnu.build-id
 *(.note.gnu.build-id)

.hash
 *(.hash)

.gnu.hash
 *(.gnu.hash)

.dynsym
 *(.dynsym)

.dynstr
 *(.dynstr)

.gnu.version
 *(.gnu.version)

.gnu.version_d
 *(.gnu.version_d)

.gnu.version_r
 *(.gnu.version_r)

.rela.dyn       0x00000000c00000b0        0x0
 *(.rela.init)
 *(.rela.text .rela.text.* .rela.gnu.linkonce.t.*)
 .rela.text     0x00000000c00000b0        0x0 /raid/tools/cross-compilers/riscv-rv64gc-medany/lib/gcc/riscv64-unknown-elf/8.3.0/../../../../riscv64-unknown-elf/lib/crt0.o
 *(.rela.fini)
 *(.rela.rodata .rela.rodata.* .rela.gnu.linkonce.r.*)
 *(.rela.data .rela.data.* .rela.gnu.linkonce.d.*)
 *(.rela.tdata .rela.tdata.* .rela.gnu.linkonce.td.*)
 *(.rela.tbss .rela.tbss.* .rela.gnu.linkonce.tb.*)
 *(.rela.ctors)
 *(.rela.dtors)
 *(.rela.got)
 *(.rela.sdata .rela.sdata.* .rela.gnu.linkonce.s.*)
 *(.rela.sbss .rela.sbss.* .rela.gnu.linkonce.sb.*)
 *(.rela.sdata2 .rela.sdata2.* .rela.gnu.linkonce.s2.*)
 *(.rela.sbss2 .rela.sbss2.* .rela.gnu.linkonce.sb2.*)
 *(.rela.bss .rela.bss.* .rela.gnu.linkonce.b.*)
                [!provide]                        PROVIDE (__rela_iplt_start = .)
 *(.rela.iplt)
                [!provide]                        PROVIDE (__rela_iplt_end = .)

.rela.plt
 *(.rela.plt)

.init
 *(SORT_NONE(.init))

.plt
 *(.plt)

.iplt
 *(.iplt)

.text           0x00000000c00000b0    0x17548
 *(.text.unlikely .text.*_unlikely .text.unlikely.*)
 *(.text.exit .text.exit.*)
 *(.text.startup .text.startup.*)
 *(.text.hot .text.hot.*)
 *(.text .stub .text.* .gnu.linkonce.t.*)
 .text          0x00000000c00000b0       0x3c /raid/tools/cross-compilers/riscv-rv64gc-medany/lib/gcc/riscv64-unknown-elf/8.3.0/../../../../riscv64-unknown-elf/lib/crt0.o
                0x00000000c00000b0                _start
                0x00000000c00000ea                _init
                0x00000000c00000ea                _fini
 .text          0x00000000c00000ec       0xa0 /raid/tools/cross-compilers/riscv-rv64gc-medany/lib/gcc/riscv64-unknown-elf/8.3.0/crtbegin.o
 .text          0x00000000c000018c      0x4ac ./lib/syscalls.o
                0x00000000c000018c                read
                0x00000000c0000234                write
                0x00000000c00002b8                gettimeofday
                0x00000000c0000328                sleep
                0x00000000c000039c                _sbrk
                0x00000000c00003dc                _write
                0x00000000c0000460                _close
                0x00000000c00004a0                _lseek
                0x00000000c00004f0                _read
                0x00000000c0000540                _fstat
                0x00000000c0000584                _isatty
                0x00000000c00005c4                _kill
                0x00000000c0000610                _getpid
 .text          0x00000000c0000638      0x16c ./lib/riscv_counters.o
                0x00000000c0000638                read_cycle
                0x00000000c0000660                read_time
                0x00000000c0000688                read_instret
                0x00000000c00006b0                fence
                0x00000000c00006d0                io_read32
                0x00000000c0000700                io_write32
                0x00000000c000073c                io_read64
                0x00000000c000076c                io_write64
 .text          0x00000000c00007a4      0x214 ./lib/ns16550.o
                0x00000000c0000880                ns16550_rxready
                0x00000000c00008c4                ns16550_rxchar
                0x00000000c0000918                ns16550_txchar
                0x00000000c0000978                ns16550_flush
 .text          0x00000000c00009b8     0x9600 /tmp/cc8f9Ybn.o
                0x00000000c00009b8                main
                0x00000000c0008fb8                sigfpe
                0x00000000c000904c                Sign
                0x00000000c0009098                Pause
                0x00000000c000911c                TstCond
                0x00000000c0009184                BadCond
                0x00000000c0009210                Random
                0x00000000c00092c0                SqXMinX
                0x00000000c000946c                NewD
                0x00000000c000960c                SR3750
                0x00000000c0009834                IsYeqX
                0x00000000c000996c                SR3980
                0x00000000c0009a44                PrintIfNPositive
                0x00000000c0009a90                TstPtUf
                0x00000000c0009e64                notify
                0x00000000c0009ea8                msglist
                0x00000000c0009ef8                Instructions
                0x00000000c0009f28                Heading
                0x00000000c0009f58                Characteristics
                0x00000000c0009f88                History
 .text          0x00000000c0009fb8      0x142 /raid/tools/cross-compilers/riscv-rv64gc-medany/lib/gcc/riscv64-unknown-elf/8.3.0/../../../../riscv64-unknown-elf/lib/libm.a(lib_a-s_floor.o)
                0x00000000c0009fb8                floor
 .text          0x00000000c000a0fa       0xc2 /raid/tools/cross-compilers/riscv-rv64gc-medany/lib/gcc/riscv64-unknown-elf/8.3.0/../../../../riscv64-unknown-elf/lib/libm.a(lib_a-w_log.o)
                0x00000000c000a0fa                log
 .text          0x00000000c000a1bc      0x242 /raid/tools/cross-compilers/riscv-rv64gc-medany/lib/gcc/riscv64-unknown-elf/8.3.0/../../../../riscv64-unknown-elf/lib/libm.a(lib_a-w_pow.o)
                0x00000000c000a1bc                pow
 .text          0x00000000c000a3fe       0x86 /raid/tools/cross-compilers/riscv-rv64gc-medany/lib/gcc/riscv64-unknown-elf/8.3.0/../../../../riscv64-unknown-elf/lib/libm.a(lib_a-w_sqrt.o)
                0x00000000c000a3fe                sqrt
 .text          0x00000000c000a484      0x252 /raid/tools/cross-compilers/riscv-rv64gc-medany/lib/gcc/riscv64-unknown-elf/8.3.0/../../../../riscv64-unknown-elf/lib/libm.a(lib_a-e_log.o)
                0x00000000c000a484                __ieee754_log
 .text          0x00000000c000a6d6      0x786 /raid/tools/cross-compilers/riscv-rv64gc-medany/lib/gcc/riscv64-unknown-elf/8.3.0/../../../../riscv64-unknown-elf/lib/libm.a(lib_a-e_pow.o)
                0x00000000c000a6d6                __ieee754_pow
 .text          0x00000000c000ae5c      0x1e6 /raid/tools/cross-compilers/riscv-rv64gc-medany/lib/gcc/riscv64-unknown-elf/8.3.0/../../../../riscv64-unknown-elf/lib/libm.a(lib_a-e_sqrt.o)
                0x00000000c000ae5c                __ieee754_sqrt
 .text          0x00000000c000b042       0x1a /raid/tools/cross-compilers/riscv-rv64gc-medany/lib/gcc/riscv64-unknown-elf/8.3.0/../../../../riscv64-unknown-elf/lib/libm.a(lib_a-s_fabs.o)
                0x00000000c000b042                fabs
 .text          0x00000000c000b05c       0x14 /raid/tools/cross-compilers/riscv-rv64gc-medany/lib/gcc/riscv64-unknown-elf/8.3.0/../../../../riscv64-unknown-elf/lib/libm.a(lib_a-s_finite.o)
                0x00000000c000b05c                finite
 .text          0x00000000c000b070        0x0 /raid/tools/cross-compilers/riscv-rv64gc-medany/lib/gcc/riscv64-unknown-elf/8.3.0/../../../../riscv64-unknown-elf/lib/libm.a(lib_a-s_lib_ver.o)
 .text          0x00000000c000b070        0x4 /raid/tools/cross-compilers/riscv-rv64gc-medany/lib/gcc/riscv64-unknown-elf/8.3.0/../../../../riscv64-unknown-elf/lib/libm.a(lib_a-s_matherr.o)
                0x00000000c000b070                matherr
 .text          0x00000000c000b074        0xa /raid/tools/cross-compilers/riscv-rv64gc-medany/lib/gcc/riscv64-unknown-elf/8.3.0/../../../../riscv64-unknown-elf/lib/libm.a(lib_a-s_nan.o)
                0x00000000c000b074                nan
 .text          0x00000000c000b07e      0x164 /raid/tools/cross-compilers/riscv-rv64gc-medany/lib/gcc/riscv64-unknown-elf/8.3.0/../../../../riscv64-unknown-elf/lib/libm.a(lib_a-s_rint.o)
                0x00000000c000b07e                rint
 .text          0x00000000c000b1e2      0x136 /raid/tools/cross-compilers/riscv-rv64gc-medany/lib/gcc/riscv64-unknown-elf/8.3.0/../../../../riscv64-unknown-elf/lib/libm.a(lib_a-s_scalbn.o)
                0x00000000c000b1e2                scalbn
 .text          0x00000000c000b318       0x28 /raid/tools/cross-compilers/riscv-rv64gc-medany/lib/gcc/riscv64-unknown-elf/8.3.0/../../../../riscv64-unknown-elf/lib/libm.a(lib_a-s_copysign.o)
                0x00000000c000b318                copysign
 .text          0x00000000c000b340        0xc /raid/tools/cross-compilers/riscv-rv64gc-medany/lib/gcc/riscv64-unknown-elf/8.3.0/../../../../riscv64-unknown-elf/lib/libc.a(lib_a-atexit.o)
                0x00000000c000b340                atexit
 .text          0x00000000c000b34c        0x8 /raid/tools/cross-compilers/riscv-rv64gc-medany/lib/gcc/riscv64-unknown-elf/8.3.0/../../../../riscv64-unknown-elf/lib/libc.a(lib_a-errno.o)
                0x00000000c000b34c                __errno
 .text          0x00000000c000b354       0x20 /raid/tools/cross-compilers/riscv-rv64gc-medany/lib/gcc/riscv64-unknown-elf/8.3.0/../../../../riscv64-unknown-elf/lib/libc.a(lib_a-exit.o)
                0x00000000c000b354                exit
 .text          0x00000000c000b374      0x1ee /raid/tools/cross-compilers/riscv-rv64gc-medany/lib/gcc/riscv64-unknown-elf/8.3.0/../../../../riscv64-unknown-elf/lib/libc.a(lib_a-fflush.o)
                0x00000000c000b374                __sflush_r
                0x00000000c000b50a                _fflush_r
                0x00000000c000b542                fflush
 .text          0x00000000c000b562      0x288 /raid/tools/cross-compilers/riscv-rv64gc-medany/lib/gcc/riscv64-unknown-elf/8.3.0/../../../../riscv64-unknown-elf/lib/libc.a(lib_a-findfp.o)
                0x00000000c000b566                _cleanup_r
                0x00000000c000b69e                __sfmoreglue
                0x00000000c000b6e6                __sfp
                0x00000000c000b7a2                _cleanup
                0x00000000c000b7b4                __sinit
                0x00000000c000b7be                __sfp_lock_acquire
                0x00000000c000b7c0                __sfp_lock_release
                0x00000000c000b7c2                __sinit_lock_acquire
                0x00000000c000b7c4                __sinit_lock_release
                0x00000000c000b7c6                __fp_lock_all
                0x00000000c000b7d8                __fp_unlock_all
 .text          0x00000000c000b7ea       0x3a /raid/tools/cross-compilers/riscv-rv64gc-medany/lib/gcc/riscv64-unknown-elf/8.3.0/../../../../riscv64-unknown-elf/lib/libc.a(lib_a-fini.o)
                0x00000000c000b7ea                __libc_fini_array
 .text          0x00000000c000b824      0x336 /raid/tools/cross-compilers/riscv-rv64gc-medany/lib/gcc/riscv64-unknown-elf/8.3.0/../../../../riscv64-unknown-elf/lib/libc.a(lib_a-freer.o)
                0x00000000c000b824                _malloc_trim_r
                0x00000000c000b8f0                _free_r
 .text          0x00000000c000bb5a      0x11c /raid/tools/cross-compilers/riscv-rv64gc-medany/lib/gcc/riscv64-unknown-elf/8.3.0/../../../../riscv64-unknown-elf/lib/libc.a(lib_a-fwalk.o)
                0x00000000c000bb5a                _fwalk
                0x00000000c000bbe4                _fwalk_reent
 .text          0x00000000c000bc76        0x0 /raid/tools/cross-compilers/riscv-rv64gc-medany/lib/gcc/riscv64-unknown-elf/8.3.0/../../../../riscv64-unknown-elf/lib/libc.a(lib_a-impure.o)
 .text          0x00000000c000bc76       0x6e /raid/tools/cross-compilers/riscv-rv64gc-medany/lib/gcc/riscv64-unknown-elf/8.3.0/../../../../riscv64-unknown-elf/lib/libc.a(lib_a-init.o)
                0x00000000c000bc76                __libc_init_array
 .text          0x00000000c000bce4      0x660 /raid/tools/cross-compilers/riscv-rv64gc-medany/lib/gcc/riscv64-unknown-elf/8.3.0/../../../../riscv64-unknown-elf/lib/libc.a(lib_a-mallocr.o)
                0x00000000c000bce4                _malloc_r
 .text          0x00000000c000c344       0xaa /raid/tools/cross-compilers/riscv-rv64gc-medany/lib/gcc/riscv64-unknown-elf/8.3.0/../../../../riscv64-unknown-elf/lib/libc.a(lib_a-memset.o)
                0x00000000c000c344                memset
 .text          0x00000000c000c3ee        0x4 /raid/tools/cross-compilers/riscv-rv64gc-medany/lib/gcc/riscv64-unknown-elf/8.3.0/../../../../riscv64-unknown-elf/lib/libc.a(lib_a-mlock.o)
                0x00000000c000c3ee                __malloc_lock
                0x00000000c000c3f0                __malloc_unlock
 .text          0x00000000c000c3f2       0x56 /raid/tools/cross-compilers/riscv-rv64gc-medany/lib/gcc/riscv64-unknown-elf/8.3.0/../../../../riscv64-unknown-elf/lib/libc.a(lib_a-printf.o)
                0x00000000c000c3f2                _printf_r
                0x00000000c000c416                printf
 .text          0x00000000c000c448       0x16 /raid/tools/cross-compilers/riscv-rv64gc-medany/lib/gcc/riscv64-unknown-elf/8.3.0/../../../../riscv64-unknown-elf/lib/libc.a(lib_a-putchar.o)
                0x00000000c000c448                _putchar_r
                0x00000000c000c44e                putchar
 .text          0x00000000c000c45e       0xc6 /raid/tools/cross-compilers/riscv-rv64gc-medany/lib/gcc/riscv64-unknown-elf/8.3.0/../../../../riscv64-unknown-elf/lib/libc.a(lib_a-putc.o)
                0x00000000c000c45e                _putc_r
                0x00000000c000c4ba                putc
 .text          0x00000000c000c524       0x8c /raid/tools/cross-compilers/riscv-rv64gc-medany/lib/gcc/riscv64-unknown-elf/8.3.0/../../../../riscv64-unknown-elf/lib/libc.a(lib_a-puts.o)
                0x00000000c000c524                _puts_r
                0x00000000c000c5a4                puts
 .text          0x00000000c000c5b0       0x3a /raid/tools/cross-compilers/riscv-rv64gc-medany/lib/gcc/riscv64-unknown-elf/8.3.0/../../../../riscv64-unknown-elf/lib/libc.a(lib_a-sbrkr.o)
                0x00000000c000c5b0                _sbrk_r
 .text          0x00000000c000c5ea       0xcc /raid/tools/cross-compilers/riscv-rv64gc-medany/lib/gcc/riscv64-unknown-elf/8.3.0/../../../../riscv64-unknown-elf/lib/libc.a(lib_a-setjmp.o)
                0x00000000c000c5ea                setjmp
                0x00000000c000c64e                longjmp
 .text          0x00000000c000c6b6      0x1fa /raid/tools/cross-compilers/riscv-rv64gc-medany/lib/gcc/riscv64-unknown-elf/8.3.0/../../../../riscv64-unknown-elf/lib/libc.a(lib_a-signal.o)
                0x00000000c000c6e8                _init_signal_r
                0x00000000c000c6f6                _signal_r
                0x00000000c000c742                _raise_r
                0x00000000c000c7c0                __sigtramp_r
                0x00000000c000c82c                raise
                0x00000000c000c838                signal
                0x00000000c000c890                _init_signal
                0x00000000c000c8a4                __sigtramp
 .text          0x00000000c000c8b0       0x42 /raid/tools/cross-compilers/riscv-rv64gc-medany/lib/gcc/riscv64-unknown-elf/8.3.0/../../../../riscv64-unknown-elf/lib/libc.a(lib_a-signalr.o)
                0x00000000c000c8b0                _kill_r
                0x00000000c000c8ee                _getpid_r
 .text          0x00000000c000c8f2       0xda /raid/tools/cross-compilers/riscv-rv64gc-medany/lib/gcc/riscv64-unknown-elf/8.3.0/../../../../riscv64-unknown-elf/lib/libc.a(lib_a-stdio.o)
                0x00000000c000c8f2                __sread
                0x00000000c000c92a                __seofread
                0x00000000c000c92e                __swrite
                0x00000000c000c982                __sseek
                0x00000000c000c9c4                __sclose
 .text          0x00000000c000c9cc       0x98 /raid/tools/cross-compilers/riscv-rv64gc-medany/lib/gcc/riscv64-unknown-elf/8.3.0/../../../../riscv64-unknown-elf/lib/libc.a(lib_a-strlen.o)
                0x00000000c000c9cc                strlen
 .text          0x00000000c000ca64     0x1cb4 /raid/tools/cross-compilers/riscv-rv64gc-medany/lib/gcc/riscv64-unknown-elf/8.3.0/../../../../riscv64-unknown-elf/lib/libc.a(lib_a-vfprintf.o)
                0x00000000c000ca64                _vfprintf_r
                0x00000000c000e674                vfprintf
 .text          0x00000000c000e718      0x10c /raid/tools/cross-compilers/riscv-rv64gc-medany/lib/gcc/riscv64-unknown-elf/8.3.0/../../../../riscv64-unknown-elf/lib/libc.a(lib_a-wbuf.o)
                0x00000000c000e718                __swbuf_r
                0x00000000c000e816                __swbuf
 .text          0x00000000c000e824       0x40 /raid/tools/cross-compilers/riscv-rv64gc-medany/lib/gcc/riscv64-unknown-elf/8.3.0/../../../../riscv64-unknown-elf/lib/libc.a(lib_a-writer.o)
                0x00000000c000e824                _write_r
 .text          0x00000000c000e864       0xf4 /raid/tools/cross-compilers/riscv-rv64gc-medany/lib/gcc/riscv64-unknown-elf/8.3.0/../../../../riscv64-unknown-elf/lib/libc.a(lib_a-wsetup.o)
                0x00000000c000e864                __swsetup_r
 .text          0x00000000c000e958       0x78 /raid/tools/cross-compilers/riscv-rv64gc-medany/lib/gcc/riscv64-unknown-elf/8.3.0/../../../../riscv64-unknown-elf/lib/libc.a(lib_a-__atexit.o)
                0x00000000c000e958                __register_exitproc
 .text          0x00000000c000e9d0       0xc2 /raid/tools/cross-compilers/riscv-rv64gc-medany/lib/gcc/riscv64-unknown-elf/8.3.0/../../../../riscv64-unknown-elf/lib/libc.a(lib_a-__call_atexit.o)
                0x00000000c000e9d0                __call_exitprocs
 .text          0x00000000c000ea92       0x3a /raid/tools/cross-compilers/riscv-rv64gc-medany/lib/gcc/riscv64-unknown-elf/8.3.0/../../../../riscv64-unknown-elf/lib/libc.a(lib_a-closer.o)
                0x00000000c000ea92                _close_r
 .text          0x00000000c000eacc       0xba /raid/tools/cross-compilers/riscv-rv64gc-medany/lib/gcc/riscv64-unknown-elf/8.3.0/../../../../riscv64-unknown-elf/lib/libc.a(lib_a-fclose.o)
                0x00000000c000eacc                _fclose_r
                0x00000000c000eb7a                fclose
 .text          0x00000000c000eb86      0x32c /raid/tools/cross-compilers/riscv-rv64gc-medany/lib/gcc/riscv64-unknown-elf/8.3.0/../../../../riscv64-unknown-elf/lib/libc.a(lib_a-fvwrite.o)
                0x00000000c000eb86                __sfvwrite_r
 .text          0x00000000c000eeb2     0x20f8 /raid/tools/cross-compilers/riscv-rv64gc-medany/lib/gcc/riscv64-unknown-elf/8.3.0/../../../../riscv64-unknown-elf/lib/libc.a(lib_a-ldtoa.o)
                0x00000000c0010096                _ldtoa_r
                0x00000000c0010f74                _ldcheck
 .text          0x00000000c0010faa       0x3a /raid/tools/cross-compilers/riscv-rv64gc-medany/lib/gcc/riscv64-unknown-elf/8.3.0/../../../../riscv64-unknown-elf/lib/libc.a(lib_a-localeconv.o)
                0x00000000c0010faa                __localeconv_l
                0x00000000c0010fb0                _localeconv_r
                0x00000000c0010fca                localeconv
 .text          0x00000000c0010fe4       0x9a /raid/tools/cross-compilers/riscv-rv64gc-medany/lib/gcc/riscv64-unknown-elf/8.3.0/../../../../riscv64-unknown-elf/lib/libc.a(lib_a-locale.o)
                0x00000000c0010fe4                _setlocale_r
                0x00000000c001103c                __locale_mb_cur_max
                0x00000000c0011056                __locale_ctype_ptr_l
                0x00000000c001105a                __locale_ctype_ptr
                0x00000000c0011070                setlocale
 .text          0x00000000c001107e       0x40 /raid/tools/cross-compilers/riscv-rv64gc-medany/lib/gcc/riscv64-unknown-elf/8.3.0/../../../../riscv64-unknown-elf/lib/libc.a(lib_a-lseekr.o)
                0x00000000c001107e                _lseek_r
 .text          0x00000000c00110be      0x13e /raid/tools/cross-compilers/riscv-rv64gc-medany/lib/gcc/riscv64-unknown-elf/8.3.0/../../../../riscv64-unknown-elf/lib/libc.a(lib_a-makebuf.o)
                0x00000000c00110be                __swhatbuf_r
                0x00000000c0011140                __smakebuf_r
 .text          0x00000000c00111fc       0x5a /raid/tools/cross-compilers/riscv-rv64gc-medany/lib/gcc/riscv64-unknown-elf/8.3.0/../../../../riscv64-unknown-elf/lib/libc.a(lib_a-mbtowc_r.o)
                0x00000000c00111fc                _mbtowc_r
                0x00000000c0011216                __ascii_mbtowc
 .text          0x00000000c0011256       0xb0 /raid/tools/cross-compilers/riscv-rv64gc-medany/lib/gcc/riscv64-unknown-elf/8.3.0/../../../../riscv64-unknown-elf/lib/libc.a(lib_a-memchr.o)
                0x00000000c0011256                memchr
 .text          0x00000000c0011306       0xe2 /raid/tools/cross-compilers/riscv-rv64gc-medany/lib/gcc/riscv64-unknown-elf/8.3.0/../../../../riscv64-unknown-elf/lib/libc.a(lib_a-memcpy.o)
                0x00000000c0011306                memcpy
 .text          0x00000000c00113e8       0xd6 /raid/tools/cross-compilers/riscv-rv64gc-medany/lib/gcc/riscv64-unknown-elf/8.3.0/../../../../riscv64-unknown-elf/lib/libc.a(lib_a-memmove.o)
                0x00000000c00113e8                memmove
 .text          0x00000000c00114be      0xb1e /raid/tools/cross-compilers/riscv-rv64gc-medany/lib/gcc/riscv64-unknown-elf/8.3.0/../../../../riscv64-unknown-elf/lib/libc.a(lib_a-mprec.o)
                0x00000000c00114be                _Balloc
                0x00000000c0011522                _Bfree
                0x00000000c0011534                __multadd
                0x00000000c00115ec                __s2b
                0x00000000c00116b4                __hi0bits
                0x00000000c0011704                __lo0bits
                0x00000000c0011780                __i2b
                0x00000000c001179c                __multiply
                0x00000000c001191c                __pow5mult
                0x00000000c00119e6                __lshift
                0x00000000c0011ade                __mcmp
                0x00000000c0011b14                __mdiff
                0x00000000c0011c5c                __ulp
                0x00000000c0011cbc                __b2d
                0x00000000c0011dae                __d2b
                0x00000000c0011e8e                __ratio
                0x00000000c0011f10                _mprec_log10
                0x00000000c0011f40                __copybits
                0x00000000c0011f88                __any_on
 .text          0x00000000c0011fdc       0x40 /raid/tools/cross-compilers/riscv-rv64gc-medany/lib/gcc/riscv64-unknown-elf/8.3.0/../../../../riscv64-unknown-elf/lib/libc.a(lib_a-readr.o)
                0x00000000c0011fdc                _read_r
 .text          0x00000000c001201c      0x458 /raid/tools/cross-compilers/riscv-rv64gc-medany/lib/gcc/riscv64-unknown-elf/8.3.0/../../../../riscv64-unknown-elf/lib/libc.a(lib_a-reallocr.o)
                0x00000000c001201c                _realloc_r
 .text          0x00000000c0012474       0xcc /raid/tools/cross-compilers/riscv-rv64gc-medany/lib/gcc/riscv64-unknown-elf/8.3.0/../../../../riscv64-unknown-elf/lib/libc.a(lib_a-reent.o)
                0x00000000c0012474                cleanup_glue
                0x00000000c0012498                _reclaim_reent
 .text          0x00000000c0012540       0x82 /raid/tools/cross-compilers/riscv-rv64gc-medany/lib/gcc/riscv64-unknown-elf/8.3.0/../../../../riscv64-unknown-elf/lib/libc.a(lib_a-s_frexp.o)
                0x00000000c0012540                frexp
 .text          0x00000000c00125c2       0x8e /raid/tools/cross-compilers/riscv-rv64gc-medany/lib/gcc/riscv64-unknown-elf/8.3.0/../../../../riscv64-unknown-elf/lib/libc.a(lib_a-sprintf.o)
                0x00000000c00125c2                _sprintf_r
                0x00000000c0012604                sprintf
 .text          0x00000000c0012650       0xea /raid/tools/cross-compilers/riscv-rv64gc-medany/lib/gcc/riscv64-unknown-elf/8.3.0/../../../../riscv64-unknown-elf/lib/libc.a(lib_a-strcmp.o)
                0x00000000c0012650                strcmp
 .text          0x00000000c001273a       0xa4 /raid/tools/cross-compilers/riscv-rv64gc-medany/lib/gcc/riscv64-unknown-elf/8.3.0/../../../../riscv64-unknown-elf/lib/libc.a(lib_a-strcpy.o)
                0x00000000c001273a                strcpy
 .text          0x00000000c00127de       0x9e /raid/tools/cross-compilers/riscv-rv64gc-medany/lib/gcc/riscv64-unknown-elf/8.3.0/../../../../riscv64-unknown-elf/lib/libc.a(lib_a-strncpy.o)
                0x00000000c00127de                strncpy
 .text          0x00000000c001287c     0x1bbc /raid/tools/cross-compilers/riscv-rv64gc-medany/lib/gcc/riscv64-unknown-elf/8.3.0/../../../../riscv64-unknown-elf/lib/libc.a(lib_a-svfprintf.o)
                0x00000000c001287c                _svfprintf_r
 .text          0x00000000c0014438      0xdd0 /raid/tools/cross-compilers/riscv-rv64gc-medany/lib/gcc/riscv64-unknown-elf/8.3.0/../../../../riscv64-unknown-elf/lib/libc.a(lib_a-vfiprintf.o)
                0x00000000c00144dc                __sprint_r
                0x00000000c00144ec                _vfiprintf_r
                0x00000000c0015164                vfiprintf
 .text          0x00000000c0015208       0x3e /raid/tools/cross-compilers/riscv-rv64gc-medany/lib/gcc/riscv64-unknown-elf/8.3.0/../../../../riscv64-unknown-elf/lib/libc.a(lib_a-wctomb_r.o)
                0x00000000c0015208                _wctomb_r
                0x00000000c0015222                __ascii_wctomb
 .text          0x00000000c0015246       0x86 /raid/tools/cross-compilers/riscv-rv64gc-medany/lib/gcc/riscv64-unknown-elf/8.3.0/../../../../riscv64-unknown-elf/lib/libc.a(lib_a-callocr.o)
                0x00000000c0015246                _calloc_r
 .text          0x00000000c00152cc        0x0 /raid/tools/cross-compilers/riscv-rv64gc-medany/lib/gcc/riscv64-unknown-elf/8.3.0/../../../../riscv64-unknown-elf/lib/libc.a(lib_a-ctype_.o)
 .text          0x00000000c00152cc      0x13e /raid/tools/cross-compilers/riscv-rv64gc-medany/lib/gcc/riscv64-unknown-elf/8.3.0/../../../../riscv64-unknown-elf/lib/libc.a(lib_a-fputwc.o)
                0x00000000c00152cc                __fputwc
                0x00000000c0015392                _fputwc_r
                0x00000000c00153b6                fputwc
 .text          0x00000000c001540a       0x3e /raid/tools/cross-compilers/riscv-rv64gc-medany/lib/gcc/riscv64-unknown-elf/8.3.0/../../../../riscv64-unknown-elf/lib/libc.a(lib_a-fstatr.o)
                0x00000000c001540a                _fstat_r
 .text          0x00000000c0015448       0x3a /raid/tools/cross-compilers/riscv-rv64gc-medany/lib/gcc/riscv64-unknown-elf/8.3.0/../../../../riscv64-unknown-elf/lib/libc.a(lib_a-isattyr.o)
                0x00000000c0015448                _isatty_r
 .text          0x00000000c0015482      0xc88 /raid/tools/cross-compilers/riscv-rv64gc-medany/lib/gcc/riscv64-unknown-elf/8.3.0/../../../../riscv64-unknown-elf/lib/libc.a(lib_a-svfiprintf.o)
                0x00000000c0015482                __ssprint_r
                0x00000000c00155e0                _svfiprintf_r
 .text          0x00000000c001610a       0xca /raid/tools/cross-compilers/riscv-rv64gc-medany/lib/gcc/riscv64-unknown-elf/8.3.0/../../../../riscv64-unknown-elf/lib/libc.a(lib_a-wcrtomb.o)
                0x00000000c001610a                _wcrtomb_r
                0x00000000c001616e                wcrtomb
 .text          0x00000000c00161d4        0x2 /raid/tools/cross-compilers/riscv-rv64gc-medany/lib/gcc/riscv64-unknown-elf/8.3.0/../../../../riscv64-unknown-elf/lib/libnosys.a(_exit.o)
                0x00000000c00161d4                _exit
 .text          0x00000000c00161d6       0x9c /raid/tools/cross-compilers/riscv-rv64gc-medany/lib/gcc/riscv64-unknown-elf/8.3.0/libgcc.a(eqtf2.o)
                0x00000000c00161d6                __eqtf2
                0x00000000c00161d6                __netf2
 .text          0x00000000c0016272       0xae /raid/tools/cross-compilers/riscv-rv64gc-medany/lib/gcc/riscv64-unknown-elf/8.3.0/libgcc.a(getf2.o)
                0x00000000c0016272                __getf2
                0x00000000c0016272                __gttf2
 .text          0x00000000c0016320       0xae /raid/tools/cross-compilers/riscv-rv64gc-medany/lib/gcc/riscv64-unknown-elf/8.3.0/libgcc.a(letf2.o)
                0x00000000c0016320                __letf2
                0x00000000c0016320                __lttf2
 .text          0x00000000c00163ce      0x606 /raid/tools/cross-compilers/riscv-rv64gc-medany/lib/gcc/riscv64-unknown-elf/8.3.0/libgcc.a(multf3.o)
                0x00000000c00163ce                __multf3
 .text          0x00000000c00169d4      0x81a /raid/tools/cross-compilers/riscv-rv64gc-medany/lib/gcc/riscv64-unknown-elf/8.3.0/libgcc.a(subtf3.o)
                0x00000000c00169d4                __subtf3
 .text          0x00000000c00171ee       0x90 /raid/tools/cross-compilers/riscv-rv64gc-medany/lib/gcc/riscv64-unknown-elf/8.3.0/libgcc.a(fixtfsi.o)
                0x00000000c00171ee                __fixtfsi
 .text          0x00000000c001727e       0x5e /raid/tools/cross-compilers/riscv-rv64gc-medany/lib/gcc/riscv64-unknown-elf/8.3.0/libgcc.a(floatsitf.o)
                0x00000000c001727e                __floatsitf
 .text          0x00000000c00172dc       0xc4 /raid/tools/cross-compilers/riscv-rv64gc-medany/lib/gcc/riscv64-unknown-elf/8.3.0/libgcc.a(extenddftf2.o)
                0x00000000c00172dc                __extenddftf2
 .text          0x00000000c00173a0      0x228 /raid/tools/cross-compilers/riscv-rv64gc-medany/lib/gcc/riscv64-unknown-elf/8.3.0/libgcc.a(trunctfdf2.o)
                0x00000000c00173a0                __trunctfdf2
 .text          0x00000000c00175c8       0x30 /raid/tools/cross-compilers/riscv-rv64gc-medany/lib/gcc/riscv64-unknown-elf/8.3.0/libgcc.a(_clzsi2.o)
                0x00000000c00175c8                __clzdi2
 .text          0x00000000c00175f8        0x0 /raid/tools/cross-compilers/riscv-rv64gc-medany/lib/gcc/riscv64-unknown-elf/8.3.0/libgcc.a(_clz.o)
 .text          0x00000000c00175f8        0x0 /raid/tools/cross-compilers/riscv-rv64gc-medany/lib/gcc/riscv64-unknown-elf/8.3.0/crtend.o
 *(.gnu.warning)

.fini
 *(SORT_NONE(.fini))
                [!provide]                        PROVIDE (__etext = .)
                [!provide]                        PROVIDE (_etext = .)
                [!provide]                        PROVIDE (etext = .)

.rodata         0x00000000c0017600     0x4078
 *(.rodata .rodata.* .gnu.linkonce.r.*)
 .rodata        0x00000000c0017600     0x3350 /tmp/cc8f9Ybn.o
 .rodata.str1.8
                0x00000000c001a950        0x4 /raid/tools/cross-compilers/riscv-rv64gc-medany/lib/gcc/riscv64-unknown-elf/8.3.0/../../../../riscv64-unknown-elf/lib/libm.a(lib_a-w_log.o)
                                          0x9 (size before relaxing)
 *fill*         0x00000000c001a954        0x4 
 .rodata.str1.8
                0x00000000c001a958        0x4 /raid/tools/cross-compilers/riscv-rv64gc-medany/lib/gcc/riscv64-unknown-elf/8.3.0/../../../../riscv64-unknown-elf/lib/libm.a(lib_a-w_pow.o)
 *fill*         0x00000000c001a95c        0x4 
 .rodata.str1.8
                0x00000000c001a960        0x5 /raid/tools/cross-compilers/riscv-rv64gc-medany/lib/gcc/riscv64-unknown-elf/8.3.0/../../../../riscv64-unknown-elf/lib/libm.a(lib_a-w_sqrt.o)
 .rodata.str1.8
                0x00000000c001a965        0x1 /raid/tools/cross-compilers/riscv-rv64gc-medany/lib/gcc/riscv64-unknown-elf/8.3.0/../../../../riscv64-unknown-elf/lib/libm.a(lib_a-e_pow.o)
 *fill*         0x00000000c001a965        0x3 
 .rodata        0x00000000c001a968       0x10 /raid/tools/cross-compilers/riscv-rv64gc-medany/lib/gcc/riscv64-unknown-elf/8.3.0/../../../../riscv64-unknown-elf/lib/libm.a(lib_a-s_rint.o)
 .rodata.str1.8
                0x00000000c001a978        0x2 /raid/tools/cross-compilers/riscv-rv64gc-medany/lib/gcc/riscv64-unknown-elf/8.3.0/../../../../riscv64-unknown-elf/lib/libc.a(lib_a-puts.o)
 *fill*         0x00000000c001a97a        0x6 
 .rodata        0x00000000c001a980      0x190 /raid/tools/cross-compilers/riscv-rv64gc-medany/lib/gcc/riscv64-unknown-elf/8.3.0/../../../../riscv64-unknown-elf/lib/libc.a(lib_a-vfprintf.o)
 .rodata.cst16  0x00000000c001ab10       0x30 /raid/tools/cross-compilers/riscv-rv64gc-medany/lib/gcc/riscv64-unknown-elf/8.3.0/../../../../riscv64-unknown-elf/lib/libc.a(lib_a-vfprintf.o)
 .rodata.str1.8
                0x00000000c001ab40       0x5a /raid/tools/cross-compilers/riscv-rv64gc-medany/lib/gcc/riscv64-unknown-elf/8.3.0/../../../../riscv64-unknown-elf/lib/libc.a(lib_a-vfprintf.o)
 *fill*         0x00000000c001ab9a        0x6 
 .rodata        0x00000000c001aba0      0x262 /raid/tools/cross-compilers/riscv-rv64gc-medany/lib/gcc/riscv64-unknown-elf/8.3.0/../../../../riscv64-unknown-elf/lib/libc.a(lib_a-ldtoa.o)
 *fill*         0x00000000c001ae02        0x6 
 .rodata.str1.8
                0x00000000c001ae08       0x34 /raid/tools/cross-compilers/riscv-rv64gc-medany/lib/gcc/riscv64-unknown-elf/8.3.0/../../../../riscv64-unknown-elf/lib/libc.a(lib_a-ldtoa.o)
 *fill*         0x00000000c001ae3c        0x4 
 .rodata.str1.8
                0x00000000c001ae40       0x18 /raid/tools/cross-compilers/riscv-rv64gc-medany/lib/gcc/riscv64-unknown-elf/8.3.0/../../../../riscv64-unknown-elf/lib/libc.a(lib_a-locale.o)
                                         0x1a (size before relaxing)
 .rodata        0x00000000c001ae58      0x128 /raid/tools/cross-compilers/riscv-rv64gc-medany/lib/gcc/riscv64-unknown-elf/8.3.0/../../../../riscv64-unknown-elf/lib/libc.a(lib_a-mprec.o)
                0x00000000c001ae68                __mprec_tens
                0x00000000c001af30                __mprec_tinytens
                0x00000000c001af58                __mprec_bigtens
 .rodata        0x00000000c001af80      0x190 /raid/tools/cross-compilers/riscv-rv64gc-medany/lib/gcc/riscv64-unknown-elf/8.3.0/../../../../riscv64-unknown-elf/lib/libc.a(lib_a-svfprintf.o)
 .rodata.cst16  0x00000000c001b110       0x30 /raid/tools/cross-compilers/riscv-rv64gc-medany/lib/gcc/riscv64-unknown-elf/8.3.0/../../../../riscv64-unknown-elf/lib/libc.a(lib_a-svfprintf.o)
 .rodata.str1.8
                0x00000000c001b110       0x5a /raid/tools/cross-compilers/riscv-rv64gc-medany/lib/gcc/riscv64-unknown-elf/8.3.0/../../../../riscv64-unknown-elf/lib/libc.a(lib_a-svfprintf.o)
 .rodata        0x00000000c001b110      0x190 /raid/tools/cross-compilers/riscv-rv64gc-medany/lib/gcc/riscv64-unknown-elf/8.3.0/../../../../riscv64-unknown-elf/lib/libc.a(lib_a-vfiprintf.o)
 .rodata.str1.8
                0x00000000c001b2a0       0x37 /raid/tools/cross-compilers/riscv-rv64gc-medany/lib/gcc/riscv64-unknown-elf/8.3.0/../../../../riscv64-unknown-elf/lib/libc.a(lib_a-vfiprintf.o)
 .rodata        0x00000000c001b2a0      0x101 /raid/tools/cross-compilers/riscv-rv64gc-medany/lib/gcc/riscv64-unknown-elf/8.3.0/../../../../riscv64-unknown-elf/lib/libc.a(lib_a-ctype_.o)
                0x00000000c001b2a0                _ctype_
 *fill*         0x00000000c001b3a1        0x7 
 .rodata        0x00000000c001b3a8      0x190 /raid/tools/cross-compilers/riscv-rv64gc-medany/lib/gcc/riscv64-unknown-elf/8.3.0/../../../../riscv64-unknown-elf/lib/libc.a(lib_a-svfiprintf.o)
 .rodata.str1.8
                0x00000000c001b538       0x37 /raid/tools/cross-compilers/riscv-rv64gc-medany/lib/gcc/riscv64-unknown-elf/8.3.0/../../../../riscv64-unknown-elf/lib/libc.a(lib_a-svfiprintf.o)
 .rodata        0x00000000c001b538       0x3c /raid/tools/cross-compilers/riscv-rv64gc-medany/lib/gcc/riscv64-unknown-elf/8.3.0/libgcc.a(multf3.o)
 *fill*         0x00000000c001b574        0x4 
 .rodata        0x00000000c001b578      0x100 /raid/tools/cross-compilers/riscv-rv64gc-medany/lib/gcc/riscv64-unknown-elf/8.3.0/libgcc.a(_clz.o)
                0x00000000c001b578                __clz_tab

.rodata1
 *(.rodata1)

.sdata2
 *(.sdata2 .sdata2.* .gnu.linkonce.s2.*)

.sbss2
 *(.sbss2 .sbss2.* .gnu.linkonce.sb2.*)

.eh_frame_hdr
 *(.eh_frame_hdr)
 *(.eh_frame_entry .eh_frame_entry.*)

.eh_frame
 *(.eh_frame)
 *(.eh_frame.*)

.gcc_except_table
 *(.gcc_except_table .gcc_except_table.*)

.gnu_extab
 *(.gnu_extab*)

.exception_ranges
 *(.exception_ranges*)
                0x00000000c001c678                . = DATA_SEGMENT_ALIGN (CONSTANT (MAXPAGESIZE), CONSTANT (COMMONPAGESIZE))

.eh_frame       0x00000000c001c678        0x4
 *(.eh_frame)
 .eh_frame      0x00000000c001c678        0x0 /raid/tools/cross-compilers/riscv-rv64gc-medany/lib/gcc/riscv64-unknown-elf/8.3.0/crtbegin.o
 .eh_frame      0x00000000c001c678        0x4 /raid/tools/cross-compilers/riscv-rv64gc-medany/lib/gcc/riscv64-unknown-elf/8.3.0/crtend.o
 *(.eh_frame.*)

.gnu_extab
 *(.gnu_extab)

.gcc_except_table
 *(.gcc_except_table .gcc_except_table.*)

.exception_ranges
 *(.exception_ranges*)

.tdata          0x00000000c001c67c        0x0
                [!provide]                        PROVIDE (__tdata_start = .)
 *(.tdata .tdata.* .gnu.linkonce.td.*)

.tbss
 *(.tbss .tbss.* .gnu.linkonce.tb.*)
 *(.tcommon)

.preinit_array  0x00000000c001c67c        0x0
                0x00000000c001c67c                PROVIDE (__preinit_array_start = .)
 *(.preinit_array)
                0x00000000c001c67c                PROVIDE (__preinit_array_end = .)

.init_array     0x00000000c001c680       0x10
                0x00000000c001c680                PROVIDE (__init_array_start = .)
 *(SORT_BY_INIT_PRIORITY(.init_array.*) SORT_BY_INIT_PRIORITY(.ctors.*))
 *(.init_array EXCLUDE_FILE(*crtend?.o *crtend.o *crtbegin?.o *crtbegin.o) .ctors)
 .init_array    0x00000000c001c680        0x8 /raid/tools/cross-compilers/riscv-rv64gc-medany/lib/gcc/riscv64-unknown-elf/8.3.0/crtbegin.o
 .init_array    0x00000000c001c688        0x8 ./lib/ns16550.o
                0x00000000c001c690                PROVIDE (__init_array_end = .)

.fini_array     0x00000000c001c690        0x8
                0x00000000c001c690                PROVIDE (__fini_array_start = .)
 *(SORT_BY_INIT_PRIORITY(.fini_array.*) SORT_BY_INIT_PRIORITY(.dtors.*))
 *(.fini_array EXCLUDE_FILE(*crtend?.o *crtend.o *crtbegin?.o *crtbegin.o) .dtors)
 .fini_array    0x00000000c001c690        0x8 /raid/tools/cross-compilers/riscv-rv64gc-medany/lib/gcc/riscv64-unknown-elf/8.3.0/crtbegin.o
                0x00000000c001c698                PROVIDE (__fini_array_end = .)

.ctors
 *crtbegin.o(.ctors)
 *crtbegin?.o(.ctors)
 *(EXCLUDE_FILE(*crtend?.o *crtend.o) .ctors)
 *(SORT_BY_NAME(.ctors.*))
 *(.ctors)

.dtors
 *crtbegin.o(.dtors)
 *crtbegin?.o(.dtors)
 *(EXCLUDE_FILE(*crtend?.o *crtend.o) .dtors)
 *(SORT_BY_NAME(.dtors.*))
 *(.dtors)

.jcr
 *(.jcr)

.data.rel.ro
 *(.data.rel.ro.local* .gnu.linkonce.d.rel.ro.local.*)
 *(.data.rel.ro .data.rel.ro.* .gnu.linkonce.d.rel.ro.*)

.dynamic
 *(.dynamic)
                0x00000000c001c698                . = DATA_SEGMENT_RELRO_END (., 0x0)

.data           0x00000000c001c698     0x1338
                0x00000000c001c698                __DATA_BEGIN__ = .
 *(.data .data.* .gnu.linkonce.d.*)
 .data          0x00000000c001c698        0x0 /raid/tools/cross-compilers/riscv-rv64gc-medany/lib/gcc/riscv64-unknown-elf/8.3.0/../../../../riscv64-unknown-elf/lib/crt0.o
 .data          0x00000000c001c698        0x0 /raid/tools/cross-compilers/riscv-rv64gc-medany/lib/gcc/riscv64-unknown-elf/8.3.0/crtbegin.o
 .data          0x00000000c001c698        0x0 ./lib/startup.o
 .data          0x00000000c001c698        0x0 ./lib/syscalls.o
 .data          0x00000000c001c698        0x0 ./lib/riscv_counters.o
 .data          0x00000000c001c698        0x0 ./lib/ns16550.o
 .data          0x00000000c001c698      0x238 /tmp/cc8f9Ybn.o
 .data          0x00000000c001c8d0        0x0 /raid/tools/cross-compilers/riscv-rv64gc-medany/lib/gcc/riscv64-unknown-elf/8.3.0/../../../../riscv64-unknown-elf/lib/libm.a(lib_a-s_floor.o)
 .data          0x00000000c001c8d0        0x0 /raid/tools/cross-compilers/riscv-rv64gc-medany/lib/gcc/riscv64-unknown-elf/8.3.0/../../../../riscv64-unknown-elf/lib/libm.a(lib_a-w_log.o)
 .data          0x00000000c001c8d0        0x0 /raid/tools/cross-compilers/riscv-rv64gc-medany/lib/gcc/riscv64-unknown-elf/8.3.0/../../../../riscv64-unknown-elf/lib/libm.a(lib_a-w_pow.o)
 .data          0x00000000c001c8d0        0x0 /raid/tools/cross-compilers/riscv-rv64gc-medany/lib/gcc/riscv64-unknown-elf/8.3.0/../../../../riscv64-unknown-elf/lib/libm.a(lib_a-w_sqrt.o)
 .data          0x00000000c001c8d0        0x0 /raid/tools/cross-compilers/riscv-rv64gc-medany/lib/gcc/riscv64-unknown-elf/8.3.0/../../../../riscv64-unknown-elf/lib/libm.a(lib_a-e_log.o)
 .data          0x00000000c001c8d0        0x0 /raid/tools/cross-compilers/riscv-rv64gc-medany/lib/gcc/riscv64-unknown-elf/8.3.0/../../../../riscv64-unknown-elf/lib/libm.a(lib_a-e_pow.o)
 .data          0x00000000c001c8d0        0x0 /raid/tools/cross-compilers/riscv-rv64gc-medany/lib/gcc/riscv64-unknown-elf/8.3.0/../../../../riscv64-unknown-elf/lib/libm.a(lib_a-e_sqrt.o)
 .data          0x00000000c001c8d0        0x0 /raid/tools/cross-compilers/riscv-rv64gc-medany/lib/gcc/riscv64-unknown-elf/8.3.0/../../../../riscv64-unknown-elf/lib/libm.a(lib_a-s_fabs.o)
 .data          0x00000000c001c8d0        0x0 /raid/tools/cross-compilers/riscv-rv64gc-medany/lib/gcc/riscv64-unknown-elf/8.3.0/../../../../riscv64-unknown-elf/lib/libm.a(lib_a-s_finite.o)
 .data          0x00000000c001c8d0        0x0 /raid/tools/cross-compilers/riscv-rv64gc-medany/lib/gcc/riscv64-unknown-elf/8.3.0/../../../../riscv64-unknown-elf/lib/libm.a(lib_a-s_lib_ver.o)
 .data          0x00000000c001c8d0        0x0 /raid/tools/cross-compilers/riscv-rv64gc-medany/lib/gcc/riscv64-unknown-elf/8.3.0/../../../../riscv64-unknown-elf/lib/libm.a(lib_a-s_matherr.o)
 .data          0x00000000c001c8d0        0x0 /raid/tools/cross-compilers/riscv-rv64gc-medany/lib/gcc/riscv64-unknown-elf/8.3.0/../../../../riscv64-unknown-elf/lib/libm.a(lib_a-s_nan.o)
 .data          0x00000000c001c8d0        0x0 /raid/tools/cross-compilers/riscv-rv64gc-medany/lib/gcc/riscv64-unknown-elf/8.3.0/../../../../riscv64-unknown-elf/lib/libm.a(lib_a-s_rint.o)
 .data          0x00000000c001c8d0        0x0 /raid/tools/cross-compilers/riscv-rv64gc-medany/lib/gcc/riscv64-unknown-elf/8.3.0/../../../../riscv64-unknown-elf/lib/libm.a(lib_a-s_scalbn.o)
 .data          0x00000000c001c8d0        0x0 /raid/tools/cross-compilers/riscv-rv64gc-medany/lib/gcc/riscv64-unknown-elf/8.3.0/../../../../riscv64-unknown-elf/lib/libm.a(lib_a-s_copysign.o)
 .data          0x00000000c001c8d0        0x0 /raid/tools/cross-compilers/riscv-rv64gc-medany/lib/gcc/riscv64-unknown-elf/8.3.0/../../../../riscv64-unknown-elf/lib/libc.a(lib_a-atexit.o)
 .data          0x00000000c001c8d0        0x0 /raid/tools/cross-compilers/riscv-rv64gc-medany/lib/gcc/riscv64-unknown-elf/8.3.0/../../../../riscv64-unknown-elf/lib/libc.a(lib_a-errno.o)
 .data          0x00000000c001c8d0        0x0 /raid/tools/cross-compilers/riscv-rv64gc-medany/lib/gcc/riscv64-unknown-elf/8.3.0/../../../../riscv64-unknown-elf/lib/libc.a(lib_a-exit.o)
 .data          0x00000000c001c8d0        0x0 /raid/tools/cross-compilers/riscv-rv64gc-medany/lib/gcc/riscv64-unknown-elf/8.3.0/../../../../riscv64-unknown-elf/lib/libc.a(lib_a-fflush.o)
 .data          0x00000000c001c8d0        0x0 /raid/tools/cross-compilers/riscv-rv64gc-medany/lib/gcc/riscv64-unknown-elf/8.3.0/../../../../riscv64-unknown-elf/lib/libc.a(lib_a-findfp.o)
 .data          0x00000000c001c8d0        0x0 /raid/tools/cross-compilers/riscv-rv64gc-medany/lib/gcc/riscv64-unknown-elf/8.3.0/../../../../riscv64-unknown-elf/lib/libc.a(lib_a-fini.o)
 .data          0x00000000c001c8d0        0x0 /raid/tools/cross-compilers/riscv-rv64gc-medany/lib/gcc/riscv64-unknown-elf/8.3.0/../../../../riscv64-unknown-elf/lib/libc.a(lib_a-freer.o)
 .data          0x00000000c001c8d0        0x0 /raid/tools/cross-compilers/riscv-rv64gc-medany/lib/gcc/riscv64-unknown-elf/8.3.0/../../../../riscv64-unknown-elf/lib/libc.a(lib_a-fwalk.o)
 .data          0x00000000c001c8d0      0x748 /raid/tools/cross-compilers/riscv-rv64gc-medany/lib/gcc/riscv64-unknown-elf/8.3.0/../../../../riscv64-unknown-elf/lib/libc.a(lib_a-impure.o)
 .data          0x00000000c001d018        0x0 /raid/tools/cross-compilers/riscv-rv64gc-medany/lib/gcc/riscv64-unknown-elf/8.3.0/../../../../riscv64-unknown-elf/lib/libc.a(lib_a-init.o)
 .data          0x00000000c001d018      0x810 /raid/tools/cross-compilers/riscv-rv64gc-medany/lib/gcc/riscv64-unknown-elf/8.3.0/../../../../riscv64-unknown-elf/lib/libc.a(lib_a-mallocr.o)
                0x00000000c001d018                __malloc_av_
 .data          0x00000000c001d828        0x0 /raid/tools/cross-compilers/riscv-rv64gc-medany/lib/gcc/riscv64-unknown-elf/8.3.0/../../../../riscv64-unknown-elf/lib/libc.a(lib_a-memset.o)
 .data          0x00000000c001d828        0x0 /raid/tools/cross-compilers/riscv-rv64gc-medany/lib/gcc/riscv64-unknown-elf/8.3.0/../../../../riscv64-unknown-elf/lib/libc.a(lib_a-mlock.o)
 .data          0x00000000c001d828        0x0 /raid/tools/cross-compilers/riscv-rv64gc-medany/lib/gcc/riscv64-unknown-elf/8.3.0/../../../../riscv64-unknown-elf/lib/libc.a(lib_a-printf.o)
 .data          0x00000000c001d828        0x0 /raid/tools/cross-compilers/riscv-rv64gc-medany/lib/gcc/riscv64-unknown-elf/8.3.0/../../../../riscv64-unknown-elf/lib/libc.a(lib_a-putchar.o)
 .data          0x00000000c001d828        0x0 /raid/tools/cross-compilers/riscv-rv64gc-medany/lib/gcc/riscv64-unknown-elf/8.3.0/../../../../riscv64-unknown-elf/lib/libc.a(lib_a-putc.o)
 .data          0x00000000c001d828        0x0 /raid/tools/cross-compilers/riscv-rv64gc-medany/lib/gcc/riscv64-unknown-elf/8.3.0/../../../../riscv64-unknown-elf/lib/libc.a(lib_a-puts.o)
 .data          0x00000000c001d828        0x0 /raid/tools/cross-compilers/riscv-rv64gc-medany/lib/gcc/riscv64-unknown-elf/8.3.0/../../../../riscv64-unknown-elf/lib/libc.a(lib_a-sbrkr.o)
 .data          0x00000000c001d828        0x0 /raid/tools/cross-compilers/riscv-rv64gc-medany/lib/gcc/riscv64-unknown-elf/8.3.0/../../../../riscv64-unknown-elf/lib/libc.a(lib_a-setjmp.o)
 .data          0x00000000c001d828        0x0 /raid/tools/cross-compilers/riscv-rv64gc-medany/lib/gcc/riscv64-unknown-elf/8.3.0/../../../../riscv64-unknown-elf/lib/libc.a(lib_a-signal.o)
 .data          0x00000000c001d828        0x0 /raid/tools/cross-compilers/riscv-rv64gc-medany/lib/gcc/riscv64-unknown-elf/8.3.0/../../../../riscv64-unknown-elf/lib/libc.a(lib_a-signalr.o)
 .data          0x00000000c001d828        0x0 /raid/tools/cross-compilers/riscv-rv64gc-medany/lib/gcc/riscv64-unknown-elf/8.3.0/../../../../riscv64-unknown-elf/lib/libc.a(lib_a-stdio.o)
 .data          0x00000000c001d828        0x0 /raid/tools/cross-compilers/riscv-rv64gc-medany/lib/gcc/riscv64-unknown-elf/8.3.0/../../../../riscv64-unknown-elf/lib/libc.a(lib_a-strlen.o)
 .data          0x00000000c001d828        0x0 /raid/tools/cross-compilers/riscv-rv64gc-medany/lib/gcc/riscv64-unknown-elf/8.3.0/../../../../riscv64-unknown-elf/lib/libc.a(lib_a-vfprintf.o)
 .data          0x00000000c001d828        0x0 /raid/tools/cross-compilers/riscv-rv64gc-medany/lib/gcc/riscv64-unknown-elf/8.3.0/../../../../riscv64-unknown-elf/lib/libc.a(lib_a-wbuf.o)
 .data          0x00000000c001d828        0x0 /raid/tools/cross-compilers/riscv-rv64gc-medany/lib/gcc/riscv64-unknown-elf/8.3.0/../../../../riscv64-unknown-elf/lib/libc.a(lib_a-writer.o)
 .data          0x00000000c001d828        0x0 /raid/tools/cross-compilers/riscv-rv64gc-medany/lib/gcc/riscv64-unknown-elf/8.3.0/../../../../riscv64-unknown-elf/lib/libc.a(lib_a-wsetup.o)
 .data          0x00000000c001d828        0x0 /raid/tools/cross-compilers/riscv-rv64gc-medany/lib/gcc/riscv64-unknown-elf/8.3.0/../../../../riscv64-unknown-elf/lib/libc.a(lib_a-__atexit.o)
 .data          0x00000000c001d828        0x0 /raid/tools/cross-compilers/riscv-rv64gc-medany/lib/gcc/riscv64-unknown-elf/8.3.0/../../../../riscv64-unknown-elf/lib/libc.a(lib_a-__call_atexit.o)
 .data          0x00000000c001d828        0x0 /raid/tools/cross-compilers/riscv-rv64gc-medany/lib/gcc/riscv64-unknown-elf/8.3.0/../../../../riscv64-unknown-elf/lib/libc.a(lib_a-closer.o)
 .data          0x00000000c001d828        0x0 /raid/tools/cross-compilers/riscv-rv64gc-medany/lib/gcc/riscv64-unknown-elf/8.3.0/../../../../riscv64-unknown-elf/lib/libc.a(lib_a-fclose.o)
 .data          0x00000000c001d828        0x0 /raid/tools/cross-compilers/riscv-rv64gc-medany/lib/gcc/riscv64-unknown-elf/8.3.0/../../../../riscv64-unknown-elf/lib/libc.a(lib_a-fvwrite.o)
 .data          0x00000000c001d828        0x0 /raid/tools/cross-compilers/riscv-rv64gc-medany/lib/gcc/riscv64-unknown-elf/8.3.0/../../../../riscv64-unknown-elf/lib/libc.a(lib_a-ldtoa.o)
 .data          0x00000000c001d828        0x0 /raid/tools/cross-compilers/riscv-rv64gc-medany/lib/gcc/riscv64-unknown-elf/8.3.0/../../../../riscv64-unknown-elf/lib/libc.a(lib_a-localeconv.o)
 .data          0x00000000c001d828      0x1a8 /raid/tools/cross-compilers/riscv-rv64gc-medany/lib/gcc/riscv64-unknown-elf/8.3.0/../../../../riscv64-unknown-elf/lib/libc.a(lib_a-locale.o)
                0x00000000c001d828                __global_locale
 .data          0x00000000c001d9d0        0x0 /raid/tools/cross-compilers/riscv-rv64gc-medany/lib/gcc/riscv64-unknown-elf/8.3.0/../../../../riscv64-unknown-elf/lib/libc.a(lib_a-lseekr.o)
 .data          0x00000000c001d9d0        0x0 /raid/tools/cross-compilers/riscv-rv64gc-medany/lib/gcc/riscv64-unknown-elf/8.3.0/../../../../riscv64-unknown-elf/lib/libc.a(lib_a-makebuf.o)
 .data          0x00000000c001d9d0        0x0 /raid/tools/cross-compilers/riscv-rv64gc-medany/lib/gcc/riscv64-unknown-elf/8.3.0/../../../../riscv64-unknown-elf/lib/libc.a(lib_a-mbtowc_r.o)
 .data          0x00000000c001d9d0        0x0 /raid/tools/cross-compilers/riscv-rv64gc-medany/lib/gcc/riscv64-unknown-elf/8.3.0/../../../../riscv64-unknown-elf/lib/libc.a(lib_a-memchr.o)
 .data          0x00000000c001d9d0        0x0 /raid/tools/cross-compilers/riscv-rv64gc-medany/lib/gcc/riscv64-unknown-elf/8.3.0/../../../../riscv64-unknown-elf/lib/libc.a(lib_a-memcpy.o)
 .data          0x00000000c001d9d0        0x0 /raid/tools/cross-compilers/riscv-rv64gc-medany/lib/gcc/riscv64-unknown-elf/8.3.0/../../../../riscv64-unknown-elf/lib/libc.a(lib_a-memmove.o)
 .data          0x00000000c001d9d0        0x0 /raid/tools/cross-compilers/riscv-rv64gc-medany/lib/gcc/riscv64-unknown-elf/8.3.0/../../../../riscv64-unknown-elf/lib/libc.a(lib_a-mprec.o)
 .data          0x00000000c001d9d0        0x0 /raid/tools/cross-compilers/riscv-rv64gc-medany/lib/gcc/riscv64-unknown-elf/8.3.0/../../../../riscv64-unknown-elf/lib/libc.a(lib_a-readr.o)
 .data          0x00000000c001d9d0        0x0 /raid/tools/cross-compilers/riscv-rv64gc-medany/lib/gcc/riscv64-unknown-elf/8.3.0/../../../../riscv64-unknown-elf/lib/libc.a(lib_a-reallocr.o)
 .data          0x00000000c001d9d0        0x0 /raid/tools/cross-compilers/riscv-rv64gc-medany/lib/gcc/riscv64-unknown-elf/8.3.0/../../../../riscv64-unknown-elf/lib/libc.a(lib_a-reent.o)
 .data          0x00000000c001d9d0        0x0 /raid/tools/cross-compilers/riscv-rv64gc-medany/lib/gcc/riscv64-unknown-elf/8.3.0/../../../../riscv64-unknown-elf/lib/libc.a(lib_a-s_frexp.o)
 .data          0x00000000c001d9d0        0x0 /raid/tools/cross-compilers/riscv-rv64gc-medany/lib/gcc/riscv64-unknown-elf/8.3.0/../../../../riscv64-unknown-elf/lib/libc.a(lib_a-sprintf.o)
 .data          0x00000000c001d9d0        0x0 /raid/tools/cross-compilers/riscv-rv64gc-medany/lib/gcc/riscv64-unknown-elf/8.3.0/../../../../riscv64-unknown-elf/lib/libc.a(lib_a-strcmp.o)
 .data          0x00000000c001d9d0        0x0 /raid/tools/cross-compilers/riscv-rv64gc-medany/lib/gcc/riscv64-unknown-elf/8.3.0/../../../../riscv64-unknown-elf/lib/libc.a(lib_a-strcpy.o)
 .data          0x00000000c001d9d0        0x0 /raid/tools/cross-compilers/riscv-rv64gc-medany/lib/gcc/riscv64-unknown-elf/8.3.0/../../../../riscv64-unknown-elf/lib/libc.a(lib_a-strncpy.o)
 .data          0x00000000c001d9d0        0x0 /raid/tools/cross-compilers/riscv-rv64gc-medany/lib/gcc/riscv64-unknown-elf/8.3.0/../../../../riscv64-unknown-elf/lib/libc.a(lib_a-svfprintf.o)
 .data          0x00000000c001d9d0        0x0 /raid/tools/cross-compilers/riscv-rv64gc-medany/lib/gcc/riscv64-unknown-elf/8.3.0/../../../../riscv64-unknown-elf/lib/libc.a(lib_a-vfiprintf.o)
 .data          0x00000000c001d9d0        0x0 /raid/tools/cross-compilers/riscv-rv64gc-medany/lib/gcc/riscv64-unknown-elf/8.3.0/../../../../riscv64-unknown-elf/lib/libc.a(lib_a-wctomb_r.o)
 .data          0x00000000c001d9d0        0x0 /raid/tools/cross-compilers/riscv-rv64gc-medany/lib/gcc/riscv64-unknown-elf/8.3.0/../../../../riscv64-unknown-elf/lib/libc.a(lib_a-callocr.o)
 .data          0x00000000c001d9d0        0x0 /raid/tools/cross-compilers/riscv-rv64gc-medany/lib/gcc/riscv64-unknown-elf/8.3.0/../../../../riscv64-unknown-elf/lib/libc.a(lib_a-ctype_.o)
 .data          0x00000000c001d9d0        0x0 /raid/tools/cross-compilers/riscv-rv64gc-medany/lib/gcc/riscv64-unknown-elf/8.3.0/../../../../riscv64-unknown-elf/lib/libc.a(lib_a-fputwc.o)
 .data          0x00000000c001d9d0        0x0 /raid/tools/cross-compilers/riscv-rv64gc-medany/lib/gcc/riscv64-unknown-elf/8.3.0/../../../../riscv64-unknown-elf/lib/libc.a(lib_a-fstatr.o)
 .data          0x00000000c001d9d0        0x0 /raid/tools/cross-compilers/riscv-rv64gc-medany/lib/gcc/riscv64-unknown-elf/8.3.0/../../../../riscv64-unknown-elf/lib/libc.a(lib_a-isattyr.o)
 .data          0x00000000c001d9d0        0x0 /raid/tools/cross-compilers/riscv-rv64gc-medany/lib/gcc/riscv64-unknown-elf/8.3.0/../../../../riscv64-unknown-elf/lib/libc.a(lib_a-svfiprintf.o)
 .data          0x00000000c001d9d0        0x0 /raid/tools/cross-compilers/riscv-rv64gc-medany/lib/gcc/riscv64-unknown-elf/8.3.0/../../../../riscv64-unknown-elf/lib/libc.a(lib_a-wcrtomb.o)
 .data          0x00000000c001d9d0        0x0 /raid/tools/cross-compilers/riscv-rv64gc-medany/lib/gcc/riscv64-unknown-elf/8.3.0/../../../../riscv64-unknown-elf/lib/libnosys.a(_exit.o)
 .data          0x00000000c001d9d0        0x0 /raid/tools/cross-compilers/riscv-rv64gc-medany/lib/gcc/riscv64-unknown-elf/8.3.0/libgcc.a(eqtf2.o)
 .data          0x00000000c001d9d0        0x0 /raid/tools/cross-compilers/riscv-rv64gc-medany/lib/gcc/riscv64-unknown-elf/8.3.0/libgcc.a(getf2.o)
 .data          0x00000000c001d9d0        0x0 /raid/tools/cross-compilers/riscv-rv64gc-medany/lib/gcc/riscv64-unknown-elf/8.3.0/libgcc.a(letf2.o)
 .data          0x00000000c001d9d0        0x0 /raid/tools/cross-compilers/riscv-rv64gc-medany/lib/gcc/riscv64-unknown-elf/8.3.0/libgcc.a(multf3.o)
 .data          0x00000000c001d9d0        0x0 /raid/tools/cross-compilers/riscv-rv64gc-medany/lib/gcc/riscv64-unknown-elf/8.3.0/libgcc.a(subtf3.o)
 .data          0x00000000c001d9d0        0x0 /raid/tools/cross-compilers/riscv-rv64gc-medany/lib/gcc/riscv64-unknown-elf/8.3.0/libgcc.a(fixtfsi.o)
 .data          0x00000000c001d9d0        0x0 /raid/tools/cross-compilers/riscv-rv64gc-medany/lib/gcc/riscv64-unknown-elf/8.3.0/libgcc.a(floatsitf.o)
 .data          0x00000000c001d9d0        0x0 /raid/tools/cross-compilers/riscv-rv64gc-medany/lib/gcc/riscv64-unknown-elf/8.3.0/libgcc.a(extenddftf2.o)
 .data          0x00000000c001d9d0        0x0 /raid/tools/cross-compilers/riscv-rv64gc-medany/lib/gcc/riscv64-unknown-elf/8.3.0/libgcc.a(trunctfdf2.o)
 .data          0x00000000c001d9d0        0x0 /raid/tools/cross-compilers/riscv-rv64gc-medany/lib/gcc/riscv64-unknown-elf/8.3.0/libgcc.a(_clzsi2.o)
 .data          0x00000000c001d9d0        0x0 /raid/tools/cross-compilers/riscv-rv64gc-medany/lib/gcc/riscv64-unknown-elf/8.3.0/libgcc.a(_clz.o)
 .data          0x00000000c001d9d0        0x0 /raid/tools/cross-compilers/riscv-rv64gc-medany/lib/gcc/riscv64-unknown-elf/8.3.0/crtend.o

.tm_clone_table
                0x00000000c001d9d0        0x0
 .tm_clone_table
                0x00000000c001d9d0        0x0 /raid/tools/cross-compilers/riscv-rv64gc-medany/lib/gcc/riscv64-unknown-elf/8.3.0/crtbegin.o
 .tm_clone_table
                0x00000000c001d9d0        0x0 /raid/tools/cross-compilers/riscv-rv64gc-medany/lib/gcc/riscv64-unknown-elf/8.3.0/crtend.o

.data1
 *(.data1)

.got
 *(.got.plt)
 *(.igot.plt)
 *(.got)
 *(.igot)

.sdata          0x00000000c001d9d0      0x258
                0x00000000c001d9d0                __SDATA_BEGIN__ = .
 *(.srodata.cst16)
 *(.srodata.cst8)
 .srodata.cst8  0x00000000c001d9d0        0x8 /raid/tools/cross-compilers/riscv-rv64gc-medany/lib/gcc/riscv64-unknown-elf/8.3.0/../../../../riscv64-unknown-elf/lib/libm.a(lib_a-s_floor.o)
 .srodata.cst8  0x00000000c001d9d8       0x10 /raid/tools/cross-compilers/riscv-rv64gc-medany/lib/gcc/riscv64-unknown-elf/8.3.0/../../../../riscv64-unknown-elf/lib/libm.a(lib_a-w_log.o)
 .srodata.cst8  0x00000000c001d9e8       0x20 /raid/tools/cross-compilers/riscv-rv64gc-medany/lib/gcc/riscv64-unknown-elf/8.3.0/../../../../riscv64-unknown-elf/lib/libm.a(lib_a-w_pow.o)
                                         0x30 (size before relaxing)
 .srodata.cst8  0x00000000c001da08       0x68 /raid/tools/cross-compilers/riscv-rv64gc-medany/lib/gcc/riscv64-unknown-elf/8.3.0/../../../../riscv64-unknown-elf/lib/libm.a(lib_a-e_log.o)
                                         0x78 (size before relaxing)
 .srodata.cst8  0x00000000c001da70       0xe8 /raid/tools/cross-compilers/riscv-rv64gc-medany/lib/gcc/riscv64-unknown-elf/8.3.0/../../../../riscv64-unknown-elf/lib/libm.a(lib_a-e_pow.o)
                                        0x110 (size before relaxing)
 .srodata.cst8  0x00000000c001db58        0x8 /raid/tools/cross-compilers/riscv-rv64gc-medany/lib/gcc/riscv64-unknown-elf/8.3.0/../../../../riscv64-unknown-elf/lib/libm.a(lib_a-s_nan.o)
 .srodata.cst8  0x00000000c001db60        0x8 /raid/tools/cross-compilers/riscv-rv64gc-medany/lib/gcc/riscv64-unknown-elf/8.3.0/../../../../riscv64-unknown-elf/lib/libm.a(lib_a-s_scalbn.o)
                                         0x20 (size before relaxing)
 .srodata.cst8  0x00000000c001db68        0x8 /raid/tools/cross-compilers/riscv-rv64gc-medany/lib/gcc/riscv64-unknown-elf/8.3.0/../../../../riscv64-unknown-elf/lib/libc.a(lib_a-strlen.o)
 .srodata.cst8  0x00000000c001db70       0x10 /raid/tools/cross-compilers/riscv-rv64gc-medany/lib/gcc/riscv64-unknown-elf/8.3.0/../../../../riscv64-unknown-elf/lib/libc.a(lib_a-memchr.o)
 .srodata.cst8  0x00000000c001db80        0x8 /raid/tools/cross-compilers/riscv-rv64gc-medany/lib/gcc/riscv64-unknown-elf/8.3.0/../../../../riscv64-unknown-elf/lib/libc.a(lib_a-mprec.o)
                                         0x10 (size before relaxing)
 .srodata.cst8  0x00000000c001db88        0x8 /raid/tools/cross-compilers/riscv-rv64gc-medany/lib/gcc/riscv64-unknown-elf/8.3.0/../../../../riscv64-unknown-elf/lib/libc.a(lib_a-s_frexp.o)
 .srodata.cst8  0x00000000c001db88        0x8 /raid/tools/cross-compilers/riscv-rv64gc-medany/lib/gcc/riscv64-unknown-elf/8.3.0/../../../../riscv64-unknown-elf/lib/libc.a(lib_a-strcmp.o)
 .srodata.cst8  0x00000000c001db88        0x8 /raid/tools/cross-compilers/riscv-rv64gc-medany/lib/gcc/riscv64-unknown-elf/8.3.0/../../../../riscv64-unknown-elf/lib/libc.a(lib_a-strcpy.o)
 .srodata.cst8  0x00000000c001db88       0x10 /raid/tools/cross-compilers/riscv-rv64gc-medany/lib/gcc/riscv64-unknown-elf/8.3.0/../../../../riscv64-unknown-elf/lib/libc.a(lib_a-strncpy.o)
 *(.srodata.cst4)
 *(.srodata.cst2)
 *(.srodata .srodata.*)
 .srodata       0x00000000c001db88        0x8 /raid/tools/cross-compilers/riscv-rv64gc-medany/lib/gcc/riscv64-unknown-elf/8.3.0/../../../../riscv64-unknown-elf/lib/libc.a(lib_a-impure.o)
                0x00000000c001db88                _global_impure_ptr
 *(.sdata .sdata.* .gnu.linkonce.s.*)
 .sdata         0x00000000c001db90        0x8 /raid/tools/cross-compilers/riscv-rv64gc-medany/lib/gcc/riscv64-unknown-elf/8.3.0/crtbegin.o
                0x00000000c001db90                __dso_handle
 .sdata         0x00000000c001db98        0x8 ./lib/ns16550.o
 .sdata         0x00000000c001dba0       0x6c /tmp/cc8f9Ybn.o
                0x00000000c001dba0                Half
                0x00000000c001dba8                One
                0x00000000c001dbb0                Two
                0x00000000c001dbb8                Three
                0x00000000c001dbc0                Four
                0x00000000c001dbc8                Five
                0x00000000c001dbd0                Eight
                0x00000000c001dbd8                Nine
                0x00000000c001dbe0                TwentySeven
                0x00000000c001dbe8                ThirtyTwo
                0x00000000c001dbf0                TwoForty
                0x00000000c001dbf8                MinusOne
                0x00000000c001dc00                OneAndHalf
                0x00000000c001dc08                NoTrials
 .sdata         0x00000000c001dc0c        0x4 /raid/tools/cross-compilers/riscv-rv64gc-medany/lib/gcc/riscv64-unknown-elf/8.3.0/../../../../riscv64-unknown-elf/lib/libm.a(lib_a-s_lib_ver.o)
                0x00000000c001dc0c                __fdlib_version
 .sdata         0x00000000c001dc10        0x8 /raid/tools/cross-compilers/riscv-rv64gc-medany/lib/gcc/riscv64-unknown-elf/8.3.0/../../../../riscv64-unknown-elf/lib/libc.a(lib_a-impure.o)
                0x00000000c001dc10                _impure_ptr
 .sdata         0x00000000c001dc18       0x10 /raid/tools/cross-compilers/riscv-rv64gc-medany/lib/gcc/riscv64-unknown-elf/8.3.0/../../../../riscv64-unknown-elf/lib/libc.a(lib_a-mallocr.o)
                0x00000000c001dc18                __malloc_sbrk_base
                0x00000000c001dc20                __malloc_trim_threshold
                0x00000000c001dc28                _edata = .
                [!provide]                        PROVIDE (edata = .)
                0x00000000c001dc28                . = .
                0x00000000c001dc28                __bss_start = .

.sbss           0x00000000c001dc28       0x28
 *(.dynsbss)
 *(.sbss .sbss.* .gnu.linkonce.sb.*)
 .sbss          0x00000000c001dc28        0x8 /tmp/cc8f9Ybn.o
                0x00000000c001dc28                Zero
 .sbss          0x00000000c001dc30       0x18 /raid/tools/cross-compilers/riscv-rv64gc-medany/lib/gcc/riscv64-unknown-elf/8.3.0/../../../../riscv64-unknown-elf/lib/libc.a(lib_a-mallocr.o)
                0x00000000c001dc30                __malloc_max_total_mem
                0x00000000c001dc38                __malloc_max_sbrked_mem
                0x00000000c001dc40                __malloc_top_pad
 .sbss          0x00000000c001dc48        0x8 /raid/tools/cross-compilers/riscv-rv64gc-medany/lib/gcc/riscv64-unknown-elf/8.3.0/../../../../riscv64-unknown-elf/lib/libc.a(lib_a-locale.o)
                0x00000000c001dc48                _PathLocale
 *(.scommon)

.bss            0x00000000c001dc50      0x3a8
 *(.dynbss)
 *(.bss .bss.* .gnu.linkonce.b.*)
 .bss           0x00000000c001dc50        0x0 /raid/tools/cross-compilers/riscv-rv64gc-medany/lib/gcc/riscv64-unknown-elf/8.3.0/../../../../riscv64-unknown-elf/lib/crt0.o
 .bss           0x00000000c001dc50       0x38 /raid/tools/cross-compilers/riscv-rv64gc-medany/lib/gcc/riscv64-unknown-elf/8.3.0/crtbegin.o
 .bss           0x00000000c001dc88        0x0 ./lib/startup.o
 .bss           0x00000000c001dc88        0x0 ./lib/syscalls.o
 .bss           0x00000000c001dc88        0x0 ./lib/riscv_counters.o
 .bss           0x00000000c001dc88        0x0 ./lib/ns16550.o
 .bss           0x00000000c001dc88        0x0 /tmp/cc8f9Ybn.o
 .bss           0x00000000c001dc88        0x0 /raid/tools/cross-compilers/riscv-rv64gc-medany/lib/gcc/riscv64-unknown-elf/8.3.0/../../../../riscv64-unknown-elf/lib/libm.a(lib_a-s_floor.o)
 .bss           0x00000000c001dc88        0x0 /raid/tools/cross-compilers/riscv-rv64gc-medany/lib/gcc/riscv64-unknown-elf/8.3.0/../../../../riscv64-unknown-elf/lib/libm.a(lib_a-w_log.o)
 .bss           0x00000000c001dc88        0x0 /raid/tools/cross-compilers/riscv-rv64gc-medany/lib/gcc/riscv64-unknown-elf/8.3.0/../../../../riscv64-unknown-elf/lib/libm.a(lib_a-w_pow.o)
 .bss           0x00000000c001dc88        0x0 /raid/tools/cross-compilers/riscv-rv64gc-medany/lib/gcc/riscv64-unknown-elf/8.3.0/../../../../riscv64-unknown-elf/lib/libm.a(lib_a-w_sqrt.o)
 .bss           0x00000000c001dc88        0x0 /raid/tools/cross-compilers/riscv-rv64gc-medany/lib/gcc/riscv64-unknown-elf/8.3.0/../../../../riscv64-unknown-elf/lib/libm.a(lib_a-e_log.o)
 .bss           0x00000000c001dc88        0x0 /raid/tools/cross-compilers/riscv-rv64gc-medany/lib/gcc/riscv64-unknown-elf/8.3.0/../../../../riscv64-unknown-elf/lib/libm.a(lib_a-e_pow.o)
 .bss           0x00000000c001dc88        0x0 /raid/tools/cross-compilers/riscv-rv64gc-medany/lib/gcc/riscv64-unknown-elf/8.3.0/../../../../riscv64-unknown-elf/lib/libm.a(lib_a-e_sqrt.o)
 .bss           0x00000000c001dc88        0x0 /raid/tools/cross-compilers/riscv-rv64gc-medany/lib/gcc/riscv64-unknown-elf/8.3.0/../../../../riscv64-unknown-elf/lib/libm.a(lib_a-s_fabs.o)
 .bss           0x00000000c001dc88        0x0 /raid/tools/cross-compilers/riscv-rv64gc-medany/lib/gcc/riscv64-unknown-elf/8.3.0/../../../../riscv64-unknown-elf/lib/libm.a(lib_a-s_finite.o)
 .bss           0x00000000c001dc88        0x0 /raid/tools/cross-compilers/riscv-rv64gc-medany/lib/gcc/riscv64-unknown-elf/8.3.0/../../../../riscv64-unknown-elf/lib/libm.a(lib_a-s_lib_ver.o)
 .bss           0x00000000c001dc88        0x0 /raid/tools/cross-compilers/riscv-rv64gc-medany/lib/gcc/riscv64-unknown-elf/8.3.0/../../../../riscv64-unknown-elf/lib/libm.a(lib_a-s_matherr.o)
 .bss           0x00000000c001dc88        0x0 /raid/tools/cross-compilers/riscv-rv64gc-medany/lib/gcc/riscv64-unknown-elf/8.3.0/../../../../riscv64-unknown-elf/lib/libm.a(lib_a-s_nan.o)
 .bss           0x00000000c001dc88        0x0 /raid/tools/cross-compilers/riscv-rv64gc-medany/lib/gcc/riscv64-unknown-elf/8.3.0/../../../../riscv64-unknown-elf/lib/libm.a(lib_a-s_rint.o)
 .bss           0x00000000c001dc88        0x0 /raid/tools/cross-compilers/riscv-rv64gc-medany/lib/gcc/riscv64-unknown-elf/8.3.0/../../../../riscv64-unknown-elf/lib/libm.a(lib_a-s_scalbn.o)
 .bss           0x00000000c001dc88        0x0 /raid/tools/cross-compilers/riscv-rv64gc-medany/lib/gcc/riscv64-unknown-elf/8.3.0/../../../../riscv64-unknown-elf/lib/libm.a(lib_a-s_copysign.o)
 .bss           0x00000000c001dc88        0x0 /raid/tools/cross-compilers/riscv-rv64gc-medany/lib/gcc/riscv64-unknown-elf/8.3.0/../../../../riscv64-unknown-elf/lib/libc.a(lib_a-atexit.o)
 .bss           0x00000000c001dc88        0x0 /raid/tools/cross-compilers/riscv-rv64gc-medany/lib/gcc/riscv64-unknown-elf/8.3.0/../../../../riscv64-unknown-elf/lib/libc.a(lib_a-errno.o)
 .bss           0x00000000c001dc88        0x0 /raid/tools/cross-compilers/riscv-rv64gc-medany/lib/gcc/riscv64-unknown-elf/8.3.0/../../../../riscv64-unknown-elf/lib/libc.a(lib_a-exit.o)
 .bss           0x00000000c001dc88        0x0 /raid/tools/cross-compilers/riscv-rv64gc-medany/lib/gcc/riscv64-unknown-elf/8.3.0/../../../../riscv64-unknown-elf/lib/libc.a(lib_a-fflush.o)
 .bss           0x00000000c001dc88        0x0 /raid/tools/cross-compilers/riscv-rv64gc-medany/lib/gcc/riscv64-unknown-elf/8.3.0/../../../../riscv64-unknown-elf/lib/libc.a(lib_a-findfp.o)
 .bss           0x00000000c001dc88        0x0 /raid/tools/cross-compilers/riscv-rv64gc-medany/lib/gcc/riscv64-unknown-elf/8.3.0/../../../../riscv64-unknown-elf/lib/libc.a(lib_a-fini.o)
 .bss           0x00000000c001dc88        0x0 /raid/tools/cross-compilers/riscv-rv64gc-medany/lib/gcc/riscv64-unknown-elf/8.3.0/../../../../riscv64-unknown-elf/lib/libc.a(lib_a-freer.o)
 .bss           0x00000000c001dc88        0x0 /raid/tools/cross-compilers/riscv-rv64gc-medany/lib/gcc/riscv64-unknown-elf/8.3.0/../../../../riscv64-unknown-elf/lib/libc.a(lib_a-fwalk.o)
 .bss           0x00000000c001dc88        0x0 /raid/tools/cross-compilers/riscv-rv64gc-medany/lib/gcc/riscv64-unknown-elf/8.3.0/../../../../riscv64-unknown-elf/lib/libc.a(lib_a-impure.o)
 .bss           0x00000000c001dc88        0x0 /raid/tools/cross-compilers/riscv-rv64gc-medany/lib/gcc/riscv64-unknown-elf/8.3.0/../../../../riscv64-unknown-elf/lib/libc.a(lib_a-init.o)
 .bss           0x00000000c001dc88       0x28 /raid/tools/cross-compilers/riscv-rv64gc-medany/lib/gcc/riscv64-unknown-elf/8.3.0/../../../../riscv64-unknown-elf/lib/libc.a(lib_a-mallocr.o)
                0x00000000c001dc88                __malloc_current_mallinfo
 .bss           0x00000000c001dcb0        0x0 /raid/tools/cross-compilers/riscv-rv64gc-medany/lib/gcc/riscv64-unknown-elf/8.3.0/../../../../riscv64-unknown-elf/lib/libc.a(lib_a-memset.o)
 .bss           0x00000000c001dcb0        0x0 /raid/tools/cross-compilers/riscv-rv64gc-medany/lib/gcc/riscv64-unknown-elf/8.3.0/../../../../riscv64-unknown-elf/lib/libc.a(lib_a-mlock.o)
 .bss           0x00000000c001dcb0        0x0 /raid/tools/cross-compilers/riscv-rv64gc-medany/lib/gcc/riscv64-unknown-elf/8.3.0/../../../../riscv64-unknown-elf/lib/libc.a(lib_a-printf.o)
 .bss           0x00000000c001dcb0        0x0 /raid/tools/cross-compilers/riscv-rv64gc-medany/lib/gcc/riscv64-unknown-elf/8.3.0/../../../../riscv64-unknown-elf/lib/libc.a(lib_a-putchar.o)
 .bss           0x00000000c001dcb0        0x0 /raid/tools/cross-compilers/riscv-rv64gc-medany/lib/gcc/riscv64-unknown-elf/8.3.0/../../../../riscv64-unknown-elf/lib/libc.a(lib_a-putc.o)
 .bss           0x00000000c001dcb0        0x0 /raid/tools/cross-compilers/riscv-rv64gc-medany/lib/gcc/riscv64-unknown-elf/8.3.0/../../../../riscv64-unknown-elf/lib/libc.a(lib_a-puts.o)
 .bss           0x00000000c001dcb0        0x0 /raid/tools/cross-compilers/riscv-rv64gc-medany/lib/gcc/riscv64-unknown-elf/8.3.0/../../../../riscv64-unknown-elf/lib/libc.a(lib_a-sbrkr.o)
 .bss           0x00000000c001dcb0        0x0 /raid/tools/cross-compilers/riscv-rv64gc-medany/lib/gcc/riscv64-unknown-elf/8.3.0/../../../../riscv64-unknown-elf/lib/libc.a(lib_a-setjmp.o)
 .bss           0x00000000c001dcb0        0x0 /raid/tools/cross-compilers/riscv-rv64gc-medany/lib/gcc/riscv64-unknown-elf/8.3.0/../../../../riscv64-unknown-elf/lib/libc.a(lib_a-signal.o)
 .bss           0x00000000c001dcb0        0x0 /raid/tools/cross-compilers/riscv-rv64gc-medany/lib/gcc/riscv64-unknown-elf/8.3.0/../../../../riscv64-unknown-elf/lib/libc.a(lib_a-signalr.o)
 .bss           0x00000000c001dcb0        0x0 /raid/tools/cross-compilers/riscv-rv64gc-medany/lib/gcc/riscv64-unknown-elf/8.3.0/../../../../riscv64-unknown-elf/lib/libc.a(lib_a-stdio.o)
 .bss           0x00000000c001dcb0        0x0 /raid/tools/cross-compilers/riscv-rv64gc-medany/lib/gcc/riscv64-unknown-elf/8.3.0/../../../../riscv64-unknown-elf/lib/libc.a(lib_a-strlen.o)
 .bss           0x00000000c001dcb0        0x0 /raid/tools/cross-compilers/riscv-rv64gc-medany/lib/gcc/riscv64-unknown-elf/8.3.0/../../../../riscv64-unknown-elf/lib/libc.a(lib_a-vfprintf.o)
 .bss           0x00000000c001dcb0        0x0 /raid/tools/cross-compilers/riscv-rv64gc-medany/lib/gcc/riscv64-unknown-elf/8.3.0/../../../../riscv64-unknown-elf/lib/libc.a(lib_a-wbuf.o)
 .bss           0x00000000c001dcb0        0x0 /raid/tools/cross-compilers/riscv-rv64gc-medany/lib/gcc/riscv64-unknown-elf/8.3.0/../../../../riscv64-unknown-elf/lib/libc.a(lib_a-writer.o)
 .bss           0x00000000c001dcb0        0x0 /raid/tools/cross-compilers/riscv-rv64gc-medany/lib/gcc/riscv64-unknown-elf/8.3.0/../../../../riscv64-unknown-elf/lib/libc.a(lib_a-wsetup.o)
 .bss           0x00000000c001dcb0        0x0 /raid/tools/cross-compilers/riscv-rv64gc-medany/lib/gcc/riscv64-unknown-elf/8.3.0/../../../../riscv64-unknown-elf/lib/libc.a(lib_a-__atexit.o)
 .bss           0x00000000c001dcb0        0x0 /raid/tools/cross-compilers/riscv-rv64gc-medany/lib/gcc/riscv64-unknown-elf/8.3.0/../../../../riscv64-unknown-elf/lib/libc.a(lib_a-__call_atexit.o)
 .bss           0x00000000c001dcb0        0x0 /raid/tools/cross-compilers/riscv-rv64gc-medany/lib/gcc/riscv64-unknown-elf/8.3.0/../../../../riscv64-unknown-elf/lib/libc.a(lib_a-closer.o)
 .bss           0x00000000c001dcb0        0x0 /raid/tools/cross-compilers/riscv-rv64gc-medany/lib/gcc/riscv64-unknown-elf/8.3.0/../../../../riscv64-unknown-elf/lib/libc.a(lib_a-fclose.o)
 .bss           0x00000000c001dcb0        0x0 /raid/tools/cross-compilers/riscv-rv64gc-medany/lib/gcc/riscv64-unknown-elf/8.3.0/../../../../riscv64-unknown-elf/lib/libc.a(lib_a-fvwrite.o)
 .bss           0x00000000c001dcb0        0x0 /raid/tools/cross-compilers/riscv-rv64gc-medany/lib/gcc/riscv64-unknown-elf/8.3.0/../../../../riscv64-unknown-elf/lib/libc.a(lib_a-ldtoa.o)
 .bss           0x00000000c001dcb0        0x0 /raid/tools/cross-compilers/riscv-rv64gc-medany/lib/gcc/riscv64-unknown-elf/8.3.0/../../../../riscv64-unknown-elf/lib/libc.a(lib_a-localeconv.o)
 .bss           0x00000000c001dcb0        0x0 /raid/tools/cross-compilers/riscv-rv64gc-medany/lib/gcc/riscv64-unknown-elf/8.3.0/../../../../riscv64-unknown-elf/lib/libc.a(lib_a-locale.o)
 .bss           0x00000000c001dcb0        0x0 /raid/tools/cross-compilers/riscv-rv64gc-medany/lib/gcc/riscv64-unknown-elf/8.3.0/../../../../riscv64-unknown-elf/lib/libc.a(lib_a-lseekr.o)
 .bss           0x00000000c001dcb0        0x0 /raid/tools/cross-compilers/riscv-rv64gc-medany/lib/gcc/riscv64-unknown-elf/8.3.0/../../../../riscv64-unknown-elf/lib/libc.a(lib_a-makebuf.o)
 .bss           0x00000000c001dcb0        0x0 /raid/tools/cross-compilers/riscv-rv64gc-medany/lib/gcc/riscv64-unknown-elf/8.3.0/../../../../riscv64-unknown-elf/lib/libc.a(lib_a-mbtowc_r.o)
 .bss           0x00000000c001dcb0        0x0 /raid/tools/cross-compilers/riscv-rv64gc-medany/lib/gcc/riscv64-unknown-elf/8.3.0/../../../../riscv64-unknown-elf/lib/libc.a(lib_a-memchr.o)
 .bss           0x00000000c001dcb0        0x0 /raid/tools/cross-compilers/riscv-rv64gc-medany/lib/gcc/riscv64-unknown-elf/8.3.0/../../../../riscv64-unknown-elf/lib/libc.a(lib_a-memcpy.o)
 .bss           0x00000000c001dcb0        0x0 /raid/tools/cross-compilers/riscv-rv64gc-medany/lib/gcc/riscv64-unknown-elf/8.3.0/../../../../riscv64-unknown-elf/lib/libc.a(lib_a-memmove.o)
 .bss           0x00000000c001dcb0        0x0 /raid/tools/cross-compilers/riscv-rv64gc-medany/lib/gcc/riscv64-unknown-elf/8.3.0/../../../../riscv64-unknown-elf/lib/libc.a(lib_a-mprec.o)
 .bss           0x00000000c001dcb0        0x0 /raid/tools/cross-compilers/riscv-rv64gc-medany/lib/gcc/riscv64-unknown-elf/8.3.0/../../../../riscv64-unknown-elf/lib/libc.a(lib_a-readr.o)
 .bss           0x00000000c001dcb0        0x0 /raid/tools/cross-compilers/riscv-rv64gc-medany/lib/gcc/riscv64-unknown-elf/8.3.0/../../../../riscv64-unknown-elf/lib/libc.a(lib_a-reallocr.o)
 .bss           0x00000000c001dcb0        0x0 /raid/tools/cross-compilers/riscv-rv64gc-medany/lib/gcc/riscv64-unknown-elf/8.3.0/../../../../riscv64-unknown-elf/lib/libc.a(lib_a-reent.o)
 .bss           0x00000000c001dcb0        0x0 /raid/tools/cross-compilers/riscv-rv64gc-medany/lib/gcc/riscv64-unknown-elf/8.3.0/../../../../riscv64-unknown-elf/lib/libc.a(lib_a-s_frexp.o)
 .bss           0x00000000c001dcb0        0x0 /raid/tools/cross-compilers/riscv-rv64gc-medany/lib/gcc/riscv64-unknown-elf/8.3.0/../../../../riscv64-unknown-elf/lib/libc.a(lib_a-sprintf.o)
 .bss           0x00000000c001dcb0        0x0 /raid/tools/cross-compilers/riscv-rv64gc-medany/lib/gcc/riscv64-unknown-elf/8.3.0/../../../../riscv64-unknown-elf/lib/libc.a(lib_a-strcmp.o)
 .bss           0x00000000c001dcb0        0x0 /raid/tools/cross-compilers/riscv-rv64gc-medany/lib/gcc/riscv64-unknown-elf/8.3.0/../../../../riscv64-unknown-elf/lib/libc.a(lib_a-strcpy.o)
 .bss           0x00000000c001dcb0        0x0 /raid/tools/cross-compilers/riscv-rv64gc-medany/lib/gcc/riscv64-unknown-elf/8.3.0/../../../../riscv64-unknown-elf/lib/libc.a(lib_a-strncpy.o)
 .bss           0x00000000c001dcb0        0x0 /raid/tools/cross-compilers/riscv-rv64gc-medany/lib/gcc/riscv64-unknown-elf/8.3.0/../../../../riscv64-unknown-elf/lib/libc.a(lib_a-svfprintf.o)
 .bss           0x00000000c001dcb0        0x0 /raid/tools/cross-compilers/riscv-rv64gc-medany/lib/gcc/riscv64-unknown-elf/8.3.0/../../../../riscv64-unknown-elf/lib/libc.a(lib_a-vfiprintf.o)
 .bss           0x00000000c001dcb0        0x0 /raid/tools/cross-compilers/riscv-rv64gc-medany/lib/gcc/riscv64-unknown-elf/8.3.0/../../../../riscv64-unknown-elf/lib/libc.a(lib_a-wctomb_r.o)
 .bss           0x00000000c001dcb0        0x0 /raid/tools/cross-compilers/riscv-rv64gc-medany/lib/gcc/riscv64-unknown-elf/8.3.0/../../../../riscv64-unknown-elf/lib/libc.a(lib_a-callocr.o)
 .bss           0x00000000c001dcb0        0x0 /raid/tools/cross-compilers/riscv-rv64gc-medany/lib/gcc/riscv64-unknown-elf/8.3.0/../../../../riscv64-unknown-elf/lib/libc.a(lib_a-ctype_.o)
 .bss           0x00000000c001dcb0        0x0 /raid/tools/cross-compilers/riscv-rv64gc-medany/lib/gcc/riscv64-unknown-elf/8.3.0/../../../../riscv64-unknown-elf/lib/libc.a(lib_a-fputwc.o)
 .bss           0x00000000c001dcb0        0x0 /raid/tools/cross-compilers/riscv-rv64gc-medany/lib/gcc/riscv64-unknown-elf/8.3.0/../../../../riscv64-unknown-elf/lib/libc.a(lib_a-fstatr.o)
 .bss           0x00000000c001dcb0        0x0 /raid/tools/cross-compilers/riscv-rv64gc-medany/lib/gcc/riscv64-unknown-elf/8.3.0/../../../../riscv64-unknown-elf/lib/libc.a(lib_a-isattyr.o)
 .bss           0x00000000c001dcb0        0x0 /raid/tools/cross-compilers/riscv-rv64gc-medany/lib/gcc/riscv64-unknown-elf/8.3.0/../../../../riscv64-unknown-elf/lib/libc.a(lib_a-svfiprintf.o)
 .bss           0x00000000c001dcb0        0x0 /raid/tools/cross-compilers/riscv-rv64gc-medany/lib/gcc/riscv64-unknown-elf/8.3.0/../../../../riscv64-unknown-elf/lib/libc.a(lib_a-wcrtomb.o)
 .bss           0x00000000c001dcb0        0x0 /raid/tools/cross-compilers/riscv-rv64gc-medany/lib/gcc/riscv64-unknown-elf/8.3.0/../../../../riscv64-unknown-elf/lib/libnosys.a(_exit.o)
 .bss           0x00000000c001dcb0        0x0 /raid/tools/cross-compilers/riscv-rv64gc-medany/lib/gcc/riscv64-unknown-elf/8.3.0/libgcc.a(eqtf2.o)
 .bss           0x00000000c001dcb0        0x0 /raid/tools/cross-compilers/riscv-rv64gc-medany/lib/gcc/riscv64-unknown-elf/8.3.0/libgcc.a(getf2.o)
 .bss           0x00000000c001dcb0        0x0 /raid/tools/cross-compilers/riscv-rv64gc-medany/lib/gcc/riscv64-unknown-elf/8.3.0/libgcc.a(letf2.o)
 .bss           0x00000000c001dcb0        0x0 /raid/tools/cross-compilers/riscv-rv64gc-medany/lib/gcc/riscv64-unknown-elf/8.3.0/libgcc.a(multf3.o)
 .bss           0x00000000c001dcb0        0x0 /raid/tools/cross-compilers/riscv-rv64gc-medany/lib/gcc/riscv64-unknown-elf/8.3.0/libgcc.a(subtf3.o)
 .bss           0x00000000c001dcb0        0x0 /raid/tools/cross-compilers/riscv-rv64gc-medany/lib/gcc/riscv64-unknown-elf/8.3.0/libgcc.a(fixtfsi.o)
 .bss           0x00000000c001dcb0        0x0 /raid/tools/cross-compilers/riscv-rv64gc-medany/lib/gcc/riscv64-unknown-elf/8.3.0/libgcc.a(floatsitf.o)
 .bss           0x00000000c001dcb0        0x0 /raid/tools/cross-compilers/riscv-rv64gc-medany/lib/gcc/riscv64-unknown-elf/8.3.0/libgcc.a(extenddftf2.o)
 .bss           0x00000000c001dcb0        0x0 /raid/tools/cross-compilers/riscv-rv64gc-medany/lib/gcc/riscv64-unknown-elf/8.3.0/libgcc.a(trunctfdf2.o)
 .bss           0x00000000c001dcb0        0x0 /raid/tools/cross-compilers/riscv-rv64gc-medany/lib/gcc/riscv64-unknown-elf/8.3.0/libgcc.a(_clzsi2.o)
 .bss           0x00000000c001dcb0        0x0 /raid/tools/cross-compilers/riscv-rv64gc-medany/lib/gcc/riscv64-unknown-elf/8.3.0/libgcc.a(_clz.o)
 .bss           0x00000000c001dcb0        0x0 /raid/tools/cross-compilers/riscv-rv64gc-medany/lib/gcc/riscv64-unknown-elf/8.3.0/crtend.o
 *(COMMON)
 COMMON         0x00000000c001dcb0      0x340 /tmp/cc8f9Ybn.o
                0x00000000c001dcb0                D
                0x00000000c001dcb8                N
                0x00000000c001dcc0                E9
                0x00000000c001dcc8                BInvrse
                0x00000000c001dcd0                U1
                0x00000000c001dcd8                Random1
                0x00000000c001dce0                Z2
                0x00000000c001dce8                GMult
                0x00000000c001dcf0                F9
                0x00000000c001dcf8                SqRWrng
                0x00000000c001dd00                E0
                0x00000000c001dd08                ErrCnt
                0x00000000c001dd18                Break
                0x00000000c001dd20                AInvrse
                0x00000000c001dd28                U2
                0x00000000c001dd30                Q
                0x00000000c001dd38                Underflow
                0x00000000c001dd40                Y2
                0x00000000c001dd48                Third
                0x00000000c001dd50                X2
                0x00000000c001dd58                BMinusU2
                0x00000000c001dd60                N1
                0x00000000c001dd68                sigsave
                0x00000000c001dd70                RAddSub
                0x00000000c001dd78                Y
                0x00000000c001dd80                Q9
                0x00000000c001dd88                Indx
                0x00000000c001dd8c                GDiv
                0x00000000c001dd90                MyZero
                0x00000000c001dd98                FourD
                0x00000000c001dda0                T
                0x00000000c001dda8                S
                0x00000000c001ddb0                GAddSub
                0x00000000c001ddb8                V9
                0x00000000c001ddc0                J
                0x00000000c001ddc8                ovfl_buf
                0x00000000c001de98                C
                0x00000000c001dea0                V
                0x00000000c001dea8                RadixD2
                0x00000000c001deb0                MinSqEr
                0x00000000c001deb8                CInvrse
                0x00000000c001dec0                RMult
                0x00000000c001dec8                X1
                0x00000000c001ded0                Milestone
                0x00000000c001ded8                StickyBit
                0x00000000c001dee0                Random9
                0x00000000c001dee8                E1
                0x00000000c001def0                W
                0x00000000c001def8                Precision
                0x00000000c001df00                Monot
                0x00000000c001df08                OneUlp
                0x00000000c001df10                UfNGrad
                0x00000000c001df18                H
                0x00000000c001df20                MaxSqEr
                0x00000000c001df28                Exp2
                0x00000000c001df30                Random2
                0x00000000c001df38                R
                0x00000000c001df40                Z
                0x00000000c001df48                RDiv
                0x00000000c001df50                Z1
                0x00000000c001df58                Radix
                0x00000000c001df60                Done
                0x00000000c001df64                I
                0x00000000c001df68                F6
                0x00000000c001df70                RSqrt
                0x00000000c001df74                M
                0x00000000c001df78                fpecount
                0x00000000c001df7c                PageNo
                0x00000000c001df80                IEEE
                0x00000000c001df88                V0
                0x00000000c001df90                HInvrse
                0x00000000c001df98                Y1
                0x00000000c001dfa0                PseudoZero
                0x00000000c001dfa8                Anomaly
                0x00000000c001dfac                NotMonot
                0x00000000c001dfb0                ch
                0x00000000c001dfb8                X8
                0x00000000c001dfc0                UfThold
                0x00000000c001dfc8                A1
                0x00000000c001dfd0                SqEr
                0x00000000c001dfd8                Z9
                0x00000000c001dfe0                X
                0x00000000c001dfe8                E3
 COMMON         0x00000000c001dff0        0x4 /raid/tools/cross-compilers/riscv-rv64gc-medany/lib/gcc/riscv64-unknown-elf/8.3.0/../../../../riscv64-unknown-elf/lib/libc.a(lib_a-reent.o)
                0x00000000c001dff0                errno
                0x00000000c001dff8                . = ALIGN ((. != 0x0)?0x8:0x1)
 *fill*         0x00000000c001dff4        0x4 
LOAD /raid/tools/cross-compilers/riscv-rv64gc-medany/lib/gcc/riscv64-unknown-elf/8.3.0/../../../../riscv64-unknown-elf/lib/crt0.o
LOAD /raid/tools/cross-compilers/riscv-rv64gc-medany/lib/gcc/riscv64-unknown-elf/8.3.0/crtbegin.o
                0x00000000c001dff8                __startup_save = .

.startup        0x00000000c0000000       0x5c
 startup.o(.text)
 .text          0x00000000c0000000       0x5c ./lib/startup.o
                0x00000000c0000000                _reset
                0x00000000c001dff8                . = __startup_save
                0x00000000c001dff8                . = ALIGN (0x8)
                0x00000000c001dff8                . = SEGMENT_START ("ldata-segment", .)
                0x00000000c001dff8                . = ALIGN (0x8)
                0x00000000c001dff8                __BSS_END__ = .
                0x00000000c001d7f8                __global_pointer$ = MIN ((__SDATA_BEGIN__ + 0x800), MAX ((__DATA_BEGIN__ + 0x800), (__BSS_END__ - 0x800)))
                0x00000000c001dff8                _end = .
                [!provide]                        PROVIDE (end = .)
                0x00000000c001dff8                . = DATA_SEGMENT_END (.)

.stab
 *(.stab)

.stabstr
 *(.stabstr)

.stab.excl
 *(.stab.excl)

.stab.exclstr
 *(.stab.exclstr)

.stab.index
 *(.stab.index)

.stab.indexstr
 *(.stab.indexstr)

.comment        0x0000000000000000       0x11
 *(.comment)
 .comment       0x0000000000000000       0x11 /raid/tools/cross-compilers/riscv-rv64gc-medany/lib/gcc/riscv64-unknown-elf/8.3.0/crtbegin.o
                                         0x12 (size before relaxing)
 .comment       0x0000000000000011       0x12 ./lib/syscalls.o
 .comment       0x0000000000000011       0x12 ./lib/riscv_counters.o
 .comment       0x0000000000000011       0x12 ./lib/ns16550.o
 .comment       0x0000000000000011       0x12 /tmp/cc8f9Ybn.o
 .comment       0x0000000000000011       0x12 /raid/tools/cross-compilers/riscv-rv64gc-medany/lib/gcc/riscv64-unknown-elf/8.3.0/../../../../riscv64-unknown-elf/lib/libm.a(lib_a-s_floor.o)
 .comment       0x0000000000000011       0x12 /raid/tools/cross-compilers/riscv-rv64gc-medany/lib/gcc/riscv64-unknown-elf/8.3.0/../../../../riscv64-unknown-elf/lib/libm.a(lib_a-w_log.o)
 .comment       0x0000000000000011       0x12 /raid/tools/cross-compilers/riscv-rv64gc-medany/lib/gcc/riscv64-unknown-elf/8.3.0/../../../../riscv64-unknown-elf/lib/libm.a(lib_a-w_pow.o)
 .comment       0x0000000000000011       0x12 /raid/tools/cross-compilers/riscv-rv64gc-medany/lib/gcc/riscv64-unknown-elf/8.3.0/../../../../riscv64-unknown-elf/lib/libm.a(lib_a-w_sqrt.o)
 .comment       0x0000000000000011       0x12 /raid/tools/cross-compilers/riscv-rv64gc-medany/lib/gcc/riscv64-unknown-elf/8.3.0/../../../../riscv64-unknown-elf/lib/libm.a(lib_a-e_log.o)
 .comment       0x0000000000000011       0x12 /raid/tools/cross-compilers/riscv-rv64gc-medany/lib/gcc/riscv64-unknown-elf/8.3.0/../../../../riscv64-unknown-elf/lib/libm.a(lib_a-e_pow.o)
 .comment       0x0000000000000011       0x12 /raid/tools/cross-compilers/riscv-rv64gc-medany/lib/gcc/riscv64-unknown-elf/8.3.0/../../../../riscv64-unknown-elf/lib/libm.a(lib_a-e_sqrt.o)
 .comment       0x0000000000000011       0x12 /raid/tools/cross-compilers/riscv-rv64gc-medany/lib/gcc/riscv64-unknown-elf/8.3.0/../../../../riscv64-unknown-elf/lib/libm.a(lib_a-s_fabs.o)
 .comment       0x0000000000000011       0x12 /raid/tools/cross-compilers/riscv-rv64gc-medany/lib/gcc/riscv64-unknown-elf/8.3.0/../../../../riscv64-unknown-elf/lib/libm.a(lib_a-s_finite.o)
 .comment       0x0000000000000011       0x12 /raid/tools/cross-compilers/riscv-rv64gc-medany/lib/gcc/riscv64-unknown-elf/8.3.0/../../../../riscv64-unknown-elf/lib/libm.a(lib_a-s_lib_ver.o)
 .comment       0x0000000000000011       0x12 /raid/tools/cross-compilers/riscv-rv64gc-medany/lib/gcc/riscv64-unknown-elf/8.3.0/../../../../riscv64-unknown-elf/lib/libm.a(lib_a-s_matherr.o)
 .comment       0x0000000000000011       0x12 /raid/tools/cross-compilers/riscv-rv64gc-medany/lib/gcc/riscv64-unknown-elf/8.3.0/../../../../riscv64-unknown-elf/lib/libm.a(lib_a-s_nan.o)
 .comment       0x0000000000000011       0x12 /raid/tools/cross-compilers/riscv-rv64gc-medany/lib/gcc/riscv64-unknown-elf/8.3.0/../../../../riscv64-unknown-elf/lib/libm.a(lib_a-s_rint.o)
 .comment       0x0000000000000011       0x12 /raid/tools/cross-compilers/riscv-rv64gc-medany/lib/gcc/riscv64-unknown-elf/8.3.0/../../../../riscv64-unknown-elf/lib/libm.a(lib_a-s_scalbn.o)
 .comment       0x0000000000000011       0x12 /raid/tools/cross-compilers/riscv-rv64gc-medany/lib/gcc/riscv64-unknown-elf/8.3.0/../../../../riscv64-unknown-elf/lib/libm.a(lib_a-s_copysign.o)
 .comment       0x0000000000000011       0x12 /raid/tools/cross-compilers/riscv-rv64gc-medany/lib/gcc/riscv64-unknown-elf/8.3.0/../../../../riscv64-unknown-elf/lib/libc.a(lib_a-atexit.o)
 .comment       0x0000000000000011       0x12 /raid/tools/cross-compilers/riscv-rv64gc-medany/lib/gcc/riscv64-unknown-elf/8.3.0/../../../../riscv64-unknown-elf/lib/libc.a(lib_a-errno.o)
 .comment       0x0000000000000011       0x12 /raid/tools/cross-compilers/riscv-rv64gc-medany/lib/gcc/riscv64-unknown-elf/8.3.0/../../../../riscv64-unknown-elf/lib/libc.a(lib_a-exit.o)
 .comment       0x0000000000000011       0x12 /raid/tools/cross-compilers/riscv-rv64gc-medany/lib/gcc/riscv64-unknown-elf/8.3.0/../../../../riscv64-unknown-elf/lib/libc.a(lib_a-fflush.o)
 .comment       0x0000000000000011       0x12 /raid/tools/cross-compilers/riscv-rv64gc-medany/lib/gcc/riscv64-unknown-elf/8.3.0/../../../../riscv64-unknown-elf/lib/libc.a(lib_a-findfp.o)
 .comment       0x0000000000000011       0x12 /raid/tools/cross-compilers/riscv-rv64gc-medany/lib/gcc/riscv64-unknown-elf/8.3.0/../../../../riscv64-unknown-elf/lib/libc.a(lib_a-fini.o)
 .comment       0x0000000000000011       0x12 /raid/tools/cross-compilers/riscv-rv64gc-medany/lib/gcc/riscv64-unknown-elf/8.3.0/../../../../riscv64-unknown-elf/lib/libc.a(lib_a-freer.o)
 .comment       0x0000000000000011       0x12 /raid/tools/cross-compilers/riscv-rv64gc-medany/lib/gcc/riscv64-unknown-elf/8.3.0/../../../../riscv64-unknown-elf/lib/libc.a(lib_a-fwalk.o)
 .comment       0x0000000000000011       0x12 /raid/tools/cross-compilers/riscv-rv64gc-medany/lib/gcc/riscv64-unknown-elf/8.3.0/../../../../riscv64-unknown-elf/lib/libc.a(lib_a-impure.o)
 .comment       0x0000000000000011       0x12 /raid/tools/cross-compilers/riscv-rv64gc-medany/lib/gcc/riscv64-unknown-elf/8.3.0/../../../../riscv64-unknown-elf/lib/libc.a(lib_a-init.o)
 .comment       0x0000000000000011       0x12 /raid/tools/cross-compilers/riscv-rv64gc-medany/lib/gcc/riscv64-unknown-elf/8.3.0/../../../../riscv64-unknown-elf/lib/libc.a(lib_a-mallocr.o)
 .comment       0x0000000000000011       0x12 /raid/tools/cross-compilers/riscv-rv64gc-medany/lib/gcc/riscv64-unknown-elf/8.3.0/../../../../riscv64-unknown-elf/lib/libc.a(lib_a-mlock.o)
 .comment       0x0000000000000011       0x12 /raid/tools/cross-compilers/riscv-rv64gc-medany/lib/gcc/riscv64-unknown-elf/8.3.0/../../../../riscv64-unknown-elf/lib/libc.a(lib_a-printf.o)
 .comment       0x0000000000000011       0x12 /raid/tools/cross-compilers/riscv-rv64gc-medany/lib/gcc/riscv64-unknown-elf/8.3.0/../../../../riscv64-unknown-elf/lib/libc.a(lib_a-putchar.o)
 .comment       0x0000000000000011       0x12 /raid/tools/cross-compilers/riscv-rv64gc-medany/lib/gcc/riscv64-unknown-elf/8.3.0/../../../../riscv64-unknown-elf/lib/libc.a(lib_a-putc.o)
 .comment       0x0000000000000011       0x12 /raid/tools/cross-compilers/riscv-rv64gc-medany/lib/gcc/riscv64-unknown-elf/8.3.0/../../../../riscv64-unknown-elf/lib/libc.a(lib_a-puts.o)
 .comment       0x0000000000000011       0x12 /raid/tools/cross-compilers/riscv-rv64gc-medany/lib/gcc/riscv64-unknown-elf/8.3.0/../../../../riscv64-unknown-elf/lib/libc.a(lib_a-sbrkr.o)
 .comment       0x0000000000000011       0x12 /raid/tools/cross-compilers/riscv-rv64gc-medany/lib/gcc/riscv64-unknown-elf/8.3.0/../../../../riscv64-unknown-elf/lib/libc.a(lib_a-signal.o)
 .comment       0x0000000000000011       0x12 /raid/tools/cross-compilers/riscv-rv64gc-medany/lib/gcc/riscv64-unknown-elf/8.3.0/../../../../riscv64-unknown-elf/lib/libc.a(lib_a-signalr.o)
 .comment       0x0000000000000011       0x12 /raid/tools/cross-compilers/riscv-rv64gc-medany/lib/gcc/riscv64-unknown-elf/8.3.0/../../../../riscv64-unknown-elf/lib/libc.a(lib_a-stdio.o)
 .comment       0x0000000000000011       0x12 /raid/tools/cross-compilers/riscv-rv64gc-medany/lib/gcc/riscv64-unknown-elf/8.3.0/../../../../riscv64-unknown-elf/lib/libc.a(lib_a-strlen.o)