Archive member included to satisfy reference by file (symbol)

/raid/tools/cross-compilers/riscv-rv32im/lib/gcc/riscv32-unknown-elf/7.2.0/libgcc.a(_divdi3.o)
                              ./lib/syscalls.o (__divdi3)
/raid/tools/cross-compilers/riscv-rv32im/lib/gcc/riscv32-unknown-elf/7.2.0/libgcc.a(_moddi3.o)
                              ./lib/syscalls.o (__moddi3)
/raid/tools/cross-compilers/riscv-rv32im/lib/gcc/riscv32-unknown-elf/7.2.0/libgcc.a(extendsfdf2.o)
                              /tmp/cc31AlHk.o (__extendsfdf2)
/raid/tools/cross-compilers/riscv-rv32im/lib/gcc/riscv32-unknown-elf/7.2.0/libgcc.a(_clz.o)
                              /raid/tools/cross-compilers/riscv-rv32im/lib/gcc/riscv32-unknown-elf/7.2.0/libgcc.a(_divdi3.o) (__clz_tab)
/raid/tools/cross-compilers/riscv-rv32im/lib/gcc/riscv32-unknown-elf/7.2.0/libgcc.a(_clzsi2.o)
                              /raid/tools/cross-compilers/riscv-rv32im/lib/gcc/riscv32-unknown-elf/7.2.0/libgcc.a(extendsfdf2.o) (__clzsi2)
/raid/tools/cross-compilers/riscv-rv32im/lib/gcc/riscv32-unknown-elf/7.2.0/../../../../riscv32-unknown-elf/lib/libc.a(lib_a-atexit.o)
                              /raid/tools/cross-compilers/riscv-rv32im/lib/gcc/riscv32-unknown-elf/7.2.0/../../../../riscv32-unknown-elf/lib/crt0.o (atexit)
/raid/tools/cross-compilers/riscv-rv32im/lib/gcc/riscv32-unknown-elf/7.2.0/../../../../riscv32-unknown-elf/lib/libc.a(lib_a-errno.o)
                              ./lib/syscalls.o (__errno)
/raid/tools/cross-compilers/riscv-rv32im/lib/gcc/riscv32-unknown-elf/7.2.0/../../../../riscv32-unknown-elf/lib/libc.a(lib_a-exit.o)
                              /raid/tools/cross-compilers/riscv-rv32im/lib/gcc/riscv32-unknown-elf/7.2.0/../../../../riscv32-unknown-elf/lib/crt0.o (exit)
/raid/tools/cross-compilers/riscv-rv32im/lib/gcc/riscv32-unknown-elf/7.2.0/../../../../riscv32-unknown-elf/lib/libc.a(lib_a-fini.o)
                              /raid/tools/cross-compilers/riscv-rv32im/lib/gcc/riscv32-unknown-elf/7.2.0/../../../../riscv32-unknown-elf/lib/crt0.o (__libc_fini_array)
/raid/tools/cross-compilers/riscv-rv32im/lib/gcc/riscv32-unknown-elf/7.2.0/../../../../riscv32-unknown-elf/lib/libc.a(lib_a-impure.o)
                              /raid/tools/cross-compilers/riscv-rv32im/lib/gcc/riscv32-unknown-elf/7.2.0/../../../../riscv32-unknown-elf/lib/libc.a(lib_a-exit.o) (_global_impure_ptr)
/raid/tools/cross-compilers/riscv-rv32im/lib/gcc/riscv32-unknown-elf/7.2.0/../../../../riscv32-unknown-elf/lib/libc.a(lib_a-init.o)
                              /raid/tools/cross-compilers/riscv-rv32im/lib/gcc/riscv32-unknown-elf/7.2.0/../../../../riscv32-unknown-elf/lib/crt0.o (__libc_init_array)
/raid/tools/cross-compilers/riscv-rv32im/lib/gcc/riscv32-unknown-elf/7.2.0/../../../../riscv32-unknown-elf/lib/libc.a(lib_a-memset.o)
                              /raid/tools/cross-compilers/riscv-rv32im/lib/gcc/riscv32-unknown-elf/7.2.0/../../../../riscv32-unknown-elf/lib/crt0.o (memset)
/raid/tools/cross-compilers/riscv-rv32im/lib/gcc/riscv32-unknown-elf/7.2.0/../../../../riscv32-unknown-elf/lib/libc.a(lib_a-printf.o)
                              /tmp/cc31AlHk.o (printf)
/raid/tools/cross-compilers/riscv-rv32im/lib/gcc/riscv32-unknown-elf/7.2.0/../../../../riscv32-unknown-elf/lib/libc.a(lib_a-vfprintf.o)
                              /raid/tools/cross-compilers/riscv-rv32im/lib/gcc/riscv32-unknown-elf/7.2.0/../../../../riscv32-unknown-elf/lib/libc.a(lib_a-printf.o) (_vfprintf_r)
/raid/tools/cross-compilers/riscv-rv32im/lib/gcc/riscv32-unknown-elf/7.2.0/../../../../riscv32-unknown-elf/lib/libc.a(lib_a-wsetup.o)
                              /raid/tools/cross-compilers/riscv-rv32im/lib/gcc/riscv32-unknown-elf/7.2.0/../../../../riscv32-unknown-elf/lib/libc.a(lib_a-vfprintf.o) (__swsetup_r)
/raid/tools/cross-compilers/riscv-rv32im/lib/gcc/riscv32-unknown-elf/7.2.0/../../../../riscv32-unknown-elf/lib/libc.a(lib_a-__atexit.o)
                              /raid/tools/cross-compilers/riscv-rv32im/lib/gcc/riscv32-unknown-elf/7.2.0/../../../../riscv32-unknown-elf/lib/libc.a(lib_a-atexit.o) (__register_exitproc)
/raid/tools/cross-compilers/riscv-rv32im/lib/gcc/riscv32-unknown-elf/7.2.0/../../../../riscv32-unknown-elf/lib/libc.a(lib_a-__call_atexit.o)
                              /raid/tools/cross-compilers/riscv-rv32im/lib/gcc/riscv32-unknown-elf/7.2.0/../../../../riscv32-unknown-elf/lib/libc.a(lib_a-exit.o) (__call_exitprocs)
/raid/tools/cross-compilers/riscv-rv32im/lib/gcc/riscv32-unknown-elf/7.2.0/../../../../riscv32-unknown-elf/lib/libc.a(lib_a-fflush.o)
                              /raid/tools/cross-compilers/riscv-rv32im/lib/gcc/riscv32-unknown-elf/7.2.0/../../../../riscv32-unknown-elf/lib/libc.a(lib_a-vfprintf.o) (_fflush_r)
/raid/tools/cross-compilers/riscv-rv32im/lib/gcc/riscv32-unknown-elf/7.2.0/../../../../riscv32-unknown-elf/lib/libc.a(lib_a-findfp.o)
[...]
Memory Configuration

Name             Origin             Length             Attributes
*default*        0x0000000000000000 0xffffffffffffffff

Linker script and memory map

LOAD ./lib/syscalls.o
LOAD ./lib/riscv_counters.o
LOAD ./lib/ns16550.o
Address of section .text-segment set to 0xc0000000
LOAD /tmp/cc31AlHk.o
LOAD /raid/tools/cross-compilers/riscv-rv32im/lib/gcc/riscv32-unknown-elf/7.2.0/../../../../riscv32-unknown-elf/lib/libm.a
LOAD /raid/tools/cross-compilers/riscv-rv32im/lib/gcc/riscv32-unknown-elf/7.2.0/libgcc.a
LOAD /raid/tools/cross-compilers/riscv-rv32im/lib/gcc/riscv32-unknown-elf/7.2.0/../../../../riscv32-unknown-elf/lib/libnosys.a
LOAD /raid/tools/cross-compilers/riscv-rv32im/lib/gcc/riscv32-unknown-elf/7.2.0/libgcc.a
START GROUP
LOAD /raid/tools/cross-compilers/riscv-rv32im/lib/gcc/riscv32-unknown-elf/7.2.0/libgcc.a
LOAD /raid/tools/cross-compilers/riscv-rv32im/lib/gcc/riscv32-unknown-elf/7.2.0/../../../../riscv32-unknown-elf/lib/libc.a
LOAD /raid/tools/cross-compilers/riscv-rv32im/lib/gcc/riscv32-unknown-elf/7.2.0/../../../../riscv32-unknown-elf/lib/libnosys.a
END GROUP
LOAD /raid/tools/cross-compilers/riscv-rv32im/lib/gcc/riscv32-unknown-elf/7.2.0/crtend.o
                [!provide]                        PROVIDE (__executable_start, SEGMENT_START ("text-segment", 0x10000))
                0x00000000c0000074                . = (SEGMENT_START ("text-segment", 0x10000) + SIZEOF_HEADERS)

.interp
 *(.interp)

.note.gnu.build-id
 *(.note.gnu.build-id)

.hash
 *(.hash)

.gnu.hash
 *(.gnu.hash)

.dynsym
 *(.dynsym)

.dynstr
 *(.dynstr)

.gnu.version
 *(.gnu.version)

.gnu.version_d
 *(.gnu.version_d)

.gnu.version_r
 *(.gnu.version_r)

.rela.dyn       0x00000000c0000074        0x0
 *(.rela.init)
 *(.rela.text .rela.text.* .rela.gnu.linkonce.t.*)
 .rela.text     0x00000000c0000074        0x0 /raid/tools/cross-compilers/riscv-rv32im/lib/gcc/riscv32-unknown-elf/7.2.0/../../../../riscv32-unknown-elf/lib/crt0.o
 *(.rela.fini)
 *(.rela.rodata .rela.rodata.* .rela.gnu.linkonce.r.*)
 *(.rela.data .rela.data.* .rela.gnu.linkonce.d.*)
 .rela.data     0x00000000c0000074        0x0 /raid/tools/cross-compilers/riscv-rv32im/lib/gcc/riscv32-unknown-elf/7.2.0/../../../../riscv32-unknown-elf/lib/crt0.o
 *(.rela.tdata .rela.tdata.* .rela.gnu.linkonce.td.*)
 *(.rela.tbss .rela.tbss.* .rela.gnu.linkonce.tb.*)
 *(.rela.ctors)
 *(.rela.dtors)
 *(.rela.got)
 *(.rela.sdata .rela.sdata.* .rela.gnu.linkonce.s.*)
 *(.rela.sbss .rela.sbss.* .rela.gnu.linkonce.sb.*)
 *(.rela.sdata2 .rela.sdata2.* .rela.gnu.linkonce.s2.*)
 *(.rela.sbss2 .rela.sbss2.* .rela.gnu.linkonce.sb2.*)
 *(.rela.bss .rela.bss.* .rela.gnu.linkonce.b.*)
                [!provide]                        PROVIDE (__rela_iplt_start, .)
 *(.rela.iplt)
                [!provide]                        PROVIDE (__rela_iplt_end, .)

.rela.plt
 *(.rela.plt)

.init
 *(SORT(.init))

.plt
 *(.plt)

.iplt
 *(.iplt)

.text           0x00000000c0000074    0x116d8
 *(.text.unlikely .text.*_unlikely .text.unlikely.*)
 *(.text.exit .text.exit.*)
 *(.text.startup .text.startup.*)
 *(.text.hot .text.hot.*)
 *(.text .stub .text.* .gnu.linkonce.t.*)
 .text          0x00000000c0000074       0x44 /raid/tools/cross-compilers/riscv-rv32im/lib/gcc/riscv32-unknown-elf/7.2.0/../../../../riscv32-unknown-elf/lib/crt0.o
                0x00000000c0000074                _start
                0x00000000c00000b4                _init
                0x00000000c00000b4                _fini
 .text          0x00000000c00000b8       0xf0 /raid/tools/cross-compilers/riscv-rv32im/lib/gcc/riscv32-unknown-elf/7.2.0/crtbegin.o
 .text          0x00000000c00001a8      0x4b4 ./lib/syscalls.o
                0x00000000c00001a8                read
                0x00000000c0000234                write
                0x00000000c00002a0                gettimeofday
                0x00000000c000039c                sleep
                0x00000000c0000410                _sbrk
                0x00000000c000044c                _write
                0x00000000c00004b8                _close
                0x00000000c00004f4                _lseek
                0x00000000c0000538                _read
                0x00000000c000057c                _fstat
                0x00000000c00005bc                _isatty
                0x00000000c00005f8                _kill
                0x00000000c0000638                _getpid
 .text          0x00000000c000065c      0x258 ./lib/riscv_counters.o
                0x00000000c000065c                read_cycle
                0x00000000c00006c8                read_time
                0x00000000c0000734                read_instret
                0x00000000c00007a0                fence
                0x00000000c00007c0                io_read32
                0x00000000c00007f4                io_write32
                0x00000000c0000830                io_read64
                0x00000000c000086c                io_write64
 .text          0x00000000c00008b4      0x1e4 ./lib/ns16550.o
                0x00000000c000098c                ns16550_rxready
                0x00000000c00009c4                ns16550_rxchar
                0x00000000c0000a0c                ns16550_txchar
                0x00000000c0000a60                ns16550_flush
 .text          0x00000000c0000a98       0xb8 /tmp/cc31AlHk.o
                0x00000000c0000a98                main
 .text          0x00000000c0000b50      0x480 /raid/tools/cross-compilers/riscv-rv32im/lib/gcc/riscv32-unknown-elf/7.2.0/libgcc.a(_divdi3.o)
                0x00000000c0000b50                __divdi3
 .text          0x00000000c0000fd0      0x458 /raid/tools/cross-compilers/riscv-rv32im/lib/gcc/riscv32-unknown-elf/7.2.0/libgcc.a(_moddi3.o)
                0x00000000c0000fd0                __moddi3
 .text          0x00000000c0001428      0x10c /raid/tools/cross-compilers/riscv-rv32im/lib/gcc/riscv32-unknown-elf/7.2.0/libgcc.a(extendsfdf2.o)
                0x00000000c0001428                __extendsfdf2
 .text          0x00000000c0001534        0x0 /raid/tools/cross-compilers/riscv-rv32im/lib/gcc/riscv32-unknown-elf/7.2.0/libgcc.a(_clz.o)
 .text          0x00000000c0001534       0x4c /raid/tools/cross-compilers/riscv-rv32im/lib/gcc/riscv32-unknown-elf/7.2.0/libgcc.a(_clzsi2.o)
                0x00000000c0001534                __clzsi2
 .text          0x00000000c0001580       0x14 /raid/tools/cross-compilers/riscv-rv32im/lib/gcc/riscv32-unknown-elf/7.2.0/../../../../riscv32-unknown-elf/lib/libc.a(lib_a-atexit.o)
                0x00000000c0001580                atexit
 .text          0x00000000c0001594        0x8 /raid/tools/cross-compilers/riscv-rv32im/lib/gcc/riscv32-unknown-elf/7.2.0/../../../../riscv32-unknown-elf/lib/libc.a(lib_a-errno.o)
                0x00000000c0001594                __errno
 .text          0x00000000c000159c       0x30 /raid/tools/cross-compilers/riscv-rv32im/lib/gcc/riscv32-unknown-elf/7.2.0/../../../../riscv32-unknown-elf/lib/libc.a(lib_a-exit.o)
                0x00000000c000159c                exit
 .text          0x00000000c00015cc       0x74 /raid/tools/cross-compilers/riscv-rv32im/lib/gcc/riscv32-unknown-elf/7.2.0/../../../../riscv32-unknown-elf/lib/libc.a(lib_a-fini.o)
                0x00000000c00015cc                __libc_fini_array
 .text          0x00000000c0001640        0x0 /raid/tools/cross-compilers/riscv-rv32im/lib/gcc/riscv32-unknown-elf/7.2.0/../../../../riscv32-unknown-elf/lib/libc.a(lib_a-impure.o)
 .text          0x00000000c0001640       0xa0 /raid/tools/cross-compilers/riscv-rv32im/lib/gcc/riscv32-unknown-elf/7.2.0/../../../../riscv32-unknown-elf/lib/libc.a(lib_a-init.o)
                0x00000000c0001640                __libc_init_array
 .text          0x00000000c00016e0       0xdc /raid/tools/cross-compilers/riscv-rv32im/lib/gcc/riscv32-unknown-elf/7.2.0/../../../../riscv32-unknown-elf/lib/libc.a(lib_a-memset.o)
                0x00000000c00016e0                memset
 .text          0x00000000c00017bc       0x8c /raid/tools/cross-compilers/riscv-rv32im/lib/gcc/riscv32-unknown-elf/7.2.0/../../../../riscv32-unknown-elf/lib/libc.a(lib_a-printf.o)
                0x00000000c00017bc                _printf_r
                0x00000000c00017fc                printf
 .text          0x00000000c0001848     0x2068 /raid/tools/cross-compilers/riscv-rv32im/lib/gcc/riscv32-unknown-elf/7.2.0/../../../../riscv32-unknown-elf/lib/libc.a(lib_a-vfprintf.o)
                0x00000000c0001848                _vfprintf_r
                0x00000000c00037e0                vfprintf
 .text          0x00000000c00038b0      0x134 /raid/tools/cross-compilers/riscv-rv32im/lib/gcc/riscv32-unknown-elf/7.2.0/../../../../riscv32-unknown-elf/lib/libc.a(lib_a-wsetup.o)
                0x00000000c00038b0                __swsetup_r
 .text          0x00000000c00039e4       0x7c /raid/tools/cross-compilers/riscv-rv32im/lib/gcc/riscv32-unknown-elf/7.2.0/../../../../riscv32-unknown-elf/lib/libc.a(lib_a-__atexit.o)
                0x00000000c00039e4                __register_exitproc
 .text          0x00000000c0003a60      0x10c /raid/tools/cross-compilers/riscv-rv32im/lib/gcc/riscv32-unknown-elf/7.2.0/../../../../riscv32-unknown-elf/lib/libc.a(lib_a-__call_atexit.o)
                0x00000000c0003a60                __call_exitprocs
 .text          0x00000000c0003b6c      0x280 /raid/tools/cross-compilers/riscv-rv32im/lib/gcc/riscv32-unknown-elf/7.2.0/../../../../riscv32-unknown-elf/lib/libc.a(lib_a-fflush.o)
                0x00000000c0003b6c                __sflush_r
                0x00000000c0003d74                _fflush_r
                0x00000000c0003dcc                fflush
 .text          0x00000000c0003dec      0x2b4 /raid/tools/cross-compilers/riscv-rv32im/lib/gcc/riscv32-unknown-elf/7.2.0/../../../../riscv32-unknown-elf/lib/libc.a(lib_a-findfp.o)
                0x00000000c0003df4                _cleanup_r
                0x00000000c0003e90                __sfmoreglue
                0x00000000c0003efc                _cleanup
                0x00000000c0003f04                __sinit
                0x00000000c0003f88                __sfp
                0x00000000c0004070                __sfp_lock_acquire
                0x00000000c0004074                __sfp_lock_release
                0x00000000c0004078                __sinit_lock_acquire
                0x00000000c000407c                __sinit_lock_release
                0x00000000c0004080                __fp_lock_all
                0x00000000c0004090                __fp_unlock_all
 .text          0x00000000c00040a0      0x36c /raid/tools/cross-compilers/riscv-rv32im/lib/gcc/riscv32-unknown-elf/7.2.0/../../../../riscv32-unknown-elf/lib/libc.a(lib_a-freer.o)
                0x00000000c00040a0                _malloc_trim_r
                0x00000000c00041b0                _free_r
 .text          0x00000000c000440c      0x154 /raid/tools/cross-compilers/riscv-rv32im/lib/gcc/riscv32-unknown-elf/7.2.0/../../../../riscv32-unknown-elf/lib/libc.a(lib_a-fwalk.o)
                0x00000000c000440c                _fwalk
                0x00000000c00044ac                _fwalk_reent
 .text          0x00000000c0004560     0x2020 /raid/tools/cross-compilers/riscv-rv32im/lib/gcc/riscv32-unknown-elf/7.2.0/../../../../riscv32-unknown-elf/lib/libc.a(lib_a-ldtoa.o)
                0x00000000c00058d0                _ldtoa_r
                0x00000000c000651c                _ldcheck
 .text          0x00000000c0006580       0x40 /raid/tools/cross-compilers/riscv-rv32im/lib/gcc/riscv32-unknown-elf/7.2.0/../../../../riscv32-unknown-elf/lib/libc.a(lib_a-localeconv.o)
                0x00000000c0006580                __localeconv_l
                0x00000000c0006588                _localeconv_r
                0x00000000c00065a4                localeconv
 .text          0x00000000c00065c0       0xc4 /raid/tools/cross-compilers/riscv-rv32im/lib/gcc/riscv32-unknown-elf/7.2.0/../../../../riscv32-unknown-elf/lib/libc.a(lib_a-locale.o)
                0x00000000c00065c0                _setlocale_r
                0x00000000c0006634                __locale_mb_cur_max
                0x00000000c0006650                __locale_ctype_ptr_l
                0x00000000c0006658                __locale_ctype_ptr
                0x00000000c0006674                setlocale
 .text          0x00000000c0006684      0x18c /raid/tools/cross-compilers/riscv-rv32im/lib/gcc/riscv32-unknown-elf/7.2.0/../../../../riscv32-unknown-elf/lib/libc.a(lib_a-makebuf.o)
                0x00000000c0006684                __swhatbuf_r
                0x00000000c0006720                __smakebuf_r
 .text          0x00000000c0006810      0x644 /raid/tools/cross-compilers/riscv-rv32im/lib/gcc/riscv32-unknown-elf/7.2.0/../../../../riscv32-unknown-elf/lib/libc.a(lib_a-mallocr.o)
                0x00000000c0006810                _malloc_r
 .text          0x00000000c0006e54       0x78 /raid/tools/cross-compilers/riscv-rv32im/lib/gcc/riscv32-unknown-elf/7.2.0/../../../../riscv32-unknown-elf/lib/libc.a(lib_a-mbtowc_r.o)
                0x00000000c0006e54                _mbtowc_r
                0x00000000c0006e70                __ascii_mbtowc
 .text          0x00000000c0006ecc       0x24 /raid/tools/cross-compilers/riscv-rv32im/lib/gcc/riscv32-unknown-elf/7.2.0/../../../../riscv32-unknown-elf/lib/libc.a(lib_a-memchr.o)
                0x00000000c0006ecc                memchr
 .text          0x00000000c0006ef0        0x8 /raid/tools/cross-compilers/riscv-rv32im/lib/gcc/riscv32-unknown-elf/7.2.0/../../../../riscv32-unknown-elf/lib/libc.a(lib_a-mlock.o)
                0x00000000c0006ef0                __malloc_lock
                0x00000000c0006ef4                __malloc_unlock
 .text          0x00000000c0006ef8      0xe90 /raid/tools/cross-compilers/riscv-rv32im/lib/gcc/riscv32-unknown-elf/7.2.0/../../../../riscv32-unknown-elf/lib/libc.a(lib_a-mprec.o)
                0x00000000c0006ef8                _Balloc
                0x00000000c0006fa0                _Bfree
                0x00000000c0006fc4                __multadd
                0x00000000c00070c0                __s2b
                0x00000000c00071c8                __hi0bits
                0x00000000c000723c                __lo0bits
                0x00000000c00072ec                __i2b
                0x00000000c0007320                __multiply
                0x00000000c00074f0                __pow5mult
                0x00000000c00075ec                __lshift
                0x00000000c0007730                __mcmp
                0x00000000c0007784                __mdiff
                0x00000000c00078f4                __ulp
                0x00000000c0007954                __b2d
                0x00000000c0007a58                __d2b
                0x00000000c0007b94                __ratio
                0x00000000c0007c50                _mprec_log10
                0x00000000c0007cd0                __copybits
                0x00000000c0007d20                __any_on
 .text          0x00000000c0007d88       0x48 /raid/tools/cross-compilers/riscv-rv32im/lib/gcc/riscv32-unknown-elf/7.2.0/../../../../riscv32-unknown-elf/lib/libc.a(lib_a-sbrkr.o)
                0x00000000c0007d88                _sbrk_r
 .text          0x00000000c0007dd0       0xb0 /raid/tools/cross-compilers/riscv-rv32im/lib/gcc/riscv32-unknown-elf/7.2.0/../../../../riscv32-unknown-elf/lib/libc.a(lib_a-s_frexp.o)
                0x00000000c0007dd0                frexp
 .text          0x00000000c0007e80       0xd4 /raid/tools/cross-compilers/riscv-rv32im/lib/gcc/riscv32-unknown-elf/7.2.0/../../../../riscv32-unknown-elf/lib/libc.a(lib_a-sprintf.o)
                0x00000000c0007e80                _sprintf_r
                0x00000000c0007ee4                sprintf
 .text          0x00000000c0007f54      0x13c /raid/tools/cross-compilers/riscv-rv32im/lib/gcc/riscv32-unknown-elf/7.2.0/../../../../riscv32-unknown-elf/lib/libc.a(lib_a-stdio.o)
                0x00000000c0007f54                __sread
                0x00000000c0007fa4                __seofread
                0x00000000c0007fac                __swrite
                0x00000000c0008030                __sseek
                0x00000000c0008088                __sclose
 .text          0x00000000c0008090      0x17c /raid/tools/cross-compilers/riscv-rv32im/lib/gcc/riscv32-unknown-elf/7.2.0/../../../../riscv32-unknown-elf/lib/libc.a(lib_a-strcmp.o)
                0x00000000c0008090                strcmp
 .text          0x00000000c000820c       0x1c /raid/tools/cross-compilers/riscv-rv32im/lib/gcc/riscv32-unknown-elf/7.2.0/../../../../riscv32-unknown-elf/lib/libc.a(lib_a-strcpy.o)
                0x00000000c000820c                strcpy
 .text          0x00000000c0008228       0x1c /raid/tools/cross-compilers/riscv-rv32im/lib/gcc/riscv32-unknown-elf/7.2.0/../../../../riscv32-unknown-elf/lib/libc.a(lib_a-strlen.o)
                0x00000000c0008228                strlen
 .text          0x00000000c0008244       0x48 /raid/tools/cross-compilers/riscv-rv32im/lib/gcc/riscv32-unknown-elf/7.2.0/../../../../riscv32-unknown-elf/lib/libc.a(lib_a-strncpy.o)
                0x00000000c0008244                strncpy
 .text          0x00000000c000828c     0x1f3c /raid/tools/cross-compilers/riscv-rv32im/lib/gcc/riscv32-unknown-elf/7.2.0/../../../../riscv32-unknown-elf/lib/libc.a(lib_a-svfprintf.o)
                0x00000000c000828c                _svfprintf_r
 .text          0x00000000c000a1c8      0xe5c /raid/tools/cross-compilers/riscv-rv32im/lib/gcc/riscv32-unknown-elf/7.2.0/../../../../riscv32-unknown-elf/lib/libc.a(lib_a-vfiprintf.o)
                0x00000000c000a1c8                __sprint_r
                0x00000000c000a2c8                _vfiprintf_r
                0x00000000c000af54                vfiprintf
 .text          0x00000000c000b024       0x4c /raid/tools/cross-compilers/riscv-rv32im/lib/gcc/riscv32-unknown-elf/7.2.0/../../../../riscv32-unknown-elf/lib/libc.a(lib_a-wctomb_r.o)
                0x00000000c000b024                _wctomb_r
                0x00000000c000b040                __ascii_wctomb
 .text          0x00000000c000b070       0x50 /raid/tools/cross-compilers/riscv-rv32im/lib/gcc/riscv32-unknown-elf/7.2.0/../../../../riscv32-unknown-elf/lib/libc.a(lib_a-writer.o)
                0x00000000c000b070                _write_r
 .text          0x00000000c000b0c0       0x9c /raid/tools/cross-compilers/riscv-rv32im/lib/gcc/riscv32-unknown-elf/7.2.0/../../../../riscv32-unknown-elf/lib/libc.a(lib_a-callocr.o)
                0x00000000c000b0c0                _calloc_r
 .text          0x00000000c000b15c       0x48 /raid/tools/cross-compilers/riscv-rv32im/lib/gcc/riscv32-unknown-elf/7.2.0/../../../../riscv32-unknown-elf/lib/libc.a(lib_a-closer.o)
                0x00000000c000b15c                _close_r
 .text          0x00000000c000b1a4        0x0 /raid/tools/cross-compilers/riscv-rv32im/lib/gcc/riscv32-unknown-elf/7.2.0/../../../../riscv32-unknown-elf/lib/libc.a(lib_a-ctype_.o)
 .text          0x00000000c000b1a4       0xe8 /raid/tools/cross-compilers/riscv-rv32im/lib/gcc/riscv32-unknown-elf/7.2.0/../../../../riscv32-unknown-elf/lib/libc.a(lib_a-fclose.o)
                0x00000000c000b1a4                _fclose_r
                0x00000000c000b280                fclose
 .text          0x00000000c000b28c      0x194 /raid/tools/cross-compilers/riscv-rv32im/lib/gcc/riscv32-unknown-elf/7.2.0/../../../../riscv32-unknown-elf/lib/libc.a(lib_a-fputwc.o)
                0x00000000c000b28c                __fputwc
                0x00000000c000b3a0                _fputwc_r
                0x00000000c000b3cc                fputwc
 .text          0x00000000c000b420       0x4c /raid/tools/cross-compilers/riscv-rv32im/lib/gcc/riscv32-unknown-elf/7.2.0/../../../../riscv32-unknown-elf/lib/libc.a(lib_a-fstatr.o)
                0x00000000c000b420                _fstat_r
 .text          0x00000000c000b46c      0x460 /raid/tools/cross-compilers/riscv-rv32im/lib/gcc/riscv32-unknown-elf/7.2.0/../../../../riscv32-unknown-elf/lib/libc.a(lib_a-fvwrite.o)
                0x00000000c000b46c                __sfvwrite_r
 .text          0x00000000c000b8cc       0x48 /raid/tools/cross-compilers/riscv-rv32im/lib/gcc/riscv32-unknown-elf/7.2.0/../../../../riscv32-unknown-elf/lib/libc.a(lib_a-isattyr.o)
                0x00000000c000b8cc                _isatty_r
 .text          0x00000000c000b914       0x50 /raid/tools/cross-compilers/riscv-rv32im/lib/gcc/riscv32-unknown-elf/7.2.0/../../../../riscv32-unknown-elf/lib/libc.a(lib_a-lseekr.o)
                0x00000000c000b914                _lseek_r
 .text          0x00000000c000b964       0xe8 /raid/tools/cross-compilers/riscv-rv32im/lib/gcc/riscv32-unknown-elf/7.2.0/../../../../riscv32-unknown-elf/lib/libc.a(lib_a-memcpy.o)
                0x00000000c000b964                memcpy
 .text          0x00000000c000ba4c       0x54 /raid/tools/cross-compilers/riscv-rv32im/lib/gcc/riscv32-unknown-elf/7.2.0/../../../../riscv32-unknown-elf/lib/libc.a(lib_a-memmove.o)
                0x00000000c000ba4c                memmove
 .text          0x00000000c000baa0       0x50 /raid/tools/cross-compilers/riscv-rv32im/lib/gcc/riscv32-unknown-elf/7.2.0/../../../../riscv32-unknown-elf/lib/libc.a(lib_a-readr.o)
                0x00000000c000baa0                _read_r
 .text          0x00000000c000baf0      0x558 /raid/tools/cross-compilers/riscv-rv32im/lib/gcc/riscv32-unknown-elf/7.2.0/../../../../riscv32-unknown-elf/lib/libc.a(lib_a-reallocr.o)
                0x00000000c000baf0                _realloc_r
 .text          0x00000000c000c048      0x14c /raid/tools/cross-compilers/riscv-rv32im/lib/gcc/riscv32-unknown-elf/7.2.0/../../../../riscv32-unknown-elf/lib/libc.a(lib_a-reent.o)
                0x00000000c000c048                cleanup_glue
                0x00000000c000c088                _reclaim_reent
 .text          0x00000000c000c194      0xdf8 /raid/tools/cross-compilers/riscv-rv32im/lib/gcc/riscv32-unknown-elf/7.2.0/../../../../riscv32-unknown-elf/lib/libc.a(lib_a-svfiprintf.o)
                0x00000000c000c194                __ssprint_r
                0x00000000c000c35c                _svfiprintf_r
 .text          0x00000000c000cf8c      0x140 /raid/tools/cross-compilers/riscv-rv32im/lib/gcc/riscv32-unknown-elf/7.2.0/../../../../riscv32-unknown-elf/lib/libc.a(lib_a-wbuf.o)
                0x00000000c000cf8c                __swbuf_r
                0x00000000c000d0bc                __swbuf
 .text          0x00000000c000d0cc       0x9c /raid/tools/cross-compilers/riscv-rv32im/lib/gcc/riscv32-unknown-elf/7.2.0/../../../../riscv32-unknown-elf/lib/libc.a(lib_a-wcrtomb.o)
                0x00000000c000d0cc                _wcrtomb_r
                0x00000000c000d154                wcrtomb
 .text          0x00000000c000d168        0x4 /raid/tools/cross-compilers/riscv-rv32im/lib/gcc/riscv32-unknown-elf/7.2.0/../../../../riscv32-unknown-elf/lib/libnosys.a(_exit.o)
                0x00000000c000d168                _exit
 .text          0x00000000c000d16c      0x434 /raid/tools/cross-compilers/riscv-rv32im/lib/gcc/riscv32-unknown-elf/7.2.0/libgcc.a(_udivdi3.o)
                0x00000000c000d16c                __udivdi3
 .text          0x00000000c000d5a0      0x410 /raid/tools/cross-compilers/riscv-rv32im/lib/gcc/riscv32-unknown-elf/7.2.0/libgcc.a(_umoddi3.o)
                0x00000000c000d5a0                __umoddi3
 .text          0x00000000c000d9b0      0x6dc /raid/tools/cross-compilers/riscv-rv32im/lib/gcc/riscv32-unknown-elf/7.2.0/libgcc.a(divdf3.o)
                0x00000000c000d9b0                __divdf3
 .text          0x00000000c000e08c      0x5d8 /raid/tools/cross-compilers/riscv-rv32im/lib/gcc/riscv32-unknown-elf/7.2.0/libgcc.a(muldf3.o)
                0x00000000c000e08c                __muldf3
 .text          0x00000000c000e664       0xcc /raid/tools/cross-compilers/riscv-rv32im/lib/gcc/riscv32-unknown-elf/7.2.0/libgcc.a(eqtf2.o)
                0x00000000c000e664                __eqtf2
                0x00000000c000e664                __netf2
 .text          0x00000000c000e730      0x160 /raid/tools/cross-compilers/riscv-rv32im/lib/gcc/riscv32-unknown-elf/7.2.0/libgcc.a(getf2.o)
                0x00000000c000e730                __getf2
                0x00000000c000e730                __gttf2
 .text          0x00000000c000e890      0x160 /raid/tools/cross-compilers/riscv-rv32im/lib/gcc/riscv32-unknown-elf/7.2.0/libgcc.a(letf2.o)
                0x00000000c000e890                __letf2
                0x00000000c000e890                __lttf2
 .text          0x00000000c000e9f0     0x103c /raid/tools/cross-compilers/riscv-rv32im/lib/gcc/riscv32-unknown-elf/7.2.0/libgcc.a(multf3.o)
                0x00000000c000e9f0                __multf3
 .text          0x00000000c000fa2c     0x14c0 /raid/tools/cross-compilers/riscv-rv32im/lib/gcc/riscv32-unknown-elf/7.2.0/libgcc.a(subtf3.o)
                0x00000000c000fa2c                __subtf3
 .text          0x00000000c0010eec      0x164 /raid/tools/cross-compilers/riscv-rv32im/lib/gcc/riscv32-unknown-elf/7.2.0/libgcc.a(fixtfsi.o)
                0x00000000c0010eec                __fixtfsi
 .text          0x00000000c0011050      0x180 /raid/tools/cross-compilers/riscv-rv32im/lib/gcc/riscv32-unknown-elf/7.2.0/libgcc.a(floatsitf.o)
                0x00000000c0011050                __floatsitf
 .text          0x00000000c00111d0      0x224 /raid/tools/cross-compilers/riscv-rv32im/lib/gcc/riscv32-unknown-elf/7.2.0/libgcc.a(extenddftf2.o)
                0x00000000c00111d0                __extenddftf2
 .text          0x00000000c00113f4      0x358 /raid/tools/cross-compilers/riscv-rv32im/lib/gcc/riscv32-unknown-elf/7.2.0/libgcc.a(trunctfdf2.o)
                0x00000000c00113f4                __trunctfdf2
 .text          0x00000000c001174c        0x0 /raid/tools/cross-compilers/riscv-rv32im/lib/gcc/riscv32-unknown-elf/7.2.0/crtend.o
 *(.gnu.warning)

.fini
 *(SORT(.fini))
                [!provide]                        PROVIDE (__etext, .)
                [!provide]                        PROVIDE (_etext, .)
                [!provide]                        PROVIDE (etext, .)

.rodata         0x00000000c0011750      0xd1c
 *(.rodata .rodata.* .gnu.linkonce.r.*)
 .rodata        0x00000000c0011750       0x40 /tmp/cc31AlHk.o
 .rodata        0x00000000c0011790      0x100 /raid/tools/cross-compilers/riscv-rv32im/lib/gcc/riscv32-unknown-elf/7.2.0/libgcc.a(_clz.o)
                0x00000000c0011790                __clz_tab
 .rodata        0x00000000c0011890      0x18c /raid/tools/cross-compilers/riscv-rv32im/lib/gcc/riscv32-unknown-elf/7.2.0/../../../../riscv32-unknown-elf/lib/libc.a(lib_a-vfprintf.o)
 .rodata.str1.4
                0x00000000c0011a1c       0x3a /raid/tools/cross-compilers/riscv-rv32im/lib/gcc/riscv32-unknown-elf/7.2.0/../../../../riscv32-unknown-elf/lib/libc.a(lib_a-vfprintf.o)
 *fill*         0x00000000c0011a56        0x2 
 .rodata        0x00000000c0011a58      0x254 /raid/tools/cross-compilers/riscv-rv32im/lib/gcc/riscv32-unknown-elf/7.2.0/../../../../riscv32-unknown-elf/lib/libc.a(lib_a-ldtoa.o)
 .rodata.str1.4
                0x00000000c0011cac       0x28 /raid/tools/cross-compilers/riscv-rv32im/lib/gcc/riscv32-unknown-elf/7.2.0/../../../../riscv32-unknown-elf/lib/libc.a(lib_a-ldtoa.o)
 .rodata.str1.4
                0x00000000c0011cd4       0x10 /raid/tools/cross-compilers/riscv-rv32im/lib/gcc/riscv32-unknown-elf/7.2.0/../../../../riscv32-unknown-elf/lib/libc.a(lib_a-locale.o)
                                         0x12 (size before relaxing)
 *fill*         0x00000000c0011ce4        0x4 
 .rodata        0x00000000c0011ce8      0x128 /raid/tools/cross-compilers/riscv-rv32im/lib/gcc/riscv32-unknown-elf/7.2.0/../../../../riscv32-unknown-elf/lib/libc.a(lib_a-mprec.o)
                0x00000000c0011cf8                __mprec_tens
                0x00000000c0011dc0                __mprec_tinytens
                0x00000000c0011de8                __mprec_bigtens
 .rodata        0x00000000c0011e10      0x18c /raid/tools/cross-compilers/riscv-rv32im/lib/gcc/riscv32-unknown-elf/7.2.0/../../../../riscv32-unknown-elf/lib/libc.a(lib_a-svfprintf.o)
 .rodata.str1.4
                0x00000000c0011f9c       0x3a /raid/tools/cross-compilers/riscv-rv32im/lib/gcc/riscv32-unknown-elf/7.2.0/../../../../riscv32-unknown-elf/lib/libc.a(lib_a-svfprintf.o)
 .rodata        0x00000000c0011f9c      0x18c /raid/tools/cross-compilers/riscv-rv32im/lib/gcc/riscv32-unknown-elf/7.2.0/../../../../riscv32-unknown-elf/lib/libc.a(lib_a-vfiprintf.o)
 .rodata.str1.4
                0x00000000c0012128       0x25 /raid/tools/cross-compilers/riscv-rv32im/lib/gcc/riscv32-unknown-elf/7.2.0/../../../../riscv32-unknown-elf/lib/libc.a(lib_a-vfiprintf.o)
 .rodata        0x00000000c0012128      0x101 /raid/tools/cross-compilers/riscv-rv32im/lib/gcc/riscv32-unknown-elf/7.2.0/../../../../riscv32-unknown-elf/lib/libc.a(lib_a-ctype_.o)
                0x00000000c0012128                _ctype_
 *fill*         0x00000000c0012229        0x3 
 .rodata        0x00000000c001222c      0x18c /raid/tools/cross-compilers/riscv-rv32im/lib/gcc/riscv32-unknown-elf/7.2.0/../../../../riscv32-unknown-elf/lib/libc.a(lib_a-svfiprintf.o)
 .rodata.str1.4
                0x00000000c00123b8       0x25 /raid/tools/cross-compilers/riscv-rv32im/lib/gcc/riscv32-unknown-elf/7.2.0/../../../../riscv32-unknown-elf/lib/libc.a(lib_a-svfiprintf.o)
 .rodata        0x00000000c00123b8       0x3c /raid/tools/cross-compilers/riscv-rv32im/lib/gcc/riscv32-unknown-elf/7.2.0/libgcc.a(divdf3.o)
 .rodata        0x00000000c00123f4       0x3c /raid/tools/cross-compilers/riscv-rv32im/lib/gcc/riscv32-unknown-elf/7.2.0/libgcc.a(muldf3.o)
 .rodata        0x00000000c0012430       0x3c /raid/tools/cross-compilers/riscv-rv32im/lib/gcc/riscv32-unknown-elf/7.2.0/libgcc.a(multf3.o)

.rodata1
 *(.rodata1)

.sdata2
 *(.sdata2 .sdata2.* .gnu.linkonce.s2.*)

.sbss2
 *(.sbss2 .sbss2.* .gnu.linkonce.sb2.*)

.eh_frame_hdr
 *(.eh_frame_hdr)
 *(.eh_frame_entry .eh_frame_entry.*)

.eh_frame
 *(.eh_frame)
 *(.eh_frame.*)

.gcc_except_table
 *(.gcc_except_table .gcc_except_table.*)

.gnu_extab
 *(.gnu_extab*)

.exception_ranges
 *(.exception_ranges .exception_ranges*)
                0x00000000c001346c                . = DATA_SEGMENT_ALIGN (CONSTANT (MAXPAGESIZE), CONSTANT (COMMONPAGESIZE))

.eh_frame       0x00000000c001346c       0x68
 *(.eh_frame)
 .eh_frame      0x00000000c001346c        0x0 /raid/tools/cross-compilers/riscv-rv32im/lib/gcc/riscv32-unknown-elf/7.2.0/crtbegin.o
 .eh_frame      0x00000000c001346c       0x28 /raid/tools/cross-compilers/riscv-rv32im/lib/gcc/riscv32-unknown-elf/7.2.0/libgcc.a(_divdi3.o)
 .eh_frame      0x00000000c0013494       0x14 /raid/tools/cross-compilers/riscv-rv32im/lib/gcc/riscv32-unknown-elf/7.2.0/libgcc.a(_moddi3.o)
                                         0x28 (size before relaxing)
 .eh_frame      0x00000000c00134a8       0x14 /raid/tools/cross-compilers/riscv-rv32im/lib/gcc/riscv32-unknown-elf/7.2.0/libgcc.a(_udivdi3.o)
                                         0x28 (size before relaxing)
 .eh_frame      0x00000000c00134bc       0x14 /raid/tools/cross-compilers/riscv-rv32im/lib/gcc/riscv32-unknown-elf/7.2.0/libgcc.a(_umoddi3.o)
                                         0x28 (size before relaxing)
 .eh_frame      0x00000000c00134d0        0x4 /raid/tools/cross-compilers/riscv-rv32im/lib/gcc/riscv32-unknown-elf/7.2.0/crtend.o
 *(.eh_frame.*)

.gnu_extab
 *(.gnu_extab)

.gcc_except_table
 *(.gcc_except_table .gcc_except_table.*)

.exception_ranges
 *(.exception_ranges .exception_ranges*)

.tdata
 *(.tdata .tdata.* .gnu.linkonce.td.*)

.tbss
 *(.tbss .tbss.* .gnu.linkonce.tb.*)
 *(.tcommon)

.preinit_array  0x00000000c00134d4        0x0
                0x00000000c00134d4                PROVIDE (__preinit_array_start, .)
 *(.preinit_array)
                0x00000000c00134d4                PROVIDE (__preinit_array_end, .)

.init_array     0x00000000c00134d4        0x8
                0x00000000c00134d4                PROVIDE (__init_array_start, .)
 *(SORT(.init_array.*) SORT(.ctors.*))
 *(.init_array EXCLUDE_FILE(*crtend?.o *crtend.o *crtbegin?.o *crtbegin.o) .ctors)
 .init_array    0x00000000c00134d4        0x4 /raid/tools/cross-compilers/riscv-rv32im/lib/gcc/riscv32-unknown-elf/7.2.0/crtbegin.o
 .init_array    0x00000000c00134d8        0x4 ./lib/ns16550.o
                0x00000000c00134dc                PROVIDE (__init_array_end, .)

.fini_array     0x00000000c00134dc        0x4
                0x00000000c00134dc                PROVIDE (__fini_array_start, .)
 *(SORT(.fini_array.*) SORT(.dtors.*))
 *(.fini_array EXCLUDE_FILE(*crtend?.o *crtend.o *crtbegin?.o *crtbegin.o) .dtors)
 .fini_array    0x00000000c00134dc        0x4 /raid/tools/cross-compilers/riscv-rv32im/lib/gcc/riscv32-unknown-elf/7.2.0/crtbegin.o
                0x00000000c00134e0                PROVIDE (__fini_array_end, .)

.ctors
 *crtbegin.o(.ctors)
 *crtbegin?.o(.ctors)
 *(EXCLUDE_FILE(*crtend?.o *crtend.o) .ctors)
 *(SORT(.ctors.*))
 *(.ctors)

.dtors
 *crtbegin.o(.dtors)
 *crtbegin?.o(.dtors)
 *(EXCLUDE_FILE(*crtend?.o *crtend.o) .dtors)
 *(SORT(.dtors.*))
 *(.dtors)

.jcr
 *(.jcr)

.data.rel.ro
 *(.data.rel.ro.local* .gnu.linkonce.d.rel.ro.local.*)
 *(.data.rel.ro .data.rel.ro.* .gnu.linkonce.d.rel.ro.*)

.dynamic
 *(.dynamic)
                0x00000000c00134e0                . = DATA_SEGMENT_RELRO_END (., 0x0)

.data           0x00000000c00134e0      0x99c
 *(.data .data.* .gnu.linkonce.d.*)
 .data          0x00000000c00134e0        0x0 /raid/tools/cross-compilers/riscv-rv32im/lib/gcc/riscv32-unknown-elf/7.2.0/../../../../riscv32-unknown-elf/lib/crt0.o
 .data          0x00000000c00134e0        0x0 /raid/tools/cross-compilers/riscv-rv32im/lib/gcc/riscv32-unknown-elf/7.2.0/crtbegin.o
 .data          0x00000000c00134e0        0x0 ./lib/startup.o
 .data          0x00000000c00134e0        0x0 ./lib/syscalls.o
 .data          0x00000000c00134e0        0x0 ./lib/riscv_counters.o
 .data          0x00000000c00134e0        0x0 ./lib/ns16550.o
 .data          0x00000000c00134e0        0x0 /tmp/cc31AlHk.o
 .data          0x00000000c00134e0        0x0 /raid/tools/cross-compilers/riscv-rv32im/lib/gcc/riscv32-unknown-elf/7.2.0/libgcc.a(_divdi3.o)
 .data          0x00000000c00134e0        0x0 /raid/tools/cross-compilers/riscv-rv32im/lib/gcc/riscv32-unknown-elf/7.2.0/libgcc.a(_moddi3.o)
 .data          0x00000000c00134e0        0x0 /raid/tools/cross-compilers/riscv-rv32im/lib/gcc/riscv32-unknown-elf/7.2.0/libgcc.a(extendsfdf2.o)
 .data          0x00000000c00134e0        0x0 /raid/tools/cross-compilers/riscv-rv32im/lib/gcc/riscv32-unknown-elf/7.2.0/libgcc.a(_clz.o)
 .data          0x00000000c00134e0        0x0 /raid/tools/cross-compilers/riscv-rv32im/lib/gcc/riscv32-unknown-elf/7.2.0/libgcc.a(_clzsi2.o)
 .data          0x00000000c00134e0        0x0 /raid/tools/cross-compilers/riscv-rv32im/lib/gcc/riscv32-unknown-elf/7.2.0/../../../../riscv32-unknown-elf/lib/libc.a(lib_a-atexit.o)
 .data          0x00000000c00134e0        0x0 /raid/tools/cross-compilers/riscv-rv32im/lib/gcc/riscv32-unknown-elf/7.2.0/../../../../riscv32-unknown-elf/lib/libc.a(lib_a-errno.o)
 .data          0x00000000c00134e0        0x0 /raid/tools/cross-compilers/riscv-rv32im/lib/gcc/riscv32-unknown-elf/7.2.0/../../../../riscv32-unknown-elf/lib/libc.a(lib_a-exit.o)
 .data          0x00000000c00134e0        0x0 /raid/tools/cross-compilers/riscv-rv32im/lib/gcc/riscv32-unknown-elf/7.2.0/../../../../riscv32-unknown-elf/lib/libc.a(lib_a-fini.o)
 .data          0x00000000c00134e0      0x428 /raid/tools/cross-compilers/riscv-rv32im/lib/gcc/riscv32-unknown-elf/7.2.0/../../../../riscv32-unknown-elf/lib/libc.a(lib_a-impure.o)
 .data          0x00000000c0013908        0x0 /raid/tools/cross-compilers/riscv-rv32im/lib/gcc/riscv32-unknown-elf/7.2.0/../../../../riscv32-unknown-elf/lib/libc.a(lib_a-init.o)
 .data          0x00000000c0013908        0x0 /raid/tools/cross-compilers/riscv-rv32im/lib/gcc/riscv32-unknown-elf/7.2.0/../../../../riscv32-unknown-elf/lib/libc.a(lib_a-memset.o)
 .data          0x00000000c0013908        0x0 /raid/tools/cross-compilers/riscv-rv32im/lib/gcc/riscv32-unknown-elf/7.2.0/../../../../riscv32-unknown-elf/lib/libc.a(lib_a-printf.o)
 .data          0x00000000c0013908        0x0 /raid/tools/cross-compilers/riscv-rv32im/lib/gcc/riscv32-unknown-elf/7.2.0/../../../../riscv32-unknown-elf/lib/libc.a(lib_a-vfprintf.o)
 .data          0x00000000c0013908        0x0 /raid/tools/cross-compilers/riscv-rv32im/lib/gcc/riscv32-unknown-elf/7.2.0/../../../../riscv32-unknown-elf/lib/libc.a(lib_a-wsetup.o)
 .data          0x00000000c0013908        0x0 /raid/tools/cross-compilers/riscv-rv32im/lib/gcc/riscv32-unknown-elf/7.2.0/../../../../riscv32-unknown-elf/lib/libc.a(lib_a-__atexit.o)
 .data          0x00000000c0013908        0x0 /raid/tools/cross-compilers/riscv-rv32im/lib/gcc/riscv32-unknown-elf/7.2.0/../../../../riscv32-unknown-elf/lib/libc.a(lib_a-__call_atexit.o)
 .data          0x00000000c0013908        0x0 /raid/tools/cross-compilers/riscv-rv32im/lib/gcc/riscv32-unknown-elf/7.2.0/../../../../riscv32-unknown-elf/lib/libc.a(lib_a-fflush.o)
 .data          0x00000000c0013908        0x0 /raid/tools/cross-compilers/riscv-rv32im/lib/gcc/riscv32-unknown-elf/7.2.0/../../../../riscv32-unknown-elf/lib/libc.a(lib_a-findfp.o)
 .data          0x00000000c0013908        0x0 /raid/tools/cross-compilers/riscv-rv32im/lib/gcc/riscv32-unknown-elf/7.2.0/../../../../riscv32-unknown-elf/lib/libc.a(lib_a-freer.o)
 .data          0x00000000c0013908        0x0 /raid/tools/cross-compilers/riscv-rv32im/lib/gcc/riscv32-unknown-elf/7.2.0/../../../../riscv32-unknown-elf/lib/libc.a(lib_a-fwalk.o)
 .data          0x00000000c0013908        0x0 /raid/tools/cross-compilers/riscv-rv32im/lib/gcc/riscv32-unknown-elf/7.2.0/../../../../riscv32-unknown-elf/lib/libc.a(lib_a-ldtoa.o)
 .data          0x00000000c0013908        0x0 /raid/tools/cross-compilers/riscv-rv32im/lib/gcc/riscv32-unknown-elf/7.2.0/../../../../riscv32-unknown-elf/lib/libc.a(lib_a-localeconv.o)
 .data          0x00000000c0013908      0x16c /raid/tools/cross-compilers/riscv-rv32im/lib/gcc/riscv32-unknown-elf/7.2.0/../../../../riscv32-unknown-elf/lib/libc.a(lib_a-locale.o)
                0x00000000c0013908                __global_locale
 .data          0x00000000c0013a74        0x0 /raid/tools/cross-compilers/riscv-rv32im/lib/gcc/riscv32-unknown-elf/7.2.0/../../../../riscv32-unknown-elf/lib/libc.a(lib_a-makebuf.o)
 .data          0x00000000c0013a74      0x408 /raid/tools/cross-compilers/riscv-rv32im/lib/gcc/riscv32-unknown-elf/7.2.0/../../../../riscv32-unknown-elf/lib/libc.a(lib_a-mallocr.o)
                0x00000000c0013a74                __malloc_av_
 .data          0x00000000c0013e7c        0x0 /raid/tools/cross-compilers/riscv-rv32im/lib/gcc/riscv32-unknown-elf/7.2.0/../../../../riscv32-unknown-elf/lib/libc.a(lib_a-mbtowc_r.o)
 .data          0x00000000c0013e7c        0x0 /raid/tools/cross-compilers/riscv-rv32im/lib/gcc/riscv32-unknown-elf/7.2.0/../../../../riscv32-unknown-elf/lib/libc.a(lib_a-memchr.o)
 .data          0x00000000c0013e7c        0x0 /raid/tools/cross-compilers/riscv-rv32im/lib/gcc/riscv32-unknown-elf/7.2.0/../../../../riscv32-unknown-elf/lib/libc.a(lib_a-mlock.o)
 .data          0x00000000c0013e7c        0x0 /raid/tools/cross-compilers/riscv-rv32im/lib/gcc/riscv32-unknown-elf/7.2.0/../../../../riscv32-unknown-elf/lib/libc.a(lib_a-mprec.o)
 .data          0x00000000c0013e7c        0x0 /raid/tools/cross-compilers/riscv-rv32im/lib/gcc/riscv32-unknown-elf/7.2.0/../../../../riscv32-unknown-elf/lib/libc.a(lib_a-sbrkr.o)
 .data          0x00000000c0013e7c        0x0 /raid/tools/cross-compilers/riscv-rv32im/lib/gcc/riscv32-unknown-elf/7.2.0/../../../../riscv32-unknown-elf/lib/libc.a(lib_a-s_frexp.o)
 .data          0x00000000c0013e7c        0x0 /raid/tools/cross-compilers/riscv-rv32im/lib/gcc/riscv32-unknown-elf/7.2.0/../../../../riscv32-unknown-elf/lib/libc.a(lib_a-sprintf.o)
 .data          0x00000000c0013e7c        0x0 /raid/tools/cross-compilers/riscv-rv32im/lib/gcc/riscv32-unknown-elf/7.2.0/../../../../riscv32-unknown-elf/lib/libc.a(lib_a-stdio.o)
 .data          0x00000000c0013e7c        0x0 /raid/tools/cross-compilers/riscv-rv32im/lib/gcc/riscv32-unknown-elf/7.2.0/../../../../riscv32-unknown-elf/lib/libc.a(lib_a-strcmp.o)
 .data          0x00000000c0013e7c        0x0 /raid/tools/cross-compilers/riscv-rv32im/lib/gcc/riscv32-unknown-elf/7.2.0/../../../../riscv32-unknown-elf/lib/libc.a(lib_a-strcpy.o)
 .data          0x00000000c0013e7c        0x0 /raid/tools/cross-compilers/riscv-rv32im/lib/gcc/riscv32-unknown-elf/7.2.0/../../../../riscv32-unknown-elf/lib/libc.a(lib_a-strlen.o)
 .data          0x00000000c0013e7c        0x0 /raid/tools/cross-compilers/riscv-rv32im/lib/gcc/riscv32-unknown-elf/7.2.0/../../../../riscv32-unknown-elf/lib/libc.a(lib_a-strncpy.o)
 .data          0x00000000c0013e7c        0x0 /raid/tools/cross-compilers/riscv-rv32im/lib/gcc/riscv32-unknown-elf/7.2.0/../../../../riscv32-unknown-elf/lib/libc.a(lib_a-svfprintf.o)
 .data          0x00000000c0013e7c        0x0 /raid/tools/cross-compilers/riscv-rv32im/lib/gcc/riscv32-unknown-elf/7.2.0/../../../../riscv32-unknown-elf/lib/libc.a(lib_a-vfiprintf.o)
 .data          0x00000000c0013e7c        0x0 /raid/tools/cross-compilers/riscv-rv32im/lib/gcc/riscv32-unknown-elf/7.2.0/../../../../riscv32-unknown-elf/lib/libc.a(lib_a-wctomb_r.o)
 .data          0x00000000c0013e7c        0x0 /raid/tools/cross-compilers/riscv-rv32im/lib/gcc/riscv32-unknown-elf/7.2.0/../../../../riscv32-unknown-elf/lib/libc.a(lib_a-writer.o)
 .data          0x00000000c0013e7c        0x0 /raid/tools/cross-compilers/riscv-rv32im/lib/gcc/riscv32-unknown-elf/7.2.0/../../../../riscv32-unknown-elf/lib/libc.a(lib_a-callocr.o)
 .data          0x00000000c0013e7c        0x0 /raid/tools/cross-compilers/riscv-rv32im/lib/gcc/riscv32-unknown-elf/7.2.0/../../../../riscv32-unknown-elf/lib/libc.a(lib_a-closer.o)
 .data          0x00000000c0013e7c        0x0 /raid/tools/cross-compilers/riscv-rv32im/lib/gcc/riscv32-unknown-elf/7.2.0/../../../../riscv32-unknown-elf/lib/libc.a(lib_a-ctype_.o)
 .data          0x00000000c0013e7c        0x0 /raid/tools/cross-compilers/riscv-rv32im/lib/gcc/riscv32-unknown-elf/7.2.0/../../../../riscv32-unknown-elf/lib/libc.a(lib_a-fclose.o)
 .data          0x00000000c0013e7c        0x0 /raid/tools/cross-compilers/riscv-rv32im/lib/gcc/riscv32-unknown-elf/7.2.0/../../../../riscv32-unknown-elf/lib/libc.a(lib_a-fputwc.o)
 .data          0x00000000c0013e7c        0x0 /raid/tools/cross-compilers/riscv-rv32im/lib/gcc/riscv32-unknown-elf/7.2.0/../../../../riscv32-unknown-elf/lib/libc.a(lib_a-fstatr.o)
 .data          0x00000000c0013e7c        0x0 /raid/tools/cross-compilers/riscv-rv32im/lib/gcc/riscv32-unknown-elf/7.2.0/../../../../riscv32-unknown-elf/lib/libc.a(lib_a-fvwrite.o)
 .data          0x00000000c0013e7c        0x0 /raid/tools/cross-compilers/riscv-rv32im/lib/gcc/riscv32-unknown-elf/7.2.0/../../../../riscv32-unknown-elf/lib/libc.a(lib_a-isattyr.o)
 .data          0x00000000c0013e7c        0x0 /raid/tools/cross-compilers/riscv-rv32im/lib/gcc/riscv32-unknown-elf/7.2.0/../../../../riscv32-unknown-elf/lib/libc.a(lib_a-lseekr.o)
 .data          0x00000000c0013e7c        0x0 /raid/tools/cross-compilers/riscv-rv32im/lib/gcc/riscv32-unknown-elf/7.2.0/../../../../riscv32-unknown-elf/lib/libc.a(lib_a-memcpy.o)
 .data          0x00000000c0013e7c        0x0 /raid/tools/cross-compilers/riscv-rv32im/lib/gcc/riscv32-unknown-elf/7.2.0/../../../../riscv32-unknown-elf/lib/libc.a(lib_a-memmove.o)
 .data          0x00000000c0013e7c        0x0 /raid/tools/cross-compilers/riscv-rv32im/lib/gcc/riscv32-unknown-elf/7.2.0/../../../../riscv32-unknown-elf/lib/libc.a(lib_a-readr.o)
 .data          0x00000000c0013e7c        0x0 /raid/tools/cross-compilers/riscv-rv32im/lib/gcc/riscv32-unknown-elf/7.2.0/../../../../riscv32-unknown-elf/lib/libc.a(lib_a-reallocr.o)
 .data          0x00000000c0013e7c        0x0 /raid/tools/cross-compilers/riscv-rv32im/lib/gcc/riscv32-unknown-elf/7.2.0/../../../../riscv32-unknown-elf/lib/libc.a(lib_a-reent.o)
 .data          0x00000000c0013e7c        0x0 /raid/tools/cross-compilers/riscv-rv32im/lib/gcc/riscv32-unknown-elf/7.2.0/../../../../riscv32-unknown-elf/lib/libc.a(lib_a-svfiprintf.o)
 .data          0x00000000c0013e7c        0x0 /raid/tools/cross-compilers/riscv-rv32im/lib/gcc/riscv32-unknown-elf/7.2.0/../../../../riscv32-unknown-elf/lib/libc.a(lib_a-wbuf.o)
 .data          0x00000000c0013e7c        0x0 /raid/tools/cross-compilers/riscv-rv32im/lib/gcc/riscv32-unknown-elf/7.2.0/../../../../riscv32-unknown-elf/lib/libc.a(lib_a-wcrtomb.o)
 .data          0x00000000c0013e7c        0x0 /raid/tools/cross-compilers/riscv-rv32im/lib/gcc/riscv32-unknown-elf/7.2.0/../../../../riscv32-unknown-elf/lib/libnosys.a(_exit.o)
 .data          0x00000000c0013e7c        0x0 /raid/tools/cross-compilers/riscv-rv32im/lib/gcc/riscv32-unknown-elf/7.2.0/libgcc.a(_udivdi3.o)
 .data          0x00000000c0013e7c        0x0 /raid/tools/cross-compilers/riscv-rv32im/lib/gcc/riscv32-unknown-elf/7.2.0/libgcc.a(_umoddi3.o)
 .data          0x00000000c0013e7c        0x0 /raid/tools/cross-compilers/riscv-rv32im/lib/gcc/riscv32-unknown-elf/7.2.0/libgcc.a(divdf3.o)
 .data          0x00000000c0013e7c        0x0 /raid/tools/cross-compilers/riscv-rv32im/lib/gcc/riscv32-unknown-elf/7.2.0/libgcc.a(muldf3.o)
 .data          0x00000000c0013e7c        0x0 /raid/tools/cross-compilers/riscv-rv32im/lib/gcc/riscv32-unknown-elf/7.2.0/libgcc.a(eqtf2.o)
 .data          0x00000000c0013e7c        0x0 /raid/tools/cross-compilers/riscv-rv32im/lib/gcc/riscv32-unknown-elf/7.2.0/libgcc.a(getf2.o)
 .data          0x00000000c0013e7c        0x0 /raid/tools/cross-compilers/riscv-rv32im/lib/gcc/riscv32-unknown-elf/7.2.0/libgcc.a(letf2.o)
 .data          0x00000000c0013e7c        0x0 /raid/tools/cross-compilers/riscv-rv32im/lib/gcc/riscv32-unknown-elf/7.2.0/libgcc.a(multf3.o)
 .data          0x00000000c0013e7c        0x0 /raid/tools/cross-compilers/riscv-rv32im/lib/gcc/riscv32-unknown-elf/7.2.0/libgcc.a(subtf3.o)
 .data          0x00000000c0013e7c        0x0 /raid/tools/cross-compilers/riscv-rv32im/lib/gcc/riscv32-unknown-elf/7.2.0/libgcc.a(fixtfsi.o)
 .data          0x00000000c0013e7c        0x0 /raid/tools/cross-compilers/riscv-rv32im/lib/gcc/riscv32-unknown-elf/7.2.0/libgcc.a(floatsitf.o)
 .data          0x00000000c0013e7c        0x0 /raid/tools/cross-compilers/riscv-rv32im/lib/gcc/riscv32-unknown-elf/7.2.0/libgcc.a(extenddftf2.o)
 .data          0x00000000c0013e7c        0x0 /raid/tools/cross-compilers/riscv-rv32im/lib/gcc/riscv32-unknown-elf/7.2.0/libgcc.a(trunctfdf2.o)
 .data          0x00000000c0013e7c        0x0 /raid/tools/cross-compilers/riscv-rv32im/lib/gcc/riscv32-unknown-elf/7.2.0/crtend.o

.tm_clone_table
                0x00000000c0013e7c        0x0
 .tm_clone_table
                0x00000000c0013e7c        0x0 /raid/tools/cross-compilers/riscv-rv32im/lib/gcc/riscv32-unknown-elf/7.2.0/crtbegin.o
 .tm_clone_table
                0x00000000c0013e7c        0x0 /raid/tools/cross-compilers/riscv-rv32im/lib/gcc/riscv32-unknown-elf/7.2.0/crtend.o

.data1
 *(.data1)

.got
 *(.got.plt)
 *(.igot.plt)
 *(.got)
 *(.igot)

.sdata          0x00000000c0013e80       0x30
                0x00000000c0014680                __global_pointer$ = (. + 0x800)
 *(.srodata.cst16)
 *(.srodata.cst8)
 .srodata.cst8  0x00000000c0013e80       0x10 /raid/tools/cross-compilers/riscv-rv32im/lib/gcc/riscv32-unknown-elf/7.2.0/../../../../riscv32-unknown-elf/lib/libc.a(lib_a-mprec.o)
 .srodata.cst8  0x00000000c0013e90        0x8 /raid/tools/cross-compilers/riscv-rv32im/lib/gcc/riscv32-unknown-elf/7.2.0/../../../../riscv32-unknown-elf/lib/libc.a(lib_a-s_frexp.o)
 *(.srodata.cst4)
 *(.srodata.cst2)
 *(.srodata .srodata.*)
 *(.sdata .sdata.* .gnu.linkonce.s.*)
 .sdata         0x00000000c0013e98        0x4 /raid/tools/cross-compilers/riscv-rv32im/lib/gcc/riscv32-unknown-elf/7.2.0/crtbegin.o
                0x00000000c0013e98                __dso_handle
 .sdata         0x00000000c0013e9c        0x4 ./lib/ns16550.o
 .sdata         0x00000000c0013ea0        0x8 /raid/tools/cross-compilers/riscv-rv32im/lib/gcc/riscv32-unknown-elf/7.2.0/../../../../riscv32-unknown-elf/lib/libc.a(lib_a-impure.o)
                0x00000000c0013ea0                _global_impure_ptr
                0x00000000c0013ea4                _impure_ptr
 .sdata         0x00000000c0013ea8        0x8 /raid/tools/cross-compilers/riscv-rv32im/lib/gcc/riscv32-unknown-elf/7.2.0/../../../../riscv32-unknown-elf/lib/libc.a(lib_a-mallocr.o)
                0x00000000c0013ea8                __malloc_sbrk_base
                0x00000000c0013eac                __malloc_trim_threshold
                0x00000000c0013eb0                _edata = .
                [!provide]                        PROVIDE (edata, .)
                0x00000000c0013eb0                . = .
                0x00000000c0013eb0                __bss_start = .

.sbss           0x00000000c0013eb0       0x10
 *(.dynsbss)
 *(.sbss .sbss.* .gnu.linkonce.sb.*)
 .sbss          0x00000000c0013eb0        0x4 /raid/tools/cross-compilers/riscv-rv32im/lib/gcc/riscv32-unknown-elf/7.2.0/../../../../riscv32-unknown-elf/lib/libc.a(lib_a-locale.o)
                0x00000000c0013eb0                _PathLocale
 .sbss          0x00000000c0013eb4        0xc /raid/tools/cross-compilers/riscv-rv32im/lib/gcc/riscv32-unknown-elf/7.2.0/../../../../riscv32-unknown-elf/lib/libc.a(lib_a-mallocr.o)
                0x00000000c0013eb4                __malloc_max_total_mem
                0x00000000c0013eb8                __malloc_max_sbrked_mem
                0x00000000c0013ebc                __malloc_top_pad
 *(.scommon)

.bss            0x00000000c0013ec0       0x48
 *(.dynbss)
 *(.bss .bss.* .gnu.linkonce.b.*)
 .bss           0x00000000c0013ec0        0x0 /raid/tools/cross-compilers/riscv-rv32im/lib/gcc/riscv32-unknown-elf/7.2.0/../../../../riscv32-unknown-elf/lib/crt0.o
 .bss           0x00000000c0013ec0       0x1c /raid/tools/cross-compilers/riscv-rv32im/lib/gcc/riscv32-unknown-elf/7.2.0/crtbegin.o
 .bss           0x00000000c0013edc        0x0 ./lib/startup.o
 .bss           0x00000000c0013edc        0x0 ./lib/syscalls.o
 .bss           0x00000000c0013edc        0x0 ./lib/riscv_counters.o
 .bss           0x00000000c0013edc        0x0 ./lib/ns16550.o
 .bss           0x00000000c0013edc        0x0 /tmp/cc31AlHk.o
 .bss           0x00000000c0013edc        0x0 /raid/tools/cross-compilers/riscv-rv32im/lib/gcc/riscv32-unknown-elf/7.2.0/libgcc.a(_divdi3.o)
 .bss           0x00000000c0013edc        0x0 /raid/tools/cross-compilers/riscv-rv32im/lib/gcc/riscv32-unknown-elf/7.2.0/libgcc.a(_moddi3.o)
 .bss           0x00000000c0013edc        0x0 /raid/tools/cross-compilers/riscv-rv32im/lib/gcc/riscv32-unknown-elf/7.2.0/libgcc.a(extendsfdf2.o)
 .bss           0x00000000c0013edc        0x0 /raid/tools/cross-compilers/riscv-rv32im/lib/gcc/riscv32-unknown-elf/7.2.0/libgcc.a(_clz.o)
 .bss           0x00000000c0013edc        0x0 /raid/tools/cross-compilers/riscv-rv32im/lib/gcc/riscv32-unknown-elf/7.2.0/libgcc.a(_clzsi2.o)
 .bss           0x00000000c0013edc        0x0 /raid/tools/cross-compilers/riscv-rv32im/lib/gcc/riscv32-unknown-elf/7.2.0/../../../../riscv32-unknown-elf/lib/libc.a(lib_a-atexit.o)
 .bss           0x00000000c0013edc        0x0 /raid/tools/cross-compilers/riscv-rv32im/lib/gcc/riscv32-unknown-elf/7.2.0/../../../../riscv32-unknown-elf/lib/libc.a(lib_a-errno.o)
 .bss           0x00000000c0013edc        0x0 /raid/tools/cross-compilers/riscv-rv32im/lib/gcc/riscv32-unknown-elf/7.2.0/../../../../riscv32-unknown-elf/lib/libc.a(lib_a-exit.o)
 .bss           0x00000000c0013edc        0x0 /raid/tools/cross-compilers/riscv-rv32im/lib/gcc/riscv32-unknown-elf/7.2.0/../../../../riscv32-unknown-elf/lib/libc.a(lib_a-fini.o)
 .bss           0x00000000c0013edc        0x0 /raid/tools/cross-compilers/riscv-rv32im/lib/gcc/riscv32-unknown-elf/7.2.0/../../../../riscv32-unknown-elf/lib/libc.a(lib_a-impure.o)
 .bss           0x00000000c0013edc        0x0 /raid/tools/cross-compilers/riscv-rv32im/lib/gcc/riscv32-unknown-elf/7.2.0/../../../../riscv32-unknown-elf/lib/libc.a(lib_a-init.o)
 .bss           0x00000000c0013edc        0x0 /raid/tools/cross-compilers/riscv-rv32im/lib/gcc/riscv32-unknown-elf/7.2.0/../../../../riscv32-unknown-elf/lib/libc.a(lib_a-memset.o)
 .bss           0x00000000c0013edc        0x0 /raid/tools/cross-compilers/riscv-rv32im/lib/gcc/riscv32-unknown-elf/7.2.0/../../../../riscv32-unknown-elf/lib/libc.a(lib_a-printf.o)
 .bss           0x00000000c0013edc        0x0 /raid/tools/cross-compilers/riscv-rv32im/lib/gcc/riscv32-unknown-elf/7.2.0/../../../../riscv32-unknown-elf/lib/libc.a(lib_a-vfprintf.o)
 .bss           0x00000000c0013edc        0x0 /raid/tools/cross-compilers/riscv-rv32im/lib/gcc/riscv32-unknown-elf/7.2.0/../../../../riscv32-unknown-elf/lib/libc.a(lib_a-wsetup.o)
 .bss           0x00000000c0013edc        0x0 /raid/tools/cross-compilers/riscv-rv32im/lib/gcc/riscv32-unknown-elf/7.2.0/../../../../riscv32-unknown-elf/lib/libc.a(lib_a-__atexit.o)
 .bss           0x00000000c0013edc        0x0 /raid/tools/cross-compilers/riscv-rv32im/lib/gcc/riscv32-unknown-elf/7.2.0/../../../../riscv32-unknown-elf/lib/libc.a(lib_a-__call_atexit.o)
 .bss           0x00000000c0013edc        0x0 /raid/tools/cross-compilers/riscv-rv32im/lib/gcc/riscv32-unknown-elf/7.2.0/../../../../riscv32-unknown-elf/lib/libc.a(lib_a-fflush.o)
 .bss           0x00000000c0013edc        0x0 /raid/tools/cross-compilers/riscv-rv32im/lib/gcc/riscv32-unknown-elf/7.2.0/../../../../riscv32-unknown-elf/lib/libc.a(lib_a-findfp.o)
 .bss           0x00000000c0013edc        0x0 /raid/tools/cross-compilers/riscv-rv32im/lib/gcc/riscv32-unknown-elf/7.2.0/../../../../riscv32-unknown-elf/lib/libc.a(lib_a-freer.o)
 .bss           0x00000000c0013edc        0x0 /raid/tools/cross-compilers/riscv-rv32im/lib/gcc/riscv32-unknown-elf/7.2.0/../../../../riscv32-unknown-elf/lib/libc.a(lib_a-fwalk.o)
 .bss           0x00000000c0013edc        0x0 /raid/tools/cross-compilers/riscv-rv32im/lib/gcc/riscv32-unknown-elf/7.2.0/../../../../riscv32-unknown-elf/lib/libc.a(lib_a-ldtoa.o)
 .bss           0x00000000c0013edc        0x0 /raid/tools/cross-compilers/riscv-rv32im/lib/gcc/riscv32-unknown-elf/7.2.0/../../../../riscv32-unknown-elf/lib/libc.a(lib_a-localeconv.o)
 .bss           0x00000000c0013edc        0x0 /raid/tools/cross-compilers/riscv-rv32im/lib/gcc/riscv32-unknown-elf/7.2.0/../../../../riscv32-unknown-elf/lib/libc.a(lib_a-locale.o)
 .bss           0x00000000c0013edc        0x0 /raid/tools/cross-compilers/riscv-rv32im/lib/gcc/riscv32-unknown-elf/7.2.0/../../../../riscv32-unknown-elf/lib/libc.a(lib_a-makebuf.o)
 .bss           0x00000000c0013edc       0x28 /raid/tools/cross-compilers/riscv-rv32im/lib/gcc/riscv32-unknown-elf/7.2.0/../../../../riscv32-unknown-elf/lib/libc.a(lib_a-mallocr.o)
                0x00000000c0013edc                __malloc_current_mallinfo
 .bss           0x00000000c0013f04        0x0 /raid/tools/cross-compilers/riscv-rv32im/lib/gcc/riscv32-unknown-elf/7.2.0/../../../../riscv32-unknown-elf/lib/libc.a(lib_a-mbtowc_r.o)
 .bss           0x00000000c0013f04        0x0 /raid/tools/cross-compilers/riscv-rv32im/lib/gcc/riscv32-unknown-elf/7.2.0/../../../../riscv32-unknown-elf/lib/libc.a(lib_a-memchr.o)
 .bss           0x00000000c0013f04        0x0 /raid/tools/cross-compilers/riscv-rv32im/lib/gcc/riscv32-unknown-elf/7.2.0/../../../../riscv32-unknown-elf/lib/libc.a(lib_a-mlock.o)
 .bss           0x00000000c0013f04        0x0 /raid/tools/cross-compilers/riscv-rv32im/lib/gcc/riscv32-unknown-elf/7.2.0/../../../../riscv32-unknown-elf/lib/libc.a(lib_a-mprec.o)
 .bss           0x00000000c0013f04        0x0 /raid/tools/cross-compilers/riscv-rv32im/lib/gcc/riscv32-unknown-elf/7.2.0/../../../../riscv32-unknown-elf/lib/libc.a(lib_a-sbrkr.o)
 .bss           0x00000000c0013f04        0x0 /raid/tools/cross-compilers/riscv-rv32im/lib/gcc/riscv32-unknown-elf/7.2.0/../../../../riscv32-unknown-elf/lib/libc.a(lib_a-s_frexp.o)
 .bss           0x00000000c0013f04        0x0 /raid/tools/cross-compilers/riscv-rv32im/lib/gcc/riscv32-unknown-elf/7.2.0/../../../../riscv32-unknown-elf/lib/libc.a(lib_a-sprintf.o)
 .bss           0x00000000c0013f04        0x0 /raid/tools/cross-compilers/riscv-rv32im/lib/gcc/riscv32-unknown-elf/7.2.0/../../../../riscv32-unknown-elf/lib/libc.a(lib_a-stdio.o)
 .bss           0x00000000c0013f04        0x0 /raid/tools/cross-compilers/riscv-rv32im/lib/gcc/riscv32-unknown-elf/7.2.0/../../../../riscv32-unknown-elf/lib/libc.a(lib_a-strcmp.o)
 .bss           0x00000000c0013f04        0x0 /raid/tools/cross-compilers/riscv-rv32im/lib/gcc/riscv32-unknown-elf/7.2.0/../../../../riscv32-unknown-elf/lib/libc.a(lib_a-strcpy.o)
 .bss           0x00000000c0013f04        0x0 /raid/tools/cross-compilers/riscv-rv32im/lib/gcc/riscv32-unknown-elf/7.2.0/../../../../riscv32-unknown-elf/lib/libc.a(lib_a-strlen.o)
 .bss           0x00000000c0013f04        0x0 /raid/tools/cross-compilers/riscv-rv32im/lib/gcc/riscv32-unknown-elf/7.2.0/../../../../riscv32-unknown-elf/lib/libc.a(lib_a-strncpy.o)
 .bss           0x00000000c0013f04        0x0 /raid/tools/cross-compilers/riscv-rv32im/lib/gcc/riscv32-unknown-elf/7.2.0/../../../../riscv32-unknown-elf/lib/libc.a(lib_a-svfprintf.o)
 .bss           0x00000000c0013f04        0x0 /raid/tools/cross-compilers/riscv-rv32im/lib/gcc/riscv32-unknown-elf/7.2.0/../../../../riscv32-unknown-elf/lib/libc.a(lib_a-vfiprintf.o)
 .bss           0x00000000c0013f04        0x0 /raid/tools/cross-compilers/riscv-rv32im/lib/gcc/riscv32-unknown-elf/7.2.0/../../../../riscv32-unknown-elf/lib/libc.a(lib_a-wctomb_r.o)
 .bss           0x00000000c0013f04        0x0 /raid/tools/cross-compilers/riscv-rv32im/lib/gcc/riscv32-unknown-elf/7.2.0/../../../../riscv32-unknown-elf/lib/libc.a(lib_a-writer.o)
 .bss           0x00000000c0013f04        0x0 /raid/tools/cross-compilers/riscv-rv32im/lib/gcc/riscv32-unknown-elf/7.2.0/../../../../riscv32-unknown-elf/lib/libc.a(lib_a-callocr.o)
 .bss           0x00000000c0013f04        0x0 /raid/tools/cross-compilers/riscv-rv32im/lib/gcc/riscv32-unknown-elf/7.2.0/../../../../riscv32-unknown-elf/lib/libc.a(lib_a-closer.o)
 .bss           0x00000000c0013f04        0x0 /raid/tools/cross-compilers/riscv-rv32im/lib/gcc/riscv32-unknown-elf/7.2.0/../../../../riscv32-unknown-elf/lib/libc.a(lib_a-ctype_.o)
 .bss           0x00000000c0013f04        0x0 /raid/tools/cross-compilers/riscv-rv32im/lib/gcc/riscv32-unknown-elf/7.2.0/../../../../riscv32-unknown-elf/lib/libc.a(lib_a-fclose.o)
 .bss           0x00000000c0013f04        0x0 /raid/tools/cross-compilers/riscv-rv32im/lib/gcc/riscv32-unknown-elf/7.2.0/../../../../riscv32-unknown-elf/lib/libc.a(lib_a-fputwc.o)
 .bss           0x00000000c0013f04        0x0 /raid/tools/cross-compilers/riscv-rv32im/lib/gcc/riscv32-unknown-elf/7.2.0/../../../../riscv32-unknown-elf/lib/libc.a(lib_a-fstatr.o)
 .bss           0x00000000c0013f04        0x0 /raid/tools/cross-compilers/riscv-rv32im/lib/gcc/riscv32-unknown-elf/7.2.0/../../../../riscv32-unknown-elf/lib/libc.a(lib_a-fvwrite.o)
 .bss           0x00000000c0013f04        0x0 /raid/tools/cross-compilers/riscv-rv32im/lib/gcc/riscv32-unknown-elf/7.2.0/../../../../riscv32-unknown-elf/lib/libc.a(lib_a-isattyr.o)
 .bss           0x00000000c0013f04        0x0 /raid/tools/cross-compilers/riscv-rv32im/lib/gcc/riscv32-unknown-elf/7.2.0/../../../../riscv32-unknown-elf/lib/libc.a(lib_a-lseekr.o)
 .bss           0x00000000c0013f04        0x0 /raid/tools/cross-compilers/riscv-rv32im/lib/gcc/riscv32-unknown-elf/7.2.0/../../../../riscv32-unknown-elf/lib/libc.a(lib_a-memcpy.o)
 .bss           0x00000000c0013f04        0x0 /raid/tools/cross-compilers/riscv-rv32im/lib/gcc/riscv32-unknown-elf/7.2.0/../../../../riscv32-unknown-elf/lib/libc.a(lib_a-memmove.o)
 .bss           0x00000000c0013f04        0x0 /raid/tools/cross-compilers/riscv-rv32im/lib/gcc/riscv32-unknown-elf/7.2.0/../../../../riscv32-unknown-elf/lib/libc.a(lib_a-readr.o)
 .bss           0x00000000c0013f04        0x0 /raid/tools/cross-compilers/riscv-rv32im/lib/gcc/riscv32-unknown-elf/7.2.0/../../../../riscv32-unknown-elf/lib/libc.a(lib_a-reallocr.o)
 .bss           0x00000000c0013f04        0x0 /raid/tools/cross-compilers/riscv-rv32im/lib/gcc/riscv32-unknown-elf/7.2.0/../../../../riscv32-unknown-elf/lib/libc.a(lib_a-reent.o)
 .bss           0x00000000c0013f04        0x0 /raid/tools/cross-compilers/riscv-rv32im/lib/gcc/riscv32-unknown-elf/7.2.0/../../../../riscv32-unknown-elf/lib/libc.a(lib_a-svfiprintf.o)
 .bss           0x00000000c0013f04        0x0 /raid/tools/cross-compilers/riscv-rv32im/lib/gcc/riscv32-unknown-elf/7.2.0/../../../../riscv32-unknown-elf/lib/libc.a(lib_a-wbuf.o)
 .bss           0x00000000c0013f04        0x0 /raid/tools/cross-compilers/riscv-rv32im/lib/gcc/riscv32-unknown-elf/7.2.0/../../../../riscv32-unknown-elf/lib/libc.a(lib_a-wcrtomb.o)
 .bss           0x00000000c0013f04        0x0 /raid/tools/cross-compilers/riscv-rv32im/lib/gcc/riscv32-unknown-elf/7.2.0/../../../../riscv32-unknown-elf/lib/libnosys.a(_exit.o)
 .bss           0x00000000c0013f04        0x0 /raid/tools/cross-compilers/riscv-rv32im/lib/gcc/riscv32-unknown-elf/7.2.0/libgcc.a(_udivdi3.o)
 .bss           0x00000000c0013f04        0x0 /raid/tools/cross-compilers/riscv-rv32im/lib/gcc/riscv32-unknown-elf/7.2.0/libgcc.a(_umoddi3.o)
 .bss           0x00000000c0013f04        0x0 /raid/tools/cross-compilers/riscv-rv32im/lib/gcc/riscv32-unknown-elf/7.2.0/libgcc.a(divdf3.o)
 .bss           0x00000000c0013f04        0x0 /raid/tools/cross-compilers/riscv-rv32im/lib/gcc/riscv32-unknown-elf/7.2.0/libgcc.a(muldf3.o)
 .bss           0x00000000c0013f04        0x0 /raid/tools/cross-compilers/riscv-rv32im/lib/gcc/riscv32-unknown-elf/7.2.0/libgcc.a(eqtf2.o)
 .bss           0x00000000c0013f04        0x0 /raid/tools/cross-compilers/riscv-rv32im/lib/gcc/riscv32-unknown-elf/7.2.0/libgcc.a(getf2.o)
 .bss           0x00000000c0013f04        0x0 /raid/tools/cross-compilers/riscv-rv32im/lib/gcc/riscv32-unknown-elf/7.2.0/libgcc.a(letf2.o)
 .bss           0x00000000c0013f04        0x0 /raid/tools/cross-compilers/riscv-rv32im/lib/gcc/riscv32-unknown-elf/7.2.0/libgcc.a(multf3.o)
 .bss           0x00000000c0013f04        0x0 /raid/tools/cross-compilers/riscv-rv32im/lib/gcc/riscv32-unknown-elf/7.2.0/libgcc.a(subtf3.o)
 .bss           0x00000000c0013f04        0x0 /raid/tools/cross-compilers/riscv-rv32im/lib/gcc/riscv32-unknown-elf/7.2.0/libgcc.a(fixtfsi.o)
 .bss           0x00000000c0013f04        0x0 /raid/tools/cross-compilers/riscv-rv32im/lib/gcc/riscv32-unknown-elf/7.2.0/libgcc.a(floatsitf.o)
 .bss           0x00000000c0013f04        0x0 /raid/tools/cross-compilers/riscv-rv32im/lib/gcc/riscv32-unknown-elf/7.2.0/libgcc.a(extenddftf2.o)
 .bss           0x00000000c0013f04        0x0 /raid/tools/cross-compilers/riscv-rv32im/lib/gcc/riscv32-unknown-elf/7.2.0/libgcc.a(trunctfdf2.o)
 .bss           0x00000000c0013f04        0x0 /raid/tools/cross-compilers/riscv-rv32im/lib/gcc/riscv32-unknown-elf/7.2.0/crtend.o
 *(COMMON)
 COMMON         0x00000000c0013f04        0x4 /raid/tools/cross-compilers/riscv-rv32im/lib/gcc/riscv32-unknown-elf/7.2.0/../../../../riscv32-unknown-elf/lib/libc.a(lib_a-reent.o)
                0x00000000c0013f04                errno
                0x00000000c0013f08                . = ALIGN ((. != 0x0)?0x4:0x1)
LOAD /raid/tools/cross-compilers/riscv-rv32im/lib/gcc/riscv32-unknown-elf/7.2.0/../../../../riscv32-unknown-elf/lib/crt0.o
LOAD /raid/tools/cross-compilers/riscv-rv32im/lib/gcc/riscv32-unknown-elf/7.2.0/crtbegin.o
                0x00000000c0013f08                __startup_save = .

.startup        0x00000000c0000000       0x44
 startup.o(.text)
 .text          0x00000000c0000000       0x44 ./lib/startup.o
                0x00000000c0000000                _reset
                0x00000000c0013f08                . = __startup_save
                0x00000000c0013f08                . = ALIGN (0x4)
                0x00000000c0013f08                . = SEGMENT_START ("ldata-segment", .)
                0x00000000c0013f08                . = ALIGN (0x4)
                0x00000000c0013f08                _end = .
                [!provide]                        PROVIDE (end, .)
                0x00000000c0013f08                . = DATA_SEGMENT_END (.)

.stab
 *(.stab)

.stabstr
 *(.stabstr)

.stab.excl
 *(.stab.excl)

.stab.exclstr
 *(.stab.exclstr)

.stab.index
 *(.stab.index)

.stab.indexstr
 *(.stab.indexstr)

.comment        0x0000000000000000       0x11
 *(.comment)
 .comment       0x0000000000000000       0x11 /raid/tools/cross-compilers/riscv-rv32im/lib/gcc/riscv32-unknown-elf/7.2.0/crtbegin.o
                                         0x12 (size before relaxing)
 .comment       0x0000000000000011       0x12 ./lib/syscalls.o
 .comment       0x0000000000000011       0x12 ./lib/riscv_counters.o
 .comment       0x0000000000000011       0x12 ./lib/ns16550.o
 .comment       0x0000000000000011       0x12 /tmp/cc31AlHk.o
 .comment       0x0000000000000011       0x12 /raid/tools/cross-compilers/riscv-rv32im/lib/gcc/riscv32-unknown-elf/7.2.0/libgcc.a(_divdi3.o)
 .comment       0x0000000000000011       0x12 /raid/tools/cross-compilers/riscv-rv32im/lib/gcc/riscv32-unknown-elf/7.2.0/libgcc.a(_moddi3.o)
 .comment       0x0000000000000011       0x12 /raid/tools/cross-compilers/riscv-rv32im/lib/gcc/riscv32-unknown-elf/7.2.0/libgcc.a(extendsfdf2.o)
 .comment       0x0000000000000011       0x12 /raid/tools/cross-compilers/riscv-rv32im/lib/gcc/riscv32-unknown-elf/7.2.0/libgcc.a(_clz.o)
 .comment       0x0000000000000011       0x12 /raid/tools/cross-compilers/riscv-rv32im/lib/gcc/riscv32-unknown-elf/7.2.0/libgcc.a(_clzsi2.o)
 .comment       0x0000000000000011       0x12 /raid/tools/cross-compilers/riscv-rv32im/lib/gcc/riscv32-unknown-elf/7.2.0/../../../../riscv32-unknown-elf/lib/libc.a(lib_a-atexit.o)
 .comment       0x0000000000000011       0x12 /raid/tools/cross-compilers/riscv-rv32im/lib/gcc/riscv32-unknown-elf/7.2.0/../../../../riscv32-unknown-elf/lib/libc.a(lib_a-errno.o)
 .comment       0x0000000000000011       0x12 /raid/tools/cross-compilers/riscv-rv32im/lib/gcc/riscv32-unknown-elf/7.2.0/../../../../riscv32-unknown-elf/lib/libc.a(lib_a-exit.o)
 .comment       0x0000000000000011       0x12 /raid/tools/cross-compilers/riscv-rv32im/lib/gcc/riscv32-unknown-elf/7.2.0/../../../../riscv32-unknown-elf/lib/libc.a(lib_a-fini.o)
 .comment       0x0000000000000011       0x12 /raid/tools/cross-compilers/riscv-rv32im/lib/gcc/riscv32-unknown-elf/7.2.0/../../../../riscv32-unknown-elf/lib/libc.a(lib_a-impure.o)
 .comment       0x0000000000000011       0x12 /raid/tools/cross-compilers/riscv-rv32im/lib/gcc/riscv32-unknown-elf/7.2.0/../../../../riscv32-unknown-elf/lib/libc.a(lib_a-init.o)
 .comment       0x0000000000000011       0x12 /raid/tools/cross-compilers/riscv-rv32im/lib/gcc/riscv32-unknown-elf/7.2.0/../../../../riscv32-unknown-elf/lib/libc.a(lib_a-printf.o)
 .comment       0x0000000000000011       0x12 /raid/tools/cross-compilers/riscv-rv32im/lib/gcc/riscv32-unknown-elf/7.2.0/../../../../riscv32-unknown-elf/lib/libc.a(lib_a-vfprintf.o)
 .comment       0x0000000000000011       0x12 /raid/tools/cross-compilers/riscv-rv32im/lib/gcc/riscv32-unknown-elf/7.2.0/../../../../riscv32-unknown-elf/lib/libc.a(lib_a-wsetup.o)
 .comment       0x0000000000000011       0x12 /raid/tools/cross-compilers/riscv-rv32im/lib/gcc/riscv32-unknown-elf/7.2.0/../../../../riscv32-unknown-elf/lib/libc.a(lib_a-__atexit.o)
 .comment       0x0000000000000011       0x12 /raid/tools/cross-compilers/riscv-rv32im/lib/gcc/riscv32-unknown-elf/7.2.0/../../../../riscv32-unknown-elf/lib/libc.a(lib_a-__call_atexit.o)
 .comment       0x0000000000000011       0x12 /raid/tools/cross-compilers/riscv-rv32im/lib/gcc/riscv32-unknown-elf/7.2.0/../../../../riscv32-unknown-elf/lib/libc.a(lib_a-fflush.o)
 .comment       0x0000000000000011       0x12 /raid/tools/cross-compilers/riscv-rv32im/lib/gcc/riscv32-unknown-elf/7.2.0/../../../../riscv32-unknown-elf/lib/libc.a(lib_a-findfp.o)
 .comment       0x0000000000000011       0x12 /raid/tools/cross-compilers/riscv-rv32im/lib/gcc/riscv32-unknown-elf/7.2.0/../../../../riscv32-unknown-elf/lib/libc.a(lib_a-freer.o)
 .comment       0x0000000000000011       0x12 /raid/tools/cross-compilers/riscv-rv32im/lib/gcc/riscv32-unknown-elf/7.2.0/../../../../riscv32-unknown-elf/lib/libc.a(lib_a-fwalk.o)
 .comment       0x0000000000000011       0x12 /raid/tools/cross-compilers/riscv-rv32im/lib/gcc/riscv32-unknown-elf/7.2.0/../../../../riscv32-unknown-elf/lib/libc.a(lib_a-ldtoa.o)
 .comment       0x0000000000000011       0x12 /raid/tools/cross-compilers/riscv-rv32im/lib/gcc/riscv32-unknown-elf/7.2.0/../../../../riscv32-unknown-elf/lib/libc.a(lib_a-localeconv.o)
 .comment       0x0000000000000011       0x12 /raid/tools/cross-compilers/riscv-rv32im/lib/gcc/riscv32-unknown-elf/7.2.0/../../../../riscv32-unknown-elf/lib/libc.a(lib_a-locale.o)
 .comment       0x0000000000000011       0x12 /raid/tools/cross-compilers/riscv-rv32im/lib/gcc/riscv32-unknown-elf/7.2.0/../../../../riscv32-unknown-elf/lib/libc.a(lib_a-makebuf.o)
 .comment       0x0000000000000011       0x12 /raid/tools/cross-compilers/riscv-rv32im/lib/gcc/riscv32-unknown-elf/7.2.0/../../../../riscv32-unknown-elf/lib/libc.a(lib_a-mallocr.o)
 .comment       0x0000000000000011       0x12 /raid/tools/cross-compilers/riscv-rv32im/lib/gcc/riscv32-unknown-elf/7.2.0/../../../../riscv32-unknown-elf/lib/libc.a(lib_a-mbtowc_r.o)
 .comment       0x0000000000000011       0x12 /raid/tools/cross-compilers/riscv-rv32im/lib/gcc/riscv32-unknown-elf/7.2.0/../../../../riscv32-unknown-elf/lib/libc.a(lib_a-memchr.o)
 .comment       0x0000000000000011       0x12 /raid/tools/cross-compilers/riscv-rv32im/lib/gcc/riscv32-unknown-elf/7.2.0/../../../../riscv32-unknown-elf/lib/libc.a(lib_a-mlock.o)
 .comment       0x0000000000000011       0x12 /raid/tools/cross-compilers/riscv-rv32im/lib/gcc/riscv32-unknown-elf/7.2.0/../../../../riscv32-unknown-elf/lib/libc.a(lib_a-mprec.o)
 .comment       0x0000000000000011       0x12 /raid/tools/cross-compilers/riscv-rv32im/lib/gcc/riscv32-unknown-elf/7.2.0/../../../../riscv32-unknown-elf/lib/libc.a(lib_a-sbrkr.o)
 .comment       0x0000000000000011       0x12 /raid/tools/cross-compilers/riscv-rv32im/lib/gcc/riscv32-unknown-elf/7.2.0/../../../../riscv32-unknown-elf/lib/libc.a(lib_a-s_frexp.o)
 .comment       0x0000000000000011       0x12 /raid/tools/cross-compilers/riscv-rv32im/lib/gcc/riscv32-unknown-elf/7.2.0/../../../../riscv32-unknown-elf/lib/libc.a(lib_a-sprintf.o)
 .comment       0x0000000000000011       0x12 /raid/tools/cross-compilers/riscv-rv32im/lib/gcc/riscv32-unknown-elf/7.2.0/../../../../riscv32-unknown-elf/lib/libc.a(lib_a-stdio.o)
 .comment       0x0000000000000011       0x12 /raid/tools/cross-compilers/riscv-rv32im/lib/gcc/riscv32-unknown-elf/7.2.0/../../../../riscv32-unknown-elf/lib/libc.a(lib_a-strcpy.o)
 .comment       0x0000000000000011       0x12 /raid/tools/cross-compilers/riscv-rv32im/lib/gcc/riscv32-unknown-elf/7.2.0/../../../../riscv32-unknown-elf/lib/libc.a(lib_a-strlen.o)
 .comment       0x0000000000000011       0x12 /raid/tools/cross-compilers/riscv-rv32im/lib/gcc/riscv32-unknown-elf/7.2.0/../../../../riscv32-unknown-elf/lib/libc.a(lib_a-strncpy.o)
 .comment       0x0000000000000011       0x12 /raid/tools/cross-compilers/riscv-rv32im/lib/gcc/riscv32-unknown-elf/7.2.0/../../../../riscv32-unknown-elf/lib/libc.a(lib_a-svfprintf.o)
 .comment       0x0000000000000011       0x12 /raid/tools/cross-compilers/riscv-rv32im/lib/gcc/riscv32-unknown-elf/7.2.0/../../../../riscv32-unknown-elf/lib/libc.a(lib_a-vfiprintf.o)
 .comment       0x0000000000000011       0x12 /raid/tools/cross-compilers/riscv-rv32im/lib/gcc/riscv32-unknown-elf/7.2.0/../../../../riscv32-unknown-elf/lib/libc.a(lib_a-wctomb_r.o)
 .comment       0x0000000000000011       0x12 /raid/tools/cross-compilers/riscv-rv32im/lib/gcc/riscv32-unknown-elf/7.2.0/../../../../riscv32-unknown-elf/lib/libc.a(lib_a-writer.o)
 .comment       0x0000000000000011       0x12 /raid/tools/cross-compilers/riscv-rv32im/lib/gcc/riscv32-unknown-elf/7.2.0/../../../../riscv32-unknown-elf/lib/libc.a(lib_a-callocr.o)
 .comment       0x0000000000000011       0x12 /raid/tools/cross-compilers/riscv-rv32im/lib/gcc/riscv32-unknown-elf/7.2.0/../../../../riscv32-unknown-elf/lib/libc.a(lib_a-closer.o)
 .comment       0x0000000000000011       0x12 /raid/tools/cross-compilers/riscv-rv32im/lib/gcc/riscv32-unknown-elf/7.2.0/../../../../riscv32-unknown-elf/lib/libc.a(lib_a-ctype_.o)
 .comment       0x0000000000000011       0x12 /raid/tools/cross-compilers/riscv-rv32im/lib/gcc/riscv32-unknown-elf/7.2.0/../../../../riscv32-unknown-elf/lib/libc.a(lib_a-fclose.o)
 .comment       0x0000000000000011       0x12 /raid/tools/cross-compilers/riscv-rv32im/lib/gcc/riscv32-unknown-elf/7.2.0/../../../../riscv32-unknown-elf/lib/libc.a(lib_a-fputwc.o)
 .comment       0x0000000000000011       0x12 /raid/tools/cross-compilers/riscv-rv32im/lib/gcc/riscv32-unknown-elf/7.2.0/../../../../riscv32-unknown-elf/lib/libc.a(lib_a-fstatr.o)
 .comment       0x0000000000000011       0x12 /raid/tools/cross-compilers/riscv-rv32im/lib/gcc/riscv32-unknown-elf/7.2.0/../../../../riscv32-unknown-elf/lib/libc.a(lib_a-fvwrite.o)
 .comment       0x0000000000000011       0x12 /raid/tools/cross-compilers/riscv-rv32im/lib/gcc/riscv32-unknown-elf/7.2.0/../../../../riscv32-unknown-elf/lib/libc.a(lib_a-isattyr.o)
 .comment       0x0000000000000011       0x12 /raid/tools/cross-compilers/riscv-rv32im/lib/gcc/riscv32-unknown-elf/7.2.0/../../../../riscv32-unknown-elf/lib/libc.a(lib_a-lseekr.o)
 .comment       0x0000000000000011       0x12 /raid/tools/cross-compilers/riscv-rv32im/lib/gcc/riscv32-unknown-elf/7.2.0/../../../../riscv32-unknown-elf/lib/libc.a(lib_a-memcpy.o)
 .comment       0x0000000000000011       0x12 /raid/tools/cross-compilers/riscv-rv32im/lib/gcc/riscv32-unknown-elf/7.2.0/../../../../riscv32-unknown-elf/lib/libc.a(lib_a-memmove.o)
 .comment       0x0000000000000011       0x12 /raid/tools/cross-compilers/riscv-rv32im/lib/gcc/riscv32-unknown-elf/7.2.0/../../../../riscv32-unknown-elf/lib/libc.a(lib_a-readr.o)
 .comment       0x0000000000000011       0x12 /raid/tools/cross-compilers/riscv-rv32im/lib/gcc/riscv32-unknown-elf/7.2.0/../../../../riscv32-unknown-elf/lib/libc.a(lib_a-reallocr.o)
 .comment       0x0000000000000011       0x12 /raid/tools/cross-compilers/riscv-rv32im/lib/gcc/riscv32-unknown-elf/7.2.0/../../../../riscv32-unknown-elf/lib/libc.a(lib_a-reent.o)
 .comment       0x0000000000000011       0x12 /raid/tools/cross-compilers/riscv-rv32im/lib/gcc/riscv32-unknown-elf/7.2.0/../../../../riscv32-unknown-elf/lib/libc.a(lib_a-svfiprintf.o)
 .comment       0x0000000000000011       0x12 /raid/tools/cross-compilers/riscv-rv32im/lib/gcc/riscv32-unknown-elf/7.2.0/../../../../riscv32-unknown-elf/lib/libc.a(lib_a-wbuf.o)
 .comment       0x0000000000000011       0x12 /raid/tools/cross-compilers/riscv-rv32im/lib/gcc/riscv32-unknown-elf/7.2.0/../../../../riscv32-unknown-elf/lib/libc.a(lib_a-wcrtomb.o)
 .comment       0x0000000000000011       0x12 /raid/tools/cross-compilers/riscv-rv32im/lib/gcc/riscv32-unknown-elf/7.2.0/../../../../riscv32-unknown-elf/lib/libnosys.a(_exit.o)
 .comment       0x0000000000000011       0x12 /raid/tools/cross-compilers/riscv-rv32im/lib/gcc/riscv32-unknown-elf/7.2.0/libgcc.a(_udivdi3.o)
 .comment       0x0000000000000011       0x12 /raid/tools/cross-compilers/riscv-rv32im/lib/gcc/riscv32-unknown-elf/7.2.0/libgcc.a(_umoddi3.o)
 .comment       0x0000000000000011       0x12 /raid/tools/cross-compilers/riscv-rv32im/lib/gcc/riscv32-unknown-elf/7.2.0/libgcc.a(divdf3.o)
 .comment       0x0000000000000011       0x12 /raid/tools/cross-compilers/riscv-rv32im/lib/gcc/riscv32-unknown-elf/7.2.0/libgcc.a(muldf3.o)
 .comment       0x0000000000000011       0x12 /raid/tools/cross-compilers/riscv-rv32im/lib/gcc/riscv32-unknown-elf/7.2.0/libgcc.a(eqtf2.o)
 .comment       0x0000000000000011       0x12 /raid/tools/cross-compilers/riscv-rv32im/lib/gcc/riscv32-unknown-elf/7.2.0/libgcc.a(getf2.o)
 .comment       0x0000000000000011       0x12 /raid/tools/cross-compilers/riscv-rv32im/lib/gcc/riscv32-unknown-elf/7.2.0/libgcc.a(letf2.o)
 .comment       0x0000000000000011       0x12 /raid/tools/cross-compilers/riscv-rv32im/lib/gcc/riscv32-unknown-elf/7.2.0/libgcc.a(multf3.o)
 .comment       0x0000000000000011       0x12 /raid/tools/cross-compilers/riscv-rv32im/lib/gcc/riscv32-unknown-elf/7.2.0/libgcc.a(subtf3.o)
 .comment       0x0000000000000011       0x12 /raid/tools/cross-compilers/riscv-rv32im/lib/gcc/riscv32-unknown-elf/7.2.0/libgcc.a(fixtfsi.o)
 .comment       0x0000000000000011       0x12 /raid/tools/cross-compilers/riscv-rv32im/lib/gcc/riscv32-unknown-elf/7.2.0/libgcc.a(floatsitf.o)
 .comment       0x0000000000000011       0x12 /raid/tools/cross-compilers/riscv-rv32im/lib/gcc/riscv32-unknown-elf/7.2.0/libgcc.a(extenddftf2.o)
 .comment       0x0000000000000011       0x12 /raid/tools/cross-compilers/riscv-rv32im/lib/gcc/riscv32-unknown-elf/7.2.0/libgcc.a(trunctfdf2.o)
 .comment       0x0000000000000011       0x12 /raid/tools/cross-compilers/riscv-rv32im/lib/gcc/riscv32-unknown-elf/7.2.0/crtend.o

.debug
 *(.debug)

.line
 *(.line)

.debug_srcinfo
 *(.debug_srcinfo)

.debug_sfnames
 *(.debug_sfnames)

.debug_aranges  0x0000000000000000      0x2d8
 *(.debug_aranges)
 .debug_aranges
                0x0000000000000000       0x20 ./lib/startup.o
 .debug_aranges
                0x0000000000000020       0x20 ./lib/syscalls.o
 .debug_aranges
                0x0000000000000040       0x20 ./lib/riscv_counters.o
 .debug_aranges
                0x0000000000000060       0x20 ./lib/ns16550.o
 .debug_aranges
                0x0000000000000080       0x20 /tmp/cc31AlHk.o
 .debug_aranges
                0x00000000000000a0       0x20 /raid/tools/cross-compilers/riscv-rv32im/lib/gcc/riscv32-unknown-elf/7.2.0/libgcc.a(_divdi3.o)
 .debug_aranges
                0x00000000000000c0       0x20 /raid/tools/cross-compilers/riscv-rv32im/lib/gcc/riscv32-unknown-elf/7.2.0/libgcc.a(_moddi3.o)
 .debug_aranges
                0x00000000000000e0       0x20 /raid/tools/cross-compilers/riscv-rv32im/lib/gcc/riscv32-unknown-elf/7.2.0/libgcc.a(extendsfdf2.o)
 .debug_aranges
                0x0000000000000100       0x18 /raid/tools/cross-compilers/riscv-rv32im/lib/gcc/riscv32-unknown-elf/7.2.0/libgcc.a(_clz.o)
 .debug_aranges
                0x0000000000000118       0x20 /raid/tools/cross-compilers/riscv-rv32im/lib/gcc/riscv32-unknown-elf/7.2.0/libgcc.a(_clzsi2.o)
 .debug_aranges
                0x0000000000000138       0x20 /raid/tools/cross-compilers/riscv-rv32im/lib/gcc/riscv32-unknown-elf/7.2.0/libgcc.a(_udivdi3.o)
 .debug_aranges
                0x0000000000000158       0x20 /raid/tools/cross-compilers/riscv-rv32im/lib/gcc/riscv32-unknown-elf/7.2.0/libgcc.a(_umoddi3.o)
 .debug_aranges
                0x0000000000000178       0x20 /raid/tools/cross-compilers/riscv-rv32im/lib/gcc/riscv32-unknown-elf/7.2.0/libgcc.a(divdf3.o)
 .debug_aranges
                0x0000000000000198       0x20 /raid/tools/cross-compilers/riscv-rv32im/lib/gcc/riscv32-unknown-elf/7.2.0/libgcc.a(muldf3.o)
 .debug_aranges
                0x00000000000001b8       0x20 /raid/tools/cross-compilers/riscv-rv32im/lib/gcc/riscv32-unknown-elf/7.2.0/libgcc.a(eqtf2.o)
 .debug_aranges
                0x00000000000001d8       0x20 /raid/tools/cross-compilers/riscv-rv32im/lib/gcc/riscv32-unknown-elf/7.2.0/libgcc.a(getf2.o)
 .debug_aranges
                0x00000000000001f8       0x20 /raid/tools/cross-compilers/riscv-rv32im/lib/gcc/riscv32-unknown-elf/7.2.0/libgcc.a(letf2.o)
 .debug_aranges
                0x0000000000000218       0x20 /raid/tools/cross-compilers/riscv-rv32im/lib/gcc/riscv32-unknown-elf/7.2.0/libgcc.a(multf3.o)
 .debug_aranges
                0x0000000000000238       0x20 /raid/tools/cross-compilers/riscv-rv32im/lib/gcc/riscv32-unknown-elf/7.2.0/libgcc.a(subtf3.o)
 .debug_aranges
                0x0000000000000258       0x20 /raid/tools/cross-compilers/riscv-rv32im/lib/gcc/riscv32-unknown-elf/7.2.0/libgcc.a(fixtfsi.o)
 .debug_aranges
                0x0000000000000278       0x20 /raid/tools/cross-compilers/riscv-rv32im/lib/gcc/riscv32-unknown-elf/7.2.0/libgcc.a(floatsitf.o)
 .debug_aranges
                0x0000000000000298       0x20 /raid/tools/cross-compilers/riscv-rv32im/lib/gcc/riscv32-unknown-elf/7.2.0/libgcc.a(extenddftf2.o)
 .debug_aranges
                0x00000000000002b8       0x20 /raid/tools/cross-compilers/riscv-rv32im/lib/gcc/riscv32-unknown-elf/7.2.0/libgcc.a(trunctfdf2.o)

.debug_pubnames
 *(.debug_pubnames)

.debug_info     0x0000000000000000     0xc41f
 *(.debug_info .gnu.linkonce.wi.*)
 .debug_info    0x0000000000000000       0x26 ./lib/startup.o
 .debug_info    0x0000000000000026      0xc66 ./lib/syscalls.o
 .debug_info    0x0000000000000c8c      0xa86 ./lib/riscv_counters.o
 .debug_info    0x0000000000001712      0x3c2 ./lib/ns16550.o
 .debug_info    0x0000000000001ad4      0x916 /tmp/cc31AlHk.o
 .debug_info    0x00000000000023ea     0x115c /raid/tools/cross-compilers/riscv-rv32im/lib/gcc/riscv32-unknown-elf/7.2.0/libgcc.a(_divdi3.o)
 .debug_info    0x0000000000003546     0x11ad /raid/tools/cross-compilers/riscv-rv32im/lib/gcc/riscv32-unknown-elf/7.2.0/libgcc.a(_moddi3.o)
 .debug_info    0x00000000000046f3      0x289 /raid/tools/cross-compilers/riscv-rv32im/lib/gcc/riscv32-unknown-elf/7.2.0/libgcc.a(extendsfdf2.o)
 .debug_info    0x000000000000497c      0xa9d /raid/tools/cross-compilers/riscv-rv32im/lib/gcc/riscv32-unknown-elf/7.2.0/libgcc.a(_clz.o)
 .debug_info    0x0000000000005419      0xb04 /raid/tools/cross-compilers/riscv-rv32im/lib/gcc/riscv32-unknown-elf/7.2.0/libgcc.a(_clzsi2.o)
 .debug_info    0x0000000000005f1d     0x112a /raid/tools/cross-compilers/riscv-rv32im/lib/gcc/riscv32-unknown-elf/7.2.0/libgcc.a(_udivdi3.o)
 .debug_info    0x0000000000007047     0x1187 /raid/tools/cross-compilers/riscv-rv32im/lib/gcc/riscv32-unknown-elf/7.2.0/libgcc.a(_umoddi3.o)
 .debug_info    0x00000000000081ce      0x6d6 /raid/tools/cross-compilers/riscv-rv32im/lib/gcc/riscv32-unknown-elf/7.2.0/libgcc.a(divdf3.o)
 .debug_info    0x00000000000088a4      0x70d /raid/tools/cross-compilers/riscv-rv32im/lib/gcc/riscv32-unknown-elf/7.2.0/libgcc.a(muldf3.o)
 .debug_info    0x0000000000008fb1      0x276 /raid/tools/cross-compilers/riscv-rv32im/lib/gcc/riscv32-unknown-elf/7.2.0/libgcc.a(eqtf2.o)
 .debug_info    0x0000000000009227      0x272 /raid/tools/cross-compilers/riscv-rv32im/lib/gcc/riscv32-unknown-elf/7.2.0/libgcc.a(getf2.o)
 .debug_info    0x0000000000009499      0x272 /raid/tools/cross-compilers/riscv-rv32im/lib/gcc/riscv32-unknown-elf/7.2.0/libgcc.a(letf2.o)
 .debug_info    0x000000000000970b     0x1175 /raid/tools/cross-compilers/riscv-rv32im/lib/gcc/riscv32-unknown-elf/7.2.0/libgcc.a(multf3.o)
 .debug_info    0x000000000000a880      0xcca /raid/tools/cross-compilers/riscv-rv32im/lib/gcc/riscv32-unknown-elf/7.2.0/libgcc.a(subtf3.o)
 .debug_info    0x000000000000b54a      0x29d /raid/tools/cross-compilers/riscv-rv32im/lib/gcc/riscv32-unknown-elf/7.2.0/libgcc.a(fixtfsi.o)
 .debug_info    0x000000000000b7e7      0x389 /raid/tools/cross-compilers/riscv-rv32im/lib/gcc/riscv32-unknown-elf/7.2.0/libgcc.a(floatsitf.o)
 .debug_info    0x000000000000bb70      0x3bc /raid/tools/cross-compilers/riscv-rv32im/lib/gcc/riscv32-unknown-elf/7.2.0/libgcc.a(extenddftf2.o)
 .debug_info    0x000000000000bf2c      0x4f3 /raid/tools/cross-compilers/riscv-rv32im/lib/gcc/riscv32-unknown-elf/7.2.0/libgcc.a(trunctfdf2.o)

.debug_abbrev   0x0000000000000000     0x27d9
 *(.debug_abbrev)
 .debug_abbrev  0x0000000000000000       0x14 ./lib/startup.o
 .debug_abbrev  0x0000000000000014      0x247 ./lib/syscalls.o
 .debug_abbrev  0x000000000000025b      0x222 ./lib/riscv_counters.o
 .debug_abbrev  0x000000000000047d      0x144 ./lib/ns16550.o
 .debug_abbrev  0x00000000000005c1      0x1d4 /tmp/cc31AlHk.o
 .debug_abbrev  0x0000000000000795      0x2a8 /raid/tools/cross-compilers/riscv-rv32im/lib/gcc/riscv32-unknown-elf/7.2.0/libgcc.a(_divdi3.o)
 .debug_abbrev  0x0000000000000a3d      0x2b3 /raid/tools/cross-compilers/riscv-rv32im/lib/gcc/riscv32-unknown-elf/7.2.0/libgcc.a(_moddi3.o)
 .debug_abbrev  0x0000000000000cf0      0x15d /raid/tools/cross-compilers/riscv-rv32im/lib/gcc/riscv32-unknown-elf/7.2.0/libgcc.a(extendsfdf2.o)
 .debug_abbrev  0x0000000000000e4d      0x1be /raid/tools/cross-compilers/riscv-rv32im/lib/gcc/riscv32-unknown-elf/7.2.0/libgcc.a(_clz.o)
 .debug_abbrev  0x000000000000100b      0x210 /raid/tools/cross-compilers/riscv-rv32im/lib/gcc/riscv32-unknown-elf/7.2.0/libgcc.a(_clzsi2.o)
 .debug_abbrev  0x000000000000121b      0x292 /raid/tools/cross-compilers/riscv-rv32im/lib/gcc/riscv32-unknown-elf/7.2.0/libgcc.a(_udivdi3.o)
 .debug_abbrev  0x00000000000014ad      0x2ac /raid/tools/cross-compilers/riscv-rv32im/lib/gcc/riscv32-unknown-elf/7.2.0/libgcc.a(_umoddi3.o)
 .debug_abbrev  0x0000000000001759      0x167 /raid/tools/cross-compilers/riscv-rv32im/lib/gcc/riscv32-unknown-elf/7.2.0/libgcc.a(divdf3.o)
 .debug_abbrev  0x00000000000018c0      0x177 /raid/tools/cross-compilers/riscv-rv32im/lib/gcc/riscv32-unknown-elf/7.2.0/libgcc.a(muldf3.o)
 .debug_abbrev  0x0000000000001a37      0x169 /raid/tools/cross-compilers/riscv-rv32im/lib/gcc/riscv32-unknown-elf/7.2.0/libgcc.a(eqtf2.o)
 .debug_abbrev  0x0000000000001ba0      0x17a /raid/tools/cross-compilers/riscv-rv32im/lib/gcc/riscv32-unknown-elf/7.2.0/libgcc.a(getf2.o)
 .debug_abbrev  0x0000000000001d1a      0x17a /raid/tools/cross-compilers/riscv-rv32im/lib/gcc/riscv32-unknown-elf/7.2.0/libgcc.a(letf2.o)
 .debug_abbrev  0x0000000000001e94      0x186 /raid/tools/cross-compilers/riscv-rv32im/lib/gcc/riscv32-unknown-elf/7.2.0/libgcc.a(multf3.o)
 .debug_abbrev  0x000000000000201a      0x197 /raid/tools/cross-compilers/riscv-rv32im/lib/gcc/riscv32-unknown-elf/7.2.0/libgcc.a(subtf3.o)
 .debug_abbrev  0x00000000000021b1      0x188 /raid/tools/cross-compilers/riscv-rv32im/lib/gcc/riscv32-unknown-elf/7.2.0/libgcc.a(fixtfsi.o)
 .debug_abbrev  0x0000000000002339      0x17d /raid/tools/cross-compilers/riscv-rv32im/lib/gcc/riscv32-unknown-elf/7.2.0/libgcc.a(floatsitf.o)
 .debug_abbrev  0x00000000000024b6      0x190 /raid/tools/cross-compilers/riscv-rv32im/lib/gcc/riscv32-unknown-elf/7.2.0/libgcc.a(extenddftf2.o)
 .debug_abbrev  0x0000000000002646      0x193 /raid/tools/cross-compilers/riscv-rv32im/lib/gcc/riscv32-unknown-elf/7.2.0/libgcc.a(trunctfdf2.o)

.debug_line     0x0000000000000000     0x4472
 *(.debug_line .debug_line.* .debug_line_end)
 .debug_line    0x0000000000000000       0x8a ./lib/startup.o
 .debug_line    0x000000000000008a      0x344 ./lib/syscalls.o
 .debug_line    0x00000000000003ce      0x266 ./lib/riscv_counters.o
 .debug_line    0x0000000000000634      0x1c2 ./lib/ns16550.o
 .debug_line    0x00000000000007f6      0x13b /tmp/cc31AlHk.o
 .debug_line    0x0000000000000931      0x3fe /raid/tools/cross-compilers/riscv-rv32im/lib/gcc/riscv32-unknown-elf/7.2.0/libgcc.a(_divdi3.o)
 .debug_line    0x0000000000000d2f      0x3c6 /raid/tools/cross-compilers/riscv-rv32im/lib/gcc/riscv32-unknown-elf/7.2.0/libgcc.a(_moddi3.o)
 .debug_line    0x00000000000010f5      0x15d /raid/tools/cross-compilers/riscv-rv32im/lib/gcc/riscv32-unknown-elf/7.2.0/libgcc.a(extendsfdf2.o)
 .debug_line    0x0000000000001252      0x238 /raid/tools/cross-compilers/riscv-rv32im/lib/gcc/riscv32-unknown-elf/7.2.0/libgcc.a(_clz.o)
 .debug_line    0x000000000000148a      0x280 /raid/tools/cross-compilers/riscv-rv32im/lib/gcc/riscv32-unknown-elf/7.2.0/libgcc.a(_clzsi2.o)
 .debug_line    0x000000000000170a      0x3b0 /raid/tools/cross-compilers/riscv-rv32im/lib/gcc/riscv32-unknown-elf/7.2.0/libgcc.a(_udivdi3.o)
 .debug_line    0x0000000000001aba      0x3a3 /raid/tools/cross-compilers/riscv-rv32im/lib/gcc/riscv32-unknown-elf/7.2.0/libgcc.a(_umoddi3.o)
 .debug_line    0x0000000000001e5d      0x4be /raid/tools/cross-compilers/riscv-rv32im/lib/gcc/riscv32-unknown-elf/7.2.0/libgcc.a(divdf3.o)
 .debug_line    0x000000000000231b      0x340 /raid/tools/cross-compilers/riscv-rv32im/lib/gcc/riscv32-unknown-elf/7.2.0/libgcc.a(muldf3.o)
 .debug_line    0x000000000000265b      0x175 /raid/tools/cross-compilers/riscv-rv32im/lib/gcc/riscv32-unknown-elf/7.2.0/libgcc.a(eqtf2.o)
 .debug_line    0x00000000000027d0      0x1f4 /raid/tools/cross-compilers/riscv-rv32im/lib/gcc/riscv32-unknown-elf/7.2.0/libgcc.a(getf2.o)
 .debug_line    0x00000000000029c4      0x1f4 /raid/tools/cross-compilers/riscv-rv32im/lib/gcc/riscv32-unknown-elf/7.2.0/libgcc.a(letf2.o)
 .debug_line    0x0000000000002bb8      0x64b /raid/tools/cross-compilers/riscv-rv32im/lib/gcc/riscv32-unknown-elf/7.2.0/libgcc.a(multf3.o)
 .debug_line    0x0000000000003203      0xbb5 /raid/tools/cross-compilers/riscv-rv32im/lib/gcc/riscv32-unknown-elf/7.2.0/libgcc.a(subtf3.o)
 .debug_line    0x0000000000003db8      0x147 /raid/tools/cross-compilers/riscv-rv32im/lib/gcc/riscv32-unknown-elf/7.2.0/libgcc.a(fixtfsi.o)
 .debug_line    0x0000000000003eff      0x153 /raid/tools/cross-compilers/riscv-rv32im/lib/gcc/riscv32-unknown-elf/7.2.0/libgcc.a(floatsitf.o)
 .debug_line    0x0000000000004052      0x1c3 /raid/tools/cross-compilers/riscv-rv32im/lib/gcc/riscv32-unknown-elf/7.2.0/libgcc.a(extenddftf2.o)
 .debug_line    0x0000000000004215      0x25d /raid/tools/cross-compilers/riscv-rv32im/lib/gcc/riscv32-unknown-elf/7.2.0/libgcc.a(trunctfdf2.o)

.debug_frame    0x0000000000000000      0x6d4
 *(.debug_frame)
 .debug_frame   0x0000000000000000      0x1e0 ./lib/syscalls.o
 .debug_frame   0x00000000000001e0      0x110 ./lib/riscv_counters.o
 .debug_frame   0x00000000000002f0       0xb0 ./lib/ns16550.o
 .debug_frame   0x00000000000003a0       0x34 /tmp/cc31AlHk.o
 .debug_frame   0x00000000000003d4       0x38 /raid/tools/cross-compilers/riscv-rv32im/lib/gcc/riscv32-unknown-elf/7.2.0/libgcc.a(extendsfdf2.o)
 .debug_frame   0x000000000000040c       0x20 /raid/tools/cross-compilers/riscv-rv32im/lib/gcc/riscv32-unknown-elf/7.2.0/libgcc.a(_clzsi2.o)
 .debug_frame   0x000000000000042c       0x54 /raid/tools/cross-compilers/riscv-rv32im/lib/gcc/riscv32-unknown-elf/7.2.0/libgcc.a(divdf3.o)
 .debug_frame   0x0000000000000480       0x54 /raid/tools/cross-compilers/riscv-rv32im/lib/gcc/riscv32-unknown-elf/7.2.0/libgcc.a(muldf3.o)
 .debug_frame   0x00000000000004d4       0x2c /raid/tools/cross-compilers/riscv-rv32im/lib/gcc/riscv32-unknown-elf/7.2.0/libgcc.a(eqtf2.o)
 .debug_frame   0x0000000000000500       0x2c /raid/tools/cross-compilers/riscv-rv32im/lib/gcc/riscv32-unknown-elf/7.2.0/libgcc.a(getf2.o)
 .debug_frame   0x000000000000052c       0x2c /raid/tools/cross-compilers/riscv-rv32im/lib/gcc/riscv32-unknown-elf/7.2.0/libgcc.a(letf2.o)
 .debug_frame   0x0000000000000558       0x64 /raid/tools/cross-compilers/riscv-rv32im/lib/gcc/riscv32-unknown-elf/7.2.0/libgcc.a(multf3.o)
 .debug_frame   0x00000000000005bc       0x4c /raid/tools/cross-compilers/riscv-rv32im/lib/gcc/riscv32-unknown-elf/7.2.0/libgcc.a(subtf3.o)
 .debug_frame   0x0000000000000608       0x2c /raid/tools/cross-compilers/riscv-rv32im/lib/gcc/riscv32-unknown-elf/7.2.0/libgcc.a(fixtfsi.o)
 .debug_frame   0x0000000000000634       0x3c /raid/tools/cross-compilers/riscv-rv32im/lib/gcc/riscv32-unknown-elf/7.2.0/libgcc.a(floatsitf.o)
 .debug_frame   0x0000000000000670       0x38 /raid/tools/cross-compilers/riscv-rv32im/lib/gcc/riscv32-unknown-elf/7.2.0/libgcc.a(extenddftf2.o)
 .debug_frame   0x00000000000006a8       0x2c /raid/tools/cross-compilers/riscv-rv32im/lib/gcc/riscv32-unknown-elf/7.2.0/libgcc.a(trunctfdf2.o)

.debug_str      0x0000000000000000     0x16e9
 *(.debug_str)
 .debug_str     0x0000000000000000       0x4f ./lib/startup.o
 .debug_str     0x000000000000004f      0x538 ./lib/syscalls.o
                                        0x5fc (size before relaxing)
 .debug_str     0x0000000000000587       0x92 ./lib/riscv_counters.o
                                        0x598 (size before relaxing)
 .debug_str     0x0000000000000619      0x240 ./lib/ns16550.o
                                        0x350 (size before relaxing)
 .debug_str     0x0000000000000859       0x28 /tmp/cc31AlHk.o
                                        0x522 (size before relaxing)
 .debug_str     0x0000000000000881      0x346 /raid/tools/cross-compilers/riscv-rv32im/lib/gcc/riscv32-unknown-elf/7.2.0/libgcc.a(_divdi3.o)
                                        0x818 (size before relaxing)
 .debug_str     0x0000000000000bc7        0x9 /raid/tools/cross-compilers/riscv-rv32im/lib/gcc/riscv32-unknown-elf/7.2.0/libgcc.a(_moddi3.o)
                                        0x818 (size before relaxing)
 .debug_str     0x0000000000000bd0      0x158 /raid/tools/cross-compilers/riscv-rv32im/lib/gcc/riscv32-unknown-elf/7.2.0/libgcc.a(extendsfdf2.o)
                                        0x26b (size before relaxing)
 .debug_str     0x0000000000000d28      0x760 /raid/tools/cross-compilers/riscv-rv32im/lib/gcc/riscv32-unknown-elf/7.2.0/libgcc.a(_clz.o)
 .debug_str     0x0000000000000d28        0x9 /raid/tools/cross-compilers/riscv-rv32im/lib/gcc/riscv32-unknown-elf/7.2.0/libgcc.a(_clzsi2.o)
                                        0x77d (size before relaxing)
 .debug_str     0x0000000000000d31        0xa /raid/tools/cross-compilers/riscv-rv32im/lib/gcc/riscv32-unknown-elf/7.2.0/libgcc.a(_udivdi3.o)
                                        0x819 (size before relaxing)
 .debug_str     0x0000000000000d3b        0xa /raid/tools/cross-compilers/riscv-rv32im/lib/gcc/riscv32-unknown-elf/7.2.0/libgcc.a(_umoddi3.o)
                                        0x819 (size before relaxing)
 .debug_str     0x0000000000000d45      0x1c2 /raid/tools/cross-compilers/riscv-rv32im/lib/gcc/riscv32-unknown-elf/7.2.0/libgcc.a(divdf3.o)
                                        0x3f2 (size before relaxing)
 .debug_str     0x0000000000000f07      0x15c /raid/tools/cross-compilers/riscv-rv32im/lib/gcc/riscv32-unknown-elf/7.2.0/libgcc.a(muldf3.o)
                                        0x44a (size before relaxing)
 .debug_str     0x0000000000001063       0x88 /raid/tools/cross-compilers/riscv-rv32im/lib/gcc/riscv32-unknown-elf/7.2.0/libgcc.a(eqtf2.o)
                                        0x247 (size before relaxing)
 .debug_str     0x00000000000010eb       0x59 /raid/tools/cross-compilers/riscv-rv32im/lib/gcc/riscv32-unknown-elf/7.2.0/libgcc.a(getf2.o)
                                        0x26b (size before relaxing)
 .debug_str     0x0000000000001144       0x35 /raid/tools/cross-compilers/riscv-rv32im/lib/gcc/riscv32-unknown-elf/7.2.0/libgcc.a(letf2.o)
                                        0x26b (size before relaxing)