Archive member included to satisfy reference by file (symbol)

/nix/store/gbj4l2s4sjbxcgnqad1k61xnpb5acbz8-riscv32-unknown-elf-rv32imac-toolchain-8.3.0-afcc8bc/lib/gcc/riscv32-unknown-elf/8.3.0/libgcc.a(_divdi3.o)
                              ./lib/syscalls.o (__divdi3)
/nix/store/gbj4l2s4sjbxcgnqad1k61xnpb5acbz8-riscv32-unknown-elf-rv32imac-toolchain-8.3.0-afcc8bc/lib/gcc/riscv32-unknown-elf/8.3.0/libgcc.a(_moddi3.o)
                              ./lib/syscalls.o (__moddi3)
/nix/store/gbj4l2s4sjbxcgnqad1k61xnpb5acbz8-riscv32-unknown-elf-rv32imac-toolchain-8.3.0-afcc8bc/lib/gcc/riscv32-unknown-elf/8.3.0/libgcc.a(divdf3.o)
                              /run/user/1001/ccwp743E.o (__divdf3)
/nix/store/gbj4l2s4sjbxcgnqad1k61xnpb5acbz8-riscv32-unknown-elf-rv32imac-toolchain-8.3.0-afcc8bc/lib/gcc/riscv32-unknown-elf/8.3.0/libgcc.a(muldf3.o)
                              /run/user/1001/ccwp743E.o (__muldf3)
/nix/store/gbj4l2s4sjbxcgnqad1k61xnpb5acbz8-riscv32-unknown-elf-rv32imac-toolchain-8.3.0-afcc8bc/lib/gcc/riscv32-unknown-elf/8.3.0/libgcc.a(mulsf3.o)
                              /run/user/1001/ccwp743E.o (__mulsf3)
/nix/store/gbj4l2s4sjbxcgnqad1k61xnpb5acbz8-riscv32-unknown-elf-rv32imac-toolchain-8.3.0-afcc8bc/lib/gcc/riscv32-unknown-elf/8.3.0/libgcc.a(extendsfdf2.o)
                              /run/user/1001/ccwp743E.o (__extendsfdf2)
/nix/store/gbj4l2s4sjbxcgnqad1k61xnpb5acbz8-riscv32-unknown-elf-rv32imac-toolchain-8.3.0-afcc8bc/lib/gcc/riscv32-unknown-elf/8.3.0/libgcc.a(truncdfsf2.o)
                              /run/user/1001/ccwp743E.o (__truncdfsf2)
/nix/store/gbj4l2s4sjbxcgnqad1k61xnpb5acbz8-riscv32-unknown-elf-rv32imac-toolchain-8.3.0-afcc8bc/lib/gcc/riscv32-unknown-elf/8.3.0/libgcc.a(_clz.o)
                              /nix/store/gbj4l2s4sjbxcgnqad1k61xnpb5acbz8-riscv32-unknown-elf-rv32imac-toolchain-8.3.0-afcc8bc/lib/gcc/riscv32-unknown-elf/8.3.0/libgcc.a(_divdi3.o) (__clz_tab)
/nix/store/gbj4l2s4sjbxcgnqad1k61xnpb5acbz8-riscv32-unknown-elf-rv32imac-toolchain-8.3.0-afcc8bc/lib/gcc/riscv32-unknown-elf/8.3.0/libgcc.a(_clzsi2.o)
                              /nix/store/gbj4l2s4sjbxcgnqad1k61xnpb5acbz8-riscv32-unknown-elf-rv32imac-toolchain-8.3.0-afcc8bc/lib/gcc/riscv32-unknown-elf/8.3.0/libgcc.a(divdf3.o) (__clzsi2)
/nix/store/gbj4l2s4sjbxcgnqad1k61xnpb5acbz8-riscv32-unknown-elf-rv32imac-toolchain-8.3.0-afcc8bc/lib/gcc/riscv32-unknown-elf/8.3.0/../../../../riscv32-unknown-elf/lib/libc.a(lib_a-atexit.o)
                              /nix/store/gbj4l2s4sjbxcgnqad1k61xnpb5acbz8-riscv32-unknown-elf-rv32imac-toolchain-8.3.0-afcc8bc/lib/gcc/riscv32-unknown-elf/8.3.0/../../../../riscv32-unknown-elf/lib/crt0.o (atexit)
/nix/store/gbj4l2s4sjbxcgnqad1k61xnpb5acbz8-riscv32-unknown-elf-rv32imac-toolchain-8.3.0-afcc8bc/lib/gcc/riscv32-unknown-elf/8.3.0/../../../../riscv32-unknown-elf/lib/libc.a(lib_a-errno.o)
                              ./lib/syscalls.o (__errno)
/nix/store/gbj4l2s4sjbxcgnqad1k61xnpb5acbz8-riscv32-unknown-elf-rv32imac-toolchain-8.3.0-afcc8bc/lib/gcc/riscv32-unknown-elf/8.3.0/../../../../riscv32-unknown-elf/lib/libc.a(lib_a-exit.o)
                              /nix/store/gbj4l2s4sjbxcgnqad1k61xnpb5acbz8-riscv32-unknown-elf-rv32imac-toolchain-8.3.0-afcc8bc/lib/gcc/riscv32-unknown-elf/8.3.0/../../../../riscv32-unknown-elf/lib/crt0.o (exit)
/nix/store/gbj4l2s4sjbxcgnqad1k61xnpb5acbz8-riscv32-unknown-elf-rv32imac-toolchain-8.3.0-afcc8bc/lib/gcc/riscv32-unknown-elf/8.3.0/../../../../riscv32-unknown-elf/lib/libc.a(lib_a-fini.o)
                              /nix/store/gbj4l2s4sjbxcgnqad1k61xnpb5acbz8-riscv32-unknown-elf-rv32imac-toolchain-8.3.0-afcc8bc/lib/gcc/riscv32-unknown-elf/8.3.0/../../../../riscv32-unknown-elf/lib/crt0.o (__libc_fini_array)
/nix/store/gbj4l2s4sjbxcgnqad1k61xnpb5acbz8-riscv32-unknown-elf-rv32imac-toolchain-8.3.0-afcc8bc/lib/gcc/riscv32-unknown-elf/8.3.0/../../../../riscv32-unknown-elf/lib/libc.a(lib_a-impure.o)
                              /nix/store/gbj4l2s4sjbxcgnqad1k61xnpb5acbz8-riscv32-unknown-elf-rv32imac-toolchain-8.3.0-afcc8bc/lib/gcc/riscv32-unknown-elf/8.3.0/../../../../riscv32-unknown-elf/lib/libc.a(lib_a-exit.o) (_global_impure_ptr)
/nix/store/gbj4l2s4sjbxcgnqad1k61xnpb5acbz8-riscv32-unknown-elf-rv32imac-toolchain-8.3.0-afcc8bc/lib/gcc/riscv32-unknown-elf/8.3.0/../../../../riscv32-unknown-elf/lib/libc.a(lib_a-init.o)
                              /nix/store/gbj4l2s4sjbxcgnqad1k61xnpb5acbz8-riscv32-unknown-elf-rv32imac-toolchain-8.3.0-afcc8bc/lib/gcc/riscv32-unknown-elf/8.3.0/../../../../riscv32-unknown-elf/lib/crt0.o (__libc_init_array)
/nix/store/gbj4l2s4sjbxcgnqad1k61xnpb5acbz8-riscv32-unknown-elf-rv32imac-toolchain-8.3.0-afcc8bc/lib/gcc/riscv32-unknown-elf/8.3.0/../../../../riscv32-unknown-elf/lib/libc.a(lib_a-memset.o)
                              /nix/store/gbj4l2s4sjbxcgnqad1k61xnpb5acbz8-riscv32-unknown-elf-rv32imac-toolchain-8.3.0-afcc8bc/lib/gcc/riscv32-unknown-elf/8.3.0/../../../../riscv32-unknown-elf/lib/crt0.o (memset)
[...]
Memory Configuration

Name             Origin             Length             Attributes
*default*        0x0000000000000000 0xffffffffffffffff

Linker script and memory map

LOAD ./lib/syscalls.o
LOAD ./lib/riscv_counters.o
LOAD ./lib/ns16550.o
Address of section .text-segment set to 0xc0000000
LOAD /run/user/1001/ccwp743E.o
LOAD /nix/store/gbj4l2s4sjbxcgnqad1k61xnpb5acbz8-riscv32-unknown-elf-rv32imac-toolchain-8.3.0-afcc8bc/lib/gcc/riscv32-unknown-elf/8.3.0/../../../../riscv32-unknown-elf/lib/libm.a
LOAD /nix/store/gbj4l2s4sjbxcgnqad1k61xnpb5acbz8-riscv32-unknown-elf-rv32imac-toolchain-8.3.0-afcc8bc/lib/gcc/riscv32-unknown-elf/8.3.0/libgcc.a
LOAD /nix/store/gbj4l2s4sjbxcgnqad1k61xnpb5acbz8-riscv32-unknown-elf-rv32imac-toolchain-8.3.0-afcc8bc/lib/gcc/riscv32-unknown-elf/8.3.0/../../../../riscv32-unknown-elf/lib/libnosys.a
LOAD /nix/store/gbj4l2s4sjbxcgnqad1k61xnpb5acbz8-riscv32-unknown-elf-rv32imac-toolchain-8.3.0-afcc8bc/lib/gcc/riscv32-unknown-elf/8.3.0/libgcc.a
START GROUP
LOAD /nix/store/gbj4l2s4sjbxcgnqad1k61xnpb5acbz8-riscv32-unknown-elf-rv32imac-toolchain-8.3.0-afcc8bc/lib/gcc/riscv32-unknown-elf/8.3.0/libgcc.a
LOAD /nix/store/gbj4l2s4sjbxcgnqad1k61xnpb5acbz8-riscv32-unknown-elf-rv32imac-toolchain-8.3.0-afcc8bc/lib/gcc/riscv32-unknown-elf/8.3.0/../../../../riscv32-unknown-elf/lib/libc.a
LOAD /nix/store/gbj4l2s4sjbxcgnqad1k61xnpb5acbz8-riscv32-unknown-elf-rv32imac-toolchain-8.3.0-afcc8bc/lib/gcc/riscv32-unknown-elf/8.3.0/../../../../riscv32-unknown-elf/lib/libnosys.a
END GROUP
LOAD /nix/store/gbj4l2s4sjbxcgnqad1k61xnpb5acbz8-riscv32-unknown-elf-rv32imac-toolchain-8.3.0-afcc8bc/lib/gcc/riscv32-unknown-elf/8.3.0/crtend.o
                [!provide]                        PROVIDE (__executable_start = SEGMENT_START ("text-segment", 0x10000))
                0x00000000c0000074                . = (SEGMENT_START ("text-segment", 0x10000) + SIZEOF_HEADERS)

.interp
 *(.interp)

.note.gnu.build-id
 *(.note.gnu.build-id)

.hash
 *(.hash)

.gnu.hash
 *(.gnu.hash)

.dynsym
 *(.dynsym)

.dynstr
 *(.dynstr)

.gnu.version
 *(.gnu.version)

.gnu.version_d
 *(.gnu.version_d)

.gnu.version_r
 *(.gnu.version_r)

.rela.dyn       0x00000000c0000074        0x0
 *(.rela.init)
 *(.rela.text .rela.text.* .rela.gnu.linkonce.t.*)
 .rela.text     0x00000000c0000074        0x0 /nix/store/gbj4l2s4sjbxcgnqad1k61xnpb5acbz8-riscv32-unknown-elf-rv32imac-toolchain-8.3.0-afcc8bc/lib/gcc/riscv32-unknown-elf/8.3.0/../../../../riscv32-unknown-elf/lib/crt0.o
 *(.rela.fini)
 *(.rela.rodata .rela.rodata.* .rela.gnu.linkonce.r.*)
 *(.rela.data .rela.data.* .rela.gnu.linkonce.d.*)
 *(.rela.tdata .rela.tdata.* .rela.gnu.linkonce.td.*)
 *(.rela.tbss .rela.tbss.* .rela.gnu.linkonce.tb.*)
 *(.rela.ctors)
 *(.rela.dtors)
 *(.rela.got)
 *(.rela.sdata .rela.sdata.* .rela.gnu.linkonce.s.*)
 *(.rela.sbss .rela.sbss.* .rela.gnu.linkonce.sb.*)
 *(.rela.sdata2 .rela.sdata2.* .rela.gnu.linkonce.s2.*)
 *(.rela.sbss2 .rela.sbss2.* .rela.gnu.linkonce.sb2.*)
 *(.rela.bss .rela.bss.* .rela.gnu.linkonce.b.*)
                [!provide]                        PROVIDE (__rela_iplt_start = .)
 *(.rela.iplt)
                [!provide]                        PROVIDE (__rela_iplt_end = .)

.rela.plt
 *(.rela.plt)

.init
 *(SORT_NONE(.init))

.plt
 *(.plt)

.iplt
 *(.iplt)

.text           0x00000000c0000074     0xc90e
 *(.text.unlikely .text.*_unlikely .text.unlikely.*)
 *(.text.exit .text.exit.*)
 *(.text.startup .text.startup.*)
 *(.text.hot .text.hot.*)
 *(.text .stub .text.* .gnu.linkonce.t.*)
 .text          0x00000000c0000074       0x38 /nix/store/gbj4l2s4sjbxcgnqad1k61xnpb5acbz8-riscv32-unknown-elf-rv32imac-toolchain-8.3.0-afcc8bc/lib/gcc/riscv32-unknown-elf/8.3.0/../../../../riscv32-unknown-elf/lib/crt0.o
                0x00000000c0000074                _start
                0x00000000c00000aa                _init
                0x00000000c00000aa                _fini
 .text          0x00000000c00000ac       0xaa /nix/store/gbj4l2s4sjbxcgnqad1k61xnpb5acbz8-riscv32-unknown-elf-rv32imac-toolchain-8.3.0-afcc8bc/lib/gcc/riscv32-unknown-elf/8.3.0/crtbegin.o
 *fill*         0x00000000c0000156        0x2 
 .text          0x00000000c0000158      0x4ec ./lib/syscalls.o
                0x00000000c0000158                read
                0x00000000c00001e4                write
                0x00000000c0000250                gettimeofday
                0x00000000c000034c                sleep
                0x00000000c00003f8                _sbrk
                0x00000000c0000434                _write
                0x00000000c00004a0                _close
                0x00000000c00004dc                _lseek
                0x00000000c0000520                _read
                0x00000000c0000564                _fstat
                0x00000000c00005a4                _isatty
                0x00000000c00005e0                _kill
                0x00000000c0000620                _getpid
 .text          0x00000000c0000644      0x258 ./lib/riscv_counters.o
                0x00000000c0000644                read_cycle
                0x00000000c00006b0                read_time
                0x00000000c000071c                read_instret
                0x00000000c0000788                fence
                0x00000000c00007a8                io_read32
                0x00000000c00007dc                io_write32
                0x00000000c0000818                io_read64
                0x00000000c0000854                io_write64
 .text          0x00000000c000089c      0x1e4 ./lib/ns16550.o
                0x00000000c0000974                ns16550_rxready
                0x00000000c00009ac                ns16550_rxchar
                0x00000000c00009f4                ns16550_txchar
                0x00000000c0000a48                ns16550_flush
 .text          0x00000000c0000a80      0x178 /run/user/1001/ccwp743E.o
                0x00000000c0000a80                main
 .text          0x00000000c0000bf8      0x39c /nix/store/gbj4l2s4sjbxcgnqad1k61xnpb5acbz8-riscv32-unknown-elf-rv32imac-toolchain-8.3.0-afcc8bc/lib/gcc/riscv32-unknown-elf/8.3.0/libgcc.a(_divdi3.o)
                0x00000000c0000bf8                __divdi3
 .text          0x00000000c0000f94      0x392 /nix/store/gbj4l2s4sjbxcgnqad1k61xnpb5acbz8-riscv32-unknown-elf-rv32imac-toolchain-8.3.0-afcc8bc/lib/gcc/riscv32-unknown-elf/8.3.0/libgcc.a(_moddi3.o)
                0x00000000c0000f94                __moddi3
 .text          0x00000000c0001326      0x534 /nix/store/gbj4l2s4sjbxcgnqad1k61xnpb5acbz8-riscv32-unknown-elf-rv32imac-toolchain-8.3.0-afcc8bc/lib/gcc/riscv32-unknown-elf/8.3.0/libgcc.a(divdf3.o)
                0x00000000c0001326                __divdf3
 .text          0x00000000c000185a      0x432 /nix/store/gbj4l2s4sjbxcgnqad1k61xnpb5acbz8-riscv32-unknown-elf-rv32imac-toolchain-8.3.0-afcc8bc/lib/gcc/riscv32-unknown-elf/8.3.0/libgcc.a(muldf3.o)
                0x00000000c000185a                __muldf3
 .text          0x00000000c0001c8c      0x21a /nix/store/gbj4l2s4sjbxcgnqad1k61xnpb5acbz8-riscv32-unknown-elf-rv32imac-toolchain-8.3.0-afcc8bc/lib/gcc/riscv32-unknown-elf/8.3.0/libgcc.a(mulsf3.o)
                0x00000000c0001c8c                __mulsf3
 .text          0x00000000c0001ea6       0x98 /nix/store/gbj4l2s4sjbxcgnqad1k61xnpb5acbz8-riscv32-unknown-elf-rv32imac-toolchain-8.3.0-afcc8bc/lib/gcc/riscv32-unknown-elf/8.3.0/libgcc.a(extendsfdf2.o)
                0x00000000c0001ea6                __extendsfdf2
 .text          0x00000000c0001f3e      0x122 /nix/store/gbj4l2s4sjbxcgnqad1k61xnpb5acbz8-riscv32-unknown-elf-rv32imac-toolchain-8.3.0-afcc8bc/lib/gcc/riscv32-unknown-elf/8.3.0/libgcc.a(truncdfsf2.o)
                0x00000000c0001f3e                __truncdfsf2
 .text          0x00000000c0002060        0x0 /nix/store/gbj4l2s4sjbxcgnqad1k61xnpb5acbz8-riscv32-unknown-elf-rv32imac-toolchain-8.3.0-afcc8bc/lib/gcc/riscv32-unknown-elf/8.3.0/libgcc.a(_clz.o)
 .text          0x00000000c0002060       0x3c /nix/store/gbj4l2s4sjbxcgnqad1k61xnpb5acbz8-riscv32-unknown-elf-rv32imac-toolchain-8.3.0-afcc8bc/lib/gcc/riscv32-unknown-elf/8.3.0/libgcc.a(_clzsi2.o)
                0x00000000c0002060                __clzsi2
 .text          0x00000000c000209c        0xc /nix/store/gbj4l2s4sjbxcgnqad1k61xnpb5acbz8-riscv32-unknown-elf-rv32imac-toolchain-8.3.0-afcc8bc/lib/gcc/riscv32-unknown-elf/8.3.0/../../../../riscv32-unknown-elf/lib/libc.a(lib_a-atexit.o)
                0x00000000c000209c                atexit
 .text          0x00000000c00020a8        0x6 /nix/store/gbj4l2s4sjbxcgnqad1k61xnpb5acbz8-riscv32-unknown-elf-rv32imac-toolchain-8.3.0-afcc8bc/lib/gcc/riscv32-unknown-elf/8.3.0/../../../../riscv32-unknown-elf/lib/libc.a(lib_a-errno.o)
                0x00000000c00020a8                __errno
 .text          0x00000000c00020ae       0x1e /nix/store/gbj4l2s4sjbxcgnqad1k61xnpb5acbz8-riscv32-unknown-elf-rv32imac-toolchain-8.3.0-afcc8bc/lib/gcc/riscv32-unknown-elf/8.3.0/../../../../riscv32-unknown-elf/lib/libc.a(lib_a-exit.o)
                0x00000000c00020ae                exit
 .text          0x00000000c00020cc       0x3c /nix/store/gbj4l2s4sjbxcgnqad1k61xnpb5acbz8-riscv32-unknown-elf-rv32imac-toolchain-8.3.0-afcc8bc/lib/gcc/riscv32-unknown-elf/8.3.0/../../../../riscv32-unknown-elf/lib/libc.a(lib_a-fini.o)
                0x00000000c00020cc                __libc_fini_array
 .text          0x00000000c0002108        0x0 /nix/store/gbj4l2s4sjbxcgnqad1k61xnpb5acbz8-riscv32-unknown-elf-rv32imac-toolchain-8.3.0-afcc8bc/lib/gcc/riscv32-unknown-elf/8.3.0/../../../../riscv32-unknown-elf/lib/libc.a(lib_a-impure.o)
 .text          0x00000000c0002108       0x72 /nix/store/gbj4l2s4sjbxcgnqad1k61xnpb5acbz8-riscv32-unknown-elf-rv32imac-toolchain-8.3.0-afcc8bc/lib/gcc/riscv32-unknown-elf/8.3.0/../../../../riscv32-unknown-elf/lib/libc.a(lib_a-init.o)
                0x00000000c0002108                __libc_init_array
 .text          0x00000000c000217a       0xa8 /nix/store/gbj4l2s4sjbxcgnqad1k61xnpb5acbz8-riscv32-unknown-elf-rv32imac-toolchain-8.3.0-afcc8bc/lib/gcc/riscv32-unknown-elf/8.3.0/../../../../riscv32-unknown-elf/lib/libc.a(lib_a-memset.o)
                0x00000000c000217a                memset
 .text          0x00000000c0002222       0x48 /nix/store/gbj4l2s4sjbxcgnqad1k61xnpb5acbz8-riscv32-unknown-elf-rv32imac-toolchain-8.3.0-afcc8bc/lib/gcc/riscv32-unknown-elf/8.3.0/../../../../riscv32-unknown-elf/lib/libc.a(lib_a-printf.o)
                0x00000000c0002222                _printf_r
                0x00000000c0002242                printf
 .text          0x00000000c000226a       0x7c /nix/store/gbj4l2s4sjbxcgnqad1k61xnpb5acbz8-riscv32-unknown-elf-rv32imac-toolchain-8.3.0-afcc8bc/lib/gcc/riscv32-unknown-elf/8.3.0/../../../../riscv32-unknown-elf/lib/libc.a(lib_a-puts.o)
                0x00000000c000226a                _puts_r
                0x00000000c00022de                puts
 .text          0x00000000c00022e6       0x12 /nix/store/gbj4l2s4sjbxcgnqad1k61xnpb5acbz8-riscv32-unknown-elf-rv32imac-toolchain-8.3.0-afcc8bc/lib/gcc/riscv32-unknown-elf/8.3.0/../../../../riscv32-unknown-elf/lib/libc.a(lib_a-strlen.o)
                0x00000000c00022e6                strlen
 .text          0x00000000c00022f8     0x166c /nix/store/gbj4l2s4sjbxcgnqad1k61xnpb5acbz8-riscv32-unknown-elf-rv32imac-toolchain-8.3.0-afcc8bc/lib/gcc/riscv32-unknown-elf/8.3.0/../../../../riscv32-unknown-elf/lib/libc.a(lib_a-vfprintf.o)
                0x00000000c00022f8                _vfprintf_r
                0x00000000c00038cc                vfprintf
 .text          0x00000000c0003964       0xd6 /nix/store/gbj4l2s4sjbxcgnqad1k61xnpb5acbz8-riscv32-unknown-elf-rv32imac-toolchain-8.3.0-afcc8bc/lib/gcc/riscv32-unknown-elf/8.3.0/../../../../riscv32-unknown-elf/lib/libc.a(lib_a-wsetup.o)
                0x00000000c0003964                __swsetup_r
 .text          0x00000000c0003a3a       0x60 /nix/store/gbj4l2s4sjbxcgnqad1k61xnpb5acbz8-riscv32-unknown-elf-rv32imac-toolchain-8.3.0-afcc8bc/lib/gcc/riscv32-unknown-elf/8.3.0/../../../../riscv32-unknown-elf/lib/libc.a(lib_a-__atexit.o)
                0x00000000c0003a3a                __register_exitproc
 .text          0x00000000c0003a9a       0xaa /nix/store/gbj4l2s4sjbxcgnqad1k61xnpb5acbz8-riscv32-unknown-elf-rv32imac-toolchain-8.3.0-afcc8bc/lib/gcc/riscv32-unknown-elf/8.3.0/../../../../riscv32-unknown-elf/lib/libc.a(lib_a-__call_atexit.o)
                0x00000000c0003a9a                __call_exitprocs
 .text          0x00000000c0003b44      0x1b2 /nix/store/gbj4l2s4sjbxcgnqad1k61xnpb5acbz8-riscv32-unknown-elf-rv32imac-toolchain-8.3.0-afcc8bc/lib/gcc/riscv32-unknown-elf/8.3.0/../../../../riscv32-unknown-elf/lib/libc.a(lib_a-fflush.o)
                0x00000000c0003b44                __sflush_r
                0x00000000c0003cae                _fflush_r
                0x00000000c0003cdc                fflush
 .text          0x00000000c0003cf6      0x1d6 /nix/store/gbj4l2s4sjbxcgnqad1k61xnpb5acbz8-riscv32-unknown-elf-rv32imac-toolchain-8.3.0-afcc8bc/lib/gcc/riscv32-unknown-elf/8.3.0/../../../../riscv32-unknown-elf/lib/libc.a(lib_a-findfp.o)
                0x00000000c0003d64                _cleanup_r
                0x00000000c0003d72                __sfmoreglue
                0x00000000c0003dba                _cleanup
                0x00000000c0003dc0                __sinit
                0x00000000c0003e0e                __sfp
                0x00000000c0003ea8                __sfp_lock_acquire
                0x00000000c0003eaa                __sfp_lock_release
                0x00000000c0003eac                __sinit_lock_acquire
                0x00000000c0003eae                __sinit_lock_release
                0x00000000c0003eb0                __fp_lock_all
                0x00000000c0003ebe                __fp_unlock_all
 .text          0x00000000c0003ecc      0x256 /nix/store/gbj4l2s4sjbxcgnqad1k61xnpb5acbz8-riscv32-unknown-elf-rv32imac-toolchain-8.3.0-afcc8bc/lib/gcc/riscv32-unknown-elf/8.3.0/../../../../riscv32-unknown-elf/lib/libc.a(lib_a-freer.o)
                0x00000000c0003ecc                _malloc_trim_r
                0x00000000c0003f84                _free_r
 .text          0x00000000c0004122      0x2e4 /nix/store/gbj4l2s4sjbxcgnqad1k61xnpb5acbz8-riscv32-unknown-elf-rv32imac-toolchain-8.3.0-afcc8bc/lib/gcc/riscv32-unknown-elf/8.3.0/../../../../riscv32-unknown-elf/lib/libc.a(lib_a-fvwrite.o)
                0x00000000c0004122                __sfvwrite_r
 .text          0x00000000c0004406       0xce /nix/store/gbj4l2s4sjbxcgnqad1k61xnpb5acbz8-riscv32-unknown-elf-rv32imac-toolchain-8.3.0-afcc8bc/lib/gcc/riscv32-unknown-elf/8.3.0/../../../../riscv32-unknown-elf/lib/libc.a(lib_a-fwalk.o)
                0x00000000c0004406                _fwalk
                0x00000000c0004468                _fwalk_reent
 .text          0x00000000c00044d4     0x15f6 /nix/store/gbj4l2s4sjbxcgnqad1k61xnpb5acbz8-riscv32-unknown-elf-rv32imac-toolchain-8.3.0-afcc8bc/lib/gcc/riscv32-unknown-elf/8.3.0/../../../../riscv32-unknown-elf/lib/libc.a(lib_a-ldtoa.o)
                0x00000000c00051ae                _ldtoa_r
                0x00000000c0005a8c                _ldcheck
 .text          0x00000000c0005aca       0x2a /nix/store/gbj4l2s4sjbxcgnqad1k61xnpb5acbz8-riscv32-unknown-elf-rv32imac-toolchain-8.3.0-afcc8bc/lib/gcc/riscv32-unknown-elf/8.3.0/../../../../riscv32-unknown-elf/lib/libc.a(lib_a-localeconv.o)
                0x00000000c0005aca                __localeconv_l
                0x00000000c0005ad0                _localeconv_r
                0x00000000c0005ae2                localeconv
 .text          0x00000000c0005af4      0x104 /nix/store/gbj4l2s4sjbxcgnqad1k61xnpb5acbz8-riscv32-unknown-elf-rv32imac-toolchain-8.3.0-afcc8bc/lib/gcc/riscv32-unknown-elf/8.3.0/../../../../riscv32-unknown-elf/lib/libc.a(lib_a-makebuf.o)
                0x00000000c0005af4                __swhatbuf_r
                0x00000000c0005b5a                __smakebuf_r
 .text          0x00000000c0005bf8      0x4a8 /nix/store/gbj4l2s4sjbxcgnqad1k61xnpb5acbz8-riscv32-unknown-elf-rv32imac-toolchain-8.3.0-afcc8bc/lib/gcc/riscv32-unknown-elf/8.3.0/../../../../riscv32-unknown-elf/lib/libc.a(lib_a-mallocr.o)
                0x00000000c0005bf8                _malloc_r
 .text          0x00000000c00060a0       0x1a /nix/store/gbj4l2s4sjbxcgnqad1k61xnpb5acbz8-riscv32-unknown-elf-rv32imac-toolchain-8.3.0-afcc8bc/lib/gcc/riscv32-unknown-elf/8.3.0/../../../../riscv32-unknown-elf/lib/libc.a(lib_a-memchr.o)
                0x00000000c00060a0                memchr
 .text          0x00000000c00060ba       0xb6 /nix/store/gbj4l2s4sjbxcgnqad1k61xnpb5acbz8-riscv32-unknown-elf-rv32imac-toolchain-8.3.0-afcc8bc/lib/gcc/riscv32-unknown-elf/8.3.0/../../../../riscv32-unknown-elf/lib/libc.a(lib_a-memcpy.o)
                0x00000000c00060ba                memcpy
 .text          0x00000000c0006170       0x4a /nix/store/gbj4l2s4sjbxcgnqad1k61xnpb5acbz8-riscv32-unknown-elf-rv32imac-toolchain-8.3.0-afcc8bc/lib/gcc/riscv32-unknown-elf/8.3.0/../../../../riscv32-unknown-elf/lib/libc.a(lib_a-memmove.o)
                0x00000000c0006170                memmove
 .text          0x00000000c00061ba        0x4 /nix/store/gbj4l2s4sjbxcgnqad1k61xnpb5acbz8-riscv32-unknown-elf-rv32imac-toolchain-8.3.0-afcc8bc/lib/gcc/riscv32-unknown-elf/8.3.0/../../../../riscv32-unknown-elf/lib/libc.a(lib_a-mlock.o)
                0x00000000c00061ba                __malloc_lock
                0x00000000c00061bc                __malloc_unlock
 .text          0x00000000c00061be      0x938 /nix/store/gbj4l2s4sjbxcgnqad1k61xnpb5acbz8-riscv32-unknown-elf-rv32imac-toolchain-8.3.0-afcc8bc/lib/gcc/riscv32-unknown-elf/8.3.0/../../../../riscv32-unknown-elf/lib/libc.a(lib_a-mprec.o)
                0x00000000c00061be                _Balloc
                0x00000000c0006224                _Bfree
                0x00000000c0006238                __multadd
                0x00000000c00062cc                __s2b
                0x00000000c000636c                __hi0bits
                0x00000000c00063b2                __lo0bits
                0x00000000c000641c                __i2b
                0x00000000c0006436                __multiply
                0x00000000c0006578                __pow5mult
                0x00000000c0006608                __lshift
                0x00000000c00066d2                __mcmp
                0x00000000c0006704                __mdiff
                0x00000000c00067f0                __ulp
                0x00000000c0006836                __b2d
                0x00000000c00068e8                __d2b
                0x00000000c00069b4                __ratio
                0x00000000c0006a24                _mprec_log10
                0x00000000c0006a7a                __copybits
                0x00000000c0006ab0                __any_on
 .text          0x00000000c0006af6      0x39e /nix/store/gbj4l2s4sjbxcgnqad1k61xnpb5acbz8-riscv32-unknown-elf-rv32imac-toolchain-8.3.0-afcc8bc/lib/gcc/riscv32-unknown-elf/8.3.0/../../../../riscv32-unknown-elf/lib/libc.a(lib_a-reallocr.o)
                0x00000000c0006af6                _realloc_r
 .text          0x00000000c0006e94       0x7e /nix/store/gbj4l2s4sjbxcgnqad1k61xnpb5acbz8-riscv32-unknown-elf-rv32imac-toolchain-8.3.0-afcc8bc/lib/gcc/riscv32-unknown-elf/8.3.0/../../../../riscv32-unknown-elf/lib/libc.a(lib_a-s_frexp.o)
                0x00000000c0006e94                frexp
 .text          0x00000000c0006f12       0x2c /nix/store/gbj4l2s4sjbxcgnqad1k61xnpb5acbz8-riscv32-unknown-elf-rv32imac-toolchain-8.3.0-afcc8bc/lib/gcc/riscv32-unknown-elf/8.3.0/../../../../riscv32-unknown-elf/lib/libc.a(lib_a-sbrkr.o)
                0x00000000c0006f12                _sbrk_r
 .text          0x00000000c0006f3e       0x7c /nix/store/gbj4l2s4sjbxcgnqad1k61xnpb5acbz8-riscv32-unknown-elf-rv32imac-toolchain-8.3.0-afcc8bc/lib/gcc/riscv32-unknown-elf/8.3.0/../../../../riscv32-unknown-elf/lib/libc.a(lib_a-sprintf.o)
                0x00000000c0006f3e                _sprintf_r
                0x00000000c0006f78                sprintf
 .text          0x00000000c0006fba       0xc8 /nix/store/gbj4l2s4sjbxcgnqad1k61xnpb5acbz8-riscv32-unknown-elf-rv32imac-toolchain-8.3.0-afcc8bc/lib/gcc/riscv32-unknown-elf/8.3.0/../../../../riscv32-unknown-elf/lib/libc.a(lib_a-stdio.o)
                0x00000000c0006fba                __sread
                0x00000000c0006fec                __seofread
                0x00000000c0006ff0                __swrite
                0x00000000c0007042                __sseek
                0x00000000c000707a                __sclose
 .text          0x00000000c0007082       0x12 /nix/store/gbj4l2s4sjbxcgnqad1k61xnpb5acbz8-riscv32-unknown-elf-rv32imac-toolchain-8.3.0-afcc8bc/lib/gcc/riscv32-unknown-elf/8.3.0/../../../../riscv32-unknown-elf/lib/libc.a(lib_a-strcpy.o)
                0x00000000c0007082                strcpy
 .text          0x00000000c0007094       0x24 /nix/store/gbj4l2s4sjbxcgnqad1k61xnpb5acbz8-riscv32-unknown-elf-rv32imac-toolchain-8.3.0-afcc8bc/lib/gcc/riscv32-unknown-elf/8.3.0/../../../../riscv32-unknown-elf/lib/libc.a(lib_a-strncpy.o)
                0x00000000c0007094                strncpy
 .text          0x00000000c00070b8     0x15a0 /nix/store/gbj4l2s4sjbxcgnqad1k61xnpb5acbz8-riscv32-unknown-elf-rv32imac-toolchain-8.3.0-afcc8bc/lib/gcc/riscv32-unknown-elf/8.3.0/../../../../riscv32-unknown-elf/lib/libc.a(lib_a-svfprintf.o)
                0x00000000c00070b8                _svfprintf_r
 .text          0x00000000c0008658      0xa0c /nix/store/gbj4l2s4sjbxcgnqad1k61xnpb5acbz8-riscv32-unknown-elf-rv32imac-toolchain-8.3.0-afcc8bc/lib/gcc/riscv32-unknown-elf/8.3.0/../../../../riscv32-unknown-elf/lib/libc.a(lib_a-vfiprintf.o)
                0x00000000c0008658                __sprint_r
                0x00000000c00086f4                _vfiprintf_r
                0x00000000c0008fca                vfiprintf
 .text          0x00000000c0009064       0x30 /nix/store/gbj4l2s4sjbxcgnqad1k61xnpb5acbz8-riscv32-unknown-elf-rv32imac-toolchain-8.3.0-afcc8bc/lib/gcc/riscv32-unknown-elf/8.3.0/../../../../riscv32-unknown-elf/lib/libc.a(lib_a-writer.o)
                0x00000000c0009064                _write_r
 .text          0x00000000c0009094       0x78 /nix/store/gbj4l2s4sjbxcgnqad1k61xnpb5acbz8-riscv32-unknown-elf-rv32imac-toolchain-8.3.0-afcc8bc/lib/gcc/riscv32-unknown-elf/8.3.0/../../../../riscv32-unknown-elf/lib/libc.a(lib_a-callocr.o)
                0x00000000c0009094                _calloc_r
 .text          0x00000000c000910c       0x2c /nix/store/gbj4l2s4sjbxcgnqad1k61xnpb5acbz8-riscv32-unknown-elf-rv32imac-toolchain-8.3.0-afcc8bc/lib/gcc/riscv32-unknown-elf/8.3.0/../../../../riscv32-unknown-elf/lib/libc.a(lib_a-closer.o)
                0x00000000c000910c                _close_r
 .text          0x00000000c0009138       0x96 /nix/store/gbj4l2s4sjbxcgnqad1k61xnpb5acbz8-riscv32-unknown-elf-rv32imac-toolchain-8.3.0-afcc8bc/lib/gcc/riscv32-unknown-elf/8.3.0/../../../../riscv32-unknown-elf/lib/libc.a(lib_a-fclose.o)
                0x00000000c0009138                _fclose_r
                0x00000000c00091c6                fclose
 .text          0x00000000c00091ce      0x100 /nix/store/gbj4l2s4sjbxcgnqad1k61xnpb5acbz8-riscv32-unknown-elf-rv32imac-toolchain-8.3.0-afcc8bc/lib/gcc/riscv32-unknown-elf/8.3.0/../../../../riscv32-unknown-elf/lib/libc.a(lib_a-fputwc.o)
                0x00000000c00091ce                __fputwc
                0x00000000c0009282                _fputwc_r
                0x00000000c00092a0                fputwc
 .text          0x00000000c00092ce       0x2e /nix/store/gbj4l2s4sjbxcgnqad1k61xnpb5acbz8-riscv32-unknown-elf-rv32imac-toolchain-8.3.0-afcc8bc/lib/gcc/riscv32-unknown-elf/8.3.0/../../../../riscv32-unknown-elf/lib/libc.a(lib_a-fstatr.o)
                0x00000000c00092ce                _fstat_r
 .text          0x00000000c00092fc       0x2c /nix/store/gbj4l2s4sjbxcgnqad1k61xnpb5acbz8-riscv32-unknown-elf-rv32imac-toolchain-8.3.0-afcc8bc/lib/gcc/riscv32-unknown-elf/8.3.0/../../../../riscv32-unknown-elf/lib/libc.a(lib_a-isattyr.o)
                0x00000000c00092fc                _isatty_r
 .text          0x00000000c0009328       0x7c /nix/store/gbj4l2s4sjbxcgnqad1k61xnpb5acbz8-riscv32-unknown-elf-rv32imac-toolchain-8.3.0-afcc8bc/lib/gcc/riscv32-unknown-elf/8.3.0/../../../../riscv32-unknown-elf/lib/libc.a(lib_a-locale.o)
                0x00000000c0009328                _setlocale_r
                0x00000000c0009370                __locale_mb_cur_max
                0x00000000c0009382                __locale_ctype_ptr_l
                0x00000000c0009388                __locale_ctype_ptr
                0x00000000c000939a                setlocale
 .text          0x00000000c00093a4       0x30 /nix/store/gbj4l2s4sjbxcgnqad1k61xnpb5acbz8-riscv32-unknown-elf-rv32imac-toolchain-8.3.0-afcc8bc/lib/gcc/riscv32-unknown-elf/8.3.0/../../../../riscv32-unknown-elf/lib/libc.a(lib_a-lseekr.o)
                0x00000000c00093a4                _lseek_r
 .text          0x00000000c00093d4       0x4c /nix/store/gbj4l2s4sjbxcgnqad1k61xnpb5acbz8-riscv32-unknown-elf-rv32imac-toolchain-8.3.0-afcc8bc/lib/gcc/riscv32-unknown-elf/8.3.0/../../../../riscv32-unknown-elf/lib/libc.a(lib_a-mbtowc_r.o)
                0x00000000c00093d4                _mbtowc_r
                0x00000000c00093e6                __ascii_mbtowc
 .text          0x00000000c0009420       0x30 /nix/store/gbj4l2s4sjbxcgnqad1k61xnpb5acbz8-riscv32-unknown-elf-rv32imac-toolchain-8.3.0-afcc8bc/lib/gcc/riscv32-unknown-elf/8.3.0/../../../../riscv32-unknown-elf/lib/libc.a(lib_a-readr.o)
                0x00000000c0009420                _read_r
 .text          0x00000000c0009450       0xc8 /nix/store/gbj4l2s4sjbxcgnqad1k61xnpb5acbz8-riscv32-unknown-elf-rv32imac-toolchain-8.3.0-afcc8bc/lib/gcc/riscv32-unknown-elf/8.3.0/../../../../riscv32-unknown-elf/lib/libc.a(lib_a-reent.o)
                0x00000000c0009450                cleanup_glue
                0x00000000c0009472                _reclaim_reent
 .text          0x00000000c0009518      0x11e /nix/store/gbj4l2s4sjbxcgnqad1k61xnpb5acbz8-riscv32-unknown-elf-rv32imac-toolchain-8.3.0-afcc8bc/lib/gcc/riscv32-unknown-elf/8.3.0/../../../../riscv32-unknown-elf/lib/libc.a(lib_a-strcmp.o)
                0x00000000c0009518                strcmp
 .text          0x00000000c0009636      0x9b4 /nix/store/gbj4l2s4sjbxcgnqad1k61xnpb5acbz8-riscv32-unknown-elf-rv32imac-toolchain-8.3.0-afcc8bc/lib/gcc/riscv32-unknown-elf/8.3.0/../../../../riscv32-unknown-elf/lib/libc.a(lib_a-svfiprintf.o)
                0x00000000c0009636                __ssprint_r
                0x00000000c000976a                _svfiprintf_r
 .text          0x00000000c0009fea       0xc4 /nix/store/gbj4l2s4sjbxcgnqad1k61xnpb5acbz8-riscv32-unknown-elf-rv32imac-toolchain-8.3.0-afcc8bc/lib/gcc/riscv32-unknown-elf/8.3.0/../../../../riscv32-unknown-elf/lib/libc.a(lib_a-wbuf.o)
                0x00000000c0009fea                __swbuf_r
                0x00000000c000a0a4                __swbuf
 .text          0x00000000c000a0ae       0x5c /nix/store/gbj4l2s4sjbxcgnqad1k61xnpb5acbz8-riscv32-unknown-elf-rv32imac-toolchain-8.3.0-afcc8bc/lib/gcc/riscv32-unknown-elf/8.3.0/../../../../riscv32-unknown-elf/lib/libc.a(lib_a-wcrtomb.o)
                0x00000000c000a0ae                _wcrtomb_r
                0x00000000c000a0fe                wcrtomb
 .text          0x00000000c000a10a       0x32 /nix/store/gbj4l2s4sjbxcgnqad1k61xnpb5acbz8-riscv32-unknown-elf-rv32imac-toolchain-8.3.0-afcc8bc/lib/gcc/riscv32-unknown-elf/8.3.0/../../../../riscv32-unknown-elf/lib/libc.a(lib_a-wctomb_r.o)
                0x00000000c000a10a                _wctomb_r
                0x00000000c000a11c                __ascii_wctomb
 .text          0x00000000c000a13c        0x0 /nix/store/gbj4l2s4sjbxcgnqad1k61xnpb5acbz8-riscv32-unknown-elf-rv32imac-toolchain-8.3.0-afcc8bc/lib/gcc/riscv32-unknown-elf/8.3.0/../../../../riscv32-unknown-elf/lib/libc.a(lib_a-ctype_.o)
 .text          0x00000000c000a13c        0x2 /nix/store/gbj4l2s4sjbxcgnqad1k61xnpb5acbz8-riscv32-unknown-elf-rv32imac-toolchain-8.3.0-afcc8bc/lib/gcc/riscv32-unknown-elf/8.3.0/../../../../riscv32-unknown-elf/lib/libnosys.a(_exit.o)
                0x00000000c000a13c                _exit
 .text          0x00000000c000a13e      0x35e /nix/store/gbj4l2s4sjbxcgnqad1k61xnpb5acbz8-riscv32-unknown-elf-rv32imac-toolchain-8.3.0-afcc8bc/lib/gcc/riscv32-unknown-elf/8.3.0/libgcc.a(_udivdi3.o)
                0x00000000c000a13e                __udivdi3
 .text          0x00000000c000a49c      0x352 /nix/store/gbj4l2s4sjbxcgnqad1k61xnpb5acbz8-riscv32-unknown-elf-rv32imac-toolchain-8.3.0-afcc8bc/lib/gcc/riscv32-unknown-elf/8.3.0/libgcc.a(_umoddi3.o)
                0x00000000c000a49c                __umoddi3
 .text          0x00000000c000a7ee       0xa6 /nix/store/gbj4l2s4sjbxcgnqad1k61xnpb5acbz8-riscv32-unknown-elf-rv32imac-toolchain-8.3.0-afcc8bc/lib/gcc/riscv32-unknown-elf/8.3.0/libgcc.a(eqtf2.o)
                0x00000000c000a7ee                __eqtf2
                0x00000000c000a7ee                __netf2
 .text          0x00000000c000a894       0xf4 /nix/store/gbj4l2s4sjbxcgnqad1k61xnpb5acbz8-riscv32-unknown-elf-rv32imac-toolchain-8.3.0-afcc8bc/lib/gcc/riscv32-unknown-elf/8.3.0/libgcc.a(getf2.o)
                0x00000000c000a894                __getf2
                0x00000000c000a894                __gttf2
 .text          0x00000000c000a988       0xf4 /nix/store/gbj4l2s4sjbxcgnqad1k61xnpb5acbz8-riscv32-unknown-elf-rv32imac-toolchain-8.3.0-afcc8bc/lib/gcc/riscv32-unknown-elf/8.3.0/libgcc.a(letf2.o)
                0x00000000c000a988                __letf2
                0x00000000c000a988                __lttf2
 .text          0x00000000c000aa7c      0xb3a /nix/store/gbj4l2s4sjbxcgnqad1k61xnpb5acbz8-riscv32-unknown-elf-rv32imac-toolchain-8.3.0-afcc8bc/lib/gcc/riscv32-unknown-elf/8.3.0/libgcc.a(multf3.o)
                0x00000000c000aa7c                __multf3
 .text          0x00000000c000b5b6      0xe66 /nix/store/gbj4l2s4sjbxcgnqad1k61xnpb5acbz8-riscv32-unknown-elf-rv32imac-toolchain-8.3.0-afcc8bc/lib/gcc/riscv32-unknown-elf/8.3.0/libgcc.a(subtf3.o)
                0x00000000c000b5b6                __subtf3
 .text          0x00000000c000c41c       0xec /nix/store/gbj4l2s4sjbxcgnqad1k61xnpb5acbz8-riscv32-unknown-elf-rv32imac-toolchain-8.3.0-afcc8bc/lib/gcc/riscv32-unknown-elf/8.3.0/libgcc.a(fixtfsi.o)
                0x00000000c000c41c                __fixtfsi
 .text          0x00000000c000c508       0xf4 /nix/store/gbj4l2s4sjbxcgnqad1k61xnpb5acbz8-riscv32-unknown-elf-rv32imac-toolchain-8.3.0-afcc8bc/lib/gcc/riscv32-unknown-elf/8.3.0/libgcc.a(floatsitf.o)
                0x00000000c000c508                __floatsitf
 .text          0x00000000c000c5fc      0x156 /nix/store/gbj4l2s4sjbxcgnqad1k61xnpb5acbz8-riscv32-unknown-elf-rv32imac-toolchain-8.3.0-afcc8bc/lib/gcc/riscv32-unknown-elf/8.3.0/libgcc.a(extenddftf2.o)
                0x00000000c000c5fc                __extenddftf2
 .text          0x00000000c000c752      0x230 /nix/store/gbj4l2s4sjbxcgnqad1k61xnpb5acbz8-riscv32-unknown-elf-rv32imac-toolchain-8.3.0-afcc8bc/lib/gcc/riscv32-unknown-elf/8.3.0/libgcc.a(trunctfdf2.o)
                0x00000000c000c752                __trunctfdf2
 .text          0x00000000c000c982        0x0 /nix/store/gbj4l2s4sjbxcgnqad1k61xnpb5acbz8-riscv32-unknown-elf-rv32imac-toolchain-8.3.0-afcc8bc/lib/gcc/riscv32-unknown-elf/8.3.0/crtend.o
 *(.gnu.warning)

.fini
 *(SORT_NONE(.fini))
                [!provide]                        PROVIDE (__etext = .)
                [!provide]                        PROVIDE (_etext = .)
                [!provide]                        PROVIDE (etext = .)

.rodata         0x00000000c000c988      0xd7c
 *(.rodata .rodata.* .gnu.linkonce.r.*)
 .rodata        0x00000000c000c988       0x60 /run/user/1001/ccwp743E.o
 .rodata        0x00000000c000c9e8       0x3c /nix/store/gbj4l2s4sjbxcgnqad1k61xnpb5acbz8-riscv32-unknown-elf-rv32imac-toolchain-8.3.0-afcc8bc/lib/gcc/riscv32-unknown-elf/8.3.0/libgcc.a(divdf3.o)
 .rodata        0x00000000c000ca24       0x3c /nix/store/gbj4l2s4sjbxcgnqad1k61xnpb5acbz8-riscv32-unknown-elf-rv32imac-toolchain-8.3.0-afcc8bc/lib/gcc/riscv32-unknown-elf/8.3.0/libgcc.a(muldf3.o)
 .rodata        0x00000000c000ca60       0x3c /nix/store/gbj4l2s4sjbxcgnqad1k61xnpb5acbz8-riscv32-unknown-elf-rv32imac-toolchain-8.3.0-afcc8bc/lib/gcc/riscv32-unknown-elf/8.3.0/libgcc.a(mulsf3.o)
 .rodata        0x00000000c000ca9c      0x100 /nix/store/gbj4l2s4sjbxcgnqad1k61xnpb5acbz8-riscv32-unknown-elf-rv32imac-toolchain-8.3.0-afcc8bc/lib/gcc/riscv32-unknown-elf/8.3.0/libgcc.a(_clz.o)
                0x00000000c000ca9c                __clz_tab
 .rodata.str1.4
                0x00000000c000cb9c        0x2 /nix/store/gbj4l2s4sjbxcgnqad1k61xnpb5acbz8-riscv32-unknown-elf-rv32imac-toolchain-8.3.0-afcc8bc/lib/gcc/riscv32-unknown-elf/8.3.0/../../../../riscv32-unknown-elf/lib/libc.a(lib_a-puts.o)
 *fill*         0x00000000c000cb9e        0x2 
 .rodata        0x00000000c000cba0      0x18c /nix/store/gbj4l2s4sjbxcgnqad1k61xnpb5acbz8-riscv32-unknown-elf-rv32imac-toolchain-8.3.0-afcc8bc/lib/gcc/riscv32-unknown-elf/8.3.0/../../../../riscv32-unknown-elf/lib/libc.a(lib_a-vfprintf.o)
 .rodata.str1.4
                0x00000000c000cd2c       0x3a /nix/store/gbj4l2s4sjbxcgnqad1k61xnpb5acbz8-riscv32-unknown-elf-rv32imac-toolchain-8.3.0-afcc8bc/lib/gcc/riscv32-unknown-elf/8.3.0/../../../../riscv32-unknown-elf/lib/libc.a(lib_a-vfprintf.o)
 *fill*         0x00000000c000cd66        0x2 
 .rodata        0x00000000c000cd68      0x254 /nix/store/gbj4l2s4sjbxcgnqad1k61xnpb5acbz8-riscv32-unknown-elf-rv32imac-toolchain-8.3.0-afcc8bc/lib/gcc/riscv32-unknown-elf/8.3.0/../../../../riscv32-unknown-elf/lib/libc.a(lib_a-ldtoa.o)
 .rodata.str1.4
                0x00000000c000cfbc       0x28 /nix/store/gbj4l2s4sjbxcgnqad1k61xnpb5acbz8-riscv32-unknown-elf-rv32imac-toolchain-8.3.0-afcc8bc/lib/gcc/riscv32-unknown-elf/8.3.0/../../../../riscv32-unknown-elf/lib/libc.a(lib_a-ldtoa.o)
 *fill*         0x00000000c000cfe4        0x4 
 .rodata        0x00000000c000cfe8      0x128 /nix/store/gbj4l2s4sjbxcgnqad1k61xnpb5acbz8-riscv32-unknown-elf-rv32imac-toolchain-8.3.0-afcc8bc/lib/gcc/riscv32-unknown-elf/8.3.0/../../../../riscv32-unknown-elf/lib/libc.a(lib_a-mprec.o)
                0x00000000c000cff8                __mprec_tens
                0x00000000c000d0c0                __mprec_tinytens
                0x00000000c000d0e8                __mprec_bigtens
 .rodata        0x00000000c000d110      0x18c /nix/store/gbj4l2s4sjbxcgnqad1k61xnpb5acbz8-riscv32-unknown-elf-rv32imac-toolchain-8.3.0-afcc8bc/lib/gcc/riscv32-unknown-elf/8.3.0/../../../../riscv32-unknown-elf/lib/libc.a(lib_a-svfprintf.o)
 .rodata.str1.4
                0x00000000c000d29c       0x3a /nix/store/gbj4l2s4sjbxcgnqad1k61xnpb5acbz8-riscv32-unknown-elf-rv32imac-toolchain-8.3.0-afcc8bc/lib/gcc/riscv32-unknown-elf/8.3.0/../../../../riscv32-unknown-elf/lib/libc.a(lib_a-svfprintf.o)
 .rodata        0x00000000c000d29c      0x18c /nix/store/gbj4l2s4sjbxcgnqad1k61xnpb5acbz8-riscv32-unknown-elf-rv32imac-toolchain-8.3.0-afcc8bc/lib/gcc/riscv32-unknown-elf/8.3.0/../../../../riscv32-unknown-elf/lib/libc.a(lib_a-vfiprintf.o)
 .rodata.str1.4
                0x00000000c000d428       0x25 /nix/store/gbj4l2s4sjbxcgnqad1k61xnpb5acbz8-riscv32-unknown-elf-rv32imac-toolchain-8.3.0-afcc8bc/lib/gcc/riscv32-unknown-elf/8.3.0/../../../../riscv32-unknown-elf/lib/libc.a(lib_a-vfiprintf.o)
 .rodata.str1.4
                0x00000000c000d428       0x10 /nix/store/gbj4l2s4sjbxcgnqad1k61xnpb5acbz8-riscv32-unknown-elf-rv32imac-toolchain-8.3.0-afcc8bc/lib/gcc/riscv32-unknown-elf/8.3.0/../../../../riscv32-unknown-elf/lib/libc.a(lib_a-locale.o)
                                         0x12 (size before relaxing)
 .rodata        0x00000000c000d438      0x18c /nix/store/gbj4l2s4sjbxcgnqad1k61xnpb5acbz8-riscv32-unknown-elf-rv32imac-toolchain-8.3.0-afcc8bc/lib/gcc/riscv32-unknown-elf/8.3.0/../../../../riscv32-unknown-elf/lib/libc.a(lib_a-svfiprintf.o)
 .rodata.str1.4
                0x00000000c000d5c4       0x25 /nix/store/gbj4l2s4sjbxcgnqad1k61xnpb5acbz8-riscv32-unknown-elf-rv32imac-toolchain-8.3.0-afcc8bc/lib/gcc/riscv32-unknown-elf/8.3.0/../../../../riscv32-unknown-elf/lib/libc.a(lib_a-svfiprintf.o)
 .rodata        0x00000000c000d5c4      0x101 /nix/store/gbj4l2s4sjbxcgnqad1k61xnpb5acbz8-riscv32-unknown-elf-rv32imac-toolchain-8.3.0-afcc8bc/lib/gcc/riscv32-unknown-elf/8.3.0/../../../../riscv32-unknown-elf/lib/libc.a(lib_a-ctype_.o)
                0x00000000c000d5c4                _ctype_
 *fill*         0x00000000c000d6c5        0x3 
 .rodata        0x00000000c000d6c8       0x3c /nix/store/gbj4l2s4sjbxcgnqad1k61xnpb5acbz8-riscv32-unknown-elf-rv32imac-toolchain-8.3.0-afcc8bc/lib/gcc/riscv32-unknown-elf/8.3.0/libgcc.a(multf3.o)

.rodata1
 *(.rodata1)

.sdata2
 *(.sdata2 .sdata2.* .gnu.linkonce.s2.*)

.sbss2
 *(.sbss2 .sbss2.* .gnu.linkonce.sb2.*)

.eh_frame_hdr
 *(.eh_frame_hdr)
 *(.eh_frame_entry .eh_frame_entry.*)

.eh_frame
 *(.eh_frame)
 *(.eh_frame.*)

.gcc_except_table
 *(.gcc_except_table .gcc_except_table.*)

.gnu_extab
 *(.gnu_extab*)

.exception_ranges
 *(.exception_ranges*)
                0x00000000c000e000                . = DATA_SEGMENT_ALIGN (CONSTANT (MAXPAGESIZE), CONSTANT (COMMONPAGESIZE))

.eh_frame       0x00000000c000e000       0x68
 *(.eh_frame)
 .eh_frame      0x00000000c000e000        0x0 /nix/store/gbj4l2s4sjbxcgnqad1k61xnpb5acbz8-riscv32-unknown-elf-rv32imac-toolchain-8.3.0-afcc8bc/lib/gcc/riscv32-unknown-elf/8.3.0/crtbegin.o
 .eh_frame      0x00000000c000e000       0x28 /nix/store/gbj4l2s4sjbxcgnqad1k61xnpb5acbz8-riscv32-unknown-elf-rv32imac-toolchain-8.3.0-afcc8bc/lib/gcc/riscv32-unknown-elf/8.3.0/libgcc.a(_divdi3.o)
 .eh_frame      0x00000000c000e028       0x14 /nix/store/gbj4l2s4sjbxcgnqad1k61xnpb5acbz8-riscv32-unknown-elf-rv32imac-toolchain-8.3.0-afcc8bc/lib/gcc/riscv32-unknown-elf/8.3.0/libgcc.a(_moddi3.o)
                                         0x28 (size before relaxing)
 .eh_frame      0x00000000c000e03c       0x14 /nix/store/gbj4l2s4sjbxcgnqad1k61xnpb5acbz8-riscv32-unknown-elf-rv32imac-toolchain-8.3.0-afcc8bc/lib/gcc/riscv32-unknown-elf/8.3.0/libgcc.a(_udivdi3.o)
                                         0x28 (size before relaxing)
 .eh_frame      0x00000000c000e050       0x14 /nix/store/gbj4l2s4sjbxcgnqad1k61xnpb5acbz8-riscv32-unknown-elf-rv32imac-toolchain-8.3.0-afcc8bc/lib/gcc/riscv32-unknown-elf/8.3.0/libgcc.a(_umoddi3.o)
                                         0x28 (size before relaxing)
 .eh_frame      0x00000000c000e064        0x4 /nix/store/gbj4l2s4sjbxcgnqad1k61xnpb5acbz8-riscv32-unknown-elf-rv32imac-toolchain-8.3.0-afcc8bc/lib/gcc/riscv32-unknown-elf/8.3.0/crtend.o
 *(.eh_frame.*)

.gnu_extab
 *(.gnu_extab)

.gcc_except_table
 *(.gcc_except_table .gcc_except_table.*)

.exception_ranges
 *(.exception_ranges*)

.tdata          0x00000000c000e068        0x0
                [!provide]                        PROVIDE (__tdata_start = .)
 *(.tdata .tdata.* .gnu.linkonce.td.*)

.tbss
 *(.tbss .tbss.* .gnu.linkonce.tb.*)
 *(.tcommon)

.preinit_array  0x00000000c000e068        0x0
                0x00000000c000e068                PROVIDE (__preinit_array_start = .)
 *(.preinit_array)
                0x00000000c000e068                PROVIDE (__preinit_array_end = .)

.init_array     0x00000000c000e068        0x8
                0x00000000c000e068                PROVIDE (__init_array_start = .)
 *(SORT_BY_INIT_PRIORITY(.init_array.*) SORT_BY_INIT_PRIORITY(.ctors.*))
 *(.init_array EXCLUDE_FILE(*crtend?.o *crtend.o *crtbegin?.o *crtbegin.o) .ctors)
 .init_array    0x00000000c000e068        0x4 /nix/store/gbj4l2s4sjbxcgnqad1k61xnpb5acbz8-riscv32-unknown-elf-rv32imac-toolchain-8.3.0-afcc8bc/lib/gcc/riscv32-unknown-elf/8.3.0/crtbegin.o
 .init_array    0x00000000c000e06c        0x4 ./lib/ns16550.o
                0x00000000c000e070                PROVIDE (__init_array_end = .)

.fini_array     0x00000000c000e070        0x4
                0x00000000c000e070                PROVIDE (__fini_array_start = .)
 *(SORT_BY_INIT_PRIORITY(.fini_array.*) SORT_BY_INIT_PRIORITY(.dtors.*))
 *(.fini_array EXCLUDE_FILE(*crtend?.o *crtend.o *crtbegin?.o *crtbegin.o) .dtors)
 .fini_array    0x00000000c000e070        0x4 /nix/store/gbj4l2s4sjbxcgnqad1k61xnpb5acbz8-riscv32-unknown-elf-rv32imac-toolchain-8.3.0-afcc8bc/lib/gcc/riscv32-unknown-elf/8.3.0/crtbegin.o
                0x00000000c000e074                PROVIDE (__fini_array_end = .)

.ctors
 *crtbegin.o(.ctors)
 *crtbegin?.o(.ctors)
 *(EXCLUDE_FILE(*crtend?.o *crtend.o) .ctors)
 *(SORT_BY_NAME(.ctors.*))
 *(.ctors)

.dtors
 *crtbegin.o(.dtors)
 *crtbegin?.o(.dtors)
 *(EXCLUDE_FILE(*crtend?.o *crtend.o) .dtors)
 *(SORT_BY_NAME(.dtors.*))
 *(.dtors)

.jcr
 *(.jcr)

.data.rel.ro
 *(.data.rel.ro.local* .gnu.linkonce.d.rel.ro.local.*)
 *(.data.rel.ro .data.rel.ro.* .gnu.linkonce.d.rel.ro.*)

.dynamic
 *(.dynamic)
                0x00000000c000e074                . = DATA_SEGMENT_RELRO_END (., 0x0)

.data           0x00000000c000e078      0xef4
                0x00000000c000e078                __DATA_BEGIN__ = .
 *(.data .data.* .gnu.linkonce.d.*)
 .data          0x00000000c000e078        0x0 /nix/store/gbj4l2s4sjbxcgnqad1k61xnpb5acbz8-riscv32-unknown-elf-rv32imac-toolchain-8.3.0-afcc8bc/lib/gcc/riscv32-unknown-elf/8.3.0/../../../../riscv32-unknown-elf/lib/crt0.o
 .data          0x00000000c000e078        0x0 /nix/store/gbj4l2s4sjbxcgnqad1k61xnpb5acbz8-riscv32-unknown-elf-rv32imac-toolchain-8.3.0-afcc8bc/lib/gcc/riscv32-unknown-elf/8.3.0/crtbegin.o
 .data          0x00000000c000e078        0x0 ./lib/startup.o
 .data          0x00000000c000e078        0x0 ./lib/syscalls.o
 .data          0x00000000c000e078        0x0 ./lib/riscv_counters.o
 .data          0x00000000c000e078        0x0 ./lib/ns16550.o
 .data          0x00000000c000e078      0x558 /run/user/1001/ccwp743E.o
                0x00000000c000e078                ex
 .data          0x00000000c000e5d0        0x0 /nix/store/gbj4l2s4sjbxcgnqad1k61xnpb5acbz8-riscv32-unknown-elf-rv32imac-toolchain-8.3.0-afcc8bc/lib/gcc/riscv32-unknown-elf/8.3.0/libgcc.a(_divdi3.o)
 .data          0x00000000c000e5d0        0x0 /nix/store/gbj4l2s4sjbxcgnqad1k61xnpb5acbz8-riscv32-unknown-elf-rv32imac-toolchain-8.3.0-afcc8bc/lib/gcc/riscv32-unknown-elf/8.3.0/libgcc.a(_moddi3.o)
 .data          0x00000000c000e5d0        0x0 /nix/store/gbj4l2s4sjbxcgnqad1k61xnpb5acbz8-riscv32-unknown-elf-rv32imac-toolchain-8.3.0-afcc8bc/lib/gcc/riscv32-unknown-elf/8.3.0/libgcc.a(divdf3.o)
 .data          0x00000000c000e5d0        0x0 /nix/store/gbj4l2s4sjbxcgnqad1k61xnpb5acbz8-riscv32-unknown-elf-rv32imac-toolchain-8.3.0-afcc8bc/lib/gcc/riscv32-unknown-elf/8.3.0/libgcc.a(muldf3.o)
 .data          0x00000000c000e5d0        0x0 /nix/store/gbj4l2s4sjbxcgnqad1k61xnpb5acbz8-riscv32-unknown-elf-rv32imac-toolchain-8.3.0-afcc8bc/lib/gcc/riscv32-unknown-elf/8.3.0/libgcc.a(mulsf3.o)
 .data          0x00000000c000e5d0        0x0 /nix/store/gbj4l2s4sjbxcgnqad1k61xnpb5acbz8-riscv32-unknown-elf-rv32imac-toolchain-8.3.0-afcc8bc/lib/gcc/riscv32-unknown-elf/8.3.0/libgcc.a(extendsfdf2.o)
 .data          0x00000000c000e5d0        0x0 /nix/store/gbj4l2s4sjbxcgnqad1k61xnpb5acbz8-riscv32-unknown-elf-rv32imac-toolchain-8.3.0-afcc8bc/lib/gcc/riscv32-unknown-elf/8.3.0/libgcc.a(truncdfsf2.o)
 .data          0x00000000c000e5d0        0x0 /nix/store/gbj4l2s4sjbxcgnqad1k61xnpb5acbz8-riscv32-unknown-elf-rv32imac-toolchain-8.3.0-afcc8bc/lib/gcc/riscv32-unknown-elf/8.3.0/libgcc.a(_clz.o)
 .data          0x00000000c000e5d0        0x0 /nix/store/gbj4l2s4sjbxcgnqad1k61xnpb5acbz8-riscv32-unknown-elf-rv32imac-toolchain-8.3.0-afcc8bc/lib/gcc/riscv32-unknown-elf/8.3.0/libgcc.a(_clzsi2.o)
 .data          0x00000000c000e5d0        0x0 /nix/store/gbj4l2s4sjbxcgnqad1k61xnpb5acbz8-riscv32-unknown-elf-rv32imac-toolchain-8.3.0-afcc8bc/lib/gcc/riscv32-unknown-elf/8.3.0/../../../../riscv32-unknown-elf/lib/libc.a(lib_a-atexit.o)
 .data          0x00000000c000e5d0        0x0 /nix/store/gbj4l2s4sjbxcgnqad1k61xnpb5acbz8-riscv32-unknown-elf-rv32imac-toolchain-8.3.0-afcc8bc/lib/gcc/riscv32-unknown-elf/8.3.0/../../../../riscv32-unknown-elf/lib/libc.a(lib_a-errno.o)
 .data          0x00000000c000e5d0        0x0 /nix/store/gbj4l2s4sjbxcgnqad1k61xnpb5acbz8-riscv32-unknown-elf-rv32imac-toolchain-8.3.0-afcc8bc/lib/gcc/riscv32-unknown-elf/8.3.0/../../../../riscv32-unknown-elf/lib/libc.a(lib_a-exit.o)
 .data          0x00000000c000e5d0        0x0 /nix/store/gbj4l2s4sjbxcgnqad1k61xnpb5acbz8-riscv32-unknown-elf-rv32imac-toolchain-8.3.0-afcc8bc/lib/gcc/riscv32-unknown-elf/8.3.0/../../../../riscv32-unknown-elf/lib/libc.a(lib_a-fini.o)
 .data          0x00000000c000e5d0      0x428 /nix/store/gbj4l2s4sjbxcgnqad1k61xnpb5acbz8-riscv32-unknown-elf-rv32imac-toolchain-8.3.0-afcc8bc/lib/gcc/riscv32-unknown-elf/8.3.0/../../../../riscv32-unknown-elf/lib/libc.a(lib_a-impure.o)
 .data          0x00000000c000e9f8        0x0 /nix/store/gbj4l2s4sjbxcgnqad1k61xnpb5acbz8-riscv32-unknown-elf-rv32imac-toolchain-8.3.0-afcc8bc/lib/gcc/riscv32-unknown-elf/8.3.0/../../../../riscv32-unknown-elf/lib/libc.a(lib_a-init.o)
 .data          0x00000000c000e9f8        0x0 /nix/store/gbj4l2s4sjbxcgnqad1k61xnpb5acbz8-riscv32-unknown-elf-rv32imac-toolchain-8.3.0-afcc8bc/lib/gcc/riscv32-unknown-elf/8.3.0/../../../../riscv32-unknown-elf/lib/libc.a(lib_a-memset.o)
 .data          0x00000000c000e9f8        0x0 /nix/store/gbj4l2s4sjbxcgnqad1k61xnpb5acbz8-riscv32-unknown-elf-rv32imac-toolchain-8.3.0-afcc8bc/lib/gcc/riscv32-unknown-elf/8.3.0/../../../../riscv32-unknown-elf/lib/libc.a(lib_a-printf.o)
 .data          0x00000000c000e9f8        0x0 /nix/store/gbj4l2s4sjbxcgnqad1k61xnpb5acbz8-riscv32-unknown-elf-rv32imac-toolchain-8.3.0-afcc8bc/lib/gcc/riscv32-unknown-elf/8.3.0/../../../../riscv32-unknown-elf/lib/libc.a(lib_a-puts.o)
 .data          0x00000000c000e9f8        0x0 /nix/store/gbj4l2s4sjbxcgnqad1k61xnpb5acbz8-riscv32-unknown-elf-rv32imac-toolchain-8.3.0-afcc8bc/lib/gcc/riscv32-unknown-elf/8.3.0/../../../../riscv32-unknown-elf/lib/libc.a(lib_a-strlen.o)
 .data          0x00000000c000e9f8        0x0 /nix/store/gbj4l2s4sjbxcgnqad1k61xnpb5acbz8-riscv32-unknown-elf-rv32imac-toolchain-8.3.0-afcc8bc/lib/gcc/riscv32-unknown-elf/8.3.0/../../../../riscv32-unknown-elf/lib/libc.a(lib_a-vfprintf.o)
 .data          0x00000000c000e9f8        0x0 /nix/store/gbj4l2s4sjbxcgnqad1k61xnpb5acbz8-riscv32-unknown-elf-rv32imac-toolchain-8.3.0-afcc8bc/lib/gcc/riscv32-unknown-elf/8.3.0/../../../../riscv32-unknown-elf/lib/libc.a(lib_a-wsetup.o)
 .data          0x00000000c000e9f8        0x0 /nix/store/gbj4l2s4sjbxcgnqad1k61xnpb5acbz8-riscv32-unknown-elf-rv32imac-toolchain-8.3.0-afcc8bc/lib/gcc/riscv32-unknown-elf/8.3.0/../../../../riscv32-unknown-elf/lib/libc.a(lib_a-__atexit.o)
 .data          0x00000000c000e9f8        0x0 /nix/store/gbj4l2s4sjbxcgnqad1k61xnpb5acbz8-riscv32-unknown-elf-rv32imac-toolchain-8.3.0-afcc8bc/lib/gcc/riscv32-unknown-elf/8.3.0/../../../../riscv32-unknown-elf/lib/libc.a(lib_a-__call_atexit.o)
 .data          0x00000000c000e9f8        0x0 /nix/store/gbj4l2s4sjbxcgnqad1k61xnpb5acbz8-riscv32-unknown-elf-rv32imac-toolchain-8.3.0-afcc8bc/lib/gcc/riscv32-unknown-elf/8.3.0/../../../../riscv32-unknown-elf/lib/libc.a(lib_a-fflush.o)
 .data          0x00000000c000e9f8        0x0 /nix/store/gbj4l2s4sjbxcgnqad1k61xnpb5acbz8-riscv32-unknown-elf-rv32imac-toolchain-8.3.0-afcc8bc/lib/gcc/riscv32-unknown-elf/8.3.0/../../../../riscv32-unknown-elf/lib/libc.a(lib_a-findfp.o)
 .data          0x00000000c000e9f8        0x0 /nix/store/gbj4l2s4sjbxcgnqad1k61xnpb5acbz8-riscv32-unknown-elf-rv32imac-toolchain-8.3.0-afcc8bc/lib/gcc/riscv32-unknown-elf/8.3.0/../../../../riscv32-unknown-elf/lib/libc.a(lib_a-freer.o)
 .data          0x00000000c000e9f8        0x0 /nix/store/gbj4l2s4sjbxcgnqad1k61xnpb5acbz8-riscv32-unknown-elf-rv32imac-toolchain-8.3.0-afcc8bc/lib/gcc/riscv32-unknown-elf/8.3.0/../../../../riscv32-unknown-elf/lib/libc.a(lib_a-fvwrite.o)
 .data          0x00000000c000e9f8        0x0 /nix/store/gbj4l2s4sjbxcgnqad1k61xnpb5acbz8-riscv32-unknown-elf-rv32imac-toolchain-8.3.0-afcc8bc/lib/gcc/riscv32-unknown-elf/8.3.0/../../../../riscv32-unknown-elf/lib/libc.a(lib_a-fwalk.o)
 .data          0x00000000c000e9f8        0x0 /nix/store/gbj4l2s4sjbxcgnqad1k61xnpb5acbz8-riscv32-unknown-elf-rv32imac-toolchain-8.3.0-afcc8bc/lib/gcc/riscv32-unknown-elf/8.3.0/../../../../riscv32-unknown-elf/lib/libc.a(lib_a-ldtoa.o)
 .data          0x00000000c000e9f8        0x0 /nix/store/gbj4l2s4sjbxcgnqad1k61xnpb5acbz8-riscv32-unknown-elf-rv32imac-toolchain-8.3.0-afcc8bc/lib/gcc/riscv32-unknown-elf/8.3.0/../../../../riscv32-unknown-elf/lib/libc.a(lib_a-localeconv.o)
 .data          0x00000000c000e9f8        0x0 /nix/store/gbj4l2s4sjbxcgnqad1k61xnpb5acbz8-riscv32-unknown-elf-rv32imac-toolchain-8.3.0-afcc8bc/lib/gcc/riscv32-unknown-elf/8.3.0/../../../../riscv32-unknown-elf/lib/libc.a(lib_a-makebuf.o)
 .data          0x00000000c000e9f8      0x408 /nix/store/gbj4l2s4sjbxcgnqad1k61xnpb5acbz8-riscv32-unknown-elf-rv32imac-toolchain-8.3.0-afcc8bc/lib/gcc/riscv32-unknown-elf/8.3.0/../../../../riscv32-unknown-elf/lib/libc.a(lib_a-mallocr.o)
                0x00000000c000e9f8                __malloc_av_
 .data          0x00000000c000ee00        0x0 /nix/store/gbj4l2s4sjbxcgnqad1k61xnpb5acbz8-riscv32-unknown-elf-rv32imac-toolchain-8.3.0-afcc8bc/lib/gcc/riscv32-unknown-elf/8.3.0/../../../../riscv32-unknown-elf/lib/libc.a(lib_a-memchr.o)
 .data          0x00000000c000ee00        0x0 /nix/store/gbj4l2s4sjbxcgnqad1k61xnpb5acbz8-riscv32-unknown-elf-rv32imac-toolchain-8.3.0-afcc8bc/lib/gcc/riscv32-unknown-elf/8.3.0/../../../../riscv32-unknown-elf/lib/libc.a(lib_a-memcpy.o)
 .data          0x00000000c000ee00        0x0 /nix/store/gbj4l2s4sjbxcgnqad1k61xnpb5acbz8-riscv32-unknown-elf-rv32imac-toolchain-8.3.0-afcc8bc/lib/gcc/riscv32-unknown-elf/8.3.0/../../../../riscv32-unknown-elf/lib/libc.a(lib_a-memmove.o)
 .data          0x00000000c000ee00        0x0 /nix/store/gbj4l2s4sjbxcgnqad1k61xnpb5acbz8-riscv32-unknown-elf-rv32imac-toolchain-8.3.0-afcc8bc/lib/gcc/riscv32-unknown-elf/8.3.0/../../../../riscv32-unknown-elf/lib/libc.a(lib_a-mlock.o)
 .data          0x00000000c000ee00        0x0 /nix/store/gbj4l2s4sjbxcgnqad1k61xnpb5acbz8-riscv32-unknown-elf-rv32imac-toolchain-8.3.0-afcc8bc/lib/gcc/riscv32-unknown-elf/8.3.0/../../../../riscv32-unknown-elf/lib/libc.a(lib_a-mprec.o)
 .data          0x00000000c000ee00        0x0 /nix/store/gbj4l2s4sjbxcgnqad1k61xnpb5acbz8-riscv32-unknown-elf-rv32imac-toolchain-8.3.0-afcc8bc/lib/gcc/riscv32-unknown-elf/8.3.0/../../../../riscv32-unknown-elf/lib/libc.a(lib_a-reallocr.o)
 .data          0x00000000c000ee00        0x0 /nix/store/gbj4l2s4sjbxcgnqad1k61xnpb5acbz8-riscv32-unknown-elf-rv32imac-toolchain-8.3.0-afcc8bc/lib/gcc/riscv32-unknown-elf/8.3.0/../../../../riscv32-unknown-elf/lib/libc.a(lib_a-s_frexp.o)
 .data          0x00000000c000ee00        0x0 /nix/store/gbj4l2s4sjbxcgnqad1k61xnpb5acbz8-riscv32-unknown-elf-rv32imac-toolchain-8.3.0-afcc8bc/lib/gcc/riscv32-unknown-elf/8.3.0/../../../../riscv32-unknown-elf/lib/libc.a(lib_a-sbrkr.o)
 .data          0x00000000c000ee00        0x0 /nix/store/gbj4l2s4sjbxcgnqad1k61xnpb5acbz8-riscv32-unknown-elf-rv32imac-toolchain-8.3.0-afcc8bc/lib/gcc/riscv32-unknown-elf/8.3.0/../../../../riscv32-unknown-elf/lib/libc.a(lib_a-sprintf.o)
 .data          0x00000000c000ee00        0x0 /nix/store/gbj4l2s4sjbxcgnqad1k61xnpb5acbz8-riscv32-unknown-elf-rv32imac-toolchain-8.3.0-afcc8bc/lib/gcc/riscv32-unknown-elf/8.3.0/../../../../riscv32-unknown-elf/lib/libc.a(lib_a-stdio.o)
 .data          0x00000000c000ee00        0x0 /nix/store/gbj4l2s4sjbxcgnqad1k61xnpb5acbz8-riscv32-unknown-elf-rv32imac-toolchain-8.3.0-afcc8bc/lib/gcc/riscv32-unknown-elf/8.3.0/../../../../riscv32-unknown-elf/lib/libc.a(lib_a-strcpy.o)
 .data          0x00000000c000ee00        0x0 /nix/store/gbj4l2s4sjbxcgnqad1k61xnpb5acbz8-riscv32-unknown-elf-rv32imac-toolchain-8.3.0-afcc8bc/lib/gcc/riscv32-unknown-elf/8.3.0/../../../../riscv32-unknown-elf/lib/libc.a(lib_a-strncpy.o)
 .data          0x00000000c000ee00        0x0 /nix/store/gbj4l2s4sjbxcgnqad1k61xnpb5acbz8-riscv32-unknown-elf-rv32imac-toolchain-8.3.0-afcc8bc/lib/gcc/riscv32-unknown-elf/8.3.0/../../../../riscv32-unknown-elf/lib/libc.a(lib_a-svfprintf.o)
 .data          0x00000000c000ee00        0x0 /nix/store/gbj4l2s4sjbxcgnqad1k61xnpb5acbz8-riscv32-unknown-elf-rv32imac-toolchain-8.3.0-afcc8bc/lib/gcc/riscv32-unknown-elf/8.3.0/../../../../riscv32-unknown-elf/lib/libc.a(lib_a-vfiprintf.o)
 .data          0x00000000c000ee00        0x0 /nix/store/gbj4l2s4sjbxcgnqad1k61xnpb5acbz8-riscv32-unknown-elf-rv32imac-toolchain-8.3.0-afcc8bc/lib/gcc/riscv32-unknown-elf/8.3.0/../../../../riscv32-unknown-elf/lib/libc.a(lib_a-writer.o)
 .data          0x00000000c000ee00        0x0 /nix/store/gbj4l2s4sjbxcgnqad1k61xnpb5acbz8-riscv32-unknown-elf-rv32imac-toolchain-8.3.0-afcc8bc/lib/gcc/riscv32-unknown-elf/8.3.0/../../../../riscv32-unknown-elf/lib/libc.a(lib_a-callocr.o)
 .data          0x00000000c000ee00        0x0 /nix/store/gbj4l2s4sjbxcgnqad1k61xnpb5acbz8-riscv32-unknown-elf-rv32imac-toolchain-8.3.0-afcc8bc/lib/gcc/riscv32-unknown-elf/8.3.0/../../../../riscv32-unknown-elf/lib/libc.a(lib_a-closer.o)
 .data          0x00000000c000ee00        0x0 /nix/store/gbj4l2s4sjbxcgnqad1k61xnpb5acbz8-riscv32-unknown-elf-rv32imac-toolchain-8.3.0-afcc8bc/lib/gcc/riscv32-unknown-elf/8.3.0/../../../../riscv32-unknown-elf/lib/libc.a(lib_a-fclose.o)
 .data          0x00000000c000ee00        0x0 /nix/store/gbj4l2s4sjbxcgnqad1k61xnpb5acbz8-riscv32-unknown-elf-rv32imac-toolchain-8.3.0-afcc8bc/lib/gcc/riscv32-unknown-elf/8.3.0/../../../../riscv32-unknown-elf/lib/libc.a(lib_a-fputwc.o)
 .data          0x00000000c000ee00        0x0 /nix/store/gbj4l2s4sjbxcgnqad1k61xnpb5acbz8-riscv32-unknown-elf-rv32imac-toolchain-8.3.0-afcc8bc/lib/gcc/riscv32-unknown-elf/8.3.0/../../../../riscv32-unknown-elf/lib/libc.a(lib_a-fstatr.o)
 .data          0x00000000c000ee00        0x0 /nix/store/gbj4l2s4sjbxcgnqad1k61xnpb5acbz8-riscv32-unknown-elf-rv32imac-toolchain-8.3.0-afcc8bc/lib/gcc/riscv32-unknown-elf/8.3.0/../../../../riscv32-unknown-elf/lib/libc.a(lib_a-isattyr.o)
 .data          0x00000000c000ee00      0x16c /nix/store/gbj4l2s4sjbxcgnqad1k61xnpb5acbz8-riscv32-unknown-elf-rv32imac-toolchain-8.3.0-afcc8bc/lib/gcc/riscv32-unknown-elf/8.3.0/../../../../riscv32-unknown-elf/lib/libc.a(lib_a-locale.o)
                0x00000000c000ee00                __global_locale
 .data          0x00000000c000ef6c        0x0 /nix/store/gbj4l2s4sjbxcgnqad1k61xnpb5acbz8-riscv32-unknown-elf-rv32imac-toolchain-8.3.0-afcc8bc/lib/gcc/riscv32-unknown-elf/8.3.0/../../../../riscv32-unknown-elf/lib/libc.a(lib_a-lseekr.o)
 .data          0x00000000c000ef6c        0x0 /nix/store/gbj4l2s4sjbxcgnqad1k61xnpb5acbz8-riscv32-unknown-elf-rv32imac-toolchain-8.3.0-afcc8bc/lib/gcc/riscv32-unknown-elf/8.3.0/../../../../riscv32-unknown-elf/lib/libc.a(lib_a-mbtowc_r.o)
 .data          0x00000000c000ef6c        0x0 /nix/store/gbj4l2s4sjbxcgnqad1k61xnpb5acbz8-riscv32-unknown-elf-rv32imac-toolchain-8.3.0-afcc8bc/lib/gcc/riscv32-unknown-elf/8.3.0/../../../../riscv32-unknown-elf/lib/libc.a(lib_a-readr.o)
 .data          0x00000000c000ef6c        0x0 /nix/store/gbj4l2s4sjbxcgnqad1k61xnpb5acbz8-riscv32-unknown-elf-rv32imac-toolchain-8.3.0-afcc8bc/lib/gcc/riscv32-unknown-elf/8.3.0/../../../../riscv32-unknown-elf/lib/libc.a(lib_a-reent.o)
 .data          0x00000000c000ef6c        0x0 /nix/store/gbj4l2s4sjbxcgnqad1k61xnpb5acbz8-riscv32-unknown-elf-rv32imac-toolchain-8.3.0-afcc8bc/lib/gcc/riscv32-unknown-elf/8.3.0/../../../../riscv32-unknown-elf/lib/libc.a(lib_a-strcmp.o)
 .data          0x00000000c000ef6c        0x0 /nix/store/gbj4l2s4sjbxcgnqad1k61xnpb5acbz8-riscv32-unknown-elf-rv32imac-toolchain-8.3.0-afcc8bc/lib/gcc/riscv32-unknown-elf/8.3.0/../../../../riscv32-unknown-elf/lib/libc.a(lib_a-svfiprintf.o)
 .data          0x00000000c000ef6c        0x0 /nix/store/gbj4l2s4sjbxcgnqad1k61xnpb5acbz8-riscv32-unknown-elf-rv32imac-toolchain-8.3.0-afcc8bc/lib/gcc/riscv32-unknown-elf/8.3.0/../../../../riscv32-unknown-elf/lib/libc.a(lib_a-wbuf.o)
 .data          0x00000000c000ef6c        0x0 /nix/store/gbj4l2s4sjbxcgnqad1k61xnpb5acbz8-riscv32-unknown-elf-rv32imac-toolchain-8.3.0-afcc8bc/lib/gcc/riscv32-unknown-elf/8.3.0/../../../../riscv32-unknown-elf/lib/libc.a(lib_a-wcrtomb.o)
 .data          0x00000000c000ef6c        0x0 /nix/store/gbj4l2s4sjbxcgnqad1k61xnpb5acbz8-riscv32-unknown-elf-rv32imac-toolchain-8.3.0-afcc8bc/lib/gcc/riscv32-unknown-elf/8.3.0/../../../../riscv32-unknown-elf/lib/libc.a(lib_a-wctomb_r.o)
 .data          0x00000000c000ef6c        0x0 /nix/store/gbj4l2s4sjbxcgnqad1k61xnpb5acbz8-riscv32-unknown-elf-rv32imac-toolchain-8.3.0-afcc8bc/lib/gcc/riscv32-unknown-elf/8.3.0/../../../../riscv32-unknown-elf/lib/libc.a(lib_a-ctype_.o)
 .data          0x00000000c000ef6c        0x0 /nix/store/gbj4l2s4sjbxcgnqad1k61xnpb5acbz8-riscv32-unknown-elf-rv32imac-toolchain-8.3.0-afcc8bc/lib/gcc/riscv32-unknown-elf/8.3.0/../../../../riscv32-unknown-elf/lib/libnosys.a(_exit.o)
 .data          0x00000000c000ef6c        0x0 /nix/store/gbj4l2s4sjbxcgnqad1k61xnpb5acbz8-riscv32-unknown-elf-rv32imac-toolchain-8.3.0-afcc8bc/lib/gcc/riscv32-unknown-elf/8.3.0/libgcc.a(_udivdi3.o)
 .data          0x00000000c000ef6c        0x0 /nix/store/gbj4l2s4sjbxcgnqad1k61xnpb5acbz8-riscv32-unknown-elf-rv32imac-toolchain-8.3.0-afcc8bc/lib/gcc/riscv32-unknown-elf/8.3.0/libgcc.a(_umoddi3.o)
 .data          0x00000000c000ef6c        0x0 /nix/store/gbj4l2s4sjbxcgnqad1k61xnpb5acbz8-riscv32-unknown-elf-rv32imac-toolchain-8.3.0-afcc8bc/lib/gcc/riscv32-unknown-elf/8.3.0/libgcc.a(eqtf2.o)
 .data          0x00000000c000ef6c        0x0 /nix/store/gbj4l2s4sjbxcgnqad1k61xnpb5acbz8-riscv32-unknown-elf-rv32imac-toolchain-8.3.0-afcc8bc/lib/gcc/riscv32-unknown-elf/8.3.0/libgcc.a(getf2.o)
 .data          0x00000000c000ef6c        0x0 /nix/store/gbj4l2s4sjbxcgnqad1k61xnpb5acbz8-riscv32-unknown-elf-rv32imac-toolchain-8.3.0-afcc8bc/lib/gcc/riscv32-unknown-elf/8.3.0/libgcc.a(letf2.o)
 .data          0x00000000c000ef6c        0x0 /nix/store/gbj4l2s4sjbxcgnqad1k61xnpb5acbz8-riscv32-unknown-elf-rv32imac-toolchain-8.3.0-afcc8bc/lib/gcc/riscv32-unknown-elf/8.3.0/libgcc.a(multf3.o)
 .data          0x00000000c000ef6c        0x0 /nix/store/gbj4l2s4sjbxcgnqad1k61xnpb5acbz8-riscv32-unknown-elf-rv32imac-toolchain-8.3.0-afcc8bc/lib/gcc/riscv32-unknown-elf/8.3.0/libgcc.a(subtf3.o)
 .data          0x00000000c000ef6c        0x0 /nix/store/gbj4l2s4sjbxcgnqad1k61xnpb5acbz8-riscv32-unknown-elf-rv32imac-toolchain-8.3.0-afcc8bc/lib/gcc/riscv32-unknown-elf/8.3.0/libgcc.a(fixtfsi.o)
 .data          0x00000000c000ef6c        0x0 /nix/store/gbj4l2s4sjbxcgnqad1k61xnpb5acbz8-riscv32-unknown-elf-rv32imac-toolchain-8.3.0-afcc8bc/lib/gcc/riscv32-unknown-elf/8.3.0/libgcc.a(floatsitf.o)
 .data          0x00000000c000ef6c        0x0 /nix/store/gbj4l2s4sjbxcgnqad1k61xnpb5acbz8-riscv32-unknown-elf-rv32imac-toolchain-8.3.0-afcc8bc/lib/gcc/riscv32-unknown-elf/8.3.0/libgcc.a(extenddftf2.o)
 .data          0x00000000c000ef6c        0x0 /nix/store/gbj4l2s4sjbxcgnqad1k61xnpb5acbz8-riscv32-unknown-elf-rv32imac-toolchain-8.3.0-afcc8bc/lib/gcc/riscv32-unknown-elf/8.3.0/libgcc.a(trunctfdf2.o)
 .data          0x00000000c000ef6c        0x0 /nix/store/gbj4l2s4sjbxcgnqad1k61xnpb5acbz8-riscv32-unknown-elf-rv32imac-toolchain-8.3.0-afcc8bc/lib/gcc/riscv32-unknown-elf/8.3.0/crtend.o

.tm_clone_table
                0x00000000c000ef6c        0x0
 .tm_clone_table
                0x00000000c000ef6c        0x0 /nix/store/gbj4l2s4sjbxcgnqad1k61xnpb5acbz8-riscv32-unknown-elf-rv32imac-toolchain-8.3.0-afcc8bc/lib/gcc/riscv32-unknown-elf/8.3.0/crtbegin.o
 .tm_clone_table
                0x00000000c000ef6c        0x0 /nix/store/gbj4l2s4sjbxcgnqad1k61xnpb5acbz8-riscv32-unknown-elf-rv32imac-toolchain-8.3.0-afcc8bc/lib/gcc/riscv32-unknown-elf/8.3.0/crtend.o

.data1
 *(.data1)

.got
 *(.got.plt)
 *(.igot.plt)
 *(.got)
 *(.igot)

.sdata          0x00000000c000ef70       0x30
                0x00000000c000ef70                __SDATA_BEGIN__ = .
 *(.srodata.cst16)
 *(.srodata.cst8)
 .srodata.cst8  0x00000000c000ef70       0x10 /nix/store/gbj4l2s4sjbxcgnqad1k61xnpb5acbz8-riscv32-unknown-elf-rv32imac-toolchain-8.3.0-afcc8bc/lib/gcc/riscv32-unknown-elf/8.3.0/../../../../riscv32-unknown-elf/lib/libc.a(lib_a-mprec.o)
 .srodata.cst8  0x00000000c000ef80        0x8 /nix/store/gbj4l2s4sjbxcgnqad1k61xnpb5acbz8-riscv32-unknown-elf-rv32imac-toolchain-8.3.0-afcc8bc/lib/gcc/riscv32-unknown-elf/8.3.0/../../../../riscv32-unknown-elf/lib/libc.a(lib_a-s_frexp.o)
 *(.srodata.cst4)
 *(.srodata.cst2)
 *(.srodata .srodata.*)
 .srodata       0x00000000c000ef88        0x4 /nix/store/gbj4l2s4sjbxcgnqad1k61xnpb5acbz8-riscv32-unknown-elf-rv32imac-toolchain-8.3.0-afcc8bc/lib/gcc/riscv32-unknown-elf/8.3.0/../../../../riscv32-unknown-elf/lib/libc.a(lib_a-impure.o)
                0x00000000c000ef88                _global_impure_ptr
 *(.sdata .sdata.* .gnu.linkonce.s.*)
 .sdata         0x00000000c000ef8c        0x4 /nix/store/gbj4l2s4sjbxcgnqad1k61xnpb5acbz8-riscv32-unknown-elf-rv32imac-toolchain-8.3.0-afcc8bc/lib/gcc/riscv32-unknown-elf/8.3.0/crtbegin.o
                0x00000000c000ef8c                __dso_handle
 .sdata         0x00000000c000ef90        0x4 ./lib/ns16550.o
 .sdata         0x00000000c000ef94        0x4 /nix/store/gbj4l2s4sjbxcgnqad1k61xnpb5acbz8-riscv32-unknown-elf-rv32imac-toolchain-8.3.0-afcc8bc/lib/gcc/riscv32-unknown-elf/8.3.0/../../../../riscv32-unknown-elf/lib/libc.a(lib_a-impure.o)
                0x00000000c000ef94                _impure_ptr
 .sdata         0x00000000c000ef98        0x8 /nix/store/gbj4l2s4sjbxcgnqad1k61xnpb5acbz8-riscv32-unknown-elf-rv32imac-toolchain-8.3.0-afcc8bc/lib/gcc/riscv32-unknown-elf/8.3.0/../../../../riscv32-unknown-elf/lib/libc.a(lib_a-mallocr.o)
                0x00000000c000ef98                __malloc_sbrk_base
                0x00000000c000ef9c                __malloc_trim_threshold
                0x00000000c000efa0                _edata = .
                [!provide]                        PROVIDE (edata = .)
                0x00000000c000efa0                . = .
                0x00000000c000efa0                __bss_start = .

.sbss           0x00000000c000efa0       0x10
 *(.dynsbss)
 *(.sbss .sbss.* .gnu.linkonce.sb.*)
 .sbss          0x00000000c000efa0        0xc /nix/store/gbj4l2s4sjbxcgnqad1k61xnpb5acbz8-riscv32-unknown-elf-rv32imac-toolchain-8.3.0-afcc8bc/lib/gcc/riscv32-unknown-elf/8.3.0/../../../../riscv32-unknown-elf/lib/libc.a(lib_a-mallocr.o)
                0x00000000c000efa0                __malloc_max_total_mem
                0x00000000c000efa4                __malloc_max_sbrked_mem
                0x00000000c000efa8                __malloc_top_pad
 .sbss          0x00000000c000efac        0x4 /nix/store/gbj4l2s4sjbxcgnqad1k61xnpb5acbz8-riscv32-unknown-elf-rv32imac-toolchain-8.3.0-afcc8bc/lib/gcc/riscv32-unknown-elf/8.3.0/../../../../riscv32-unknown-elf/lib/libc.a(lib_a-locale.o)
                0x00000000c000efac                _PathLocale
 *(.scommon)

.bss            0x00000000c000efb0       0x48
 *(.dynbss)
 *(.bss .bss.* .gnu.linkonce.b.*)
 .bss           0x00000000c000efb0        0x0 /nix/store/gbj4l2s4sjbxcgnqad1k61xnpb5acbz8-riscv32-unknown-elf-rv32imac-toolchain-8.3.0-afcc8bc/lib/gcc/riscv32-unknown-elf/8.3.0/../../../../riscv32-unknown-elf/lib/crt0.o
 .bss           0x00000000c000efb0       0x1c /nix/store/gbj4l2s4sjbxcgnqad1k61xnpb5acbz8-riscv32-unknown-elf-rv32imac-toolchain-8.3.0-afcc8bc/lib/gcc/riscv32-unknown-elf/8.3.0/crtbegin.o
 .bss           0x00000000c000efcc        0x0 ./lib/startup.o
 .bss           0x00000000c000efcc        0x0 ./lib/syscalls.o
 .bss           0x00000000c000efcc        0x0 ./lib/riscv_counters.o
 .bss           0x00000000c000efcc        0x0 ./lib/ns16550.o
 .bss           0x00000000c000efcc        0x0 /run/user/1001/ccwp743E.o
 .bss           0x00000000c000efcc        0x0 /nix/store/gbj4l2s4sjbxcgnqad1k61xnpb5acbz8-riscv32-unknown-elf-rv32imac-toolchain-8.3.0-afcc8bc/lib/gcc/riscv32-unknown-elf/8.3.0/libgcc.a(_divdi3.o)
 .bss           0x00000000c000efcc        0x0 /nix/store/gbj4l2s4sjbxcgnqad1k61xnpb5acbz8-riscv32-unknown-elf-rv32imac-toolchain-8.3.0-afcc8bc/lib/gcc/riscv32-unknown-elf/8.3.0/libgcc.a(_moddi3.o)
 .bss           0x00000000c000efcc        0x0 /nix/store/gbj4l2s4sjbxcgnqad1k61xnpb5acbz8-riscv32-unknown-elf-rv32imac-toolchain-8.3.0-afcc8bc/lib/gcc/riscv32-unknown-elf/8.3.0/libgcc.a(divdf3.o)
 .bss           0x00000000c000efcc        0x0 /nix/store/gbj4l2s4sjbxcgnqad1k61xnpb5acbz8-riscv32-unknown-elf-rv32imac-toolchain-8.3.0-afcc8bc/lib/gcc/riscv32-unknown-elf/8.3.0/libgcc.a(muldf3.o)
 .bss           0x00000000c000efcc        0x0 /nix/store/gbj4l2s4sjbxcgnqad1k61xnpb5acbz8-riscv32-unknown-elf-rv32imac-toolchain-8.3.0-afcc8bc/lib/gcc/riscv32-unknown-elf/8.3.0/libgcc.a(mulsf3.o)
 .bss           0x00000000c000efcc        0x0 /nix/store/gbj4l2s4sjbxcgnqad1k61xnpb5acbz8-riscv32-unknown-elf-rv32imac-toolchain-8.3.0-afcc8bc/lib/gcc/riscv32-unknown-elf/8.3.0/libgcc.a(extendsfdf2.o)
 .bss           0x00000000c000efcc        0x0 /nix/store/gbj4l2s4sjbxcgnqad1k61xnpb5acbz8-riscv32-unknown-elf-rv32imac-toolchain-8.3.0-afcc8bc/lib/gcc/riscv32-unknown-elf/8.3.0/libgcc.a(truncdfsf2.o)
 .bss           0x00000000c000efcc        0x0 /nix/store/gbj4l2s4sjbxcgnqad1k61xnpb5acbz8-riscv32-unknown-elf-rv32imac-toolchain-8.3.0-afcc8bc/lib/gcc/riscv32-unknown-elf/8.3.0/libgcc.a(_clz.o)
 .bss           0x00000000c000efcc        0x0 /nix/store/gbj4l2s4sjbxcgnqad1k61xnpb5acbz8-riscv32-unknown-elf-rv32imac-toolchain-8.3.0-afcc8bc/lib/gcc/riscv32-unknown-elf/8.3.0/libgcc.a(_clzsi2.o)
 .bss           0x00000000c000efcc        0x0 /nix/store/gbj4l2s4sjbxcgnqad1k61xnpb5acbz8-riscv32-unknown-elf-rv32imac-toolchain-8.3.0-afcc8bc/lib/gcc/riscv32-unknown-elf/8.3.0/../../../../riscv32-unknown-elf/lib/libc.a(lib_a-atexit.o)
 .bss           0x00000000c000efcc        0x0 /nix/store/gbj4l2s4sjbxcgnqad1k61xnpb5acbz8-riscv32-unknown-elf-rv32imac-toolchain-8.3.0-afcc8bc/lib/gcc/riscv32-unknown-elf/8.3.0/../../../../riscv32-unknown-elf/lib/libc.a(lib_a-errno.o)
 .bss           0x00000000c000efcc        0x0 /nix/store/gbj4l2s4sjbxcgnqad1k61xnpb5acbz8-riscv32-unknown-elf-rv32imac-toolchain-8.3.0-afcc8bc/lib/gcc/riscv32-unknown-elf/8.3.0/../../../../riscv32-unknown-elf/lib/libc.a(lib_a-exit.o)
 .bss           0x00000000c000efcc        0x0 /nix/store/gbj4l2s4sjbxcgnqad1k61xnpb5acbz8-riscv32-unknown-elf-rv32imac-toolchain-8.3.0-afcc8bc/lib/gcc/riscv32-unknown-elf/8.3.0/../../../../riscv32-unknown-elf/lib/libc.a(lib_a-fini.o)
 .bss           0x00000000c000efcc        0x0 /nix/store/gbj4l2s4sjbxcgnqad1k61xnpb5acbz8-riscv32-unknown-elf-rv32imac-toolchain-8.3.0-afcc8bc/lib/gcc/riscv32-unknown-elf/8.3.0/../../../../riscv32-unknown-elf/lib/libc.a(lib_a-impure.o)
 .bss           0x00000000c000efcc        0x0 /nix/store/gbj4l2s4sjbxcgnqad1k61xnpb5acbz8-riscv32-unknown-elf-rv32imac-toolchain-8.3.0-afcc8bc/lib/gcc/riscv32-unknown-elf/8.3.0/../../../../riscv32-unknown-elf/lib/libc.a(lib_a-init.o)
 .bss           0x00000000c000efcc        0x0 /nix/store/gbj4l2s4sjbxcgnqad1k61xnpb5acbz8-riscv32-unknown-elf-rv32imac-toolchain-8.3.0-afcc8bc/lib/gcc/riscv32-unknown-elf/8.3.0/../../../../riscv32-unknown-elf/lib/libc.a(lib_a-memset.o)
 .bss           0x00000000c000efcc        0x0 /nix/store/gbj4l2s4sjbxcgnqad1k61xnpb5acbz8-riscv32-unknown-elf-rv32imac-toolchain-8.3.0-afcc8bc/lib/gcc/riscv32-unknown-elf/8.3.0/../../../../riscv32-unknown-elf/lib/libc.a(lib_a-printf.o)
 .bss           0x00000000c000efcc        0x0 /nix/store/gbj4l2s4sjbxcgnqad1k61xnpb5acbz8-riscv32-unknown-elf-rv32imac-toolchain-8.3.0-afcc8bc/lib/gcc/riscv32-unknown-elf/8.3.0/../../../../riscv32-unknown-elf/lib/libc.a(lib_a-puts.o)
 .bss           0x00000000c000efcc        0x0 /nix/store/gbj4l2s4sjbxcgnqad1k61xnpb5acbz8-riscv32-unknown-elf-rv32imac-toolchain-8.3.0-afcc8bc/lib/gcc/riscv32-unknown-elf/8.3.0/../../../../riscv32-unknown-elf/lib/libc.a(lib_a-strlen.o)
 .bss           0x00000000c000efcc        0x0 /nix/store/gbj4l2s4sjbxcgnqad1k61xnpb5acbz8-riscv32-unknown-elf-rv32imac-toolchain-8.3.0-afcc8bc/lib/gcc/riscv32-unknown-elf/8.3.0/../../../../riscv32-unknown-elf/lib/libc.a(lib_a-vfprintf.o)
 .bss           0x00000000c000efcc        0x0 /nix/store/gbj4l2s4sjbxcgnqad1k61xnpb5acbz8-riscv32-unknown-elf-rv32imac-toolchain-8.3.0-afcc8bc/lib/gcc/riscv32-unknown-elf/8.3.0/../../../../riscv32-unknown-elf/lib/libc.a(lib_a-wsetup.o)
 .bss           0x00000000c000efcc        0x0 /nix/store/gbj4l2s4sjbxcgnqad1k61xnpb5acbz8-riscv32-unknown-elf-rv32imac-toolchain-8.3.0-afcc8bc/lib/gcc/riscv32-unknown-elf/8.3.0/../../../../riscv32-unknown-elf/lib/libc.a(lib_a-__atexit.o)
 .bss           0x00000000c000efcc        0x0 /nix/store/gbj4l2s4sjbxcgnqad1k61xnpb5acbz8-riscv32-unknown-elf-rv32imac-toolchain-8.3.0-afcc8bc/lib/gcc/riscv32-unknown-elf/8.3.0/../../../../riscv32-unknown-elf/lib/libc.a(lib_a-__call_atexit.o)
 .bss           0x00000000c000efcc        0x0 /nix/store/gbj4l2s4sjbxcgnqad1k61xnpb5acbz8-riscv32-unknown-elf-rv32imac-toolchain-8.3.0-afcc8bc/lib/gcc/riscv32-unknown-elf/8.3.0/../../../../riscv32-unknown-elf/lib/libc.a(lib_a-fflush.o)
 .bss           0x00000000c000efcc        0x0 /nix/store/gbj4l2s4sjbxcgnqad1k61xnpb5acbz8-riscv32-unknown-elf-rv32imac-toolchain-8.3.0-afcc8bc/lib/gcc/riscv32-unknown-elf/8.3.0/../../../../riscv32-unknown-elf/lib/libc.a(lib_a-findfp.o)
 .bss           0x00000000c000efcc        0x0 /nix/store/gbj4l2s4sjbxcgnqad1k61xnpb5acbz8-riscv32-unknown-elf-rv32imac-toolchain-8.3.0-afcc8bc/lib/gcc/riscv32-unknown-elf/8.3.0/../../../../riscv32-unknown-elf/lib/libc.a(lib_a-freer.o)
 .bss           0x00000000c000efcc        0x0 /nix/store/gbj4l2s4sjbxcgnqad1k61xnpb5acbz8-riscv32-unknown-elf-rv32imac-toolchain-8.3.0-afcc8bc/lib/gcc/riscv32-unknown-elf/8.3.0/../../../../riscv32-unknown-elf/lib/libc.a(lib_a-fvwrite.o)
 .bss           0x00000000c000efcc        0x0 /nix/store/gbj4l2s4sjbxcgnqad1k61xnpb5acbz8-riscv32-unknown-elf-rv32imac-toolchain-8.3.0-afcc8bc/lib/gcc/riscv32-unknown-elf/8.3.0/../../../../riscv32-unknown-elf/lib/libc.a(lib_a-fwalk.o)
 .bss           0x00000000c000efcc        0x0 /nix/store/gbj4l2s4sjbxcgnqad1k61xnpb5acbz8-riscv32-unknown-elf-rv32imac-toolchain-8.3.0-afcc8bc/lib/gcc/riscv32-unknown-elf/8.3.0/../../../../riscv32-unknown-elf/lib/libc.a(lib_a-ldtoa.o)
 .bss           0x00000000c000efcc        0x0 /nix/store/gbj4l2s4sjbxcgnqad1k61xnpb5acbz8-riscv32-unknown-elf-rv32imac-toolchain-8.3.0-afcc8bc/lib/gcc/riscv32-unknown-elf/8.3.0/../../../../riscv32-unknown-elf/lib/libc.a(lib_a-localeconv.o)
 .bss           0x00000000c000efcc        0x0 /nix/store/gbj4l2s4sjbxcgnqad1k61xnpb5acbz8-riscv32-unknown-elf-rv32imac-toolchain-8.3.0-afcc8bc/lib/gcc/riscv32-unknown-elf/8.3.0/../../../../riscv32-unknown-elf/lib/libc.a(lib_a-makebuf.o)
 .bss           0x00000000c000efcc       0x28 /nix/store/gbj4l2s4sjbxcgnqad1k61xnpb5acbz8-riscv32-unknown-elf-rv32imac-toolchain-8.3.0-afcc8bc/lib/gcc/riscv32-unknown-elf/8.3.0/../../../../riscv32-unknown-elf/lib/libc.a(lib_a-mallocr.o)
                0x00000000c000efcc                __malloc_current_mallinfo
 .bss           0x00000000c000eff4        0x0 /nix/store/gbj4l2s4sjbxcgnqad1k61xnpb5acbz8-riscv32-unknown-elf-rv32imac-toolchain-8.3.0-afcc8bc/lib/gcc/riscv32-unknown-elf/8.3.0/../../../../riscv32-unknown-elf/lib/libc.a(lib_a-memchr.o)
 .bss           0x00000000c000eff4        0x0 /nix/store/gbj4l2s4sjbxcgnqad1k61xnpb5acbz8-riscv32-unknown-elf-rv32imac-toolchain-8.3.0-afcc8bc/lib/gcc/riscv32-unknown-elf/8.3.0/../../../../riscv32-unknown-elf/lib/libc.a(lib_a-memcpy.o)
 .bss           0x00000000c000eff4        0x0 /nix/store/gbj4l2s4sjbxcgnqad1k61xnpb5acbz8-riscv32-unknown-elf-rv32imac-toolchain-8.3.0-afcc8bc/lib/gcc/riscv32-unknown-elf/8.3.0/../../../../riscv32-unknown-elf/lib/libc.a(lib_a-memmove.o)
 .bss           0x00000000c000eff4        0x0 /nix/store/gbj4l2s4sjbxcgnqad1k61xnpb5acbz8-riscv32-unknown-elf-rv32imac-toolchain-8.3.0-afcc8bc/lib/gcc/riscv32-unknown-elf/8.3.0/../../../../riscv32-unknown-elf/lib/libc.a(lib_a-mlock.o)
 .bss           0x00000000c000eff4        0x0 /nix/store/gbj4l2s4sjbxcgnqad1k61xnpb5acbz8-riscv32-unknown-elf-rv32imac-toolchain-8.3.0-afcc8bc/lib/gcc/riscv32-unknown-elf/8.3.0/../../../../riscv32-unknown-elf/lib/libc.a(lib_a-mprec.o)
 .bss           0x00000000c000eff4        0x0 /nix/store/gbj4l2s4sjbxcgnqad1k61xnpb5acbz8-riscv32-unknown-elf-rv32imac-toolchain-8.3.0-afcc8bc/lib/gcc/riscv32-unknown-elf/8.3.0/../../../../riscv32-unknown-elf/lib/libc.a(lib_a-reallocr.o)
 .bss           0x00000000c000eff4        0x0 /nix/store/gbj4l2s4sjbxcgnqad1k61xnpb5acbz8-riscv32-unknown-elf-rv32imac-toolchain-8.3.0-afcc8bc/lib/gcc/riscv32-unknown-elf/8.3.0/../../../../riscv32-unknown-elf/lib/libc.a(lib_a-s_frexp.o)
 .bss           0x00000000c000eff4        0x0 /nix/store/gbj4l2s4sjbxcgnqad1k61xnpb5acbz8-riscv32-unknown-elf-rv32imac-toolchain-8.3.0-afcc8bc/lib/gcc/riscv32-unknown-elf/8.3.0/../../../../riscv32-unknown-elf/lib/libc.a(lib_a-sbrkr.o)
 .bss           0x00000000c000eff4        0x0 /nix/store/gbj4l2s4sjbxcgnqad1k61xnpb5acbz8-riscv32-unknown-elf-rv32imac-toolchain-8.3.0-afcc8bc/lib/gcc/riscv32-unknown-elf/8.3.0/../../../../riscv32-unknown-elf/lib/libc.a(lib_a-sprintf.o)
 .bss           0x00000000c000eff4        0x0 /nix/store/gbj4l2s4sjbxcgnqad1k61xnpb5acbz8-riscv32-unknown-elf-rv32imac-toolchain-8.3.0-afcc8bc/lib/gcc/riscv32-unknown-elf/8.3.0/../../../../riscv32-unknown-elf/lib/libc.a(lib_a-stdio.o)
 .bss           0x00000000c000eff4        0x0 /nix/store/gbj4l2s4sjbxcgnqad1k61xnpb5acbz8-riscv32-unknown-elf-rv32imac-toolchain-8.3.0-afcc8bc/lib/gcc/riscv32-unknown-elf/8.3.0/../../../../riscv32-unknown-elf/lib/libc.a(lib_a-strcpy.o)
 .bss           0x00000000c000eff4        0x0 /nix/store/gbj4l2s4sjbxcgnqad1k61xnpb5acbz8-riscv32-unknown-elf-rv32imac-toolchain-8.3.0-afcc8bc/lib/gcc/riscv32-unknown-elf/8.3.0/../../../../riscv32-unknown-elf/lib/libc.a(lib_a-strncpy.o)
 .bss           0x00000000c000eff4        0x0 /nix/store/gbj4l2s4sjbxcgnqad1k61xnpb5acbz8-riscv32-unknown-elf-rv32imac-toolchain-8.3.0-afcc8bc/lib/gcc/riscv32-unknown-elf/8.3.0/../../../../riscv32-unknown-elf/lib/libc.a(lib_a-svfprintf.o)
 .bss           0x00000000c000eff4        0x0 /nix/store/gbj4l2s4sjbxcgnqad1k61xnpb5acbz8-riscv32-unknown-elf-rv32imac-toolchain-8.3.0-afcc8bc/lib/gcc/riscv32-unknown-elf/8.3.0/../../../../riscv32-unknown-elf/lib/libc.a(lib_a-vfiprintf.o)
 .bss           0x00000000c000eff4        0x0 /nix/store/gbj4l2s4sjbxcgnqad1k61xnpb5acbz8-riscv32-unknown-elf-rv32imac-toolchain-8.3.0-afcc8bc/lib/gcc/riscv32-unknown-elf/8.3.0/../../../../riscv32-unknown-elf/lib/libc.a(lib_a-writer.o)
 .bss           0x00000000c000eff4        0x0 /nix/store/gbj4l2s4sjbxcgnqad1k61xnpb5acbz8-riscv32-unknown-elf-rv32imac-toolchain-8.3.0-afcc8bc/lib/gcc/riscv32-unknown-elf/8.3.0/../../../../riscv32-unknown-elf/lib/libc.a(lib_a-callocr.o)
 .bss           0x00000000c000eff4        0x0 /nix/store/gbj4l2s4sjbxcgnqad1k61xnpb5acbz8-riscv32-unknown-elf-rv32imac-toolchain-8.3.0-afcc8bc/lib/gcc/riscv32-unknown-elf/8.3.0/../../../../riscv32-unknown-elf/lib/libc.a(lib_a-closer.o)
 .bss           0x00000000c000eff4        0x0 /nix/store/gbj4l2s4sjbxcgnqad1k61xnpb5acbz8-riscv32-unknown-elf-rv32imac-toolchain-8.3.0-afcc8bc/lib/gcc/riscv32-unknown-elf/8.3.0/../../../../riscv32-unknown-elf/lib/libc.a(lib_a-fclose.o)
 .bss           0x00000000c000eff4        0x0 /nix/store/gbj4l2s4sjbxcgnqad1k61xnpb5acbz8-riscv32-unknown-elf-rv32imac-toolchain-8.3.0-afcc8bc/lib/gcc/riscv32-unknown-elf/8.3.0/../../../../riscv32-unknown-elf/lib/libc.a(lib_a-fputwc.o)
 .bss           0x00000000c000eff4        0x0 /nix/store/gbj4l2s4sjbxcgnqad1k61xnpb5acbz8-riscv32-unknown-elf-rv32imac-toolchain-8.3.0-afcc8bc/lib/gcc/riscv32-unknown-elf/8.3.0/../../../../riscv32-unknown-elf/lib/libc.a(lib_a-fstatr.o)
 .bss           0x00000000c000eff4        0x0 /nix/store/gbj4l2s4sjbxcgnqad1k61xnpb5acbz8-riscv32-unknown-elf-rv32imac-toolchain-8.3.0-afcc8bc/lib/gcc/riscv32-unknown-elf/8.3.0/../../../../riscv32-unknown-elf/lib/libc.a(lib_a-isattyr.o)
 .bss           0x00000000c000eff4        0x0 /nix/store/gbj4l2s4sjbxcgnqad1k61xnpb5acbz8-riscv32-unknown-elf-rv32imac-toolchain-8.3.0-afcc8bc/lib/gcc/riscv32-unknown-elf/8.3.0/../../../../riscv32-unknown-elf/lib/libc.a(lib_a-locale.o)
 .bss           0x00000000c000eff4        0x0 /nix/store/gbj4l2s4sjbxcgnqad1k61xnpb5acbz8-riscv32-unknown-elf-rv32imac-toolchain-8.3.0-afcc8bc/lib/gcc/riscv32-unknown-elf/8.3.0/../../../../riscv32-unknown-elf/lib/libc.a(lib_a-lseekr.o)
 .bss           0x00000000c000eff4        0x0 /nix/store/gbj4l2s4sjbxcgnqad1k61xnpb5acbz8-riscv32-unknown-elf-rv32imac-toolchain-8.3.0-afcc8bc/lib/gcc/riscv32-unknown-elf/8.3.0/../../../../riscv32-unknown-elf/lib/libc.a(lib_a-mbtowc_r.o)
 .bss           0x00000000c000eff4        0x0 /nix/store/gbj4l2s4sjbxcgnqad1k61xnpb5acbz8-riscv32-unknown-elf-rv32imac-toolchain-8.3.0-afcc8bc/lib/gcc/riscv32-unknown-elf/8.3.0/../../../../riscv32-unknown-elf/lib/libc.a(lib_a-readr.o)
 .bss           0x00000000c000eff4        0x0 /nix/store/gbj4l2s4sjbxcgnqad1k61xnpb5acbz8-riscv32-unknown-elf-rv32imac-toolchain-8.3.0-afcc8bc/lib/gcc/riscv32-unknown-elf/8.3.0/../../../../riscv32-unknown-elf/lib/libc.a(lib_a-reent.o)
 .bss           0x00000000c000eff4        0x0 /nix/store/gbj4l2s4sjbxcgnqad1k61xnpb5acbz8-riscv32-unknown-elf-rv32imac-toolchain-8.3.0-afcc8bc/lib/gcc/riscv32-unknown-elf/8.3.0/../../../../riscv32-unknown-elf/lib/libc.a(lib_a-strcmp.o)
 .bss           0x00000000c000eff4        0x0 /nix/store/gbj4l2s4sjbxcgnqad1k61xnpb5acbz8-riscv32-unknown-elf-rv32imac-toolchain-8.3.0-afcc8bc/lib/gcc/riscv32-unknown-elf/8.3.0/../../../../riscv32-unknown-elf/lib/libc.a(lib_a-svfiprintf.o)
 .bss           0x00000000c000eff4        0x0 /nix/store/gbj4l2s4sjbxcgnqad1k61xnpb5acbz8-riscv32-unknown-elf-rv32imac-toolchain-8.3.0-afcc8bc/lib/gcc/riscv32-unknown-elf/8.3.0/../../../../riscv32-unknown-elf/lib/libc.a(lib_a-wbuf.o)
 .bss           0x00000000c000eff4        0x0 /nix/store/gbj4l2s4sjbxcgnqad1k61xnpb5acbz8-riscv32-unknown-elf-rv32imac-toolchain-8.3.0-afcc8bc/lib/gcc/riscv32-unknown-elf/8.3.0/../../../../riscv32-unknown-elf/lib/libc.a(lib_a-wcrtomb.o)
 .bss           0x00000000c000eff4        0x0 /nix/store/gbj4l2s4sjbxcgnqad1k61xnpb5acbz8-riscv32-unknown-elf-rv32imac-toolchain-8.3.0-afcc8bc/lib/gcc/riscv32-unknown-elf/8.3.0/../../../../riscv32-unknown-elf/lib/libc.a(lib_a-wctomb_r.o)
 .bss           0x00000000c000eff4        0x0 /nix/store/gbj4l2s4sjbxcgnqad1k61xnpb5acbz8-riscv32-unknown-elf-rv32imac-toolchain-8.3.0-afcc8bc/lib/gcc/riscv32-unknown-elf/8.3.0/../../../../riscv32-unknown-elf/lib/libc.a(lib_a-ctype_.o)
 .bss           0x00000000c000eff4        0x0 /nix/store/gbj4l2s4sjbxcgnqad1k61xnpb5acbz8-riscv32-unknown-elf-rv32imac-toolchain-8.3.0-afcc8bc/lib/gcc/riscv32-unknown-elf/8.3.0/../../../../riscv32-unknown-elf/lib/libnosys.a(_exit.o)
 .bss           0x00000000c000eff4        0x0 /nix/store/gbj4l2s4sjbxcgnqad1k61xnpb5acbz8-riscv32-unknown-elf-rv32imac-toolchain-8.3.0-afcc8bc/lib/gcc/riscv32-unknown-elf/8.3.0/libgcc.a(_udivdi3.o)
 .bss           0x00000000c000eff4        0x0 /nix/store/gbj4l2s4sjbxcgnqad1k61xnpb5acbz8-riscv32-unknown-elf-rv32imac-toolchain-8.3.0-afcc8bc/lib/gcc/riscv32-unknown-elf/8.3.0/libgcc.a(_umoddi3.o)
 .bss           0x00000000c000eff4        0x0 /nix/store/gbj4l2s4sjbxcgnqad1k61xnpb5acbz8-riscv32-unknown-elf-rv32imac-toolchain-8.3.0-afcc8bc/lib/gcc/riscv32-unknown-elf/8.3.0/libgcc.a(eqtf2.o)
 .bss           0x00000000c000eff4        0x0 /nix/store/gbj4l2s4sjbxcgnqad1k61xnpb5acbz8-riscv32-unknown-elf-rv32imac-toolchain-8.3.0-afcc8bc/lib/gcc/riscv32-unknown-elf/8.3.0/libgcc.a(getf2.o)
 .bss           0x00000000c000eff4        0x0 /nix/store/gbj4l2s4sjbxcgnqad1k61xnpb5acbz8-riscv32-unknown-elf-rv32imac-toolchain-8.3.0-afcc8bc/lib/gcc/riscv32-unknown-elf/8.3.0/libgcc.a(letf2.o)
 .bss           0x00000000c000eff4        0x0 /nix/store/gbj4l2s4sjbxcgnqad1k61xnpb5acbz8-riscv32-unknown-elf-rv32imac-toolchain-8.3.0-afcc8bc/lib/gcc/riscv32-unknown-elf/8.3.0/libgcc.a(multf3.o)
 .bss           0x00000000c000eff4        0x0 /nix/store/gbj4l2s4sjbxcgnqad1k61xnpb5acbz8-riscv32-unknown-elf-rv32imac-toolchain-8.3.0-afcc8bc/lib/gcc/riscv32-unknown-elf/8.3.0/libgcc.a(subtf3.o)
 .bss           0x00000000c000eff4        0x0 /nix/store/gbj4l2s4sjbxcgnqad1k61xnpb5acbz8-riscv32-unknown-elf-rv32imac-toolchain-8.3.0-afcc8bc/lib/gcc/riscv32-unknown-elf/8.3.0/libgcc.a(fixtfsi.o)
 .bss           0x00000000c000eff4        0x0 /nix/store/gbj4l2s4sjbxcgnqad1k61xnpb5acbz8-riscv32-unknown-elf-rv32imac-toolchain-8.3.0-afcc8bc/lib/gcc/riscv32-unknown-elf/8.3.0/libgcc.a(floatsitf.o)
 .bss           0x00000000c000eff4        0x0 /nix/store/gbj4l2s4sjbxcgnqad1k61xnpb5acbz8-riscv32-unknown-elf-rv32imac-toolchain-8.3.0-afcc8bc/lib/gcc/riscv32-unknown-elf/8.3.0/libgcc.a(extenddftf2.o)
 .bss           0x00000000c000eff4        0x0 /nix/store/gbj4l2s4sjbxcgnqad1k61xnpb5acbz8-riscv32-unknown-elf-rv32imac-toolchain-8.3.0-afcc8bc/lib/gcc/riscv32-unknown-elf/8.3.0/libgcc.a(trunctfdf2.o)
 .bss           0x00000000c000eff4        0x0 /nix/store/gbj4l2s4sjbxcgnqad1k61xnpb5acbz8-riscv32-unknown-elf-rv32imac-toolchain-8.3.0-afcc8bc/lib/gcc/riscv32-unknown-elf/8.3.0/crtend.o
 *(COMMON)
 COMMON         0x00000000c000eff4        0x4 /nix/store/gbj4l2s4sjbxcgnqad1k61xnpb5acbz8-riscv32-unknown-elf-rv32imac-toolchain-8.3.0-afcc8bc/lib/gcc/riscv32-unknown-elf/8.3.0/../../../../riscv32-unknown-elf/lib/libc.a(lib_a-reent.o)
                0x00000000c000eff4                errno
                0x00000000c000eff8                . = ALIGN ((. != 0x0)?0x4:0x1)
LOAD /nix/store/gbj4l2s4sjbxcgnqad1k61xnpb5acbz8-riscv32-unknown-elf-rv32imac-toolchain-8.3.0-afcc8bc/lib/gcc/riscv32-unknown-elf/8.3.0/../../../../riscv32-unknown-elf/lib/crt0.o
LOAD /nix/store/gbj4l2s4sjbxcgnqad1k61xnpb5acbz8-riscv32-unknown-elf-rv32imac-toolchain-8.3.0-afcc8bc/lib/gcc/riscv32-unknown-elf/8.3.0/crtbegin.o
                0x00000000c000eff8                __startup_save = .

.startup        0x00000000c0000000       0x44
 startup.o(.text)
 .text          0x00000000c0000000       0x44 ./lib/startup.o
                0x00000000c0000000                _reset
                0x00000000c000eff8                . = __startup_save
                0x00000000c000eff8                . = ALIGN (0x4)
                0x00000000c000eff8                . = SEGMENT_START ("ldata-segment", .)
                0x00000000c000eff8                . = ALIGN (0x4)
                0x00000000c000eff8                __BSS_END__ = .
                0x00000000c000e878                __global_pointer$ = MIN ((__SDATA_BEGIN__ + 0x800), MAX ((__DATA_BEGIN__ + 0x800), (__BSS_END__ - 0x800)))
                0x00000000c000eff8                _end = .
                [!provide]                        PROVIDE (end = .)
                0x00000000c000eff8                . = DATA_SEGMENT_END (.)

.stab
 *(.stab)

.stabstr
 *(.stabstr)

.stab.excl
 *(.stab.excl)

.stab.exclstr
 *(.stab.exclstr)

.stab.index
 *(.stab.index)

.stab.indexstr
 *(.stab.indexstr)

.comment        0x0000000000000000       0x11
 *(.comment)
 .comment       0x0000000000000000       0x11 /nix/store/gbj4l2s4sjbxcgnqad1k61xnpb5acbz8-riscv32-unknown-elf-rv32imac-toolchain-8.3.0-afcc8bc/lib/gcc/riscv32-unknown-elf/8.3.0/crtbegin.o
                                         0x12 (size before relaxing)
 .comment       0x0000000000000011       0x12 ./lib/syscalls.o
 .comment       0x0000000000000011       0x12 ./lib/riscv_counters.o
 .comment       0x0000000000000011       0x12 ./lib/ns16550.o
 .comment       0x0000000000000011       0x12 /run/user/1001/ccwp743E.o
 .comment       0x0000000000000011       0x12 /nix/store/gbj4l2s4sjbxcgnqad1k61xnpb5acbz8-riscv32-unknown-elf-rv32imac-toolchain-8.3.0-afcc8bc/lib/gcc/riscv32-unknown-elf/8.3.0/libgcc.a(_divdi3.o)
 .comment       0x0000000000000011       0x12 /nix/store/gbj4l2s4sjbxcgnqad1k61xnpb5acbz8-riscv32-unknown-elf-rv32imac-toolchain-8.3.0-afcc8bc/lib/gcc/riscv32-unknown-elf/8.3.0/libgcc.a(_moddi3.o)
 .comment       0x0000000000000011       0x12 /nix/store/gbj4l2s4sjbxcgnqad1k61xnpb5acbz8-riscv32-unknown-elf-rv32imac-toolchain-8.3.0-afcc8bc/lib/gcc/riscv32-unknown-elf/8.3.0/libgcc.a(divdf3.o)
 .comment       0x0000000000000011       0x12 /nix/store/gbj4l2s4sjbxcgnqad1k61xnpb5acbz8-riscv32-unknown-elf-rv32imac-toolchain-8.3.0-afcc8bc/lib/gcc/riscv32-unknown-elf/8.3.0/libgcc.a(muldf3.o)
 .comment       0x0000000000000011       0x12 /nix/store/gbj4l2s4sjbxcgnqad1k61xnpb5acbz8-riscv32-unknown-elf-rv32imac-toolchain-8.3.0-afcc8bc/lib/gcc/riscv32-unknown-elf/8.3.0/libgcc.a(mulsf3.o)
 .comment       0x0000000000000011       0x12 /nix/store/gbj4l2s4sjbxcgnqad1k61xnpb5acbz8-riscv32-unknown-elf-rv32imac-toolchain-8.3.0-afcc8bc/lib/gcc/riscv32-unknown-elf/8.3.0/libgcc.a(extendsfdf2.o)
 .comment       0x0000000000000011       0x12 /nix/store/gbj4l2s4sjbxcgnqad1k61xnpb5acbz8-riscv32-unknown-elf-rv32imac-toolchain-8.3.0-afcc8bc/lib/gcc/riscv32-unknown-elf/8.3.0/libgcc.a(truncdfsf2.o)
 .comment       0x0000000000000011       0x12 /nix/store/gbj4l2s4sjbxcgnqad1k61xnpb5acbz8-riscv32-unknown-elf-rv32imac-toolchain-8.3.0-afcc8bc/lib/gcc/riscv32-unknown-elf/8.3.0/libgcc.a(_clz.o)
 .comment       0x0000000000000011       0x12 /nix/store/gbj4l2s4sjbxcgnqad1k61xnpb5acbz8-riscv32-unknown-elf-rv32imac-toolchain-8.3.0-afcc8bc/lib/gcc/riscv32-unknown-elf/8.3.0/libgcc.a(_clzsi2.o)
 .comment       0x0000000000000011       0x12 /nix/store/gbj4l2s4sjbxcgnqad1k61xnpb5acbz8-riscv32-unknown-elf-rv32imac-toolchain-8.3.0-afcc8bc/lib/gcc/riscv32-unknown-elf/8.3.0/../../../../riscv32-unknown-elf/lib/libc.a(lib_a-atexit.o)
 .comment       0x0000000000000011       0x12 /nix/store/gbj4l2s4sjbxcgnqad1k61xnpb5acbz8-riscv32-unknown-elf-rv32imac-toolchain-8.3.0-afcc8bc/lib/gcc/riscv32-unknown-elf/8.3.0/../../../../riscv32-unknown-elf/lib/libc.a(lib_a-errno.o)
 .comment       0x0000000000000011       0x12 /nix/store/gbj4l2s4sjbxcgnqad1k61xnpb5acbz8-riscv32-unknown-elf-rv32imac-toolchain-8.3.0-afcc8bc/lib/gcc/riscv32-unknown-elf/8.3.0/../../../../riscv32-unknown-elf/lib/libc.a(lib_a-exit.o)
 .comment       0x0000000000000011       0x12 /nix/store/gbj4l2s4sjbxcgnqad1k61xnpb5acbz8-riscv32-unknown-elf-rv32imac-toolchain-8.3.0-afcc8bc/lib/gcc/riscv32-unknown-elf/8.3.0/../../../../riscv32-unknown-elf/lib/libc.a(lib_a-fini.o)
 .comment       0x0000000000000011       0x12 /nix/store/gbj4l2s4sjbxcgnqad1k61xnpb5acbz8-riscv32-unknown-elf-rv32imac-toolchain-8.3.0-afcc8bc/lib/gcc/riscv32-unknown-elf/8.3.0/../../../../riscv32-unknown-elf/lib/libc.a(lib_a-impure.o)
 .comment       0x0000000000000011       0x12 /nix/store/gbj4l2s4sjbxcgnqad1k61xnpb5acbz8-riscv32-unknown-elf-rv32imac-toolchain-8.3.0-afcc8bc/lib/gcc/riscv32-unknown-elf/8.3.0/../../../../riscv32-unknown-elf/lib/libc.a(lib_a-init.o)
 .comment       0x0000000000000011       0x12 /nix/store/gbj4l2s4sjbxcgnqad1k61xnpb5acbz8-riscv32-unknown-elf-rv32imac-toolchain-8.3.0-afcc8bc/lib/gcc/riscv32-unknown-elf/8.3.0/../../../../riscv32-unknown-elf/lib/libc.a(lib_a-printf.o)
 .comment       0x0000000000000011       0x12 /nix/store/gbj4l2s4sjbxcgnqad1k61xnpb5acbz8-riscv32-unknown-elf-rv32imac-toolchain-8.3.0-afcc8bc/lib/gcc/riscv32-unknown-elf/8.3.0/../../../../riscv32-unknown-elf/lib/libc.a(lib_a-puts.o)
 .comment       0x0000000000000011       0x12 /nix/store/gbj4l2s4sjbxcgnqad1k61xnpb5acbz8-riscv32-unknown-elf-rv32imac-toolchain-8.3.0-afcc8bc/lib/gcc/riscv32-unknown-elf/8.3.0/../../../../riscv32-unknown-elf/lib/libc.a(lib_a-strlen.o)
 .comment       0x0000000000000011       0x12 /nix/store/gbj4l2s4sjbxcgnqad1k61xnpb5acbz8-riscv32-unknown-elf-rv32imac-toolchain-8.3.0-afcc8bc/lib/gcc/riscv32-unknown-elf/8.3.0/../../../../riscv32-unknown-elf/lib/libc.a(lib_a-vfprintf.o)
 .comment       0x0000000000000011       0x12 /nix/store/gbj4l2s4sjbxcgnqad1k61xnpb5acbz8-riscv32-unknown-elf-rv32imac-toolchain-8.3.0-afcc8bc/lib/gcc/riscv32-unknown-elf/8.3.0/../../../../riscv32-unknown-elf/lib/libc.a(lib_a-wsetup.o)
 .comment       0x0000000000000011       0x12 /nix/store/gbj4l2s4sjbxcgnqad1k61xnpb5acbz8-riscv32-unknown-elf-rv32imac-toolchain-8.3.0-afcc8bc/lib/gcc/riscv32-unknown-elf/8.3.0/../../../../riscv32-unknown-elf/lib/libc.a(lib_a-__atexit.o)
 .comment       0x0000000000000011       0x12 /nix/store/gbj4l2s4sjbxcgnqad1k61xnpb5acbz8-riscv32-unknown-elf-rv32imac-toolchain-8.3.0-afcc8bc/lib/gcc/riscv32-unknown-elf/8.3.0/../../../../riscv32-unknown-elf/lib/libc.a(lib_a-__call_atexit.o)
 .comment       0x0000000000000011       0x12 /nix/store/gbj4l2s4sjbxcgnqad1k61xnpb5acbz8-riscv32-unknown-elf-rv32imac-toolchain-8.3.0-afcc8bc/lib/gcc/riscv32-unknown-elf/8.3.0/../../../../riscv32-unknown-elf/lib/libc.a(lib_a-fflush.o)
 .comment       0x0000000000000011       0x12 /nix/store/gbj4l2s4sjbxcgnqad1k61xnpb5acbz8-riscv32-unknown-elf-rv32imac-toolchain-8.3.0-afcc8bc/lib/gcc/riscv32-unknown-elf/8.3.0/../../../../riscv32-unknown-elf/lib/libc.a(lib_a-findfp.o)
 .comment       0x0000000000000011       0x12 /nix/store/gbj4l2s4sjbxcgnqad1k61xnpb5acbz8-riscv32-unknown-elf-rv32imac-toolchain-8.3.0-afcc8bc/lib/gcc/riscv32-unknown-elf/8.3.0/../../../../riscv32-unknown-elf/lib/libc.a(lib_a-freer.o)
 .comment       0x0000000000000011       0x12 /nix/store/gbj4l2s4sjbxcgnqad1k61xnpb5acbz8-riscv32-unknown-elf-rv32imac-toolchain-8.3.0-afcc8bc/lib/gcc/riscv32-unknown-elf/8.3.0/../../../../riscv32-unknown-elf/lib/libc.a(lib_a-fvwrite.o)
 .comment       0x0000000000000011       0x12 /nix/store/gbj4l2s4sjbxcgnqad1k61xnpb5acbz8-riscv32-unknown-elf-rv32imac-toolchain-8.3.0-afcc8bc/lib/gcc/riscv32-unknown-elf/8.3.0/../../../../riscv32-unknown-elf/lib/libc.a(lib_a-fwalk.o)
 .comment       0x0000000000000011       0x12 /nix/store/gbj4l2s4sjbxcgnqad1k61xnpb5acbz8-riscv32-unknown-elf-rv32imac-toolchain-8.3.0-afcc8bc/lib/gcc/riscv32-unknown-elf/8.3.0/../../../../riscv32-unknown-elf/lib/libc.a(lib_a-ldtoa.o)
 .comment       0x0000000000000011       0x12 /nix/store/gbj4l2s4sjbxcgnqad1k61xnpb5acbz8-riscv32-unknown-elf-rv32imac-toolchain-8.3.0-afcc8bc/lib/gcc/riscv32-unknown-elf/8.3.0/../../../../riscv32-unknown-elf/lib/libc.a(lib_a-localeconv.o)
 .comment       0x0000000000000011       0x12 /nix/store/gbj4l2s4sjbxcgnqad1k61xnpb5acbz8-riscv32-unknown-elf-rv32imac-toolchain-8.3.0-afcc8bc/lib/gcc/riscv32-unknown-elf/8.3.0/../../../../riscv32-unknown-elf/lib/libc.a(lib_a-makebuf.o)
 .comment       0x0000000000000011       0x12 /nix/store/gbj4l2s4sjbxcgnqad1k61xnpb5acbz8-riscv32-unknown-elf-rv32imac-toolchain-8.3.0-afcc8bc/lib/gcc/riscv32-unknown-elf/8.3.0/../../../../riscv32-unknown-elf/lib/libc.a(lib_a-mallocr.o)
 .comment       0x0000000000000011       0x12 /nix/store/gbj4l2s4sjbxcgnqad1k61xnpb5acbz8-riscv32-unknown-elf-rv32imac-toolchain-8.3.0-afcc8bc/lib/gcc/riscv32-unknown-elf/8.3.0/../../../../riscv32-unknown-elf/lib/libc.a(lib_a-memchr.o)
 .comment       0x0000000000000011       0x12 /nix/store/gbj4l2s4sjbxcgnqad1k61xnpb5acbz8-riscv32-unknown-elf-rv32imac-toolchain-8.3.0-afcc8bc/lib/gcc/riscv32-unknown-elf/8.3.0/../../../../riscv32-unknown-elf/lib/libc.a(lib_a-memcpy.o)
 .comment       0x0000000000000011       0x12 /nix/store/gbj4l2s4sjbxcgnqad1k61xnpb5acbz8-riscv32-unknown-elf-rv32imac-toolchain-8.3.0-afcc8bc/lib/gcc/riscv32-unknown-elf/8.3.0/../../../../riscv32-unknown-elf/lib/libc.a(lib_a-memmove.o)
 .comment       0x0000000000000011       0x12 /nix/store/gbj4l2s4sjbxcgnqad1k61xnpb5acbz8-riscv32-unknown-elf-rv32imac-toolchain-8.3.0-afcc8bc/lib/gcc/riscv32-unknown-elf/8.3.0/../../../../riscv32-unknown-elf/lib/libc.a(lib_a-mlock.o)
 .comment       0x0000000000000011       0x12 /nix/store/gbj4l2s4sjbxcgnqad1k61xnpb5acbz8-riscv32-unknown-elf-rv32imac-toolchain-8.3.0-afcc8bc/lib/gcc/riscv32-unknown-elf/8.3.0/../../../../riscv32-unknown-elf/lib/libc.a(lib_a-mprec.o)
 .comment       0x0000000000000011       0x12 /nix/store/gbj4l2s4sjbxcgnqad1k61xnpb5acbz8-riscv32-unknown-elf-rv32imac-toolchain-8.3.0-afcc8bc/lib/gcc/riscv32-unknown-elf/8.3.0/../../../../riscv32-unknown-elf/lib/libc.a(lib_a-reallocr.o)
 .comment       0x0000000000000011       0x12 /nix/store/gbj4l2s4sjbxcgnqad1k61xnpb5acbz8-riscv32-unknown-elf-rv32imac-toolchain-8.3.0-afcc8bc/lib/gcc/riscv32-unknown-elf/8.3.0/../../../../riscv32-unknown-elf/lib/libc.a(lib_a-s_frexp.o)
 .comment       0x0000000000000011       0x12 /nix/store/gbj4l2s4sjbxcgnqad1k61xnpb5acbz8-riscv32-unknown-elf-rv32imac-toolchain-8.3.0-afcc8bc/lib/gcc/riscv32-unknown-elf/8.3.0/../../../../riscv32-unknown-elf/lib/libc.a(lib_a-sbrkr.o)
 .comment       0x0000000000000011       0x12 /nix/store/gbj4l2s4sjbxcgnqad1k61xnpb5acbz8-riscv32-unknown-elf-rv32imac-toolchain-8.3.0-afcc8bc/lib/gcc/riscv32-unknown-elf/8.3.0/../../../../riscv32-unknown-elf/lib/libc.a(lib_a-sprintf.o)
 .comment       0x0000000000000011       0x12 /nix/store/gbj4l2s4sjbxcgnqad1k61xnpb5acbz8-riscv32-unknown-elf-rv32imac-toolchain-8.3.0-afcc8bc/lib/gcc/riscv32-unknown-elf/8.3.0/../../../../riscv32-unknown-elf/lib/libc.a(lib_a-stdio.o)
 .comment       0x0000000000000011       0x12 /nix/store/gbj4l2s4sjbxcgnqad1k61xnpb5acbz8-riscv32-unknown-elf-rv32imac-toolchain-8.3.0-afcc8bc/lib/gcc/riscv32-unknown-elf/8.3.0/../../../../riscv32-unknown-elf/lib/libc.a(lib_a-strcpy.o)
 .comment       0x0000000000000011       0x12 /nix/store/gbj4l2s4sjbxcgnqad1k61xnpb5acbz8-riscv32-unknown-elf-rv32imac-toolchain-8.3.0-afcc8bc/lib/gcc/riscv32-unknown-elf/8.3.0/../../../../riscv32-unknown-elf/lib/libc.a(lib_a-strncpy.o)
 .comment       0x0000000000000011       0x12 /nix/store/gbj4l2s4sjbxcgnqad1k61xnpb5acbz8-riscv32-unknown-elf-rv32imac-toolchain-8.3.0-afcc8bc/lib/gcc/riscv32-unknown-elf/8.3.0/../../../../riscv32-unknown-elf/lib/libc.a(lib_a-svfprintf.o)
 .comment       0x0000000000000011       0x12 /nix/store/gbj4l2s4sjbxcgnqad1k61xnpb5acbz8-riscv32-unknown-elf-rv32imac-toolchain-8.3.0-afcc8bc/lib/gcc/riscv32-unknown-elf/8.3.0/../../../../riscv32-unknown-elf/lib/libc.a(lib_a-vfiprintf.o)
 .comment       0x0000000000000011       0x12 /nix/store/gbj4l2s4sjbxcgnqad1k61xnpb5acbz8-riscv32-unknown-elf-rv32imac-toolchain-8.3.0-afcc8bc/lib/gcc/riscv32-unknown-elf/8.3.0/../../../../riscv32-unknown-elf/lib/libc.a(lib_a-writer.o)
 .comment       0x0000000000000011       0x12 /nix/store/gbj4l2s4sjbxcgnqad1k61xnpb5acbz8-riscv32-unknown-elf-rv32imac-toolchain-8.3.0-afcc8bc/lib/gcc/riscv32-unknown-elf/8.3.0/../../../../riscv32-unknown-elf/lib/libc.a(lib_a-callocr.o)
 .comment       0x0000000000000011       0x12 /nix/store/gbj4l2s4sjbxcgnqad1k61xnpb5acbz8-riscv32-unknown-elf-rv32imac-toolchain-8.3.0-afcc8bc/lib/gcc/riscv32-unknown-elf/8.3.0/../../../../riscv32-unknown-elf/lib/libc.a(lib_a-closer.o)