Archive member included to satisfy reference by file (symbol)

/raid/tools/cross-compilers/riscv-rv32im/lib/gcc/riscv32-unknown-elf/7.2.0/libgcc.a(_divdi3.o)
                              ./lib/syscalls.o (__divdi3)
/raid/tools/cross-compilers/riscv-rv32im/lib/gcc/riscv32-unknown-elf/7.2.0/libgcc.a(_moddi3.o)
                              ./lib/syscalls.o (__moddi3)
/raid/tools/cross-compilers/riscv-rv32im/lib/gcc/riscv32-unknown-elf/7.2.0/libgcc.a(divdf3.o)
                              /tmp/cc71xBXp.o (__divdf3)
/raid/tools/cross-compilers/riscv-rv32im/lib/gcc/riscv32-unknown-elf/7.2.0/libgcc.a(muldf3.o)
                              /tmp/cc71xBXp.o (__muldf3)
/raid/tools/cross-compilers/riscv-rv32im/lib/gcc/riscv32-unknown-elf/7.2.0/libgcc.a(mulsf3.o)
                              /tmp/cc71xBXp.o (__mulsf3)
/raid/tools/cross-compilers/riscv-rv32im/lib/gcc/riscv32-unknown-elf/7.2.0/libgcc.a(extendsfdf2.o)
                              /tmp/cc71xBXp.o (__extendsfdf2)
/raid/tools/cross-compilers/riscv-rv32im/lib/gcc/riscv32-unknown-elf/7.2.0/libgcc.a(truncdfsf2.o)
                              /tmp/cc71xBXp.o (__truncdfsf2)
/raid/tools/cross-compilers/riscv-rv32im/lib/gcc/riscv32-unknown-elf/7.2.0/libgcc.a(_clz.o)
                              /raid/tools/cross-compilers/riscv-rv32im/lib/gcc/riscv32-unknown-elf/7.2.0/libgcc.a(_divdi3.o) (__clz_tab)
/raid/tools/cross-compilers/riscv-rv32im/lib/gcc/riscv32-unknown-elf/7.2.0/libgcc.a(_clzsi2.o)
                              /raid/tools/cross-compilers/riscv-rv32im/lib/gcc/riscv32-unknown-elf/7.2.0/libgcc.a(divdf3.o) (__clzsi2)
/raid/tools/cross-compilers/riscv-rv32im/lib/gcc/riscv32-unknown-elf/7.2.0/../../../../riscv32-unknown-elf/lib/libc.a(lib_a-atexit.o)
                              /raid/tools/cross-compilers/riscv-rv32im/lib/gcc/riscv32-unknown-elf/7.2.0/../../../../riscv32-unknown-elf/lib/crt0.o (atexit)
/raid/tools/cross-compilers/riscv-rv32im/lib/gcc/riscv32-unknown-elf/7.2.0/../../../../riscv32-unknown-elf/lib/libc.a(lib_a-errno.o)
                              ./lib/syscalls.o (__errno)
/raid/tools/cross-compilers/riscv-rv32im/lib/gcc/riscv32-unknown-elf/7.2.0/../../../../riscv32-unknown-elf/lib/libc.a(lib_a-exit.o)
                              /raid/tools/cross-compilers/riscv-rv32im/lib/gcc/riscv32-unknown-elf/7.2.0/../../../../riscv32-unknown-elf/lib/crt0.o (exit)
/raid/tools/cross-compilers/riscv-rv32im/lib/gcc/riscv32-unknown-elf/7.2.0/../../../../riscv32-unknown-elf/lib/libc.a(lib_a-fini.o)
                              /raid/tools/cross-compilers/riscv-rv32im/lib/gcc/riscv32-unknown-elf/7.2.0/../../../../riscv32-unknown-elf/lib/crt0.o (__libc_fini_array)
/raid/tools/cross-compilers/riscv-rv32im/lib/gcc/riscv32-unknown-elf/7.2.0/../../../../riscv32-unknown-elf/lib/libc.a(lib_a-impure.o)
                              /raid/tools/cross-compilers/riscv-rv32im/lib/gcc/riscv32-unknown-elf/7.2.0/../../../../riscv32-unknown-elf/lib/libc.a(lib_a-exit.o) (_global_impure_ptr)
/raid/tools/cross-compilers/riscv-rv32im/lib/gcc/riscv32-unknown-elf/7.2.0/../../../../riscv32-unknown-elf/lib/libc.a(lib_a-init.o)
                              /raid/tools/cross-compilers/riscv-rv32im/lib/gcc/riscv32-unknown-elf/7.2.0/../../../../riscv32-unknown-elf/lib/crt0.o (__libc_init_array)
/raid/tools/cross-compilers/riscv-rv32im/lib/gcc/riscv32-unknown-elf/7.2.0/../../../../riscv32-unknown-elf/lib/libc.a(lib_a-memset.o)
                              /raid/tools/cross-compilers/riscv-rv32im/lib/gcc/riscv32-unknown-elf/7.2.0/../../../../riscv32-unknown-elf/lib/crt0.o (memset)
/raid/tools/cross-compilers/riscv-rv32im/lib/gcc/riscv32-unknown-elf/7.2.0/../../../../riscv32-unknown-elf/lib/libc.a(lib_a-printf.o)
                              /tmp/cc71xBXp.o (printf)
/raid/tools/cross-compilers/riscv-rv32im/lib/gcc/riscv32-unknown-elf/7.2.0/../../../../riscv32-unknown-elf/lib/libc.a(lib_a-puts.o)
                              /tmp/cc71xBXp.o (puts)
/raid/tools/cross-compilers/riscv-rv32im/lib/gcc/riscv32-unknown-elf/7.2.0/../../../../riscv32-unknown-elf/lib/libc.a(lib_a-strlen.o)
                              /raid/tools/cross-compilers/riscv-rv32im/lib/gcc/riscv32-unknown-elf/7.2.0/../../../../riscv32-unknown-elf/lib/libc.a(lib_a-puts.o) (strlen)
/raid/tools/cross-compilers/riscv-rv32im/lib/gcc/riscv32-unknown-elf/7.2.0/../../../../riscv32-unknown-elf/lib/libc.a(lib_a-vfprintf.o)
                              /raid/tools/cross-compilers/riscv-rv32im/lib/gcc/riscv32-unknown-elf/7.2.0/../../../../riscv32-unknown-elf/lib/libc.a(lib_a-printf.o) (_vfprintf_r)
/raid/tools/cross-compilers/riscv-rv32im/lib/gcc/riscv32-unknown-elf/7.2.0/../../../../riscv32-unknown-elf/lib/libc.a(lib_a-wsetup.o)
                              /raid/tools/cross-compilers/riscv-rv32im/lib/gcc/riscv32-unknown-elf/7.2.0/../../../../riscv32-unknown-elf/lib/libc.a(lib_a-vfprintf.o) (__swsetup_r)
[...]
Memory Configuration

Name             Origin             Length             Attributes
*default*        0x0000000000000000 0xffffffffffffffff

Linker script and memory map

LOAD ./lib/syscalls.o
LOAD ./lib/riscv_counters.o
LOAD ./lib/ns16550.o
Address of section .text-segment set to 0xc0000000
LOAD /tmp/cc71xBXp.o
LOAD /raid/tools/cross-compilers/riscv-rv32im/lib/gcc/riscv32-unknown-elf/7.2.0/../../../../riscv32-unknown-elf/lib/libm.a
LOAD /raid/tools/cross-compilers/riscv-rv32im/lib/gcc/riscv32-unknown-elf/7.2.0/libgcc.a
LOAD /raid/tools/cross-compilers/riscv-rv32im/lib/gcc/riscv32-unknown-elf/7.2.0/../../../../riscv32-unknown-elf/lib/libnosys.a
LOAD /raid/tools/cross-compilers/riscv-rv32im/lib/gcc/riscv32-unknown-elf/7.2.0/libgcc.a
START GROUP
LOAD /raid/tools/cross-compilers/riscv-rv32im/lib/gcc/riscv32-unknown-elf/7.2.0/libgcc.a
LOAD /raid/tools/cross-compilers/riscv-rv32im/lib/gcc/riscv32-unknown-elf/7.2.0/../../../../riscv32-unknown-elf/lib/libc.a
LOAD /raid/tools/cross-compilers/riscv-rv32im/lib/gcc/riscv32-unknown-elf/7.2.0/../../../../riscv32-unknown-elf/lib/libnosys.a
END GROUP
LOAD /raid/tools/cross-compilers/riscv-rv32im/lib/gcc/riscv32-unknown-elf/7.2.0/crtend.o
                [!provide]                        PROVIDE (__executable_start, SEGMENT_START ("text-segment", 0x10000))
                0x00000000c0000074                . = (SEGMENT_START ("text-segment", 0x10000) + SIZEOF_HEADERS)

.interp
 *(.interp)

.note.gnu.build-id
 *(.note.gnu.build-id)

.hash
 *(.hash)

.gnu.hash
 *(.gnu.hash)

.dynsym
 *(.dynsym)

.dynstr
 *(.dynstr)

.gnu.version
 *(.gnu.version)

.gnu.version_d
 *(.gnu.version_d)

.gnu.version_r
 *(.gnu.version_r)

.rela.dyn       0x00000000c0000074        0x0
 *(.rela.init)
 *(.rela.text .rela.text.* .rela.gnu.linkonce.t.*)
 .rela.text     0x00000000c0000074        0x0 /raid/tools/cross-compilers/riscv-rv32im/lib/gcc/riscv32-unknown-elf/7.2.0/../../../../riscv32-unknown-elf/lib/crt0.o
 *(.rela.fini)
 *(.rela.rodata .rela.rodata.* .rela.gnu.linkonce.r.*)
 *(.rela.data .rela.data.* .rela.gnu.linkonce.d.*)
 .rela.data     0x00000000c0000074        0x0 /raid/tools/cross-compilers/riscv-rv32im/lib/gcc/riscv32-unknown-elf/7.2.0/../../../../riscv32-unknown-elf/lib/crt0.o
 *(.rela.tdata .rela.tdata.* .rela.gnu.linkonce.td.*)
 *(.rela.tbss .rela.tbss.* .rela.gnu.linkonce.tb.*)
 *(.rela.ctors)
 *(.rela.dtors)
 *(.rela.got)
 *(.rela.sdata .rela.sdata.* .rela.gnu.linkonce.s.*)
 *(.rela.sbss .rela.sbss.* .rela.gnu.linkonce.sb.*)
 *(.rela.sdata2 .rela.sdata2.* .rela.gnu.linkonce.s2.*)
 *(.rela.sbss2 .rela.sbss2.* .rela.gnu.linkonce.sb2.*)
 *(.rela.bss .rela.bss.* .rela.gnu.linkonce.b.*)
                [!provide]                        PROVIDE (__rela_iplt_start, .)
 *(.rela.iplt)
                [!provide]                        PROVIDE (__rela_iplt_end, .)

.rela.plt
 *(.rela.plt)

.init
 *(SORT(.init))

.plt
 *(.plt)

.iplt
 *(.iplt)

.text           0x00000000c0000074    0x11d24
 *(.text.unlikely .text.*_unlikely .text.unlikely.*)
 *(.text.exit .text.exit.*)
 *(.text.startup .text.startup.*)
 *(.text.hot .text.hot.*)
 *(.text .stub .text.* .gnu.linkonce.t.*)
 .text          0x00000000c0000074       0x44 /raid/tools/cross-compilers/riscv-rv32im/lib/gcc/riscv32-unknown-elf/7.2.0/../../../../riscv32-unknown-elf/lib/crt0.o
                0x00000000c0000074                _start
                0x00000000c00000b4                _init
                0x00000000c00000b4                _fini
 .text          0x00000000c00000b8       0xf0 /raid/tools/cross-compilers/riscv-rv32im/lib/gcc/riscv32-unknown-elf/7.2.0/crtbegin.o
 .text          0x00000000c00001a8      0x4b4 ./lib/syscalls.o
                0x00000000c00001a8                read
                0x00000000c0000234                write
                0x00000000c00002a0                gettimeofday
                0x00000000c000039c                sleep
                0x00000000c0000410                _sbrk
                0x00000000c000044c                _write
                0x00000000c00004b8                _close
                0x00000000c00004f4                _lseek
                0x00000000c0000538                _read
                0x00000000c000057c                _fstat
                0x00000000c00005bc                _isatty
                0x00000000c00005f8                _kill
                0x00000000c0000638                _getpid
 .text          0x00000000c000065c      0x258 ./lib/riscv_counters.o
                0x00000000c000065c                read_cycle
                0x00000000c00006c8                read_time
                0x00000000c0000734                read_instret
                0x00000000c00007a0                fence
                0x00000000c00007c0                io_read32
                0x00000000c00007f4                io_write32
                0x00000000c0000830                io_read64
                0x00000000c000086c                io_write64
 .text          0x00000000c00008b4      0x1e4 ./lib/ns16550.o
                0x00000000c000098c                ns16550_rxready
                0x00000000c00009c4                ns16550_rxchar
                0x00000000c0000a0c                ns16550_txchar
                0x00000000c0000a60                ns16550_flush
 .text          0x00000000c0000a98      0x178 /tmp/cc71xBXp.o
                0x00000000c0000a98                main
 .text          0x00000000c0000c10      0x480 /raid/tools/cross-compilers/riscv-rv32im/lib/gcc/riscv32-unknown-elf/7.2.0/libgcc.a(_divdi3.o)
                0x00000000c0000c10                __divdi3
 .text          0x00000000c0001090      0x458 /raid/tools/cross-compilers/riscv-rv32im/lib/gcc/riscv32-unknown-elf/7.2.0/libgcc.a(_moddi3.o)
                0x00000000c0001090                __moddi3
 .text          0x00000000c00014e8      0x6dc /raid/tools/cross-compilers/riscv-rv32im/lib/gcc/riscv32-unknown-elf/7.2.0/libgcc.a(divdf3.o)
                0x00000000c00014e8                __divdf3
 .text          0x00000000c0001bc4      0x5d8 /raid/tools/cross-compilers/riscv-rv32im/lib/gcc/riscv32-unknown-elf/7.2.0/libgcc.a(muldf3.o)
                0x00000000c0001bc4                __muldf3
 .text          0x00000000c000219c      0x320 /raid/tools/cross-compilers/riscv-rv32im/lib/gcc/riscv32-unknown-elf/7.2.0/libgcc.a(mulsf3.o)
                0x00000000c000219c                __mulsf3
 .text          0x00000000c00024bc      0x10c /raid/tools/cross-compilers/riscv-rv32im/lib/gcc/riscv32-unknown-elf/7.2.0/libgcc.a(extendsfdf2.o)
                0x00000000c00024bc                __extendsfdf2
 .text          0x00000000c00025c8      0x198 /raid/tools/cross-compilers/riscv-rv32im/lib/gcc/riscv32-unknown-elf/7.2.0/libgcc.a(truncdfsf2.o)
                0x00000000c00025c8                __truncdfsf2
 .text          0x00000000c0002760        0x0 /raid/tools/cross-compilers/riscv-rv32im/lib/gcc/riscv32-unknown-elf/7.2.0/libgcc.a(_clz.o)
 .text          0x00000000c0002760       0x4c /raid/tools/cross-compilers/riscv-rv32im/lib/gcc/riscv32-unknown-elf/7.2.0/libgcc.a(_clzsi2.o)
                0x00000000c0002760                __clzsi2
 .text          0x00000000c00027ac       0x14 /raid/tools/cross-compilers/riscv-rv32im/lib/gcc/riscv32-unknown-elf/7.2.0/../../../../riscv32-unknown-elf/lib/libc.a(lib_a-atexit.o)
                0x00000000c00027ac                atexit
 .text          0x00000000c00027c0        0x8 /raid/tools/cross-compilers/riscv-rv32im/lib/gcc/riscv32-unknown-elf/7.2.0/../../../../riscv32-unknown-elf/lib/libc.a(lib_a-errno.o)
                0x00000000c00027c0                __errno
 .text          0x00000000c00027c8       0x30 /raid/tools/cross-compilers/riscv-rv32im/lib/gcc/riscv32-unknown-elf/7.2.0/../../../../riscv32-unknown-elf/lib/libc.a(lib_a-exit.o)
                0x00000000c00027c8                exit
 .text          0x00000000c00027f8       0x74 /raid/tools/cross-compilers/riscv-rv32im/lib/gcc/riscv32-unknown-elf/7.2.0/../../../../riscv32-unknown-elf/lib/libc.a(lib_a-fini.o)
                0x00000000c00027f8                __libc_fini_array
 .text          0x00000000c000286c        0x0 /raid/tools/cross-compilers/riscv-rv32im/lib/gcc/riscv32-unknown-elf/7.2.0/../../../../riscv32-unknown-elf/lib/libc.a(lib_a-impure.o)
 .text          0x00000000c000286c       0xa0 /raid/tools/cross-compilers/riscv-rv32im/lib/gcc/riscv32-unknown-elf/7.2.0/../../../../riscv32-unknown-elf/lib/libc.a(lib_a-init.o)
                0x00000000c000286c                __libc_init_array
 .text          0x00000000c000290c       0xdc /raid/tools/cross-compilers/riscv-rv32im/lib/gcc/riscv32-unknown-elf/7.2.0/../../../../riscv32-unknown-elf/lib/libc.a(lib_a-memset.o)
                0x00000000c000290c                memset
 .text          0x00000000c00029e8       0x8c /raid/tools/cross-compilers/riscv-rv32im/lib/gcc/riscv32-unknown-elf/7.2.0/../../../../riscv32-unknown-elf/lib/libc.a(lib_a-printf.o)
                0x00000000c00029e8                _printf_r
                0x00000000c0002a28                printf
 .text          0x00000000c0002a74       0xd4 /raid/tools/cross-compilers/riscv-rv32im/lib/gcc/riscv32-unknown-elf/7.2.0/../../../../riscv32-unknown-elf/lib/libc.a(lib_a-puts.o)
                0x00000000c0002a74                _puts_r
                0x00000000c0002b3c                puts
 .text          0x00000000c0002b48       0x1c /raid/tools/cross-compilers/riscv-rv32im/lib/gcc/riscv32-unknown-elf/7.2.0/../../../../riscv32-unknown-elf/lib/libc.a(lib_a-strlen.o)
                0x00000000c0002b48                strlen
 .text          0x00000000c0002b64     0x2068 /raid/tools/cross-compilers/riscv-rv32im/lib/gcc/riscv32-unknown-elf/7.2.0/../../../../riscv32-unknown-elf/lib/libc.a(lib_a-vfprintf.o)
                0x00000000c0002b64                _vfprintf_r
                0x00000000c0004afc                vfprintf
 .text          0x00000000c0004bcc      0x134 /raid/tools/cross-compilers/riscv-rv32im/lib/gcc/riscv32-unknown-elf/7.2.0/../../../../riscv32-unknown-elf/lib/libc.a(lib_a-wsetup.o)
                0x00000000c0004bcc                __swsetup_r
 .text          0x00000000c0004d00       0x7c /raid/tools/cross-compilers/riscv-rv32im/lib/gcc/riscv32-unknown-elf/7.2.0/../../../../riscv32-unknown-elf/lib/libc.a(lib_a-__atexit.o)
                0x00000000c0004d00                __register_exitproc
 .text          0x00000000c0004d7c      0x10c /raid/tools/cross-compilers/riscv-rv32im/lib/gcc/riscv32-unknown-elf/7.2.0/../../../../riscv32-unknown-elf/lib/libc.a(lib_a-__call_atexit.o)
                0x00000000c0004d7c                __call_exitprocs
 .text          0x00000000c0004e88      0x280 /raid/tools/cross-compilers/riscv-rv32im/lib/gcc/riscv32-unknown-elf/7.2.0/../../../../riscv32-unknown-elf/lib/libc.a(lib_a-fflush.o)
                0x00000000c0004e88                __sflush_r
                0x00000000c0005090                _fflush_r
                0x00000000c00050e8                fflush
 .text          0x00000000c0005108      0x2b4 /raid/tools/cross-compilers/riscv-rv32im/lib/gcc/riscv32-unknown-elf/7.2.0/../../../../riscv32-unknown-elf/lib/libc.a(lib_a-findfp.o)
                0x00000000c0005110                _cleanup_r
                0x00000000c00051ac                __sfmoreglue
                0x00000000c0005218                _cleanup
                0x00000000c0005220                __sinit
                0x00000000c00052a4                __sfp
                0x00000000c000538c                __sfp_lock_acquire
                0x00000000c0005390                __sfp_lock_release
                0x00000000c0005394                __sinit_lock_acquire
                0x00000000c0005398                __sinit_lock_release
                0x00000000c000539c                __fp_lock_all
                0x00000000c00053ac                __fp_unlock_all
 .text          0x00000000c00053bc      0x36c /raid/tools/cross-compilers/riscv-rv32im/lib/gcc/riscv32-unknown-elf/7.2.0/../../../../riscv32-unknown-elf/lib/libc.a(lib_a-freer.o)
                0x00000000c00053bc                _malloc_trim_r
                0x00000000c00054cc                _free_r
 .text          0x00000000c0005728      0x460 /raid/tools/cross-compilers/riscv-rv32im/lib/gcc/riscv32-unknown-elf/7.2.0/../../../../riscv32-unknown-elf/lib/libc.a(lib_a-fvwrite.o)
                0x00000000c0005728                __sfvwrite_r
 .text          0x00000000c0005b88      0x154 /raid/tools/cross-compilers/riscv-rv32im/lib/gcc/riscv32-unknown-elf/7.2.0/../../../../riscv32-unknown-elf/lib/libc.a(lib_a-fwalk.o)
                0x00000000c0005b88                _fwalk
                0x00000000c0005c28                _fwalk_reent
 .text          0x00000000c0005cdc     0x2020 /raid/tools/cross-compilers/riscv-rv32im/lib/gcc/riscv32-unknown-elf/7.2.0/../../../../riscv32-unknown-elf/lib/libc.a(lib_a-ldtoa.o)
                0x00000000c000704c                _ldtoa_r
                0x00000000c0007c98                _ldcheck
 .text          0x00000000c0007cfc       0x40 /raid/tools/cross-compilers/riscv-rv32im/lib/gcc/riscv32-unknown-elf/7.2.0/../../../../riscv32-unknown-elf/lib/libc.a(lib_a-localeconv.o)
                0x00000000c0007cfc                __localeconv_l
                0x00000000c0007d04                _localeconv_r
                0x00000000c0007d20                localeconv
 .text          0x00000000c0007d3c       0xc4 /raid/tools/cross-compilers/riscv-rv32im/lib/gcc/riscv32-unknown-elf/7.2.0/../../../../riscv32-unknown-elf/lib/libc.a(lib_a-locale.o)
                0x00000000c0007d3c                _setlocale_r
                0x00000000c0007db0                __locale_mb_cur_max
                0x00000000c0007dcc                __locale_ctype_ptr_l
                0x00000000c0007dd4                __locale_ctype_ptr
                0x00000000c0007df0                setlocale
 .text          0x00000000c0007e00      0x18c /raid/tools/cross-compilers/riscv-rv32im/lib/gcc/riscv32-unknown-elf/7.2.0/../../../../riscv32-unknown-elf/lib/libc.a(lib_a-makebuf.o)
                0x00000000c0007e00                __swhatbuf_r
                0x00000000c0007e9c                __smakebuf_r
 .text          0x00000000c0007f8c      0x644 /raid/tools/cross-compilers/riscv-rv32im/lib/gcc/riscv32-unknown-elf/7.2.0/../../../../riscv32-unknown-elf/lib/libc.a(lib_a-mallocr.o)
                0x00000000c0007f8c                _malloc_r
 .text          0x00000000c00085d0       0x78 /raid/tools/cross-compilers/riscv-rv32im/lib/gcc/riscv32-unknown-elf/7.2.0/../../../../riscv32-unknown-elf/lib/libc.a(lib_a-mbtowc_r.o)
                0x00000000c00085d0                _mbtowc_r
                0x00000000c00085ec                __ascii_mbtowc
 .text          0x00000000c0008648       0x24 /raid/tools/cross-compilers/riscv-rv32im/lib/gcc/riscv32-unknown-elf/7.2.0/../../../../riscv32-unknown-elf/lib/libc.a(lib_a-memchr.o)
                0x00000000c0008648                memchr
 .text          0x00000000c000866c       0xe8 /raid/tools/cross-compilers/riscv-rv32im/lib/gcc/riscv32-unknown-elf/7.2.0/../../../../riscv32-unknown-elf/lib/libc.a(lib_a-memcpy.o)
                0x00000000c000866c                memcpy
 .text          0x00000000c0008754       0x54 /raid/tools/cross-compilers/riscv-rv32im/lib/gcc/riscv32-unknown-elf/7.2.0/../../../../riscv32-unknown-elf/lib/libc.a(lib_a-memmove.o)
                0x00000000c0008754                memmove
 .text          0x00000000c00087a8        0x8 /raid/tools/cross-compilers/riscv-rv32im/lib/gcc/riscv32-unknown-elf/7.2.0/../../../../riscv32-unknown-elf/lib/libc.a(lib_a-mlock.o)
                0x00000000c00087a8                __malloc_lock
                0x00000000c00087ac                __malloc_unlock
 .text          0x00000000c00087b0      0xe90 /raid/tools/cross-compilers/riscv-rv32im/lib/gcc/riscv32-unknown-elf/7.2.0/../../../../riscv32-unknown-elf/lib/libc.a(lib_a-mprec.o)
                0x00000000c00087b0                _Balloc
                0x00000000c0008858                _Bfree
                0x00000000c000887c                __multadd
                0x00000000c0008978                __s2b
                0x00000000c0008a80                __hi0bits
                0x00000000c0008af4                __lo0bits
                0x00000000c0008ba4                __i2b
                0x00000000c0008bd8                __multiply
                0x00000000c0008da8                __pow5mult
                0x00000000c0008ea4                __lshift
                0x00000000c0008fe8                __mcmp
                0x00000000c000903c                __mdiff
                0x00000000c00091ac                __ulp
                0x00000000c000920c                __b2d
                0x00000000c0009310                __d2b
                0x00000000c000944c                __ratio
                0x00000000c0009508                _mprec_log10
                0x00000000c0009588                __copybits
                0x00000000c00095d8                __any_on
 .text          0x00000000c0009640      0x558 /raid/tools/cross-compilers/riscv-rv32im/lib/gcc/riscv32-unknown-elf/7.2.0/../../../../riscv32-unknown-elf/lib/libc.a(lib_a-reallocr.o)
                0x00000000c0009640                _realloc_r
 .text          0x00000000c0009b98       0x48 /raid/tools/cross-compilers/riscv-rv32im/lib/gcc/riscv32-unknown-elf/7.2.0/../../../../riscv32-unknown-elf/lib/libc.a(lib_a-sbrkr.o)
                0x00000000c0009b98                _sbrk_r
 .text          0x00000000c0009be0       0xb0 /raid/tools/cross-compilers/riscv-rv32im/lib/gcc/riscv32-unknown-elf/7.2.0/../../../../riscv32-unknown-elf/lib/libc.a(lib_a-s_frexp.o)
                0x00000000c0009be0                frexp
 .text          0x00000000c0009c90       0xd4 /raid/tools/cross-compilers/riscv-rv32im/lib/gcc/riscv32-unknown-elf/7.2.0/../../../../riscv32-unknown-elf/lib/libc.a(lib_a-sprintf.o)
                0x00000000c0009c90                _sprintf_r
                0x00000000c0009cf4                sprintf
 .text          0x00000000c0009d64      0x13c /raid/tools/cross-compilers/riscv-rv32im/lib/gcc/riscv32-unknown-elf/7.2.0/../../../../riscv32-unknown-elf/lib/libc.a(lib_a-stdio.o)
                0x00000000c0009d64                __sread
                0x00000000c0009db4                __seofread
                0x00000000c0009dbc                __swrite
                0x00000000c0009e40                __sseek
                0x00000000c0009e98                __sclose
 .text          0x00000000c0009ea0      0x17c /raid/tools/cross-compilers/riscv-rv32im/lib/gcc/riscv32-unknown-elf/7.2.0/../../../../riscv32-unknown-elf/lib/libc.a(lib_a-strcmp.o)
                0x00000000c0009ea0                strcmp
 .text          0x00000000c000a01c       0x1c /raid/tools/cross-compilers/riscv-rv32im/lib/gcc/riscv32-unknown-elf/7.2.0/../../../../riscv32-unknown-elf/lib/libc.a(lib_a-strcpy.o)
                0x00000000c000a01c                strcpy
 .text          0x00000000c000a038       0x48 /raid/tools/cross-compilers/riscv-rv32im/lib/gcc/riscv32-unknown-elf/7.2.0/../../../../riscv32-unknown-elf/lib/libc.a(lib_a-strncpy.o)
                0x00000000c000a038                strncpy
 .text          0x00000000c000a080     0x1f3c /raid/tools/cross-compilers/riscv-rv32im/lib/gcc/riscv32-unknown-elf/7.2.0/../../../../riscv32-unknown-elf/lib/libc.a(lib_a-svfprintf.o)
                0x00000000c000a080                _svfprintf_r
 .text          0x00000000c000bfbc      0xe5c /raid/tools/cross-compilers/riscv-rv32im/lib/gcc/riscv32-unknown-elf/7.2.0/../../../../riscv32-unknown-elf/lib/libc.a(lib_a-vfiprintf.o)
                0x00000000c000bfbc                __sprint_r
                0x00000000c000c0bc                _vfiprintf_r
                0x00000000c000cd48                vfiprintf
 .text          0x00000000c000ce18       0x4c /raid/tools/cross-compilers/riscv-rv32im/lib/gcc/riscv32-unknown-elf/7.2.0/../../../../riscv32-unknown-elf/lib/libc.a(lib_a-wctomb_r.o)
                0x00000000c000ce18                _wctomb_r
                0x00000000c000ce34                __ascii_wctomb
 .text          0x00000000c000ce64       0x50 /raid/tools/cross-compilers/riscv-rv32im/lib/gcc/riscv32-unknown-elf/7.2.0/../../../../riscv32-unknown-elf/lib/libc.a(lib_a-writer.o)
                0x00000000c000ce64                _write_r
 .text          0x00000000c000ceb4       0x9c /raid/tools/cross-compilers/riscv-rv32im/lib/gcc/riscv32-unknown-elf/7.2.0/../../../../riscv32-unknown-elf/lib/libc.a(lib_a-callocr.o)
                0x00000000c000ceb4                _calloc_r
 .text          0x00000000c000cf50       0x48 /raid/tools/cross-compilers/riscv-rv32im/lib/gcc/riscv32-unknown-elf/7.2.0/../../../../riscv32-unknown-elf/lib/libc.a(lib_a-closer.o)
                0x00000000c000cf50                _close_r
 .text          0x00000000c000cf98        0x0 /raid/tools/cross-compilers/riscv-rv32im/lib/gcc/riscv32-unknown-elf/7.2.0/../../../../riscv32-unknown-elf/lib/libc.a(lib_a-ctype_.o)
 .text          0x00000000c000cf98       0xe8 /raid/tools/cross-compilers/riscv-rv32im/lib/gcc/riscv32-unknown-elf/7.2.0/../../../../riscv32-unknown-elf/lib/libc.a(lib_a-fclose.o)
                0x00000000c000cf98                _fclose_r
                0x00000000c000d074                fclose
 .text          0x00000000c000d080      0x194 /raid/tools/cross-compilers/riscv-rv32im/lib/gcc/riscv32-unknown-elf/7.2.0/../../../../riscv32-unknown-elf/lib/libc.a(lib_a-fputwc.o)
                0x00000000c000d080                __fputwc
                0x00000000c000d194                _fputwc_r
                0x00000000c000d1c0                fputwc
 .text          0x00000000c000d214       0x4c /raid/tools/cross-compilers/riscv-rv32im/lib/gcc/riscv32-unknown-elf/7.2.0/../../../../riscv32-unknown-elf/lib/libc.a(lib_a-fstatr.o)
                0x00000000c000d214                _fstat_r
 .text          0x00000000c000d260       0x48 /raid/tools/cross-compilers/riscv-rv32im/lib/gcc/riscv32-unknown-elf/7.2.0/../../../../riscv32-unknown-elf/lib/libc.a(lib_a-isattyr.o)
                0x00000000c000d260                _isatty_r
 .text          0x00000000c000d2a8       0x50 /raid/tools/cross-compilers/riscv-rv32im/lib/gcc/riscv32-unknown-elf/7.2.0/../../../../riscv32-unknown-elf/lib/libc.a(lib_a-lseekr.o)
                0x00000000c000d2a8                _lseek_r
 .text          0x00000000c000d2f8       0x50 /raid/tools/cross-compilers/riscv-rv32im/lib/gcc/riscv32-unknown-elf/7.2.0/../../../../riscv32-unknown-elf/lib/libc.a(lib_a-readr.o)
                0x00000000c000d2f8                _read_r
 .text          0x00000000c000d348      0x14c /raid/tools/cross-compilers/riscv-rv32im/lib/gcc/riscv32-unknown-elf/7.2.0/../../../../riscv32-unknown-elf/lib/libc.a(lib_a-reent.o)
                0x00000000c000d348                cleanup_glue
                0x00000000c000d388                _reclaim_reent
 .text          0x00000000c000d494      0xdf8 /raid/tools/cross-compilers/riscv-rv32im/lib/gcc/riscv32-unknown-elf/7.2.0/../../../../riscv32-unknown-elf/lib/libc.a(lib_a-svfiprintf.o)
                0x00000000c000d494                __ssprint_r
                0x00000000c000d65c                _svfiprintf_r
 .text          0x00000000c000e28c      0x140 /raid/tools/cross-compilers/riscv-rv32im/lib/gcc/riscv32-unknown-elf/7.2.0/../../../../riscv32-unknown-elf/lib/libc.a(lib_a-wbuf.o)
                0x00000000c000e28c                __swbuf_r
                0x00000000c000e3bc                __swbuf
 .text          0x00000000c000e3cc       0x9c /raid/tools/cross-compilers/riscv-rv32im/lib/gcc/riscv32-unknown-elf/7.2.0/../../../../riscv32-unknown-elf/lib/libc.a(lib_a-wcrtomb.o)
                0x00000000c000e3cc                _wcrtomb_r
                0x00000000c000e454                wcrtomb
 .text          0x00000000c000e468        0x4 /raid/tools/cross-compilers/riscv-rv32im/lib/gcc/riscv32-unknown-elf/7.2.0/../../../../riscv32-unknown-elf/lib/libnosys.a(_exit.o)
                0x00000000c000e468                _exit
 .text          0x00000000c000e46c      0x434 /raid/tools/cross-compilers/riscv-rv32im/lib/gcc/riscv32-unknown-elf/7.2.0/libgcc.a(_udivdi3.o)
                0x00000000c000e46c                __udivdi3
 .text          0x00000000c000e8a0      0x410 /raid/tools/cross-compilers/riscv-rv32im/lib/gcc/riscv32-unknown-elf/7.2.0/libgcc.a(_umoddi3.o)
                0x00000000c000e8a0                __umoddi3
 .text          0x00000000c000ecb0       0xcc /raid/tools/cross-compilers/riscv-rv32im/lib/gcc/riscv32-unknown-elf/7.2.0/libgcc.a(eqtf2.o)
                0x00000000c000ecb0                __eqtf2
                0x00000000c000ecb0                __netf2
 .text          0x00000000c000ed7c      0x160 /raid/tools/cross-compilers/riscv-rv32im/lib/gcc/riscv32-unknown-elf/7.2.0/libgcc.a(getf2.o)
                0x00000000c000ed7c                __getf2
                0x00000000c000ed7c                __gttf2
 .text          0x00000000c000eedc      0x160 /raid/tools/cross-compilers/riscv-rv32im/lib/gcc/riscv32-unknown-elf/7.2.0/libgcc.a(letf2.o)
                0x00000000c000eedc                __letf2
                0x00000000c000eedc                __lttf2
 .text          0x00000000c000f03c     0x103c /raid/tools/cross-compilers/riscv-rv32im/lib/gcc/riscv32-unknown-elf/7.2.0/libgcc.a(multf3.o)
                0x00000000c000f03c                __multf3
 .text          0x00000000c0010078     0x14c0 /raid/tools/cross-compilers/riscv-rv32im/lib/gcc/riscv32-unknown-elf/7.2.0/libgcc.a(subtf3.o)
                0x00000000c0010078                __subtf3
 .text          0x00000000c0011538      0x164 /raid/tools/cross-compilers/riscv-rv32im/lib/gcc/riscv32-unknown-elf/7.2.0/libgcc.a(fixtfsi.o)
                0x00000000c0011538                __fixtfsi
 .text          0x00000000c001169c      0x180 /raid/tools/cross-compilers/riscv-rv32im/lib/gcc/riscv32-unknown-elf/7.2.0/libgcc.a(floatsitf.o)
                0x00000000c001169c                __floatsitf
 .text          0x00000000c001181c      0x224 /raid/tools/cross-compilers/riscv-rv32im/lib/gcc/riscv32-unknown-elf/7.2.0/libgcc.a(extenddftf2.o)
                0x00000000c001181c                __extenddftf2
 .text          0x00000000c0011a40      0x358 /raid/tools/cross-compilers/riscv-rv32im/lib/gcc/riscv32-unknown-elf/7.2.0/libgcc.a(trunctfdf2.o)
                0x00000000c0011a40                __trunctfdf2
 .text          0x00000000c0011d98        0x0 /raid/tools/cross-compilers/riscv-rv32im/lib/gcc/riscv32-unknown-elf/7.2.0/crtend.o
 *(.gnu.warning)

.fini
 *(SORT(.fini))
                [!provide]                        PROVIDE (__etext, .)
                [!provide]                        PROVIDE (_etext, .)
                [!provide]                        PROVIDE (etext, .)

.rodata         0x00000000c0011d98      0xd7c
 *(.rodata .rodata.* .gnu.linkonce.r.*)
 .rodata        0x00000000c0011d98       0x60 /tmp/cc71xBXp.o
 .rodata        0x00000000c0011df8       0x3c /raid/tools/cross-compilers/riscv-rv32im/lib/gcc/riscv32-unknown-elf/7.2.0/libgcc.a(divdf3.o)
 .rodata        0x00000000c0011e34       0x3c /raid/tools/cross-compilers/riscv-rv32im/lib/gcc/riscv32-unknown-elf/7.2.0/libgcc.a(muldf3.o)
 .rodata        0x00000000c0011e70       0x3c /raid/tools/cross-compilers/riscv-rv32im/lib/gcc/riscv32-unknown-elf/7.2.0/libgcc.a(mulsf3.o)
 .rodata        0x00000000c0011eac      0x100 /raid/tools/cross-compilers/riscv-rv32im/lib/gcc/riscv32-unknown-elf/7.2.0/libgcc.a(_clz.o)
                0x00000000c0011eac                __clz_tab
 .rodata.str1.4
                0x00000000c0011fac        0x2 /raid/tools/cross-compilers/riscv-rv32im/lib/gcc/riscv32-unknown-elf/7.2.0/../../../../riscv32-unknown-elf/lib/libc.a(lib_a-puts.o)
 *fill*         0x00000000c0011fae        0x2 
 .rodata        0x00000000c0011fb0      0x18c /raid/tools/cross-compilers/riscv-rv32im/lib/gcc/riscv32-unknown-elf/7.2.0/../../../../riscv32-unknown-elf/lib/libc.a(lib_a-vfprintf.o)
 .rodata.str1.4
                0x00000000c001213c       0x3a /raid/tools/cross-compilers/riscv-rv32im/lib/gcc/riscv32-unknown-elf/7.2.0/../../../../riscv32-unknown-elf/lib/libc.a(lib_a-vfprintf.o)
 *fill*         0x00000000c0012176        0x2 
 .rodata        0x00000000c0012178      0x254 /raid/tools/cross-compilers/riscv-rv32im/lib/gcc/riscv32-unknown-elf/7.2.0/../../../../riscv32-unknown-elf/lib/libc.a(lib_a-ldtoa.o)
 .rodata.str1.4
                0x00000000c00123cc       0x28 /raid/tools/cross-compilers/riscv-rv32im/lib/gcc/riscv32-unknown-elf/7.2.0/../../../../riscv32-unknown-elf/lib/libc.a(lib_a-ldtoa.o)
 .rodata.str1.4
                0x00000000c00123f4       0x10 /raid/tools/cross-compilers/riscv-rv32im/lib/gcc/riscv32-unknown-elf/7.2.0/../../../../riscv32-unknown-elf/lib/libc.a(lib_a-locale.o)
                                         0x12 (size before relaxing)
 *fill*         0x00000000c0012404        0x4 
 .rodata        0x00000000c0012408      0x128 /raid/tools/cross-compilers/riscv-rv32im/lib/gcc/riscv32-unknown-elf/7.2.0/../../../../riscv32-unknown-elf/lib/libc.a(lib_a-mprec.o)
                0x00000000c0012418                __mprec_tens
                0x00000000c00124e0                __mprec_tinytens
                0x00000000c0012508                __mprec_bigtens
 .rodata        0x00000000c0012530      0x18c /raid/tools/cross-compilers/riscv-rv32im/lib/gcc/riscv32-unknown-elf/7.2.0/../../../../riscv32-unknown-elf/lib/libc.a(lib_a-svfprintf.o)
 .rodata.str1.4
                0x00000000c00126bc       0x3a /raid/tools/cross-compilers/riscv-rv32im/lib/gcc/riscv32-unknown-elf/7.2.0/../../../../riscv32-unknown-elf/lib/libc.a(lib_a-svfprintf.o)
 .rodata        0x00000000c00126bc      0x18c /raid/tools/cross-compilers/riscv-rv32im/lib/gcc/riscv32-unknown-elf/7.2.0/../../../../riscv32-unknown-elf/lib/libc.a(lib_a-vfiprintf.o)
 .rodata.str1.4
                0x00000000c0012848       0x25 /raid/tools/cross-compilers/riscv-rv32im/lib/gcc/riscv32-unknown-elf/7.2.0/../../../../riscv32-unknown-elf/lib/libc.a(lib_a-vfiprintf.o)
 .rodata        0x00000000c0012848      0x101 /raid/tools/cross-compilers/riscv-rv32im/lib/gcc/riscv32-unknown-elf/7.2.0/../../../../riscv32-unknown-elf/lib/libc.a(lib_a-ctype_.o)
                0x00000000c0012848                _ctype_
 *fill*         0x00000000c0012949        0x3 
 .rodata        0x00000000c001294c      0x18c /raid/tools/cross-compilers/riscv-rv32im/lib/gcc/riscv32-unknown-elf/7.2.0/../../../../riscv32-unknown-elf/lib/libc.a(lib_a-svfiprintf.o)
 .rodata.str1.4
                0x00000000c0012ad8       0x25 /raid/tools/cross-compilers/riscv-rv32im/lib/gcc/riscv32-unknown-elf/7.2.0/../../../../riscv32-unknown-elf/lib/libc.a(lib_a-svfiprintf.o)
 .rodata        0x00000000c0012ad8       0x3c /raid/tools/cross-compilers/riscv-rv32im/lib/gcc/riscv32-unknown-elf/7.2.0/libgcc.a(multf3.o)

.rodata1
 *(.rodata1)

.sdata2
 *(.sdata2 .sdata2.* .gnu.linkonce.s2.*)

.sbss2
 *(.sbss2 .sbss2.* .gnu.linkonce.sb2.*)

.eh_frame_hdr
 *(.eh_frame_hdr)
 *(.eh_frame_entry .eh_frame_entry.*)

.eh_frame
 *(.eh_frame)
 *(.eh_frame.*)

.gcc_except_table
 *(.gcc_except_table .gcc_except_table.*)

.gnu_extab
 *(.gnu_extab*)

.exception_ranges
 *(.exception_ranges .exception_ranges*)
                0x00000000c0013000                . = DATA_SEGMENT_ALIGN (CONSTANT (MAXPAGESIZE), CONSTANT (COMMONPAGESIZE))

.eh_frame       0x00000000c0013000       0x68
 *(.eh_frame)
 .eh_frame      0x00000000c0013000        0x0 /raid/tools/cross-compilers/riscv-rv32im/lib/gcc/riscv32-unknown-elf/7.2.0/crtbegin.o
 .eh_frame      0x00000000c0013000       0x28 /raid/tools/cross-compilers/riscv-rv32im/lib/gcc/riscv32-unknown-elf/7.2.0/libgcc.a(_divdi3.o)
 .eh_frame      0x00000000c0013028       0x14 /raid/tools/cross-compilers/riscv-rv32im/lib/gcc/riscv32-unknown-elf/7.2.0/libgcc.a(_moddi3.o)
                                         0x28 (size before relaxing)
 .eh_frame      0x00000000c001303c       0x14 /raid/tools/cross-compilers/riscv-rv32im/lib/gcc/riscv32-unknown-elf/7.2.0/libgcc.a(_udivdi3.o)
                                         0x28 (size before relaxing)
 .eh_frame      0x00000000c0013050       0x14 /raid/tools/cross-compilers/riscv-rv32im/lib/gcc/riscv32-unknown-elf/7.2.0/libgcc.a(_umoddi3.o)
                                         0x28 (size before relaxing)
 .eh_frame      0x00000000c0013064        0x4 /raid/tools/cross-compilers/riscv-rv32im/lib/gcc/riscv32-unknown-elf/7.2.0/crtend.o
 *(.eh_frame.*)

.gnu_extab
 *(.gnu_extab)

.gcc_except_table
 *(.gcc_except_table .gcc_except_table.*)

.exception_ranges
 *(.exception_ranges .exception_ranges*)

.tdata
 *(.tdata .tdata.* .gnu.linkonce.td.*)

.tbss
 *(.tbss .tbss.* .gnu.linkonce.tb.*)
 *(.tcommon)

.preinit_array  0x00000000c0013068        0x0
                0x00000000c0013068                PROVIDE (__preinit_array_start, .)
 *(.preinit_array)
                0x00000000c0013068                PROVIDE (__preinit_array_end, .)

.init_array     0x00000000c0013068        0x8
                0x00000000c0013068                PROVIDE (__init_array_start, .)
 *(SORT(.init_array.*) SORT(.ctors.*))
 *(.init_array EXCLUDE_FILE(*crtend?.o *crtend.o *crtbegin?.o *crtbegin.o) .ctors)
 .init_array    0x00000000c0013068        0x4 /raid/tools/cross-compilers/riscv-rv32im/lib/gcc/riscv32-unknown-elf/7.2.0/crtbegin.o
 .init_array    0x00000000c001306c        0x4 ./lib/ns16550.o
                0x00000000c0013070                PROVIDE (__init_array_end, .)

.fini_array     0x00000000c0013070        0x4
                0x00000000c0013070                PROVIDE (__fini_array_start, .)
 *(SORT(.fini_array.*) SORT(.dtors.*))
 *(.fini_array EXCLUDE_FILE(*crtend?.o *crtend.o *crtbegin?.o *crtbegin.o) .dtors)
 .fini_array    0x00000000c0013070        0x4 /raid/tools/cross-compilers/riscv-rv32im/lib/gcc/riscv32-unknown-elf/7.2.0/crtbegin.o
                0x00000000c0013074                PROVIDE (__fini_array_end, .)

.ctors
 *crtbegin.o(.ctors)
 *crtbegin?.o(.ctors)
 *(EXCLUDE_FILE(*crtend?.o *crtend.o) .ctors)
 *(SORT(.ctors.*))
 *(.ctors)

.dtors
 *crtbegin.o(.dtors)
 *crtbegin?.o(.dtors)
 *(EXCLUDE_FILE(*crtend?.o *crtend.o) .dtors)
 *(SORT(.dtors.*))
 *(.dtors)

.jcr
 *(.jcr)

.data.rel.ro
 *(.data.rel.ro.local* .gnu.linkonce.d.rel.ro.local.*)
 *(.data.rel.ro .data.rel.ro.* .gnu.linkonce.d.rel.ro.*)

.dynamic
 *(.dynamic)
                0x00000000c0013074                . = DATA_SEGMENT_RELRO_END (., 0x0)

.data           0x00000000c0013078      0xef4
 *(.data .data.* .gnu.linkonce.d.*)
 .data          0x00000000c0013078        0x0 /raid/tools/cross-compilers/riscv-rv32im/lib/gcc/riscv32-unknown-elf/7.2.0/../../../../riscv32-unknown-elf/lib/crt0.o
 .data          0x00000000c0013078        0x0 /raid/tools/cross-compilers/riscv-rv32im/lib/gcc/riscv32-unknown-elf/7.2.0/crtbegin.o
 .data          0x00000000c0013078        0x0 ./lib/startup.o
 .data          0x00000000c0013078        0x0 ./lib/syscalls.o
 .data          0x00000000c0013078        0x0 ./lib/riscv_counters.o
 .data          0x00000000c0013078        0x0 ./lib/ns16550.o
 .data          0x00000000c0013078      0x558 /tmp/cc71xBXp.o
                0x00000000c0013078                ex
 .data          0x00000000c00135d0        0x0 /raid/tools/cross-compilers/riscv-rv32im/lib/gcc/riscv32-unknown-elf/7.2.0/libgcc.a(_divdi3.o)
 .data          0x00000000c00135d0        0x0 /raid/tools/cross-compilers/riscv-rv32im/lib/gcc/riscv32-unknown-elf/7.2.0/libgcc.a(_moddi3.o)
 .data          0x00000000c00135d0        0x0 /raid/tools/cross-compilers/riscv-rv32im/lib/gcc/riscv32-unknown-elf/7.2.0/libgcc.a(divdf3.o)
 .data          0x00000000c00135d0        0x0 /raid/tools/cross-compilers/riscv-rv32im/lib/gcc/riscv32-unknown-elf/7.2.0/libgcc.a(muldf3.o)
 .data          0x00000000c00135d0        0x0 /raid/tools/cross-compilers/riscv-rv32im/lib/gcc/riscv32-unknown-elf/7.2.0/libgcc.a(mulsf3.o)
 .data          0x00000000c00135d0        0x0 /raid/tools/cross-compilers/riscv-rv32im/lib/gcc/riscv32-unknown-elf/7.2.0/libgcc.a(extendsfdf2.o)
 .data          0x00000000c00135d0        0x0 /raid/tools/cross-compilers/riscv-rv32im/lib/gcc/riscv32-unknown-elf/7.2.0/libgcc.a(truncdfsf2.o)
 .data          0x00000000c00135d0        0x0 /raid/tools/cross-compilers/riscv-rv32im/lib/gcc/riscv32-unknown-elf/7.2.0/libgcc.a(_clz.o)
 .data          0x00000000c00135d0        0x0 /raid/tools/cross-compilers/riscv-rv32im/lib/gcc/riscv32-unknown-elf/7.2.0/libgcc.a(_clzsi2.o)
 .data          0x00000000c00135d0        0x0 /raid/tools/cross-compilers/riscv-rv32im/lib/gcc/riscv32-unknown-elf/7.2.0/../../../../riscv32-unknown-elf/lib/libc.a(lib_a-atexit.o)
 .data          0x00000000c00135d0        0x0 /raid/tools/cross-compilers/riscv-rv32im/lib/gcc/riscv32-unknown-elf/7.2.0/../../../../riscv32-unknown-elf/lib/libc.a(lib_a-errno.o)
 .data          0x00000000c00135d0        0x0 /raid/tools/cross-compilers/riscv-rv32im/lib/gcc/riscv32-unknown-elf/7.2.0/../../../../riscv32-unknown-elf/lib/libc.a(lib_a-exit.o)
 .data          0x00000000c00135d0        0x0 /raid/tools/cross-compilers/riscv-rv32im/lib/gcc/riscv32-unknown-elf/7.2.0/../../../../riscv32-unknown-elf/lib/libc.a(lib_a-fini.o)
 .data          0x00000000c00135d0      0x428 /raid/tools/cross-compilers/riscv-rv32im/lib/gcc/riscv32-unknown-elf/7.2.0/../../../../riscv32-unknown-elf/lib/libc.a(lib_a-impure.o)
 .data          0x00000000c00139f8        0x0 /raid/tools/cross-compilers/riscv-rv32im/lib/gcc/riscv32-unknown-elf/7.2.0/../../../../riscv32-unknown-elf/lib/libc.a(lib_a-init.o)
 .data          0x00000000c00139f8        0x0 /raid/tools/cross-compilers/riscv-rv32im/lib/gcc/riscv32-unknown-elf/7.2.0/../../../../riscv32-unknown-elf/lib/libc.a(lib_a-memset.o)
 .data          0x00000000c00139f8        0x0 /raid/tools/cross-compilers/riscv-rv32im/lib/gcc/riscv32-unknown-elf/7.2.0/../../../../riscv32-unknown-elf/lib/libc.a(lib_a-printf.o)
 .data          0x00000000c00139f8        0x0 /raid/tools/cross-compilers/riscv-rv32im/lib/gcc/riscv32-unknown-elf/7.2.0/../../../../riscv32-unknown-elf/lib/libc.a(lib_a-puts.o)
 .data          0x00000000c00139f8        0x0 /raid/tools/cross-compilers/riscv-rv32im/lib/gcc/riscv32-unknown-elf/7.2.0/../../../../riscv32-unknown-elf/lib/libc.a(lib_a-strlen.o)
 .data          0x00000000c00139f8        0x0 /raid/tools/cross-compilers/riscv-rv32im/lib/gcc/riscv32-unknown-elf/7.2.0/../../../../riscv32-unknown-elf/lib/libc.a(lib_a-vfprintf.o)
 .data          0x00000000c00139f8        0x0 /raid/tools/cross-compilers/riscv-rv32im/lib/gcc/riscv32-unknown-elf/7.2.0/../../../../riscv32-unknown-elf/lib/libc.a(lib_a-wsetup.o)
 .data          0x00000000c00139f8        0x0 /raid/tools/cross-compilers/riscv-rv32im/lib/gcc/riscv32-unknown-elf/7.2.0/../../../../riscv32-unknown-elf/lib/libc.a(lib_a-__atexit.o)
 .data          0x00000000c00139f8        0x0 /raid/tools/cross-compilers/riscv-rv32im/lib/gcc/riscv32-unknown-elf/7.2.0/../../../../riscv32-unknown-elf/lib/libc.a(lib_a-__call_atexit.o)
 .data          0x00000000c00139f8        0x0 /raid/tools/cross-compilers/riscv-rv32im/lib/gcc/riscv32-unknown-elf/7.2.0/../../../../riscv32-unknown-elf/lib/libc.a(lib_a-fflush.o)
 .data          0x00000000c00139f8        0x0 /raid/tools/cross-compilers/riscv-rv32im/lib/gcc/riscv32-unknown-elf/7.2.0/../../../../riscv32-unknown-elf/lib/libc.a(lib_a-findfp.o)
 .data          0x00000000c00139f8        0x0 /raid/tools/cross-compilers/riscv-rv32im/lib/gcc/riscv32-unknown-elf/7.2.0/../../../../riscv32-unknown-elf/lib/libc.a(lib_a-freer.o)
 .data          0x00000000c00139f8        0x0 /raid/tools/cross-compilers/riscv-rv32im/lib/gcc/riscv32-unknown-elf/7.2.0/../../../../riscv32-unknown-elf/lib/libc.a(lib_a-fvwrite.o)
 .data          0x00000000c00139f8        0x0 /raid/tools/cross-compilers/riscv-rv32im/lib/gcc/riscv32-unknown-elf/7.2.0/../../../../riscv32-unknown-elf/lib/libc.a(lib_a-fwalk.o)
 .data          0x00000000c00139f8        0x0 /raid/tools/cross-compilers/riscv-rv32im/lib/gcc/riscv32-unknown-elf/7.2.0/../../../../riscv32-unknown-elf/lib/libc.a(lib_a-ldtoa.o)
 .data          0x00000000c00139f8        0x0 /raid/tools/cross-compilers/riscv-rv32im/lib/gcc/riscv32-unknown-elf/7.2.0/../../../../riscv32-unknown-elf/lib/libc.a(lib_a-localeconv.o)
 .data          0x00000000c00139f8      0x16c /raid/tools/cross-compilers/riscv-rv32im/lib/gcc/riscv32-unknown-elf/7.2.0/../../../../riscv32-unknown-elf/lib/libc.a(lib_a-locale.o)
                0x00000000c00139f8                __global_locale
 .data          0x00000000c0013b64        0x0 /raid/tools/cross-compilers/riscv-rv32im/lib/gcc/riscv32-unknown-elf/7.2.0/../../../../riscv32-unknown-elf/lib/libc.a(lib_a-makebuf.o)
 .data          0x00000000c0013b64      0x408 /raid/tools/cross-compilers/riscv-rv32im/lib/gcc/riscv32-unknown-elf/7.2.0/../../../../riscv32-unknown-elf/lib/libc.a(lib_a-mallocr.o)
                0x00000000c0013b64                __malloc_av_
 .data          0x00000000c0013f6c        0x0 /raid/tools/cross-compilers/riscv-rv32im/lib/gcc/riscv32-unknown-elf/7.2.0/../../../../riscv32-unknown-elf/lib/libc.a(lib_a-mbtowc_r.o)
 .data          0x00000000c0013f6c        0x0 /raid/tools/cross-compilers/riscv-rv32im/lib/gcc/riscv32-unknown-elf/7.2.0/../../../../riscv32-unknown-elf/lib/libc.a(lib_a-memchr.o)
 .data          0x00000000c0013f6c        0x0 /raid/tools/cross-compilers/riscv-rv32im/lib/gcc/riscv32-unknown-elf/7.2.0/../../../../riscv32-unknown-elf/lib/libc.a(lib_a-memcpy.o)
 .data          0x00000000c0013f6c        0x0 /raid/tools/cross-compilers/riscv-rv32im/lib/gcc/riscv32-unknown-elf/7.2.0/../../../../riscv32-unknown-elf/lib/libc.a(lib_a-memmove.o)
 .data          0x00000000c0013f6c        0x0 /raid/tools/cross-compilers/riscv-rv32im/lib/gcc/riscv32-unknown-elf/7.2.0/../../../../riscv32-unknown-elf/lib/libc.a(lib_a-mlock.o)
 .data          0x00000000c0013f6c        0x0 /raid/tools/cross-compilers/riscv-rv32im/lib/gcc/riscv32-unknown-elf/7.2.0/../../../../riscv32-unknown-elf/lib/libc.a(lib_a-mprec.o)
 .data          0x00000000c0013f6c        0x0 /raid/tools/cross-compilers/riscv-rv32im/lib/gcc/riscv32-unknown-elf/7.2.0/../../../../riscv32-unknown-elf/lib/libc.a(lib_a-reallocr.o)
 .data          0x00000000c0013f6c        0x0 /raid/tools/cross-compilers/riscv-rv32im/lib/gcc/riscv32-unknown-elf/7.2.0/../../../../riscv32-unknown-elf/lib/libc.a(lib_a-sbrkr.o)
 .data          0x00000000c0013f6c        0x0 /raid/tools/cross-compilers/riscv-rv32im/lib/gcc/riscv32-unknown-elf/7.2.0/../../../../riscv32-unknown-elf/lib/libc.a(lib_a-s_frexp.o)
 .data          0x00000000c0013f6c        0x0 /raid/tools/cross-compilers/riscv-rv32im/lib/gcc/riscv32-unknown-elf/7.2.0/../../../../riscv32-unknown-elf/lib/libc.a(lib_a-sprintf.o)
 .data          0x00000000c0013f6c        0x0 /raid/tools/cross-compilers/riscv-rv32im/lib/gcc/riscv32-unknown-elf/7.2.0/../../../../riscv32-unknown-elf/lib/libc.a(lib_a-stdio.o)
 .data          0x00000000c0013f6c        0x0 /raid/tools/cross-compilers/riscv-rv32im/lib/gcc/riscv32-unknown-elf/7.2.0/../../../../riscv32-unknown-elf/lib/libc.a(lib_a-strcmp.o)
 .data          0x00000000c0013f6c        0x0 /raid/tools/cross-compilers/riscv-rv32im/lib/gcc/riscv32-unknown-elf/7.2.0/../../../../riscv32-unknown-elf/lib/libc.a(lib_a-strcpy.o)
 .data          0x00000000c0013f6c        0x0 /raid/tools/cross-compilers/riscv-rv32im/lib/gcc/riscv32-unknown-elf/7.2.0/../../../../riscv32-unknown-elf/lib/libc.a(lib_a-strncpy.o)
 .data          0x00000000c0013f6c        0x0 /raid/tools/cross-compilers/riscv-rv32im/lib/gcc/riscv32-unknown-elf/7.2.0/../../../../riscv32-unknown-elf/lib/libc.a(lib_a-svfprintf.o)
 .data          0x00000000c0013f6c        0x0 /raid/tools/cross-compilers/riscv-rv32im/lib/gcc/riscv32-unknown-elf/7.2.0/../../../../riscv32-unknown-elf/lib/libc.a(lib_a-vfiprintf.o)
 .data          0x00000000c0013f6c        0x0 /raid/tools/cross-compilers/riscv-rv32im/lib/gcc/riscv32-unknown-elf/7.2.0/../../../../riscv32-unknown-elf/lib/libc.a(lib_a-wctomb_r.o)
 .data          0x00000000c0013f6c        0x0 /raid/tools/cross-compilers/riscv-rv32im/lib/gcc/riscv32-unknown-elf/7.2.0/../../../../riscv32-unknown-elf/lib/libc.a(lib_a-writer.o)
 .data          0x00000000c0013f6c        0x0 /raid/tools/cross-compilers/riscv-rv32im/lib/gcc/riscv32-unknown-elf/7.2.0/../../../../riscv32-unknown-elf/lib/libc.a(lib_a-callocr.o)
 .data          0x00000000c0013f6c        0x0 /raid/tools/cross-compilers/riscv-rv32im/lib/gcc/riscv32-unknown-elf/7.2.0/../../../../riscv32-unknown-elf/lib/libc.a(lib_a-closer.o)
 .data          0x00000000c0013f6c        0x0 /raid/tools/cross-compilers/riscv-rv32im/lib/gcc/riscv32-unknown-elf/7.2.0/../../../../riscv32-unknown-elf/lib/libc.a(lib_a-ctype_.o)
 .data          0x00000000c0013f6c        0x0 /raid/tools/cross-compilers/riscv-rv32im/lib/gcc/riscv32-unknown-elf/7.2.0/../../../../riscv32-unknown-elf/lib/libc.a(lib_a-fclose.o)
 .data          0x00000000c0013f6c        0x0 /raid/tools/cross-compilers/riscv-rv32im/lib/gcc/riscv32-unknown-elf/7.2.0/../../../../riscv32-unknown-elf/lib/libc.a(lib_a-fputwc.o)
 .data          0x00000000c0013f6c        0x0 /raid/tools/cross-compilers/riscv-rv32im/lib/gcc/riscv32-unknown-elf/7.2.0/../../../../riscv32-unknown-elf/lib/libc.a(lib_a-fstatr.o)
 .data          0x00000000c0013f6c        0x0 /raid/tools/cross-compilers/riscv-rv32im/lib/gcc/riscv32-unknown-elf/7.2.0/../../../../riscv32-unknown-elf/lib/libc.a(lib_a-isattyr.o)
 .data          0x00000000c0013f6c        0x0 /raid/tools/cross-compilers/riscv-rv32im/lib/gcc/riscv32-unknown-elf/7.2.0/../../../../riscv32-unknown-elf/lib/libc.a(lib_a-lseekr.o)
 .data          0x00000000c0013f6c        0x0 /raid/tools/cross-compilers/riscv-rv32im/lib/gcc/riscv32-unknown-elf/7.2.0/../../../../riscv32-unknown-elf/lib/libc.a(lib_a-readr.o)
 .data          0x00000000c0013f6c        0x0 /raid/tools/cross-compilers/riscv-rv32im/lib/gcc/riscv32-unknown-elf/7.2.0/../../../../riscv32-unknown-elf/lib/libc.a(lib_a-reent.o)
 .data          0x00000000c0013f6c        0x0 /raid/tools/cross-compilers/riscv-rv32im/lib/gcc/riscv32-unknown-elf/7.2.0/../../../../riscv32-unknown-elf/lib/libc.a(lib_a-svfiprintf.o)
 .data          0x00000000c0013f6c        0x0 /raid/tools/cross-compilers/riscv-rv32im/lib/gcc/riscv32-unknown-elf/7.2.0/../../../../riscv32-unknown-elf/lib/libc.a(lib_a-wbuf.o)
 .data          0x00000000c0013f6c        0x0 /raid/tools/cross-compilers/riscv-rv32im/lib/gcc/riscv32-unknown-elf/7.2.0/../../../../riscv32-unknown-elf/lib/libc.a(lib_a-wcrtomb.o)
 .data          0x00000000c0013f6c        0x0 /raid/tools/cross-compilers/riscv-rv32im/lib/gcc/riscv32-unknown-elf/7.2.0/../../../../riscv32-unknown-elf/lib/libnosys.a(_exit.o)
 .data          0x00000000c0013f6c        0x0 /raid/tools/cross-compilers/riscv-rv32im/lib/gcc/riscv32-unknown-elf/7.2.0/libgcc.a(_udivdi3.o)
 .data          0x00000000c0013f6c        0x0 /raid/tools/cross-compilers/riscv-rv32im/lib/gcc/riscv32-unknown-elf/7.2.0/libgcc.a(_umoddi3.o)
 .data          0x00000000c0013f6c        0x0 /raid/tools/cross-compilers/riscv-rv32im/lib/gcc/riscv32-unknown-elf/7.2.0/libgcc.a(eqtf2.o)
 .data          0x00000000c0013f6c        0x0 /raid/tools/cross-compilers/riscv-rv32im/lib/gcc/riscv32-unknown-elf/7.2.0/libgcc.a(getf2.o)
 .data          0x00000000c0013f6c        0x0 /raid/tools/cross-compilers/riscv-rv32im/lib/gcc/riscv32-unknown-elf/7.2.0/libgcc.a(letf2.o)
 .data          0x00000000c0013f6c        0x0 /raid/tools/cross-compilers/riscv-rv32im/lib/gcc/riscv32-unknown-elf/7.2.0/libgcc.a(multf3.o)
 .data          0x00000000c0013f6c        0x0 /raid/tools/cross-compilers/riscv-rv32im/lib/gcc/riscv32-unknown-elf/7.2.0/libgcc.a(subtf3.o)
 .data          0x00000000c0013f6c        0x0 /raid/tools/cross-compilers/riscv-rv32im/lib/gcc/riscv32-unknown-elf/7.2.0/libgcc.a(fixtfsi.o)
 .data          0x00000000c0013f6c        0x0 /raid/tools/cross-compilers/riscv-rv32im/lib/gcc/riscv32-unknown-elf/7.2.0/libgcc.a(floatsitf.o)
 .data          0x00000000c0013f6c        0x0 /raid/tools/cross-compilers/riscv-rv32im/lib/gcc/riscv32-unknown-elf/7.2.0/libgcc.a(extenddftf2.o)
 .data          0x00000000c0013f6c        0x0 /raid/tools/cross-compilers/riscv-rv32im/lib/gcc/riscv32-unknown-elf/7.2.0/libgcc.a(trunctfdf2.o)
 .data          0x00000000c0013f6c        0x0 /raid/tools/cross-compilers/riscv-rv32im/lib/gcc/riscv32-unknown-elf/7.2.0/crtend.o

.tm_clone_table
                0x00000000c0013f6c        0x0
 .tm_clone_table
                0x00000000c0013f6c        0x0 /raid/tools/cross-compilers/riscv-rv32im/lib/gcc/riscv32-unknown-elf/7.2.0/crtbegin.o
 .tm_clone_table
                0x00000000c0013f6c        0x0 /raid/tools/cross-compilers/riscv-rv32im/lib/gcc/riscv32-unknown-elf/7.2.0/crtend.o

.data1
 *(.data1)

.got
 *(.got.plt)
 *(.igot.plt)
 *(.got)
 *(.igot)

.sdata          0x00000000c0013f70       0x30
                0x00000000c0014770                __global_pointer$ = (. + 0x800)
 *(.srodata.cst16)
 *(.srodata.cst8)
 .srodata.cst8  0x00000000c0013f70       0x10 /raid/tools/cross-compilers/riscv-rv32im/lib/gcc/riscv32-unknown-elf/7.2.0/../../../../riscv32-unknown-elf/lib/libc.a(lib_a-mprec.o)
 .srodata.cst8  0x00000000c0013f80        0x8 /raid/tools/cross-compilers/riscv-rv32im/lib/gcc/riscv32-unknown-elf/7.2.0/../../../../riscv32-unknown-elf/lib/libc.a(lib_a-s_frexp.o)
 *(.srodata.cst4)
 *(.srodata.cst2)
 *(.srodata .srodata.*)
 *(.sdata .sdata.* .gnu.linkonce.s.*)
 .sdata         0x00000000c0013f88        0x4 /raid/tools/cross-compilers/riscv-rv32im/lib/gcc/riscv32-unknown-elf/7.2.0/crtbegin.o
                0x00000000c0013f88                __dso_handle
 .sdata         0x00000000c0013f8c        0x4 ./lib/ns16550.o
 .sdata         0x00000000c0013f90        0x8 /raid/tools/cross-compilers/riscv-rv32im/lib/gcc/riscv32-unknown-elf/7.2.0/../../../../riscv32-unknown-elf/lib/libc.a(lib_a-impure.o)
                0x00000000c0013f90                _global_impure_ptr
                0x00000000c0013f94                _impure_ptr
 .sdata         0x00000000c0013f98        0x8 /raid/tools/cross-compilers/riscv-rv32im/lib/gcc/riscv32-unknown-elf/7.2.0/../../../../riscv32-unknown-elf/lib/libc.a(lib_a-mallocr.o)
                0x00000000c0013f98                __malloc_sbrk_base
                0x00000000c0013f9c                __malloc_trim_threshold
                0x00000000c0013fa0                _edata = .
                [!provide]                        PROVIDE (edata, .)
                0x00000000c0013fa0                . = .
                0x00000000c0013fa0                __bss_start = .

.sbss           0x00000000c0013fa0       0x10
 *(.dynsbss)
 *(.sbss .sbss.* .gnu.linkonce.sb.*)
 .sbss          0x00000000c0013fa0        0x4 /raid/tools/cross-compilers/riscv-rv32im/lib/gcc/riscv32-unknown-elf/7.2.0/../../../../riscv32-unknown-elf/lib/libc.a(lib_a-locale.o)
                0x00000000c0013fa0                _PathLocale
 .sbss          0x00000000c0013fa4        0xc /raid/tools/cross-compilers/riscv-rv32im/lib/gcc/riscv32-unknown-elf/7.2.0/../../../../riscv32-unknown-elf/lib/libc.a(lib_a-mallocr.o)
                0x00000000c0013fa4                __malloc_max_total_mem
                0x00000000c0013fa8                __malloc_max_sbrked_mem
                0x00000000c0013fac                __malloc_top_pad
 *(.scommon)

.bss            0x00000000c0013fb0       0x48
 *(.dynbss)
 *(.bss .bss.* .gnu.linkonce.b.*)
 .bss           0x00000000c0013fb0        0x0 /raid/tools/cross-compilers/riscv-rv32im/lib/gcc/riscv32-unknown-elf/7.2.0/../../../../riscv32-unknown-elf/lib/crt0.o
 .bss           0x00000000c0013fb0       0x1c /raid/tools/cross-compilers/riscv-rv32im/lib/gcc/riscv32-unknown-elf/7.2.0/crtbegin.o
 .bss           0x00000000c0013fcc        0x0 ./lib/startup.o
 .bss           0x00000000c0013fcc        0x0 ./lib/syscalls.o
 .bss           0x00000000c0013fcc        0x0 ./lib/riscv_counters.o
 .bss           0x00000000c0013fcc        0x0 ./lib/ns16550.o
 .bss           0x00000000c0013fcc        0x0 /tmp/cc71xBXp.o
 .bss           0x00000000c0013fcc        0x0 /raid/tools/cross-compilers/riscv-rv32im/lib/gcc/riscv32-unknown-elf/7.2.0/libgcc.a(_divdi3.o)
 .bss           0x00000000c0013fcc        0x0 /raid/tools/cross-compilers/riscv-rv32im/lib/gcc/riscv32-unknown-elf/7.2.0/libgcc.a(_moddi3.o)
 .bss           0x00000000c0013fcc        0x0 /raid/tools/cross-compilers/riscv-rv32im/lib/gcc/riscv32-unknown-elf/7.2.0/libgcc.a(divdf3.o)
 .bss           0x00000000c0013fcc        0x0 /raid/tools/cross-compilers/riscv-rv32im/lib/gcc/riscv32-unknown-elf/7.2.0/libgcc.a(muldf3.o)
 .bss           0x00000000c0013fcc        0x0 /raid/tools/cross-compilers/riscv-rv32im/lib/gcc/riscv32-unknown-elf/7.2.0/libgcc.a(mulsf3.o)
 .bss           0x00000000c0013fcc        0x0 /raid/tools/cross-compilers/riscv-rv32im/lib/gcc/riscv32-unknown-elf/7.2.0/libgcc.a(extendsfdf2.o)
 .bss           0x00000000c0013fcc        0x0 /raid/tools/cross-compilers/riscv-rv32im/lib/gcc/riscv32-unknown-elf/7.2.0/libgcc.a(truncdfsf2.o)
 .bss           0x00000000c0013fcc        0x0 /raid/tools/cross-compilers/riscv-rv32im/lib/gcc/riscv32-unknown-elf/7.2.0/libgcc.a(_clz.o)
 .bss           0x00000000c0013fcc        0x0 /raid/tools/cross-compilers/riscv-rv32im/lib/gcc/riscv32-unknown-elf/7.2.0/libgcc.a(_clzsi2.o)
 .bss           0x00000000c0013fcc        0x0 /raid/tools/cross-compilers/riscv-rv32im/lib/gcc/riscv32-unknown-elf/7.2.0/../../../../riscv32-unknown-elf/lib/libc.a(lib_a-atexit.o)
 .bss           0x00000000c0013fcc        0x0 /raid/tools/cross-compilers/riscv-rv32im/lib/gcc/riscv32-unknown-elf/7.2.0/../../../../riscv32-unknown-elf/lib/libc.a(lib_a-errno.o)
 .bss           0x00000000c0013fcc        0x0 /raid/tools/cross-compilers/riscv-rv32im/lib/gcc/riscv32-unknown-elf/7.2.0/../../../../riscv32-unknown-elf/lib/libc.a(lib_a-exit.o)
 .bss           0x00000000c0013fcc        0x0 /raid/tools/cross-compilers/riscv-rv32im/lib/gcc/riscv32-unknown-elf/7.2.0/../../../../riscv32-unknown-elf/lib/libc.a(lib_a-fini.o)
 .bss           0x00000000c0013fcc        0x0 /raid/tools/cross-compilers/riscv-rv32im/lib/gcc/riscv32-unknown-elf/7.2.0/../../../../riscv32-unknown-elf/lib/libc.a(lib_a-impure.o)
 .bss           0x00000000c0013fcc        0x0 /raid/tools/cross-compilers/riscv-rv32im/lib/gcc/riscv32-unknown-elf/7.2.0/../../../../riscv32-unknown-elf/lib/libc.a(lib_a-init.o)
 .bss           0x00000000c0013fcc        0x0 /raid/tools/cross-compilers/riscv-rv32im/lib/gcc/riscv32-unknown-elf/7.2.0/../../../../riscv32-unknown-elf/lib/libc.a(lib_a-memset.o)
 .bss           0x00000000c0013fcc        0x0 /raid/tools/cross-compilers/riscv-rv32im/lib/gcc/riscv32-unknown-elf/7.2.0/../../../../riscv32-unknown-elf/lib/libc.a(lib_a-printf.o)
 .bss           0x00000000c0013fcc        0x0 /raid/tools/cross-compilers/riscv-rv32im/lib/gcc/riscv32-unknown-elf/7.2.0/../../../../riscv32-unknown-elf/lib/libc.a(lib_a-puts.o)
 .bss           0x00000000c0013fcc        0x0 /raid/tools/cross-compilers/riscv-rv32im/lib/gcc/riscv32-unknown-elf/7.2.0/../../../../riscv32-unknown-elf/lib/libc.a(lib_a-strlen.o)
 .bss           0x00000000c0013fcc        0x0 /raid/tools/cross-compilers/riscv-rv32im/lib/gcc/riscv32-unknown-elf/7.2.0/../../../../riscv32-unknown-elf/lib/libc.a(lib_a-vfprintf.o)
 .bss           0x00000000c0013fcc        0x0 /raid/tools/cross-compilers/riscv-rv32im/lib/gcc/riscv32-unknown-elf/7.2.0/../../../../riscv32-unknown-elf/lib/libc.a(lib_a-wsetup.o)
 .bss           0x00000000c0013fcc        0x0 /raid/tools/cross-compilers/riscv-rv32im/lib/gcc/riscv32-unknown-elf/7.2.0/../../../../riscv32-unknown-elf/lib/libc.a(lib_a-__atexit.o)
 .bss           0x00000000c0013fcc        0x0 /raid/tools/cross-compilers/riscv-rv32im/lib/gcc/riscv32-unknown-elf/7.2.0/../../../../riscv32-unknown-elf/lib/libc.a(lib_a-__call_atexit.o)
 .bss           0x00000000c0013fcc        0x0 /raid/tools/cross-compilers/riscv-rv32im/lib/gcc/riscv32-unknown-elf/7.2.0/../../../../riscv32-unknown-elf/lib/libc.a(lib_a-fflush.o)
 .bss           0x00000000c0013fcc        0x0 /raid/tools/cross-compilers/riscv-rv32im/lib/gcc/riscv32-unknown-elf/7.2.0/../../../../riscv32-unknown-elf/lib/libc.a(lib_a-findfp.o)
 .bss           0x00000000c0013fcc        0x0 /raid/tools/cross-compilers/riscv-rv32im/lib/gcc/riscv32-unknown-elf/7.2.0/../../../../riscv32-unknown-elf/lib/libc.a(lib_a-freer.o)
 .bss           0x00000000c0013fcc        0x0 /raid/tools/cross-compilers/riscv-rv32im/lib/gcc/riscv32-unknown-elf/7.2.0/../../../../riscv32-unknown-elf/lib/libc.a(lib_a-fvwrite.o)
 .bss           0x00000000c0013fcc        0x0 /raid/tools/cross-compilers/riscv-rv32im/lib/gcc/riscv32-unknown-elf/7.2.0/../../../../riscv32-unknown-elf/lib/libc.a(lib_a-fwalk.o)
 .bss           0x00000000c0013fcc        0x0 /raid/tools/cross-compilers/riscv-rv32im/lib/gcc/riscv32-unknown-elf/7.2.0/../../../../riscv32-unknown-elf/lib/libc.a(lib_a-ldtoa.o)
 .bss           0x00000000c0013fcc        0x0 /raid/tools/cross-compilers/riscv-rv32im/lib/gcc/riscv32-unknown-elf/7.2.0/../../../../riscv32-unknown-elf/lib/libc.a(lib_a-localeconv.o)
 .bss           0x00000000c0013fcc        0x0 /raid/tools/cross-compilers/riscv-rv32im/lib/gcc/riscv32-unknown-elf/7.2.0/../../../../riscv32-unknown-elf/lib/libc.a(lib_a-locale.o)
 .bss           0x00000000c0013fcc        0x0 /raid/tools/cross-compilers/riscv-rv32im/lib/gcc/riscv32-unknown-elf/7.2.0/../../../../riscv32-unknown-elf/lib/libc.a(lib_a-makebuf.o)
 .bss           0x00000000c0013fcc       0x28 /raid/tools/cross-compilers/riscv-rv32im/lib/gcc/riscv32-unknown-elf/7.2.0/../../../../riscv32-unknown-elf/lib/libc.a(lib_a-mallocr.o)
                0x00000000c0013fcc                __malloc_current_mallinfo
 .bss           0x00000000c0013ff4        0x0 /raid/tools/cross-compilers/riscv-rv32im/lib/gcc/riscv32-unknown-elf/7.2.0/../../../../riscv32-unknown-elf/lib/libc.a(lib_a-mbtowc_r.o)
 .bss           0x00000000c0013ff4        0x0 /raid/tools/cross-compilers/riscv-rv32im/lib/gcc/riscv32-unknown-elf/7.2.0/../../../../riscv32-unknown-elf/lib/libc.a(lib_a-memchr.o)
 .bss           0x00000000c0013ff4        0x0 /raid/tools/cross-compilers/riscv-rv32im/lib/gcc/riscv32-unknown-elf/7.2.0/../../../../riscv32-unknown-elf/lib/libc.a(lib_a-memcpy.o)
 .bss           0x00000000c0013ff4        0x0 /raid/tools/cross-compilers/riscv-rv32im/lib/gcc/riscv32-unknown-elf/7.2.0/../../../../riscv32-unknown-elf/lib/libc.a(lib_a-memmove.o)
 .bss           0x00000000c0013ff4        0x0 /raid/tools/cross-compilers/riscv-rv32im/lib/gcc/riscv32-unknown-elf/7.2.0/../../../../riscv32-unknown-elf/lib/libc.a(lib_a-mlock.o)
 .bss           0x00000000c0013ff4        0x0 /raid/tools/cross-compilers/riscv-rv32im/lib/gcc/riscv32-unknown-elf/7.2.0/../../../../riscv32-unknown-elf/lib/libc.a(lib_a-mprec.o)
 .bss           0x00000000c0013ff4        0x0 /raid/tools/cross-compilers/riscv-rv32im/lib/gcc/riscv32-unknown-elf/7.2.0/../../../../riscv32-unknown-elf/lib/libc.a(lib_a-reallocr.o)
 .bss           0x00000000c0013ff4        0x0 /raid/tools/cross-compilers/riscv-rv32im/lib/gcc/riscv32-unknown-elf/7.2.0/../../../../riscv32-unknown-elf/lib/libc.a(lib_a-sbrkr.o)
 .bss           0x00000000c0013ff4        0x0 /raid/tools/cross-compilers/riscv-rv32im/lib/gcc/riscv32-unknown-elf/7.2.0/../../../../riscv32-unknown-elf/lib/libc.a(lib_a-s_frexp.o)
 .bss           0x00000000c0013ff4        0x0 /raid/tools/cross-compilers/riscv-rv32im/lib/gcc/riscv32-unknown-elf/7.2.0/../../../../riscv32-unknown-elf/lib/libc.a(lib_a-sprintf.o)
 .bss           0x00000000c0013ff4        0x0 /raid/tools/cross-compilers/riscv-rv32im/lib/gcc/riscv32-unknown-elf/7.2.0/../../../../riscv32-unknown-elf/lib/libc.a(lib_a-stdio.o)
 .bss           0x00000000c0013ff4        0x0 /raid/tools/cross-compilers/riscv-rv32im/lib/gcc/riscv32-unknown-elf/7.2.0/../../../../riscv32-unknown-elf/lib/libc.a(lib_a-strcmp.o)
 .bss           0x00000000c0013ff4        0x0 /raid/tools/cross-compilers/riscv-rv32im/lib/gcc/riscv32-unknown-elf/7.2.0/../../../../riscv32-unknown-elf/lib/libc.a(lib_a-strcpy.o)
 .bss           0x00000000c0013ff4        0x0 /raid/tools/cross-compilers/riscv-rv32im/lib/gcc/riscv32-unknown-elf/7.2.0/../../../../riscv32-unknown-elf/lib/libc.a(lib_a-strncpy.o)
 .bss           0x00000000c0013ff4        0x0 /raid/tools/cross-compilers/riscv-rv32im/lib/gcc/riscv32-unknown-elf/7.2.0/../../../../riscv32-unknown-elf/lib/libc.a(lib_a-svfprintf.o)
 .bss           0x00000000c0013ff4        0x0 /raid/tools/cross-compilers/riscv-rv32im/lib/gcc/riscv32-unknown-elf/7.2.0/../../../../riscv32-unknown-elf/lib/libc.a(lib_a-vfiprintf.o)
 .bss           0x00000000c0013ff4        0x0 /raid/tools/cross-compilers/riscv-rv32im/lib/gcc/riscv32-unknown-elf/7.2.0/../../../../riscv32-unknown-elf/lib/libc.a(lib_a-wctomb_r.o)
 .bss           0x00000000c0013ff4        0x0 /raid/tools/cross-compilers/riscv-rv32im/lib/gcc/riscv32-unknown-elf/7.2.0/../../../../riscv32-unknown-elf/lib/libc.a(lib_a-writer.o)
 .bss           0x00000000c0013ff4        0x0 /raid/tools/cross-compilers/riscv-rv32im/lib/gcc/riscv32-unknown-elf/7.2.0/../../../../riscv32-unknown-elf/lib/libc.a(lib_a-callocr.o)
 .bss           0x00000000c0013ff4        0x0 /raid/tools/cross-compilers/riscv-rv32im/lib/gcc/riscv32-unknown-elf/7.2.0/../../../../riscv32-unknown-elf/lib/libc.a(lib_a-closer.o)
 .bss           0x00000000c0013ff4        0x0 /raid/tools/cross-compilers/riscv-rv32im/lib/gcc/riscv32-unknown-elf/7.2.0/../../../../riscv32-unknown-elf/lib/libc.a(lib_a-ctype_.o)
 .bss           0x00000000c0013ff4        0x0 /raid/tools/cross-compilers/riscv-rv32im/lib/gcc/riscv32-unknown-elf/7.2.0/../../../../riscv32-unknown-elf/lib/libc.a(lib_a-fclose.o)
 .bss           0x00000000c0013ff4        0x0 /raid/tools/cross-compilers/riscv-rv32im/lib/gcc/riscv32-unknown-elf/7.2.0/../../../../riscv32-unknown-elf/lib/libc.a(lib_a-fputwc.o)
 .bss           0x00000000c0013ff4        0x0 /raid/tools/cross-compilers/riscv-rv32im/lib/gcc/riscv32-unknown-elf/7.2.0/../../../../riscv32-unknown-elf/lib/libc.a(lib_a-fstatr.o)
 .bss           0x00000000c0013ff4        0x0 /raid/tools/cross-compilers/riscv-rv32im/lib/gcc/riscv32-unknown-elf/7.2.0/../../../../riscv32-unknown-elf/lib/libc.a(lib_a-isattyr.o)
 .bss           0x00000000c0013ff4        0x0 /raid/tools/cross-compilers/riscv-rv32im/lib/gcc/riscv32-unknown-elf/7.2.0/../../../../riscv32-unknown-elf/lib/libc.a(lib_a-lseekr.o)
 .bss           0x00000000c0013ff4        0x0 /raid/tools/cross-compilers/riscv-rv32im/lib/gcc/riscv32-unknown-elf/7.2.0/../../../../riscv32-unknown-elf/lib/libc.a(lib_a-readr.o)
 .bss           0x00000000c0013ff4        0x0 /raid/tools/cross-compilers/riscv-rv32im/lib/gcc/riscv32-unknown-elf/7.2.0/../../../../riscv32-unknown-elf/lib/libc.a(lib_a-reent.o)
 .bss           0x00000000c0013ff4        0x0 /raid/tools/cross-compilers/riscv-rv32im/lib/gcc/riscv32-unknown-elf/7.2.0/../../../../riscv32-unknown-elf/lib/libc.a(lib_a-svfiprintf.o)
 .bss           0x00000000c0013ff4        0x0 /raid/tools/cross-compilers/riscv-rv32im/lib/gcc/riscv32-unknown-elf/7.2.0/../../../../riscv32-unknown-elf/lib/libc.a(lib_a-wbuf.o)
 .bss           0x00000000c0013ff4        0x0 /raid/tools/cross-compilers/riscv-rv32im/lib/gcc/riscv32-unknown-elf/7.2.0/../../../../riscv32-unknown-elf/lib/libc.a(lib_a-wcrtomb.o)
 .bss           0x00000000c0013ff4        0x0 /raid/tools/cross-compilers/riscv-rv32im/lib/gcc/riscv32-unknown-elf/7.2.0/../../../../riscv32-unknown-elf/lib/libnosys.a(_exit.o)
 .bss           0x00000000c0013ff4        0x0 /raid/tools/cross-compilers/riscv-rv32im/lib/gcc/riscv32-unknown-elf/7.2.0/libgcc.a(_udivdi3.o)
 .bss           0x00000000c0013ff4        0x0 /raid/tools/cross-compilers/riscv-rv32im/lib/gcc/riscv32-unknown-elf/7.2.0/libgcc.a(_umoddi3.o)
 .bss           0x00000000c0013ff4        0x0 /raid/tools/cross-compilers/riscv-rv32im/lib/gcc/riscv32-unknown-elf/7.2.0/libgcc.a(eqtf2.o)
 .bss           0x00000000c0013ff4        0x0 /raid/tools/cross-compilers/riscv-rv32im/lib/gcc/riscv32-unknown-elf/7.2.0/libgcc.a(getf2.o)
 .bss           0x00000000c0013ff4        0x0 /raid/tools/cross-compilers/riscv-rv32im/lib/gcc/riscv32-unknown-elf/7.2.0/libgcc.a(letf2.o)
 .bss           0x00000000c0013ff4        0x0 /raid/tools/cross-compilers/riscv-rv32im/lib/gcc/riscv32-unknown-elf/7.2.0/libgcc.a(multf3.o)
 .bss           0x00000000c0013ff4        0x0 /raid/tools/cross-compilers/riscv-rv32im/lib/gcc/riscv32-unknown-elf/7.2.0/libgcc.a(subtf3.o)
 .bss           0x00000000c0013ff4        0x0 /raid/tools/cross-compilers/riscv-rv32im/lib/gcc/riscv32-unknown-elf/7.2.0/libgcc.a(fixtfsi.o)
 .bss           0x00000000c0013ff4        0x0 /raid/tools/cross-compilers/riscv-rv32im/lib/gcc/riscv32-unknown-elf/7.2.0/libgcc.a(floatsitf.o)
 .bss           0x00000000c0013ff4        0x0 /raid/tools/cross-compilers/riscv-rv32im/lib/gcc/riscv32-unknown-elf/7.2.0/libgcc.a(extenddftf2.o)
 .bss           0x00000000c0013ff4        0x0 /raid/tools/cross-compilers/riscv-rv32im/lib/gcc/riscv32-unknown-elf/7.2.0/libgcc.a(trunctfdf2.o)
 .bss           0x00000000c0013ff4        0x0 /raid/tools/cross-compilers/riscv-rv32im/lib/gcc/riscv32-unknown-elf/7.2.0/crtend.o
 *(COMMON)
 COMMON         0x00000000c0013ff4        0x4 /raid/tools/cross-compilers/riscv-rv32im/lib/gcc/riscv32-unknown-elf/7.2.0/../../../../riscv32-unknown-elf/lib/libc.a(lib_a-reent.o)
                0x00000000c0013ff4                errno
                0x00000000c0013ff8                . = ALIGN ((. != 0x0)?0x4:0x1)
LOAD /raid/tools/cross-compilers/riscv-rv32im/lib/gcc/riscv32-unknown-elf/7.2.0/../../../../riscv32-unknown-elf/lib/crt0.o
LOAD /raid/tools/cross-compilers/riscv-rv32im/lib/gcc/riscv32-unknown-elf/7.2.0/crtbegin.o
                0x00000000c0013ff8                __startup_save = .

.startup        0x00000000c0000000       0x44
 startup.o(.text)
 .text          0x00000000c0000000       0x44 ./lib/startup.o
                0x00000000c0000000                _reset
                0x00000000c0013ff8                . = __startup_save
                0x00000000c0013ff8                . = ALIGN (0x4)
                0x00000000c0013ff8                . = SEGMENT_START ("ldata-segment", .)
                0x00000000c0013ff8                . = ALIGN (0x4)
                0x00000000c0013ff8                _end = .
                [!provide]                        PROVIDE (end, .)
                0x00000000c0013ff8                . = DATA_SEGMENT_END (.)

.stab
 *(.stab)

.stabstr
 *(.stabstr)

.stab.excl
 *(.stab.excl)

.stab.exclstr
 *(.stab.exclstr)

.stab.index
 *(.stab.index)

.stab.indexstr
 *(.stab.indexstr)

.comment        0x0000000000000000       0x11
 *(.comment)
 .comment       0x0000000000000000       0x11 /raid/tools/cross-compilers/riscv-rv32im/lib/gcc/riscv32-unknown-elf/7.2.0/crtbegin.o
                                         0x12 (size before relaxing)
 .comment       0x0000000000000011       0x12 ./lib/syscalls.o
 .comment       0x0000000000000011       0x12 ./lib/riscv_counters.o
 .comment       0x0000000000000011       0x12 ./lib/ns16550.o
 .comment       0x0000000000000011       0x12 /tmp/cc71xBXp.o
 .comment       0x0000000000000011       0x12 /raid/tools/cross-compilers/riscv-rv32im/lib/gcc/riscv32-unknown-elf/7.2.0/libgcc.a(_divdi3.o)
 .comment       0x0000000000000011       0x12 /raid/tools/cross-compilers/riscv-rv32im/lib/gcc/riscv32-unknown-elf/7.2.0/libgcc.a(_moddi3.o)
 .comment       0x0000000000000011       0x12 /raid/tools/cross-compilers/riscv-rv32im/lib/gcc/riscv32-unknown-elf/7.2.0/libgcc.a(divdf3.o)
 .comment       0x0000000000000011       0x12 /raid/tools/cross-compilers/riscv-rv32im/lib/gcc/riscv32-unknown-elf/7.2.0/libgcc.a(muldf3.o)
 .comment       0x0000000000000011       0x12 /raid/tools/cross-compilers/riscv-rv32im/lib/gcc/riscv32-unknown-elf/7.2.0/libgcc.a(mulsf3.o)
 .comment       0x0000000000000011       0x12 /raid/tools/cross-compilers/riscv-rv32im/lib/gcc/riscv32-unknown-elf/7.2.0/libgcc.a(extendsfdf2.o)
 .comment       0x0000000000000011       0x12 /raid/tools/cross-compilers/riscv-rv32im/lib/gcc/riscv32-unknown-elf/7.2.0/libgcc.a(truncdfsf2.o)
 .comment       0x0000000000000011       0x12 /raid/tools/cross-compilers/riscv-rv32im/lib/gcc/riscv32-unknown-elf/7.2.0/libgcc.a(_clz.o)
 .comment       0x0000000000000011       0x12 /raid/tools/cross-compilers/riscv-rv32im/lib/gcc/riscv32-unknown-elf/7.2.0/libgcc.a(_clzsi2.o)
 .comment       0x0000000000000011       0x12 /raid/tools/cross-compilers/riscv-rv32im/lib/gcc/riscv32-unknown-elf/7.2.0/../../../../riscv32-unknown-elf/lib/libc.a(lib_a-atexit.o)
 .comment       0x0000000000000011       0x12 /raid/tools/cross-compilers/riscv-rv32im/lib/gcc/riscv32-unknown-elf/7.2.0/../../../../riscv32-unknown-elf/lib/libc.a(lib_a-errno.o)
 .comment       0x0000000000000011       0x12 /raid/tools/cross-compilers/riscv-rv32im/lib/gcc/riscv32-unknown-elf/7.2.0/../../../../riscv32-unknown-elf/lib/libc.a(lib_a-exit.o)
 .comment       0x0000000000000011       0x12 /raid/tools/cross-compilers/riscv-rv32im/lib/gcc/riscv32-unknown-elf/7.2.0/../../../../riscv32-unknown-elf/lib/libc.a(lib_a-fini.o)
 .comment       0x0000000000000011       0x12 /raid/tools/cross-compilers/riscv-rv32im/lib/gcc/riscv32-unknown-elf/7.2.0/../../../../riscv32-unknown-elf/lib/libc.a(lib_a-impure.o)
 .comment       0x0000000000000011       0x12 /raid/tools/cross-compilers/riscv-rv32im/lib/gcc/riscv32-unknown-elf/7.2.0/../../../../riscv32-unknown-elf/lib/libc.a(lib_a-init.o)
 .comment       0x0000000000000011       0x12 /raid/tools/cross-compilers/riscv-rv32im/lib/gcc/riscv32-unknown-elf/7.2.0/../../../../riscv32-unknown-elf/lib/libc.a(lib_a-printf.o)
 .comment       0x0000000000000011       0x12 /raid/tools/cross-compilers/riscv-rv32im/lib/gcc/riscv32-unknown-elf/7.2.0/../../../../riscv32-unknown-elf/lib/libc.a(lib_a-puts.o)
 .comment       0x0000000000000011       0x12 /raid/tools/cross-compilers/riscv-rv32im/lib/gcc/riscv32-unknown-elf/7.2.0/../../../../riscv32-unknown-elf/lib/libc.a(lib_a-strlen.o)
 .comment       0x0000000000000011       0x12 /raid/tools/cross-compilers/riscv-rv32im/lib/gcc/riscv32-unknown-elf/7.2.0/../../../../riscv32-unknown-elf/lib/libc.a(lib_a-vfprintf.o)
 .comment       0x0000000000000011       0x12 /raid/tools/cross-compilers/riscv-rv32im/lib/gcc/riscv32-unknown-elf/7.2.0/../../../../riscv32-unknown-elf/lib/libc.a(lib_a-wsetup.o)
 .comment       0x0000000000000011       0x12 /raid/tools/cross-compilers/riscv-rv32im/lib/gcc/riscv32-unknown-elf/7.2.0/../../../../riscv32-unknown-elf/lib/libc.a(lib_a-__atexit.o)
 .comment       0x0000000000000011       0x12 /raid/tools/cross-compilers/riscv-rv32im/lib/gcc/riscv32-unknown-elf/7.2.0/../../../../riscv32-unknown-elf/lib/libc.a(lib_a-__call_atexit.o)
 .comment       0x0000000000000011       0x12 /raid/tools/cross-compilers/riscv-rv32im/lib/gcc/riscv32-unknown-elf/7.2.0/../../../../riscv32-unknown-elf/lib/libc.a(lib_a-fflush.o)
 .comment       0x0000000000000011       0x12 /raid/tools/cross-compilers/riscv-rv32im/lib/gcc/riscv32-unknown-elf/7.2.0/../../../../riscv32-unknown-elf/lib/libc.a(lib_a-findfp.o)
 .comment       0x0000000000000011       0x12 /raid/tools/cross-compilers/riscv-rv32im/lib/gcc/riscv32-unknown-elf/7.2.0/../../../../riscv32-unknown-elf/lib/libc.a(lib_a-freer.o)
 .comment       0x0000000000000011       0x12 /raid/tools/cross-compilers/riscv-rv32im/lib/gcc/riscv32-unknown-elf/7.2.0/../../../../riscv32-unknown-elf/lib/libc.a(lib_a-fvwrite.o)
 .comment       0x0000000000000011       0x12 /raid/tools/cross-compilers/riscv-rv32im/lib/gcc/riscv32-unknown-elf/7.2.0/../../../../riscv32-unknown-elf/lib/libc.a(lib_a-fwalk.o)
 .comment       0x0000000000000011       0x12 /raid/tools/cross-compilers/riscv-rv32im/lib/gcc/riscv32-unknown-elf/7.2.0/../../../../riscv32-unknown-elf/lib/libc.a(lib_a-ldtoa.o)
 .comment       0x0000000000000011       0x12 /raid/tools/cross-compilers/riscv-rv32im/lib/gcc/riscv32-unknown-elf/7.2.0/../../../../riscv32-unknown-elf/lib/libc.a(lib_a-localeconv.o)
 .comment       0x0000000000000011       0x12 /raid/tools/cross-compilers/riscv-rv32im/lib/gcc/riscv32-unknown-elf/7.2.0/../../../../riscv32-unknown-elf/lib/libc.a(lib_a-locale.o)
 .comment       0x0000000000000011       0x12 /raid/tools/cross-compilers/riscv-rv32im/lib/gcc/riscv32-unknown-elf/7.2.0/../../../../riscv32-unknown-elf/lib/libc.a(lib_a-makebuf.o)
 .comment       0x0000000000000011       0x12 /raid/tools/cross-compilers/riscv-rv32im/lib/gcc/riscv32-unknown-elf/7.2.0/../../../../riscv32-unknown-elf/lib/libc.a(lib_a-mallocr.o)
 .comment       0x0000000000000011       0x12 /raid/tools/cross-compilers/riscv-rv32im/lib/gcc/riscv32-unknown-elf/7.2.0/../../../../riscv32-unknown-elf/lib/libc.a(lib_a-mbtowc_r.o)
 .comment       0x0000000000000011       0x12 /raid/tools/cross-compilers/riscv-rv32im/lib/gcc/riscv32-unknown-elf/7.2.0/../../../../riscv32-unknown-elf/lib/libc.a(lib_a-memchr.o)
 .comment       0x0000000000000011       0x12 /raid/tools/cross-compilers/riscv-rv32im/lib/gcc/riscv32-unknown-elf/7.2.0/../../../../riscv32-unknown-elf/lib/libc.a(lib_a-memcpy.o)
 .comment       0x0000000000000011       0x12 /raid/tools/cross-compilers/riscv-rv32im/lib/gcc/riscv32-unknown-elf/7.2.0/../../../../riscv32-unknown-elf/lib/libc.a(lib_a-memmove.o)
 .comment       0x0000000000000011       0x12 /raid/tools/cross-compilers/riscv-rv32im/lib/gcc/riscv32-unknown-elf/7.2.0/../../../../riscv32-unknown-elf/lib/libc.a(lib_a-mlock.o)
 .comment       0x0000000000000011       0x12 /raid/tools/cross-compilers/riscv-rv32im/lib/gcc/riscv32-unknown-elf/7.2.0/../../../../riscv32-unknown-elf/lib/libc.a(lib_a-mprec.o)
 .comment       0x0000000000000011       0x12 /raid/tools/cross-compilers/riscv-rv32im/lib/gcc/riscv32-unknown-elf/7.2.0/../../../../riscv32-unknown-elf/lib/libc.a(lib_a-reallocr.o)
 .comment       0x0000000000000011       0x12 /raid/tools/cross-compilers/riscv-rv32im/lib/gcc/riscv32-unknown-elf/7.2.0/../../../../riscv32-unknown-elf/lib/libc.a(lib_a-sbrkr.o)
 .comment       0x0000000000000011       0x12 /raid/tools/cross-compilers/riscv-rv32im/lib/gcc/riscv32-unknown-elf/7.2.0/../../../../riscv32-unknown-elf/lib/libc.a(lib_a-s_frexp.o)
 .comment       0x0000000000000011       0x12 /raid/tools/cross-compilers/riscv-rv32im/lib/gcc/riscv32-unknown-elf/7.2.0/../../../../riscv32-unknown-elf/lib/libc.a(lib_a-sprintf.o)
 .comment       0x0000000000000011       0x12 /raid/tools/cross-compilers/riscv-rv32im/lib/gcc/riscv32-unknown-elf/7.2.0/../../../../riscv32-unknown-elf/lib/libc.a(lib_a-stdio.o)
 .comment       0x0000000000000011       0x12 /raid/tools/cross-compilers/riscv-rv32im/lib/gcc/riscv32-unknown-elf/7.2.0/../../../../riscv32-unknown-elf/lib/libc.a(lib_a-strcpy.o)
 .comment       0x0000000000000011       0x12 /raid/tools/cross-compilers/riscv-rv32im/lib/gcc/riscv32-unknown-elf/7.2.0/../../../../riscv32-unknown-elf/lib/libc.a(lib_a-strncpy.o)
 .comment       0x0000000000000011       0x12 /raid/tools/cross-compilers/riscv-rv32im/lib/gcc/riscv32-unknown-elf/7.2.0/../../../../riscv32-unknown-elf/lib/libc.a(lib_a-svfprintf.o)
 .comment       0x0000000000000011       0x12 /raid/tools/cross-compilers/riscv-rv32im/lib/gcc/riscv32-unknown-elf/7.2.0/../../../../riscv32-unknown-elf/lib/libc.a(lib_a-vfiprintf.o)
 .comment       0x0000000000000011       0x12 /raid/tools/cross-compilers/riscv-rv32im/lib/gcc/riscv32-unknown-elf/7.2.0/../../../../riscv32-unknown-elf/lib/libc.a(lib_a-wctomb_r.o)
 .comment       0x0000000000000011       0x12 /raid/tools/cross-compilers/riscv-rv32im/lib/gcc/riscv32-unknown-elf/7.2.0/../../../../riscv32-unknown-elf/lib/libc.a(lib_a-writer.o)
 .comment       0x0000000000000011       0x12 /raid/tools/cross-compilers/riscv-rv32im/lib/gcc/riscv32-unknown-elf/7.2.0/../../../../riscv32-unknown-elf/lib/libc.a(lib_a-callocr.o)
 .comment       0x0000000000000011       0x12 /raid/tools/cross-compilers/riscv-rv32im/lib/gcc/riscv32-unknown-elf/7.2.0/../../../../riscv32-unknown-elf/lib/libc.a(lib_a-closer.o)
 .comment       0x0000000000000011       0x12 /raid/tools/cross-compilers/riscv-rv32im/lib/gcc/riscv32-unknown-elf/7.2.0/../../../../riscv32-unknown-elf/lib/libc.a(lib_a-ctype_.o)
 .comment       0x0000000000000011       0x12 /raid/tools/cross-compilers/riscv-rv32im/lib/gcc/riscv32-unknown-elf/7.2.0/../../../../riscv32-unknown-elf/lib/libc.a(lib_a-fclose.o)
 .comment       0x0000000000000011       0x12 /raid/tools/cross-compilers/riscv-rv32im/lib/gcc/riscv32-unknown-elf/7.2.0/../../../../riscv32-unknown-elf/lib/libc.a(lib_a-fputwc.o)
 .comment       0x0000000000000011       0x12 /raid/tools/cross-compilers/riscv-rv32im/lib/gcc/riscv32-unknown-elf/7.2.0/../../../../riscv32-unknown-elf/lib/libc.a(lib_a-fstatr.o)
 .comment       0x0000000000000011       0x12 /raid/tools/cross-compilers/riscv-rv32im/lib/gcc/riscv32-unknown-elf/7.2.0/../../../../riscv32-unknown-elf/lib/libc.a(lib_a-isattyr.o)
 .comment       0x0000000000000011       0x12 /raid/tools/cross-compilers/riscv-rv32im/lib/gcc/riscv32-unknown-elf/7.2.0/../../../../riscv32-unknown-elf/lib/libc.a(lib_a-lseekr.o)
 .comment       0x0000000000000011       0x12 /raid/tools/cross-compilers/riscv-rv32im/lib/gcc/riscv32-unknown-elf/7.2.0/../../../../riscv32-unknown-elf/lib/libc.a(lib_a-readr.o)
 .comment       0x0000000000000011       0x12 /raid/tools/cross-compilers/riscv-rv32im/lib/gcc/riscv32-unknown-elf/7.2.0/../../../../riscv32-unknown-elf/lib/libc.a(lib_a-reent.o)
 .comment       0x0000000000000011       0x12 /raid/tools/cross-compilers/riscv-rv32im/lib/gcc/riscv32-unknown-elf/7.2.0/../../../../riscv32-unknown-elf/lib/libc.a(lib_a-svfiprintf.o)
 .comment       0x0000000000000011       0x12 /raid/tools/cross-compilers/riscv-rv32im/lib/gcc/riscv32-unknown-elf/7.2.0/../../../../riscv32-unknown-elf/lib/libc.a(lib_a-wbuf.o)
 .comment       0x0000000000000011       0x12 /raid/tools/cross-compilers/riscv-rv32im/lib/gcc/riscv32-unknown-elf/7.2.0/../../../../riscv32-unknown-elf/lib/libc.a(lib_a-wcrtomb.o)
 .comment       0x0000000000000011       0x12 /raid/tools/cross-compilers/riscv-rv32im/lib/gcc/riscv32-unknown-elf/7.2.0/../../../../riscv32-unknown-elf/lib/libnosys.a(_exit.o)
 .comment       0x0000000000000011       0x12 /raid/tools/cross-compilers/riscv-rv32im/lib/gcc/riscv32-unknown-elf/7.2.0/libgcc.a(_udivdi3.o)
 .comment       0x0000000000000011       0x12 /raid/tools/cross-compilers/riscv-rv32im/lib/gcc/riscv32-unknown-elf/7.2.0/libgcc.a(_umoddi3.o)
 .comment       0x0000000000000011       0x12 /raid/tools/cross-compilers/riscv-rv32im/lib/gcc/riscv32-unknown-elf/7.2.0/libgcc.a(eqtf2.o)
 .comment       0x0000000000000011       0x12 /raid/tools/cross-compilers/riscv-rv32im/lib/gcc/riscv32-unknown-elf/7.2.0/libgcc.a(getf2.o)
 .comment       0x0000000000000011       0x12 /raid/tools/cross-compilers/riscv-rv32im/lib/gcc/riscv32-unknown-elf/7.2.0/libgcc.a(letf2.o)
 .comment       0x0000000000000011       0x12 /raid/tools/cross-compilers/riscv-rv32im/lib/gcc/riscv32-unknown-elf/7.2.0/libgcc.a(multf3.o)
 .comment       0x0000000000000011       0x12 /raid/tools/cross-compilers/riscv-rv32im/lib/gcc/riscv32-unknown-elf/7.2.0/libgcc.a(subtf3.o)
 .comment       0x0000000000000011       0x12 /raid/tools/cross-compilers/riscv-rv32im/lib/gcc/riscv32-unknown-elf/7.2.0/libgcc.a(fixtfsi.o)
 .comment       0x0000000000000011       0x12 /raid/tools/cross-compilers/riscv-rv32im/lib/gcc/riscv32-unknown-elf/7.2.0/libgcc.a(floatsitf.o)
 .comment       0x0000000000000011       0x12 /raid/tools/cross-compilers/riscv-rv32im/lib/gcc/riscv32-unknown-elf/7.2.0/libgcc.a(extenddftf2.o)
 .comment       0x0000000000000011       0x12 /raid/tools/cross-compilers/riscv-rv32im/lib/gcc/riscv32-unknown-elf/7.2.0/libgcc.a(trunctfdf2.o)
 .comment       0x0000000000000011       0x12 /raid/tools/cross-compilers/riscv-rv32im/lib/gcc/riscv32-unknown-elf/7.2.0/crtend.o

.debug
 *(.debug)

.line
 *(.line)

.debug_srcinfo
 *(.debug_srcinfo)

.debug_sfnames
 *(.debug_sfnames)

.debug_aranges  0x0000000000000000      0x318
 *(.debug_aranges)
 .debug_aranges
                0x0000000000000000       0x20 ./lib/startup.o
 .debug_aranges
                0x0000000000000020       0x20 ./lib/syscalls.o
 .debug_aranges
                0x0000000000000040       0x20 ./lib/riscv_counters.o
 .debug_aranges
                0x0000000000000060       0x20 ./lib/ns16550.o
 .debug_aranges
                0x0000000000000080       0x20 /tmp/cc71xBXp.o
 .debug_aranges
                0x00000000000000a0       0x20 /raid/tools/cross-compilers/riscv-rv32im/lib/gcc/riscv32-unknown-elf/7.2.0/libgcc.a(_divdi3.o)
 .debug_aranges
                0x00000000000000c0       0x20 /raid/tools/cross-compilers/riscv-rv32im/lib/gcc/riscv32-unknown-elf/7.2.0/libgcc.a(_moddi3.o)
 .debug_aranges
                0x00000000000000e0       0x20 /raid/tools/cross-compilers/riscv-rv32im/lib/gcc/riscv32-unknown-elf/7.2.0/libgcc.a(divdf3.o)
 .debug_aranges
                0x0000000000000100       0x20 /raid/tools/cross-compilers/riscv-rv32im/lib/gcc/riscv32-unknown-elf/7.2.0/libgcc.a(muldf3.o)
 .debug_aranges
                0x0000000000000120       0x20 /raid/tools/cross-compilers/riscv-rv32im/lib/gcc/riscv32-unknown-elf/7.2.0/libgcc.a(mulsf3.o)
 .debug_aranges
                0x0000000000000140       0x20 /raid/tools/cross-compilers/riscv-rv32im/lib/gcc/riscv32-unknown-elf/7.2.0/libgcc.a(extendsfdf2.o)
 .debug_aranges
                0x0000000000000160       0x20 /raid/tools/cross-compilers/riscv-rv32im/lib/gcc/riscv32-unknown-elf/7.2.0/libgcc.a(truncdfsf2.o)
 .debug_aranges
                0x0000000000000180       0x18 /raid/tools/cross-compilers/riscv-rv32im/lib/gcc/riscv32-unknown-elf/7.2.0/libgcc.a(_clz.o)
 .debug_aranges
                0x0000000000000198       0x20 /raid/tools/cross-compilers/riscv-rv32im/lib/gcc/riscv32-unknown-elf/7.2.0/libgcc.a(_clzsi2.o)
 .debug_aranges
                0x00000000000001b8       0x20 /raid/tools/cross-compilers/riscv-rv32im/lib/gcc/riscv32-unknown-elf/7.2.0/libgcc.a(_udivdi3.o)
 .debug_aranges
                0x00000000000001d8       0x20 /raid/tools/cross-compilers/riscv-rv32im/lib/gcc/riscv32-unknown-elf/7.2.0/libgcc.a(_umoddi3.o)
 .debug_aranges
                0x00000000000001f8       0x20 /raid/tools/cross-compilers/riscv-rv32im/lib/gcc/riscv32-unknown-elf/7.2.0/libgcc.a(eqtf2.o)
 .debug_aranges
                0x0000000000000218       0x20 /raid/tools/cross-compilers/riscv-rv32im/lib/gcc/riscv32-unknown-elf/7.2.0/libgcc.a(getf2.o)
 .debug_aranges
                0x0000000000000238       0x20 /raid/tools/cross-compilers/riscv-rv32im/lib/gcc/riscv32-unknown-elf/7.2.0/libgcc.a(letf2.o)
 .debug_aranges
                0x0000000000000258       0x20 /raid/tools/cross-compilers/riscv-rv32im/lib/gcc/riscv32-unknown-elf/7.2.0/libgcc.a(multf3.o)
 .debug_aranges
                0x0000000000000278       0x20 /raid/tools/cross-compilers/riscv-rv32im/lib/gcc/riscv32-unknown-elf/7.2.0/libgcc.a(subtf3.o)
 .debug_aranges
                0x0000000000000298       0x20 /raid/tools/cross-compilers/riscv-rv32im/lib/gcc/riscv32-unknown-elf/7.2.0/libgcc.a(fixtfsi.o)
 .debug_aranges
                0x00000000000002b8       0x20 /raid/tools/cross-compilers/riscv-rv32im/lib/gcc/riscv32-unknown-elf/7.2.0/libgcc.a(floatsitf.o)
 .debug_aranges
                0x00000000000002d8       0x20 /raid/tools/cross-compilers/riscv-rv32im/lib/gcc/riscv32-unknown-elf/7.2.0/libgcc.a(extenddftf2.o)
 .debug_aranges
                0x00000000000002f8       0x20 /raid/tools/cross-compilers/riscv-rv32im/lib/gcc/riscv32-unknown-elf/7.2.0/libgcc.a(trunctfdf2.o)

.debug_pubnames
 *(.debug_pubnames)

.debug_info     0x0000000000000000     0xca8d
 *(.debug_info .gnu.linkonce.wi.*)
 .debug_info    0x0000000000000000       0x26 ./lib/startup.o
 .debug_info    0x0000000000000026      0xc66 ./lib/syscalls.o
 .debug_info    0x0000000000000c8c      0xa86 ./lib/riscv_counters.o
 .debug_info    0x0000000000001712      0x3c2 ./lib/ns16550.o
 .debug_info    0x0000000000001ad4      0x953 /tmp/cc71xBXp.o
 .debug_info    0x0000000000002427     0x115c /raid/tools/cross-compilers/riscv-rv32im/lib/gcc/riscv32-unknown-elf/7.2.0/libgcc.a(_divdi3.o)
 .debug_info    0x0000000000003583     0x11ad /raid/tools/cross-compilers/riscv-rv32im/lib/gcc/riscv32-unknown-elf/7.2.0/libgcc.a(_moddi3.o)
 .debug_info    0x0000000000004730      0x6d6 /raid/tools/cross-compilers/riscv-rv32im/lib/gcc/riscv32-unknown-elf/7.2.0/libgcc.a(divdf3.o)
 .debug_info    0x0000000000004e06      0x70d /raid/tools/cross-compilers/riscv-rv32im/lib/gcc/riscv32-unknown-elf/7.2.0/libgcc.a(muldf3.o)
 .debug_info    0x0000000000005513      0x377 /raid/tools/cross-compilers/riscv-rv32im/lib/gcc/riscv32-unknown-elf/7.2.0/libgcc.a(mulsf3.o)
 .debug_info    0x000000000000588a      0x289 /raid/tools/cross-compilers/riscv-rv32im/lib/gcc/riscv32-unknown-elf/7.2.0/libgcc.a(extendsfdf2.o)
 .debug_info    0x0000000000005b13      0x2ba /raid/tools/cross-compilers/riscv-rv32im/lib/gcc/riscv32-unknown-elf/7.2.0/libgcc.a(truncdfsf2.o)
 .debug_info    0x0000000000005dcd      0xa9d /raid/tools/cross-compilers/riscv-rv32im/lib/gcc/riscv32-unknown-elf/7.2.0/libgcc.a(_clz.o)
 .debug_info    0x000000000000686a      0xb04 /raid/tools/cross-compilers/riscv-rv32im/lib/gcc/riscv32-unknown-elf/7.2.0/libgcc.a(_clzsi2.o)
 .debug_info    0x000000000000736e     0x112a /raid/tools/cross-compilers/riscv-rv32im/lib/gcc/riscv32-unknown-elf/7.2.0/libgcc.a(_udivdi3.o)
 .debug_info    0x0000000000008498     0x1187 /raid/tools/cross-compilers/riscv-rv32im/lib/gcc/riscv32-unknown-elf/7.2.0/libgcc.a(_umoddi3.o)
 .debug_info    0x000000000000961f      0x276 /raid/tools/cross-compilers/riscv-rv32im/lib/gcc/riscv32-unknown-elf/7.2.0/libgcc.a(eqtf2.o)
 .debug_info    0x0000000000009895      0x272 /raid/tools/cross-compilers/riscv-rv32im/lib/gcc/riscv32-unknown-elf/7.2.0/libgcc.a(getf2.o)
 .debug_info    0x0000000000009b07      0x272 /raid/tools/cross-compilers/riscv-rv32im/lib/gcc/riscv32-unknown-elf/7.2.0/libgcc.a(letf2.o)
 .debug_info    0x0000000000009d79     0x1175 /raid/tools/cross-compilers/riscv-rv32im/lib/gcc/riscv32-unknown-elf/7.2.0/libgcc.a(multf3.o)
 .debug_info    0x000000000000aeee      0xcca /raid/tools/cross-compilers/riscv-rv32im/lib/gcc/riscv32-unknown-elf/7.2.0/libgcc.a(subtf3.o)
 .debug_info    0x000000000000bbb8      0x29d /raid/tools/cross-compilers/riscv-rv32im/lib/gcc/riscv32-unknown-elf/7.2.0/libgcc.a(fixtfsi.o)
 .debug_info    0x000000000000be55      0x389 /raid/tools/cross-compilers/riscv-rv32im/lib/gcc/riscv32-unknown-elf/7.2.0/libgcc.a(floatsitf.o)
 .debug_info    0x000000000000c1de      0x3bc /raid/tools/cross-compilers/riscv-rv32im/lib/gcc/riscv32-unknown-elf/7.2.0/libgcc.a(extenddftf2.o)
 .debug_info    0x000000000000c59a      0x4f3 /raid/tools/cross-compilers/riscv-rv32im/lib/gcc/riscv32-unknown-elf/7.2.0/libgcc.a(trunctfdf2.o)

.debug_abbrev   0x0000000000000000     0x2a99
 *(.debug_abbrev)
 .debug_abbrev  0x0000000000000000       0x14 ./lib/startup.o
 .debug_abbrev  0x0000000000000014      0x247 ./lib/syscalls.o
 .debug_abbrev  0x000000000000025b      0x222 ./lib/riscv_counters.o
 .debug_abbrev  0x000000000000047d      0x144 ./lib/ns16550.o
 .debug_abbrev  0x00000000000005c1      0x1ea /tmp/cc71xBXp.o
 .debug_abbrev  0x00000000000007ab      0x2a8 /raid/tools/cross-compilers/riscv-rv32im/lib/gcc/riscv32-unknown-elf/7.2.0/libgcc.a(_divdi3.o)
 .debug_abbrev  0x0000000000000a53      0x2b3 /raid/tools/cross-compilers/riscv-rv32im/lib/gcc/riscv32-unknown-elf/7.2.0/libgcc.a(_moddi3.o)
 .debug_abbrev  0x0000000000000d06      0x167 /raid/tools/cross-compilers/riscv-rv32im/lib/gcc/riscv32-unknown-elf/7.2.0/libgcc.a(divdf3.o)
 .debug_abbrev  0x0000000000000e6d      0x177 /raid/tools/cross-compilers/riscv-rv32im/lib/gcc/riscv32-unknown-elf/7.2.0/libgcc.a(muldf3.o)
 .debug_abbrev  0x0000000000000fe4      0x153 /raid/tools/cross-compilers/riscv-rv32im/lib/gcc/riscv32-unknown-elf/7.2.0/libgcc.a(mulsf3.o)
 .debug_abbrev  0x0000000000001137      0x15d /raid/tools/cross-compilers/riscv-rv32im/lib/gcc/riscv32-unknown-elf/7.2.0/libgcc.a(extendsfdf2.o)
 .debug_abbrev  0x0000000000001294      0x157 /raid/tools/cross-compilers/riscv-rv32im/lib/gcc/riscv32-unknown-elf/7.2.0/libgcc.a(truncdfsf2.o)
 .debug_abbrev  0x00000000000013eb      0x1be /raid/tools/cross-compilers/riscv-rv32im/lib/gcc/riscv32-unknown-elf/7.2.0/libgcc.a(_clz.o)
 .debug_abbrev  0x00000000000015a9      0x210 /raid/tools/cross-compilers/riscv-rv32im/lib/gcc/riscv32-unknown-elf/7.2.0/libgcc.a(_clzsi2.o)
 .debug_abbrev  0x00000000000017b9      0x292 /raid/tools/cross-compilers/riscv-rv32im/lib/gcc/riscv32-unknown-elf/7.2.0/libgcc.a(_udivdi3.o)
 .debug_abbrev  0x0000000000001a4b      0x2ac /raid/tools/cross-compilers/riscv-rv32im/lib/gcc/riscv32-unknown-elf/7.2.0/libgcc.a(_umoddi3.o)
 .debug_abbrev  0x0000000000001cf7      0x169 /raid/tools/cross-compilers/riscv-rv32im/lib/gcc/riscv32-unknown-elf/7.2.0/libgcc.a(eqtf2.o)
 .debug_abbrev  0x0000000000001e60      0x17a /raid/tools/cross-compilers/riscv-rv32im/lib/gcc/riscv32-unknown-elf/7.2.0/libgcc.a(getf2.o)
 .debug_abbrev  0x0000000000001fda      0x17a /raid/tools/cross-compilers/riscv-rv32im/lib/gcc/riscv32-unknown-elf/7.2.0/libgcc.a(letf2.o)
 .debug_abbrev  0x0000000000002154      0x186 /raid/tools/cross-compilers/riscv-rv32im/lib/gcc/riscv32-unknown-elf/7.2.0/libgcc.a(multf3.o)
 .debug_abbrev  0x00000000000022da      0x197 /raid/tools/cross-compilers/riscv-rv32im/lib/gcc/riscv32-unknown-elf/7.2.0/libgcc.a(subtf3.o)
 .debug_abbrev  0x0000000000002471      0x188 /raid/tools/cross-compilers/riscv-rv32im/lib/gcc/riscv32-unknown-elf/7.2.0/libgcc.a(fixtfsi.o)
 .debug_abbrev  0x00000000000025f9      0x17d /raid/tools/cross-compilers/riscv-rv32im/lib/gcc/riscv32-unknown-elf/7.2.0/libgcc.a(floatsitf.o)
 .debug_abbrev  0x0000000000002776      0x190 /raid/tools/cross-compilers/riscv-rv32im/lib/gcc/riscv32-unknown-elf/7.2.0/libgcc.a(extenddftf2.o)
 .debug_abbrev  0x0000000000002906      0x193 /raid/tools/cross-compilers/riscv-rv32im/lib/gcc/riscv32-unknown-elf/7.2.0/libgcc.a(trunctfdf2.o)

.debug_line     0x0000000000000000     0x48e3
 *(.debug_line .debug_line.* .debug_line_end)
 .debug_line    0x0000000000000000       0x8a ./lib/startup.o
 .debug_line    0x000000000000008a      0x344 ./lib/syscalls.o
 .debug_line    0x00000000000003ce      0x266 ./lib/riscv_counters.o
 .debug_line    0x0000000000000634      0x1c2 ./lib/ns16550.o
 .debug_line    0x00000000000007f6      0x182 /tmp/cc71xBXp.o
 .debug_line    0x0000000000000978      0x3fe /raid/tools/cross-compilers/riscv-rv32im/lib/gcc/riscv32-unknown-elf/7.2.0/libgcc.a(_divdi3.o)
 .debug_line    0x0000000000000d76      0x3c6 /raid/tools/cross-compilers/riscv-rv32im/lib/gcc/riscv32-unknown-elf/7.2.0/libgcc.a(_moddi3.o)
 .debug_line    0x000000000000113c      0x4be /raid/tools/cross-compilers/riscv-rv32im/lib/gcc/riscv32-unknown-elf/7.2.0/libgcc.a(divdf3.o)
 .debug_line    0x00000000000015fa      0x340 /raid/tools/cross-compilers/riscv-rv32im/lib/gcc/riscv32-unknown-elf/7.2.0/libgcc.a(muldf3.o)
 .debug_line    0x000000000000193a      0x250 /raid/tools/cross-compilers/riscv-rv32im/lib/gcc/riscv32-unknown-elf/7.2.0/libgcc.a(mulsf3.o)
 .debug_line    0x0000000000001b8a      0x15d /raid/tools/cross-compilers/riscv-rv32im/lib/gcc/riscv32-unknown-elf/7.2.0/libgcc.a(extendsfdf2.o)
 .debug_line    0x0000000000001ce7      0x1da /raid/tools/cross-compilers/riscv-rv32im/lib/gcc/riscv32-unknown-elf/7.2.0/libgcc.a(truncdfsf2.o)
 .debug_line    0x0000000000001ec1      0x238 /raid/tools/cross-compilers/riscv-rv32im/lib/gcc/riscv32-unknown-elf/7.2.0/libgcc.a(_clz.o)
 .debug_line    0x00000000000020f9      0x280 /raid/tools/cross-compilers/riscv-rv32im/lib/gcc/riscv32-unknown-elf/7.2.0/libgcc.a(_clzsi2.o)
 .debug_line    0x0000000000002379      0x3b0 /raid/tools/cross-compilers/riscv-rv32im/lib/gcc/riscv32-unknown-elf/7.2.0/libgcc.a(_udivdi3.o)
 .debug_line    0x0000000000002729      0x3a3 /raid/tools/cross-compilers/riscv-rv32im/lib/gcc/riscv32-unknown-elf/7.2.0/libgcc.a(_umoddi3.o)
 .debug_line    0x0000000000002acc      0x175 /raid/tools/cross-compilers/riscv-rv32im/lib/gcc/riscv32-unknown-elf/7.2.0/libgcc.a(eqtf2.o)
 .debug_line    0x0000000000002c41      0x1f4 /raid/tools/cross-compilers/riscv-rv32im/lib/gcc/riscv32-unknown-elf/7.2.0/libgcc.a(getf2.o)
 .debug_line    0x0000000000002e35      0x1f4 /raid/tools/cross-compilers/riscv-rv32im/lib/gcc/riscv32-unknown-elf/7.2.0/libgcc.a(letf2.o)
 .debug_line    0x0000000000003029      0x64b /raid/tools/cross-compilers/riscv-rv32im/lib/gcc/riscv32-unknown-elf/7.2.0/libgcc.a(multf3.o)
 .debug_line    0x0000000000003674      0xbb5 /raid/tools/cross-compilers/riscv-rv32im/lib/gcc/riscv32-unknown-elf/7.2.0/libgcc.a(subtf3.o)
 .debug_line    0x0000000000004229      0x147 /raid/tools/cross-compilers/riscv-rv32im/lib/gcc/riscv32-unknown-elf/7.2.0/libgcc.a(fixtfsi.o)
 .debug_line    0x0000000000004370      0x153 /raid/tools/cross-compilers/riscv-rv32im/lib/gcc/riscv32-unknown-elf/7.2.0/libgcc.a(floatsitf.o)
 .debug_line    0x00000000000044c3      0x1c3 /raid/tools/cross-compilers/riscv-rv32im/lib/gcc/riscv32-unknown-elf/7.2.0/libgcc.a(extenddftf2.o)
 .debug_line    0x0000000000004686      0x25d /raid/tools/cross-compilers/riscv-rv32im/lib/gcc/riscv32-unknown-elf/7.2.0/libgcc.a(trunctfdf2.o)

.debug_frame    0x0000000000000000      0x744
 *(.debug_frame)
 .debug_frame   0x0000000000000000      0x1e0 ./lib/syscalls.o
 .debug_frame   0x00000000000001e0      0x110 ./lib/riscv_counters.o
 .debug_frame   0x00000000000002f0       0xb0 ./lib/ns16550.o
 .debug_frame   0x00000000000003a0       0x38 /tmp/cc71xBXp.o
 .debug_frame   0x00000000000003d8       0x54 /raid/tools/cross-compilers/riscv-rv32im/lib/gcc/riscv32-unknown-elf/7.2.0/libgcc.a(divdf3.o)
 .debug_frame   0x000000000000042c       0x54 /raid/tools/cross-compilers/riscv-rv32im/lib/gcc/riscv32-unknown-elf/7.2.0/libgcc.a(muldf3.o)
 .debug_frame   0x0000000000000480       0x4c /raid/tools/cross-compilers/riscv-rv32im/lib/gcc/riscv32-unknown-elf/7.2.0/libgcc.a(mulsf3.o)
 .debug_frame   0x00000000000004cc       0x38 /raid/tools/cross-compilers/riscv-rv32im/lib/gcc/riscv32-unknown-elf/7.2.0/libgcc.a(extendsfdf2.o)
 .debug_frame   0x0000000000000504       0x20 /raid/tools/cross-compilers/riscv-rv32im/lib/gcc/riscv32-unknown-elf/7.2.0/libgcc.a(truncdfsf2.o)
 .debug_frame   0x0000000000000524       0x20 /raid/tools/cross-compilers/riscv-rv32im/lib/gcc/riscv32-unknown-elf/7.2.0/libgcc.a(_clzsi2.o)
 .debug_frame   0x0000000000000544       0x2c /raid/tools/cross-compilers/riscv-rv32im/lib/gcc/riscv32-unknown-elf/7.2.0/libgcc.a(eqtf2.o)
 .debug_frame   0x0000000000000570       0x2c /raid/tools/cross-compilers/riscv-rv32im/lib/gcc/riscv32-unknown-elf/7.2.0/libgcc.a(getf2.o)
 .debug_frame   0x000000000000059c       0x2c /raid/tools/cross-compilers/riscv-rv32im/lib/gcc/riscv32-unknown-elf/7.2.0/libgcc.a(letf2.o)