Archive member included to satisfy reference by file (symbol)

/raid/tools/cross-compilers/riscv-rv32im/lib/gcc/riscv32-unknown-elf/7.2.0/libgcc.a(_divdi3.o)
                              ./lib/syscalls.o (__divdi3)
/raid/tools/cross-compilers/riscv-rv32im/lib/gcc/riscv32-unknown-elf/7.2.0/libgcc.a(_moddi3.o)
                              ./lib/syscalls.o (__moddi3)
/raid/tools/cross-compilers/riscv-rv32im/lib/gcc/riscv32-unknown-elf/7.2.0/libgcc.a(_clz.o)
                              /raid/tools/cross-compilers/riscv-rv32im/lib/gcc/riscv32-unknown-elf/7.2.0/libgcc.a(_divdi3.o) (__clz_tab)
/raid/tools/cross-compilers/riscv-rv32im/lib/gcc/riscv32-unknown-elf/7.2.0/../../../../riscv32-unknown-elf/lib/libc.a(lib_a-assert.o)
                              /tmp/ccQdtmmm.o (__assert_func)
/raid/tools/cross-compilers/riscv-rv32im/lib/gcc/riscv32-unknown-elf/7.2.0/../../../../riscv32-unknown-elf/lib/libc.a(lib_a-atexit.o)
                              /raid/tools/cross-compilers/riscv-rv32im/lib/gcc/riscv32-unknown-elf/7.2.0/../../../../riscv32-unknown-elf/lib/crt0.o (atexit)
/raid/tools/cross-compilers/riscv-rv32im/lib/gcc/riscv32-unknown-elf/7.2.0/../../../../riscv32-unknown-elf/lib/libc.a(lib_a-errno.o)
                              ./lib/syscalls.o (__errno)
/raid/tools/cross-compilers/riscv-rv32im/lib/gcc/riscv32-unknown-elf/7.2.0/../../../../riscv32-unknown-elf/lib/libc.a(lib_a-exit.o)
                              /raid/tools/cross-compilers/riscv-rv32im/lib/gcc/riscv32-unknown-elf/7.2.0/../../../../riscv32-unknown-elf/lib/crt0.o (exit)
/raid/tools/cross-compilers/riscv-rv32im/lib/gcc/riscv32-unknown-elf/7.2.0/../../../../riscv32-unknown-elf/lib/libc.a(lib_a-fini.o)
                              /raid/tools/cross-compilers/riscv-rv32im/lib/gcc/riscv32-unknown-elf/7.2.0/../../../../riscv32-unknown-elf/lib/crt0.o (__libc_fini_array)
/raid/tools/cross-compilers/riscv-rv32im/lib/gcc/riscv32-unknown-elf/7.2.0/../../../../riscv32-unknown-elf/lib/libc.a(lib_a-fiprintf.o)
                              /raid/tools/cross-compilers/riscv-rv32im/lib/gcc/riscv32-unknown-elf/7.2.0/../../../../riscv32-unknown-elf/lib/libc.a(lib_a-assert.o) (fiprintf)
/raid/tools/cross-compilers/riscv-rv32im/lib/gcc/riscv32-unknown-elf/7.2.0/../../../../riscv32-unknown-elf/lib/libc.a(lib_a-impure.o)
                              /raid/tools/cross-compilers/riscv-rv32im/lib/gcc/riscv32-unknown-elf/7.2.0/../../../../riscv32-unknown-elf/lib/libc.a(lib_a-exit.o) (_global_impure_ptr)
/raid/tools/cross-compilers/riscv-rv32im/lib/gcc/riscv32-unknown-elf/7.2.0/../../../../riscv32-unknown-elf/lib/libc.a(lib_a-init.o)
                              /raid/tools/cross-compilers/riscv-rv32im/lib/gcc/riscv32-unknown-elf/7.2.0/../../../../riscv32-unknown-elf/lib/crt0.o (__libc_init_array)
/raid/tools/cross-compilers/riscv-rv32im/lib/gcc/riscv32-unknown-elf/7.2.0/../../../../riscv32-unknown-elf/lib/libc.a(lib_a-memset.o)
                              /raid/tools/cross-compilers/riscv-rv32im/lib/gcc/riscv32-unknown-elf/7.2.0/../../../../riscv32-unknown-elf/lib/crt0.o (memset)
/raid/tools/cross-compilers/riscv-rv32im/lib/gcc/riscv32-unknown-elf/7.2.0/../../../../riscv32-unknown-elf/lib/libc.a(lib_a-vfiprintf.o)
                              /raid/tools/cross-compilers/riscv-rv32im/lib/gcc/riscv32-unknown-elf/7.2.0/../../../../riscv32-unknown-elf/lib/libc.a(lib_a-fiprintf.o) (_vfiprintf_r)
/raid/tools/cross-compilers/riscv-rv32im/lib/gcc/riscv32-unknown-elf/7.2.0/../../../../riscv32-unknown-elf/lib/libc.a(lib_a-wsetup.o)
                              /raid/tools/cross-compilers/riscv-rv32im/lib/gcc/riscv32-unknown-elf/7.2.0/../../../../riscv32-unknown-elf/lib/libc.a(lib_a-vfiprintf.o) (__swsetup_r)
/raid/tools/cross-compilers/riscv-rv32im/lib/gcc/riscv32-unknown-elf/7.2.0/../../../../riscv32-unknown-elf/lib/libc.a(lib_a-abort.o)
                              /raid/tools/cross-compilers/riscv-rv32im/lib/gcc/riscv32-unknown-elf/7.2.0/../../../../riscv32-unknown-elf/lib/libc.a(lib_a-assert.o) (abort)
/raid/tools/cross-compilers/riscv-rv32im/lib/gcc/riscv32-unknown-elf/7.2.0/../../../../riscv32-unknown-elf/lib/libc.a(lib_a-__atexit.o)
                              /raid/tools/cross-compilers/riscv-rv32im/lib/gcc/riscv32-unknown-elf/7.2.0/../../../../riscv32-unknown-elf/lib/libc.a(lib_a-atexit.o) (__register_exitproc)
/raid/tools/cross-compilers/riscv-rv32im/lib/gcc/riscv32-unknown-elf/7.2.0/../../../../riscv32-unknown-elf/lib/libc.a(lib_a-__call_atexit.o)
                              /raid/tools/cross-compilers/riscv-rv32im/lib/gcc/riscv32-unknown-elf/7.2.0/../../../../riscv32-unknown-elf/lib/libc.a(lib_a-exit.o) (__call_exitprocs)
/raid/tools/cross-compilers/riscv-rv32im/lib/gcc/riscv32-unknown-elf/7.2.0/../../../../riscv32-unknown-elf/lib/libc.a(lib_a-fflush.o)
                              /raid/tools/cross-compilers/riscv-rv32im/lib/gcc/riscv32-unknown-elf/7.2.0/../../../../riscv32-unknown-elf/lib/libc.a(lib_a-vfiprintf.o) (_fflush_r)
/raid/tools/cross-compilers/riscv-rv32im/lib/gcc/riscv32-unknown-elf/7.2.0/../../../../riscv32-unknown-elf/lib/libc.a(lib_a-findfp.o)
                              /raid/tools/cross-compilers/riscv-rv32im/lib/gcc/riscv32-unknown-elf/7.2.0/../../../../riscv32-unknown-elf/lib/libc.a(lib_a-vfiprintf.o) (__sinit)
/raid/tools/cross-compilers/riscv-rv32im/lib/gcc/riscv32-unknown-elf/7.2.0/../../../../riscv32-unknown-elf/lib/libc.a(lib_a-fputwc.o)
                              /raid/tools/cross-compilers/riscv-rv32im/lib/gcc/riscv32-unknown-elf/7.2.0/../../../../riscv32-unknown-elf/lib/libc.a(lib_a-vfiprintf.o) (_fputwc_r)
/raid/tools/cross-compilers/riscv-rv32im/lib/gcc/riscv32-unknown-elf/7.2.0/../../../../riscv32-unknown-elf/lib/libc.a(lib_a-freer.o)
                              /raid/tools/cross-compilers/riscv-rv32im/lib/gcc/riscv32-unknown-elf/7.2.0/../../../../riscv32-unknown-elf/lib/libc.a(lib_a-wsetup.o) (_free_r)
/raid/tools/cross-compilers/riscv-rv32im/lib/gcc/riscv32-unknown-elf/7.2.0/../../../../riscv32-unknown-elf/lib/libc.a(lib_a-fvwrite.o)
                              /raid/tools/cross-compilers/riscv-rv32im/lib/gcc/riscv32-unknown-elf/7.2.0/../../../../riscv32-unknown-elf/lib/libc.a(lib_a-vfiprintf.o) (__sfvwrite_r)
/raid/tools/cross-compilers/riscv-rv32im/lib/gcc/riscv32-unknown-elf/7.2.0/../../../../riscv32-unknown-elf/lib/libc.a(lib_a-fwalk.o)
                              /raid/tools/cross-compilers/riscv-rv32im/lib/gcc/riscv32-unknown-elf/7.2.0/../../../../riscv32-unknown-elf/lib/libc.a(lib_a-findfp.o) (_fwalk)
/raid/tools/cross-compilers/riscv-rv32im/lib/gcc/riscv32-unknown-elf/7.2.0/../../../../riscv32-unknown-elf/lib/libc.a(lib_a-localeconv.o)
                              /raid/tools/cross-compilers/riscv-rv32im/lib/gcc/riscv32-unknown-elf/7.2.0/../../../../riscv32-unknown-elf/lib/libc.a(lib_a-vfiprintf.o) (_localeconv_r)
/raid/tools/cross-compilers/riscv-rv32im/lib/gcc/riscv32-unknown-elf/7.2.0/../../../../riscv32-unknown-elf/lib/libc.a(lib_a-locale.o)
                              /raid/tools/cross-compilers/riscv-rv32im/lib/gcc/riscv32-unknown-elf/7.2.0/../../../../riscv32-unknown-elf/lib/libc.a(lib_a-fputwc.o) (__locale_mb_cur_max)
/raid/tools/cross-compilers/riscv-rv32im/lib/gcc/riscv32-unknown-elf/7.2.0/../../../../riscv32-unknown-elf/lib/libc.a(lib_a-makebuf.o)
                              /raid/tools/cross-compilers/riscv-rv32im/lib/gcc/riscv32-unknown-elf/7.2.0/../../../../riscv32-unknown-elf/lib/libc.a(lib_a-wsetup.o) (__smakebuf_r)
/raid/tools/cross-compilers/riscv-rv32im/lib/gcc/riscv32-unknown-elf/7.2.0/../../../../riscv32-unknown-elf/lib/libc.a(lib_a-mallocr.o)
                              /raid/tools/cross-compilers/riscv-rv32im/lib/gcc/riscv32-unknown-elf/7.2.0/../../../../riscv32-unknown-elf/lib/libc.a(lib_a-findfp.o) (_malloc_r)
/raid/tools/cross-compilers/riscv-rv32im/lib/gcc/riscv32-unknown-elf/7.2.0/../../../../riscv32-unknown-elf/lib/libc.a(lib_a-mbtowc_r.o)
                              /raid/tools/cross-compilers/riscv-rv32im/lib/gcc/riscv32-unknown-elf/7.2.0/../../../../riscv32-unknown-elf/lib/libc.a(lib_a-locale.o) (__ascii_mbtowc)
/raid/tools/cross-compilers/riscv-rv32im/lib/gcc/riscv32-unknown-elf/7.2.0/../../../../riscv32-unknown-elf/lib/libc.a(lib_a-memchr.o)
                              /raid/tools/cross-compilers/riscv-rv32im/lib/gcc/riscv32-unknown-elf/7.2.0/../../../../riscv32-unknown-elf/lib/libc.a(lib_a-vfiprintf.o) (memchr)
/raid/tools/cross-compilers/riscv-rv32im/lib/gcc/riscv32-unknown-elf/7.2.0/../../../../riscv32-unknown-elf/lib/libc.a(lib_a-memcpy.o)
                              /raid/tools/cross-compilers/riscv-rv32im/lib/gcc/riscv32-unknown-elf/7.2.0/../../../../riscv32-unknown-elf/lib/libc.a(lib_a-fvwrite.o) (memcpy)
/raid/tools/cross-compilers/riscv-rv32im/lib/gcc/riscv32-unknown-elf/7.2.0/../../../../riscv32-unknown-elf/lib/libc.a(lib_a-memmove.o)
                              /raid/tools/cross-compilers/riscv-rv32im/lib/gcc/riscv32-unknown-elf/7.2.0/../../../../riscv32-unknown-elf/lib/libc.a(lib_a-fvwrite.o) (memmove)
/raid/tools/cross-compilers/riscv-rv32im/lib/gcc/riscv32-unknown-elf/7.2.0/../../../../riscv32-unknown-elf/lib/libc.a(lib_a-mlock.o)
                              /raid/tools/cross-compilers/riscv-rv32im/lib/gcc/riscv32-unknown-elf/7.2.0/../../../../riscv32-unknown-elf/lib/libc.a(lib_a-freer.o) (__malloc_lock)
/raid/tools/cross-compilers/riscv-rv32im/lib/gcc/riscv32-unknown-elf/7.2.0/../../../../riscv32-unknown-elf/lib/libc.a(lib_a-reallocr.o)
                              /raid/tools/cross-compilers/riscv-rv32im/lib/gcc/riscv32-unknown-elf/7.2.0/../../../../riscv32-unknown-elf/lib/libc.a(lib_a-fvwrite.o) (_realloc_r)
/raid/tools/cross-compilers/riscv-rv32im/lib/gcc/riscv32-unknown-elf/7.2.0/../../../../riscv32-unknown-elf/lib/libc.a(lib_a-sbrkr.o)
                              /raid/tools/cross-compilers/riscv-rv32im/lib/gcc/riscv32-unknown-elf/7.2.0/../../../../riscv32-unknown-elf/lib/libc.a(lib_a-freer.o) (_sbrk_r)
/raid/tools/cross-compilers/riscv-rv32im/lib/gcc/riscv32-unknown-elf/7.2.0/../../../../riscv32-unknown-elf/lib/libc.a(lib_a-signal.o)
                              /raid/tools/cross-compilers/riscv-rv32im/lib/gcc/riscv32-unknown-elf/7.2.0/../../../../riscv32-unknown-elf/lib/libc.a(lib_a-abort.o) (raise)
/raid/tools/cross-compilers/riscv-rv32im/lib/gcc/riscv32-unknown-elf/7.2.0/../../../../riscv32-unknown-elf/lib/libc.a(lib_a-signalr.o)
                              /raid/tools/cross-compilers/riscv-rv32im/lib/gcc/riscv32-unknown-elf/7.2.0/../../../../riscv32-unknown-elf/lib/libc.a(lib_a-signal.o) (_kill_r)
/raid/tools/cross-compilers/riscv-rv32im/lib/gcc/riscv32-unknown-elf/7.2.0/../../../../riscv32-unknown-elf/lib/libc.a(lib_a-stdio.o)
                              /raid/tools/cross-compilers/riscv-rv32im/lib/gcc/riscv32-unknown-elf/7.2.0/../../../../riscv32-unknown-elf/lib/libc.a(lib_a-findfp.o) (__sread)
/raid/tools/cross-compilers/riscv-rv32im/lib/gcc/riscv32-unknown-elf/7.2.0/../../../../riscv32-unknown-elf/lib/libc.a(lib_a-strcmp.o)
                              /raid/tools/cross-compilers/riscv-rv32im/lib/gcc/riscv32-unknown-elf/7.2.0/../../../../riscv32-unknown-elf/lib/libc.a(lib_a-locale.o) (strcmp)
/raid/tools/cross-compilers/riscv-rv32im/lib/gcc/riscv32-unknown-elf/7.2.0/../../../../riscv32-unknown-elf/lib/libc.a(lib_a-strlen.o)
                              /raid/tools/cross-compilers/riscv-rv32im/lib/gcc/riscv32-unknown-elf/7.2.0/../../../../riscv32-unknown-elf/lib/libc.a(lib_a-vfiprintf.o) (strlen)
/raid/tools/cross-compilers/riscv-rv32im/lib/gcc/riscv32-unknown-elf/7.2.0/../../../../riscv32-unknown-elf/lib/libc.a(lib_a-strncpy.o)
                              /raid/tools/cross-compilers/riscv-rv32im/lib/gcc/riscv32-unknown-elf/7.2.0/../../../../riscv32-unknown-elf/lib/libc.a(lib_a-vfiprintf.o) (strncpy)
/raid/tools/cross-compilers/riscv-rv32im/lib/gcc/riscv32-unknown-elf/7.2.0/../../../../riscv32-unknown-elf/lib/libc.a(lib_a-wbuf.o)
                              /raid/tools/cross-compilers/riscv-rv32im/lib/gcc/riscv32-unknown-elf/7.2.0/../../../../riscv32-unknown-elf/lib/libc.a(lib_a-fputwc.o) (__swbuf_r)
/raid/tools/cross-compilers/riscv-rv32im/lib/gcc/riscv32-unknown-elf/7.2.0/../../../../riscv32-unknown-elf/lib/libc.a(lib_a-wcrtomb.o)
                              /raid/tools/cross-compilers/riscv-rv32im/lib/gcc/riscv32-unknown-elf/7.2.0/../../../../riscv32-unknown-elf/lib/libc.a(lib_a-fputwc.o) (_wcrtomb_r)
/raid/tools/cross-compilers/riscv-rv32im/lib/gcc/riscv32-unknown-elf/7.2.0/../../../../riscv32-unknown-elf/lib/libc.a(lib_a-wctomb_r.o)
                              /raid/tools/cross-compilers/riscv-rv32im/lib/gcc/riscv32-unknown-elf/7.2.0/../../../../riscv32-unknown-elf/lib/libc.a(lib_a-locale.o) (__ascii_wctomb)
/raid/tools/cross-compilers/riscv-rv32im/lib/gcc/riscv32-unknown-elf/7.2.0/../../../../riscv32-unknown-elf/lib/libc.a(lib_a-writer.o)
                              /raid/tools/cross-compilers/riscv-rv32im/lib/gcc/riscv32-unknown-elf/7.2.0/../../../../riscv32-unknown-elf/lib/libc.a(lib_a-stdio.o) (_write_r)
/raid/tools/cross-compilers/riscv-rv32im/lib/gcc/riscv32-unknown-elf/7.2.0/../../../../riscv32-unknown-elf/lib/libc.a(lib_a-closer.o)
                              /raid/tools/cross-compilers/riscv-rv32im/lib/gcc/riscv32-unknown-elf/7.2.0/../../../../riscv32-unknown-elf/lib/libc.a(lib_a-stdio.o) (_close_r)
/raid/tools/cross-compilers/riscv-rv32im/lib/gcc/riscv32-unknown-elf/7.2.0/../../../../riscv32-unknown-elf/lib/libc.a(lib_a-ctype_.o)
                              /raid/tools/cross-compilers/riscv-rv32im/lib/gcc/riscv32-unknown-elf/7.2.0/../../../../riscv32-unknown-elf/lib/libc.a(lib_a-locale.o) (_ctype_)
/raid/tools/cross-compilers/riscv-rv32im/lib/gcc/riscv32-unknown-elf/7.2.0/../../../../riscv32-unknown-elf/lib/libc.a(lib_a-fclose.o)
                              /raid/tools/cross-compilers/riscv-rv32im/lib/gcc/riscv32-unknown-elf/7.2.0/../../../../riscv32-unknown-elf/lib/libc.a(lib_a-findfp.o) (_fclose_r)
/raid/tools/cross-compilers/riscv-rv32im/lib/gcc/riscv32-unknown-elf/7.2.0/../../../../riscv32-unknown-elf/lib/libc.a(lib_a-fstatr.o)
                              /raid/tools/cross-compilers/riscv-rv32im/lib/gcc/riscv32-unknown-elf/7.2.0/../../../../riscv32-unknown-elf/lib/libc.a(lib_a-makebuf.o) (_fstat_r)
/raid/tools/cross-compilers/riscv-rv32im/lib/gcc/riscv32-unknown-elf/7.2.0/../../../../riscv32-unknown-elf/lib/libc.a(lib_a-isattyr.o)
                              /raid/tools/cross-compilers/riscv-rv32im/lib/gcc/riscv32-unknown-elf/7.2.0/../../../../riscv32-unknown-elf/lib/libc.a(lib_a-makebuf.o) (_isatty_r)
/raid/tools/cross-compilers/riscv-rv32im/lib/gcc/riscv32-unknown-elf/7.2.0/../../../../riscv32-unknown-elf/lib/libc.a(lib_a-lseekr.o)
                              /raid/tools/cross-compilers/riscv-rv32im/lib/gcc/riscv32-unknown-elf/7.2.0/../../../../riscv32-unknown-elf/lib/libc.a(lib_a-stdio.o) (_lseek_r)
/raid/tools/cross-compilers/riscv-rv32im/lib/gcc/riscv32-unknown-elf/7.2.0/../../../../riscv32-unknown-elf/lib/libc.a(lib_a-readr.o)
                              /raid/tools/cross-compilers/riscv-rv32im/lib/gcc/riscv32-unknown-elf/7.2.0/../../../../riscv32-unknown-elf/lib/libc.a(lib_a-stdio.o) (_read_r)
/raid/tools/cross-compilers/riscv-rv32im/lib/gcc/riscv32-unknown-elf/7.2.0/../../../../riscv32-unknown-elf/lib/libc.a(lib_a-reent.o)
                              /raid/tools/cross-compilers/riscv-rv32im/lib/gcc/riscv32-unknown-elf/7.2.0/../../../../riscv32-unknown-elf/lib/libc.a(lib_a-sbrkr.o) (errno)
/raid/tools/cross-compilers/riscv-rv32im/lib/gcc/riscv32-unknown-elf/7.2.0/../../../../riscv32-unknown-elf/lib/libnosys.a(_exit.o)
                              /raid/tools/cross-compilers/riscv-rv32im/lib/gcc/riscv32-unknown-elf/7.2.0/../../../../riscv32-unknown-elf/lib/libc.a(lib_a-exit.o) (_exit)
/raid/tools/cross-compilers/riscv-rv32im/lib/gcc/riscv32-unknown-elf/7.2.0/libgcc.a(_udivdi3.o)
                              /raid/tools/cross-compilers/riscv-rv32im/lib/gcc/riscv32-unknown-elf/7.2.0/../../../../riscv32-unknown-elf/lib/libc.a(lib_a-vfiprintf.o) (__udivdi3)
/raid/tools/cross-compilers/riscv-rv32im/lib/gcc/riscv32-unknown-elf/7.2.0/libgcc.a(_umoddi3.o)
                              /raid/tools/cross-compilers/riscv-rv32im/lib/gcc/riscv32-unknown-elf/7.2.0/../../../../riscv32-unknown-elf/lib/libc.a(lib_a-vfiprintf.o) (__umoddi3)

Allocating common symbols
Common symbol       size              file

errno               0x4               /raid/tools/cross-compilers/riscv-rv32im/lib/gcc/riscv32-unknown-elf/7.2.0/../../../../riscv32-unknown-elf/lib/libc.a(lib_a-reent.o)

Memory Configuration

Name             Origin             Length             Attributes
*default*        0x0000000000000000 0xffffffffffffffff

Linker script and memory map

LOAD ./lib/syscalls.o
LOAD ./lib/riscv_counters.o
LOAD ./lib/ns16550.o
Address of section .text-segment set to 0xc0000000
LOAD /tmp/ccQdtmmm.o
LOAD /raid/tools/cross-compilers/riscv-rv32im/lib/gcc/riscv32-unknown-elf/7.2.0/../../../../riscv32-unknown-elf/lib/libm.a
LOAD /raid/tools/cross-compilers/riscv-rv32im/lib/gcc/riscv32-unknown-elf/7.2.0/libgcc.a
LOAD /raid/tools/cross-compilers/riscv-rv32im/lib/gcc/riscv32-unknown-elf/7.2.0/../../../../riscv32-unknown-elf/lib/libnosys.a
LOAD /raid/tools/cross-compilers/riscv-rv32im/lib/gcc/riscv32-unknown-elf/7.2.0/libgcc.a
START GROUP
LOAD /raid/tools/cross-compilers/riscv-rv32im/lib/gcc/riscv32-unknown-elf/7.2.0/libgcc.a
LOAD /raid/tools/cross-compilers/riscv-rv32im/lib/gcc/riscv32-unknown-elf/7.2.0/../../../../riscv32-unknown-elf/lib/libc.a
LOAD /raid/tools/cross-compilers/riscv-rv32im/lib/gcc/riscv32-unknown-elf/7.2.0/../../../../riscv32-unknown-elf/lib/libnosys.a
END GROUP
LOAD /raid/tools/cross-compilers/riscv-rv32im/lib/gcc/riscv32-unknown-elf/7.2.0/crtend.o
                [!provide]                        PROVIDE (__executable_start, SEGMENT_START ("text-segment", 0x10000))
                0x00000000c0000074                . = (SEGMENT_START ("text-segment", 0x10000) + SIZEOF_HEADERS)

.interp
 *(.interp)

.note.gnu.build-id
 *(.note.gnu.build-id)

.hash
 *(.hash)

.gnu.hash
 *(.gnu.hash)

.dynsym
 *(.dynsym)

.dynstr
 *(.dynstr)

.gnu.version
 *(.gnu.version)

.gnu.version_d
 *(.gnu.version_d)

.gnu.version_r
 *(.gnu.version_r)

.rela.dyn       0x00000000c0000074        0x0
 *(.rela.init)
 *(.rela.text .rela.text.* .rela.gnu.linkonce.t.*)
 .rela.text     0x00000000c0000074        0x0 /raid/tools/cross-compilers/riscv-rv32im/lib/gcc/riscv32-unknown-elf/7.2.0/../../../../riscv32-unknown-elf/lib/crt0.o
 *(.rela.fini)
 *(.rela.rodata .rela.rodata.* .rela.gnu.linkonce.r.*)
 *(.rela.data .rela.data.* .rela.gnu.linkonce.d.*)
 .rela.data     0x00000000c0000074        0x0 /raid/tools/cross-compilers/riscv-rv32im/lib/gcc/riscv32-unknown-elf/7.2.0/../../../../riscv32-unknown-elf/lib/crt0.o
 *(.rela.tdata .rela.tdata.* .rela.gnu.linkonce.td.*)
 *(.rela.tbss .rela.tbss.* .rela.gnu.linkonce.tb.*)
 *(.rela.ctors)
 *(.rela.dtors)
 *(.rela.got)
 *(.rela.sdata .rela.sdata.* .rela.gnu.linkonce.s.*)
 *(.rela.sbss .rela.sbss.* .rela.gnu.linkonce.sb.*)
 *(.rela.sdata2 .rela.sdata2.* .rela.gnu.linkonce.s2.*)
 *(.rela.sbss2 .rela.sbss2.* .rela.gnu.linkonce.sb2.*)
 *(.rela.bss .rela.bss.* .rela.gnu.linkonce.b.*)
                [!provide]                        PROVIDE (__rela_iplt_start, .)
 *(.rela.iplt)
                [!provide]                        PROVIDE (__rela_iplt_end, .)

.rela.plt
 *(.rela.plt)

.init
 *(SORT(.init))

.plt
 *(.plt)

.iplt
 *(.iplt)

.text           0x00000000c0000074     0x6054
 *(.text.unlikely .text.*_unlikely .text.unlikely.*)
 *(.text.exit .text.exit.*)
 *(.text.startup .text.startup.*)
 *(.text.hot .text.hot.*)
 *(.text .stub .text.* .gnu.linkonce.t.*)
 .text          0x00000000c0000074       0x44 /raid/tools/cross-compilers/riscv-rv32im/lib/gcc/riscv32-unknown-elf/7.2.0/../../../../riscv32-unknown-elf/lib/crt0.o
                0x00000000c0000074                _start
                0x00000000c00000b4                _init
                0x00000000c00000b4                _fini
 .text          0x00000000c00000b8       0xf0 /raid/tools/cross-compilers/riscv-rv32im/lib/gcc/riscv32-unknown-elf/7.2.0/crtbegin.o
 .text          0x00000000c00001a8      0x4b4 ./lib/syscalls.o
                0x00000000c00001a8                read
                0x00000000c0000234                write
                0x00000000c00002a0                gettimeofday
                0x00000000c000039c                sleep
                0x00000000c0000410                _sbrk
                0x00000000c000044c                _write
                0x00000000c00004b8                _close
                0x00000000c00004f4                _lseek
                0x00000000c0000538                _read
                0x00000000c000057c                _fstat
                0x00000000c00005bc                _isatty
                0x00000000c00005f8                _kill
                0x00000000c0000638                _getpid
 .text          0x00000000c000065c      0x258 ./lib/riscv_counters.o
                0x00000000c000065c                read_cycle
                0x00000000c00006c8                read_time
                0x00000000c0000734                read_instret
                0x00000000c00007a0                fence
                0x00000000c00007c0                io_read32
                0x00000000c00007f4                io_write32
                0x00000000c0000830                io_read64
                0x00000000c000086c                io_write64
 .text          0x00000000c00008b4      0x224 ./lib/ns16550.o
                0x00000000c00009b4                ns16550_rxready
                0x00000000c00009f0                ns16550_rxchar
                0x00000000c0000a40                ns16550_txchar
                0x00000000c0000a9c                ns16550_flush
 .text          0x00000000c0000ad8      0x46c /tmp/ccQdtmmm.o
                0x00000000c0000b24                main
 .text          0x00000000c0000f44      0x480 /raid/tools/cross-compilers/riscv-rv32im/lib/gcc/riscv32-unknown-elf/7.2.0/libgcc.a(_divdi3.o)
                0x00000000c0000f44                __divdi3
 .text          0x00000000c00013c4      0x458 /raid/tools/cross-compilers/riscv-rv32im/lib/gcc/riscv32-unknown-elf/7.2.0/libgcc.a(_moddi3.o)
                0x00000000c00013c4                __moddi3
 .text          0x00000000c000181c        0x0 /raid/tools/cross-compilers/riscv-rv32im/lib/gcc/riscv32-unknown-elf/7.2.0/libgcc.a(_clz.o)
 .text          0x00000000c000181c       0x64 /raid/tools/cross-compilers/riscv-rv32im/lib/gcc/riscv32-unknown-elf/7.2.0/../../../../riscv32-unknown-elf/lib/libc.a(lib_a-assert.o)
                0x00000000c000181c                __assert_func
                0x00000000c000186c                __assert
 .text          0x00000000c0001880       0x14 /raid/tools/cross-compilers/riscv-rv32im/lib/gcc/riscv32-unknown-elf/7.2.0/../../../../riscv32-unknown-elf/lib/libc.a(lib_a-atexit.o)
                0x00000000c0001880                atexit
 .text          0x00000000c0001894        0x8 /raid/tools/cross-compilers/riscv-rv32im/lib/gcc/riscv32-unknown-elf/7.2.0/../../../../riscv32-unknown-elf/lib/libc.a(lib_a-errno.o)
                0x00000000c0001894                __errno
 .text          0x00000000c000189c       0x30 /raid/tools/cross-compilers/riscv-rv32im/lib/gcc/riscv32-unknown-elf/7.2.0/../../../../riscv32-unknown-elf/lib/libc.a(lib_a-exit.o)
                0x00000000c000189c                exit
 .text          0x00000000c00018cc       0x74 /raid/tools/cross-compilers/riscv-rv32im/lib/gcc/riscv32-unknown-elf/7.2.0/../../../../riscv32-unknown-elf/lib/libc.a(lib_a-fini.o)
                0x00000000c00018cc                __libc_fini_array
 .text          0x00000000c0001940       0x78 /raid/tools/cross-compilers/riscv-rv32im/lib/gcc/riscv32-unknown-elf/7.2.0/../../../../riscv32-unknown-elf/lib/libc.a(lib_a-fiprintf.o)
                0x00000000c0001940                _fiprintf_r
                0x00000000c0001974                fiprintf
 .text          0x00000000c00019b8        0x0 /raid/tools/cross-compilers/riscv-rv32im/lib/gcc/riscv32-unknown-elf/7.2.0/../../../../riscv32-unknown-elf/lib/libc.a(lib_a-impure.o)
 .text          0x00000000c00019b8       0xa0 /raid/tools/cross-compilers/riscv-rv32im/lib/gcc/riscv32-unknown-elf/7.2.0/../../../../riscv32-unknown-elf/lib/libc.a(lib_a-init.o)
                0x00000000c00019b8                __libc_init_array
 .text          0x00000000c0001a58       0xdc /raid/tools/cross-compilers/riscv-rv32im/lib/gcc/riscv32-unknown-elf/7.2.0/../../../../riscv32-unknown-elf/lib/libc.a(lib_a-memset.o)
                0x00000000c0001a58                memset
 .text          0x00000000c0001b34      0xe5c /raid/tools/cross-compilers/riscv-rv32im/lib/gcc/riscv32-unknown-elf/7.2.0/../../../../riscv32-unknown-elf/lib/libc.a(lib_a-vfiprintf.o)
                0x00000000c0001b34                __sprint_r
                0x00000000c0001c34                _vfiprintf_r
                0x00000000c00028c0                vfiprintf
 .text          0x00000000c0002990      0x134 /raid/tools/cross-compilers/riscv-rv32im/lib/gcc/riscv32-unknown-elf/7.2.0/../../../../riscv32-unknown-elf/lib/libc.a(lib_a-wsetup.o)
                0x00000000c0002990                __swsetup_r
 .text          0x00000000c0002ac4       0x18 /raid/tools/cross-compilers/riscv-rv32im/lib/gcc/riscv32-unknown-elf/7.2.0/../../../../riscv32-unknown-elf/lib/libc.a(lib_a-abort.o)
                0x00000000c0002ac4                abort
 .text          0x00000000c0002adc       0x7c /raid/tools/cross-compilers/riscv-rv32im/lib/gcc/riscv32-unknown-elf/7.2.0/../../../../riscv32-unknown-elf/lib/libc.a(lib_a-__atexit.o)
                0x00000000c0002adc                __register_exitproc
 .text          0x00000000c0002b58      0x10c /raid/tools/cross-compilers/riscv-rv32im/lib/gcc/riscv32-unknown-elf/7.2.0/../../../../riscv32-unknown-elf/lib/libc.a(lib_a-__call_atexit.o)
                0x00000000c0002b58                __call_exitprocs
 .text          0x00000000c0002c64      0x280 /raid/tools/cross-compilers/riscv-rv32im/lib/gcc/riscv32-unknown-elf/7.2.0/../../../../riscv32-unknown-elf/lib/libc.a(lib_a-fflush.o)
                0x00000000c0002c64                __sflush_r
                0x00000000c0002e6c                _fflush_r
                0x00000000c0002ec4                fflush
 .text          0x00000000c0002ee4      0x2b4 /raid/tools/cross-compilers/riscv-rv32im/lib/gcc/riscv32-unknown-elf/7.2.0/../../../../riscv32-unknown-elf/lib/libc.a(lib_a-findfp.o)
                0x00000000c0002eec                _cleanup_r
                0x00000000c0002f88                __sfmoreglue
                0x00000000c0002ff4                _cleanup
                0x00000000c0002ffc                __sinit
                0x00000000c0003080                __sfp
                0x00000000c0003168                __sfp_lock_acquire
                0x00000000c000316c                __sfp_lock_release
                0x00000000c0003170                __sinit_lock_acquire
                0x00000000c0003174                __sinit_lock_release
                0x00000000c0003178                __fp_lock_all
                0x00000000c0003188                __fp_unlock_all
 .text          0x00000000c0003198      0x194 /raid/tools/cross-compilers/riscv-rv32im/lib/gcc/riscv32-unknown-elf/7.2.0/../../../../riscv32-unknown-elf/lib/libc.a(lib_a-fputwc.o)
                0x00000000c0003198                __fputwc
                0x00000000c00032ac                _fputwc_r
                0x00000000c00032d8                fputwc
 .text          0x00000000c000332c      0x36c /raid/tools/cross-compilers/riscv-rv32im/lib/gcc/riscv32-unknown-elf/7.2.0/../../../../riscv32-unknown-elf/lib/libc.a(lib_a-freer.o)
                0x00000000c000332c                _malloc_trim_r
                0x00000000c000343c                _free_r
 .text          0x00000000c0003698      0x460 /raid/tools/cross-compilers/riscv-rv32im/lib/gcc/riscv32-unknown-elf/7.2.0/../../../../riscv32-unknown-elf/lib/libc.a(lib_a-fvwrite.o)
                0x00000000c0003698                __sfvwrite_r
 .text          0x00000000c0003af8      0x154 /raid/tools/cross-compilers/riscv-rv32im/lib/gcc/riscv32-unknown-elf/7.2.0/../../../../riscv32-unknown-elf/lib/libc.a(lib_a-fwalk.o)
                0x00000000c0003af8                _fwalk
                0x00000000c0003b98                _fwalk_reent
 .text          0x00000000c0003c4c       0x40 /raid/tools/cross-compilers/riscv-rv32im/lib/gcc/riscv32-unknown-elf/7.2.0/../../../../riscv32-unknown-elf/lib/libc.a(lib_a-localeconv.o)
                0x00000000c0003c4c                __localeconv_l
                0x00000000c0003c54                _localeconv_r
                0x00000000c0003c70                localeconv
 .text          0x00000000c0003c8c       0xc4 /raid/tools/cross-compilers/riscv-rv32im/lib/gcc/riscv32-unknown-elf/7.2.0/../../../../riscv32-unknown-elf/lib/libc.a(lib_a-locale.o)
                0x00000000c0003c8c                _setlocale_r
                0x00000000c0003d00                __locale_mb_cur_max
                0x00000000c0003d1c                __locale_ctype_ptr_l
                0x00000000c0003d24                __locale_ctype_ptr
                0x00000000c0003d40                setlocale
 .text          0x00000000c0003d50      0x18c /raid/tools/cross-compilers/riscv-rv32im/lib/gcc/riscv32-unknown-elf/7.2.0/../../../../riscv32-unknown-elf/lib/libc.a(lib_a-makebuf.o)
                0x00000000c0003d50                __swhatbuf_r
                0x00000000c0003dec                __smakebuf_r
 .text          0x00000000c0003edc      0x644 /raid/tools/cross-compilers/riscv-rv32im/lib/gcc/riscv32-unknown-elf/7.2.0/../../../../riscv32-unknown-elf/lib/libc.a(lib_a-mallocr.o)
                0x00000000c0003edc                _malloc_r
 .text          0x00000000c0004520       0x78 /raid/tools/cross-compilers/riscv-rv32im/lib/gcc/riscv32-unknown-elf/7.2.0/../../../../riscv32-unknown-elf/lib/libc.a(lib_a-mbtowc_r.o)
                0x00000000c0004520                _mbtowc_r
                0x00000000c000453c                __ascii_mbtowc
 .text          0x00000000c0004598       0x24 /raid/tools/cross-compilers/riscv-rv32im/lib/gcc/riscv32-unknown-elf/7.2.0/../../../../riscv32-unknown-elf/lib/libc.a(lib_a-memchr.o)
                0x00000000c0004598                memchr
 .text          0x00000000c00045bc       0xe8 /raid/tools/cross-compilers/riscv-rv32im/lib/gcc/riscv32-unknown-elf/7.2.0/../../../../riscv32-unknown-elf/lib/libc.a(lib_a-memcpy.o)
                0x00000000c00045bc                memcpy
 .text          0x00000000c00046a4       0x54 /raid/tools/cross-compilers/riscv-rv32im/lib/gcc/riscv32-unknown-elf/7.2.0/../../../../riscv32-unknown-elf/lib/libc.a(lib_a-memmove.o)
                0x00000000c00046a4                memmove
 .text          0x00000000c00046f8        0x8 /raid/tools/cross-compilers/riscv-rv32im/lib/gcc/riscv32-unknown-elf/7.2.0/../../../../riscv32-unknown-elf/lib/libc.a(lib_a-mlock.o)
                0x00000000c00046f8                __malloc_lock
                0x00000000c00046fc                __malloc_unlock
 .text          0x00000000c0004700      0x558 /raid/tools/cross-compilers/riscv-rv32im/lib/gcc/riscv32-unknown-elf/7.2.0/../../../../riscv32-unknown-elf/lib/libc.a(lib_a-reallocr.o)
                0x00000000c0004700                _realloc_r
 .text          0x00000000c0004c58       0x48 /raid/tools/cross-compilers/riscv-rv32im/lib/gcc/riscv32-unknown-elf/7.2.0/../../../../riscv32-unknown-elf/lib/libc.a(lib_a-sbrkr.o)
                0x00000000c0004c58                _sbrk_r
 .text          0x00000000c0004ca0      0x24c /raid/tools/cross-compilers/riscv-rv32im/lib/gcc/riscv32-unknown-elf/7.2.0/../../../../riscv32-unknown-elf/lib/libc.a(lib_a-signal.o)
                0x00000000c0004ca0                _init_signal_r
                0x00000000c0004d00                _signal_r
                0x00000000c0004d78                _raise_r
                0x00000000c0004e28                __sigtramp_r
                0x00000000c0004ebc                raise
                0x00000000c0004ec8                signal
                0x00000000c0004ed8                _init_signal
                0x00000000c0004ee0                __sigtramp
 .text          0x00000000c0004eec       0x50 /raid/tools/cross-compilers/riscv-rv32im/lib/gcc/riscv32-unknown-elf/7.2.0/../../../../riscv32-unknown-elf/lib/libc.a(lib_a-signalr.o)
                0x00000000c0004eec                _kill_r
                0x00000000c0004f38                _getpid_r
 .text          0x00000000c0004f3c      0x13c /raid/tools/cross-compilers/riscv-rv32im/lib/gcc/riscv32-unknown-elf/7.2.0/../../../../riscv32-unknown-elf/lib/libc.a(lib_a-stdio.o)
                0x00000000c0004f3c                __sread
                0x00000000c0004f8c                __seofread
                0x00000000c0004f94                __swrite
                0x00000000c0005018                __sseek
                0x00000000c0005070                __sclose
 .text          0x00000000c0005078      0x17c /raid/tools/cross-compilers/riscv-rv32im/lib/gcc/riscv32-unknown-elf/7.2.0/../../../../riscv32-unknown-elf/lib/libc.a(lib_a-strcmp.o)
                0x00000000c0005078                strcmp
 .text          0x00000000c00051f4       0x1c /raid/tools/cross-compilers/riscv-rv32im/lib/gcc/riscv32-unknown-elf/7.2.0/../../../../riscv32-unknown-elf/lib/libc.a(lib_a-strlen.o)
                0x00000000c00051f4                strlen
 .text          0x00000000c0005210       0x48 /raid/tools/cross-compilers/riscv-rv32im/lib/gcc/riscv32-unknown-elf/7.2.0/../../../../riscv32-unknown-elf/lib/libc.a(lib_a-strncpy.o)
                0x00000000c0005210                strncpy
 .text          0x00000000c0005258      0x140 /raid/tools/cross-compilers/riscv-rv32im/lib/gcc/riscv32-unknown-elf/7.2.0/../../../../riscv32-unknown-elf/lib/libc.a(lib_a-wbuf.o)
                0x00000000c0005258                __swbuf_r
                0x00000000c0005388                __swbuf
 .text          0x00000000c0005398       0x9c /raid/tools/cross-compilers/riscv-rv32im/lib/gcc/riscv32-unknown-elf/7.2.0/../../../../riscv32-unknown-elf/lib/libc.a(lib_a-wcrtomb.o)
                0x00000000c0005398                _wcrtomb_r
                0x00000000c0005420                wcrtomb
 .text          0x00000000c0005434       0x4c /raid/tools/cross-compilers/riscv-rv32im/lib/gcc/riscv32-unknown-elf/7.2.0/../../../../riscv32-unknown-elf/lib/libc.a(lib_a-wctomb_r.o)
                0x00000000c0005434                _wctomb_r
                0x00000000c0005450                __ascii_wctomb
 .text          0x00000000c0005480       0x50 /raid/tools/cross-compilers/riscv-rv32im/lib/gcc/riscv32-unknown-elf/7.2.0/../../../../riscv32-unknown-elf/lib/libc.a(lib_a-writer.o)
                0x00000000c0005480                _write_r
 .text          0x00000000c00054d0       0x48 /raid/tools/cross-compilers/riscv-rv32im/lib/gcc/riscv32-unknown-elf/7.2.0/../../../../riscv32-unknown-elf/lib/libc.a(lib_a-closer.o)
                0x00000000c00054d0                _close_r
 .text          0x00000000c0005518        0x0 /raid/tools/cross-compilers/riscv-rv32im/lib/gcc/riscv32-unknown-elf/7.2.0/../../../../riscv32-unknown-elf/lib/libc.a(lib_a-ctype_.o)
 .text          0x00000000c0005518       0xe8 /raid/tools/cross-compilers/riscv-rv32im/lib/gcc/riscv32-unknown-elf/7.2.0/../../../../riscv32-unknown-elf/lib/libc.a(lib_a-fclose.o)
                0x00000000c0005518                _fclose_r
                0x00000000c00055f4                fclose
 .text          0x00000000c0005600       0x4c /raid/tools/cross-compilers/riscv-rv32im/lib/gcc/riscv32-unknown-elf/7.2.0/../../../../riscv32-unknown-elf/lib/libc.a(lib_a-fstatr.o)
                0x00000000c0005600                _fstat_r
 .text          0x00000000c000564c       0x48 /raid/tools/cross-compilers/riscv-rv32im/lib/gcc/riscv32-unknown-elf/7.2.0/../../../../riscv32-unknown-elf/lib/libc.a(lib_a-isattyr.o)
                0x00000000c000564c                _isatty_r
 .text          0x00000000c0005694       0x50 /raid/tools/cross-compilers/riscv-rv32im/lib/gcc/riscv32-unknown-elf/7.2.0/../../../../riscv32-unknown-elf/lib/libc.a(lib_a-lseekr.o)
                0x00000000c0005694                _lseek_r
 .text          0x00000000c00056e4       0x50 /raid/tools/cross-compilers/riscv-rv32im/lib/gcc/riscv32-unknown-elf/7.2.0/../../../../riscv32-unknown-elf/lib/libc.a(lib_a-readr.o)
                0x00000000c00056e4                _read_r
 .text          0x00000000c0005734      0x14c /raid/tools/cross-compilers/riscv-rv32im/lib/gcc/riscv32-unknown-elf/7.2.0/../../../../riscv32-unknown-elf/lib/libc.a(lib_a-reent.o)
                0x00000000c0005734                cleanup_glue
                0x00000000c0005774                _reclaim_reent
 .text          0x00000000c0005880        0x4 /raid/tools/cross-compilers/riscv-rv32im/lib/gcc/riscv32-unknown-elf/7.2.0/../../../../riscv32-unknown-elf/lib/libnosys.a(_exit.o)
                0x00000000c0005880                _exit
 .text          0x00000000c0005884      0x434 /raid/tools/cross-compilers/riscv-rv32im/lib/gcc/riscv32-unknown-elf/7.2.0/libgcc.a(_udivdi3.o)
                0x00000000c0005884                __udivdi3
 .text          0x00000000c0005cb8      0x410 /raid/tools/cross-compilers/riscv-rv32im/lib/gcc/riscv32-unknown-elf/7.2.0/libgcc.a(_umoddi3.o)
                0x00000000c0005cb8                __umoddi3
 .text          0x00000000c00060c8        0x0 /raid/tools/cross-compilers/riscv-rv32im/lib/gcc/riscv32-unknown-elf/7.2.0/crtend.o
 *(.gnu.warning)

.fini
 *(SORT(.fini))
                [!provide]                        PROVIDE (__etext, .)
                [!provide]                        PROVIDE (_etext, .)
                [!provide]                        PROVIDE (etext, .)

.rodata         0x00000000c00060c8      0x551
 *(.rodata .rodata.* .gnu.linkonce.r.*)
 .rodata        0x00000000c00060c8      0x14c /tmp/ccQdtmmm.o
 .rodata        0x00000000c0006214      0x100 /raid/tools/cross-compilers/riscv-rv32im/lib/gcc/riscv32-unknown-elf/7.2.0/libgcc.a(_clz.o)
                0x00000000c0006214                __clz_tab
 .rodata.str1.4
                0x00000000c0006314       0x3f /raid/tools/cross-compilers/riscv-rv32im/lib/gcc/riscv32-unknown-elf/7.2.0/../../../../riscv32-unknown-elf/lib/libc.a(lib_a-assert.o)
                                         0x43 (size before relaxing)
 *fill*         0x00000000c0006353        0x1 
 .rodata        0x00000000c0006354      0x18c /raid/tools/cross-compilers/riscv-rv32im/lib/gcc/riscv32-unknown-elf/7.2.0/../../../../riscv32-unknown-elf/lib/libc.a(lib_a-vfiprintf.o)
 .rodata.str1.4
                0x00000000c00064e0       0x25 /raid/tools/cross-compilers/riscv-rv32im/lib/gcc/riscv32-unknown-elf/7.2.0/../../../../riscv32-unknown-elf/lib/libc.a(lib_a-vfiprintf.o)
 *fill*         0x00000000c0006505        0x3 
 .rodata.str1.4
                0x00000000c0006508       0x10 /raid/tools/cross-compilers/riscv-rv32im/lib/gcc/riscv32-unknown-elf/7.2.0/../../../../riscv32-unknown-elf/lib/libc.a(lib_a-locale.o)
                                         0x12 (size before relaxing)
 .rodata        0x00000000c0006518      0x101 /raid/tools/cross-compilers/riscv-rv32im/lib/gcc/riscv32-unknown-elf/7.2.0/../../../../riscv32-unknown-elf/lib/libc.a(lib_a-ctype_.o)
                0x00000000c0006518                _ctype_

.rodata1
 *(.rodata1)

.sdata2
 *(.sdata2 .sdata2.* .gnu.linkonce.s2.*)

.sbss2
 *(.sbss2 .sbss2.* .gnu.linkonce.sb2.*)

.eh_frame_hdr
 *(.eh_frame_hdr)
 *(.eh_frame_entry .eh_frame_entry.*)

.eh_frame
 *(.eh_frame)
 *(.eh_frame.*)

.gcc_except_table
 *(.gcc_except_table .gcc_except_table.*)

.gnu_extab
 *(.gnu_extab*)

.exception_ranges
 *(.exception_ranges .exception_ranges*)
                0x00000000c0007000                . = DATA_SEGMENT_ALIGN (CONSTANT (MAXPAGESIZE), CONSTANT (COMMONPAGESIZE))

.eh_frame       0x00000000c0007000       0x68
 *(.eh_frame)
 .eh_frame      0x00000000c0007000        0x0 /raid/tools/cross-compilers/riscv-rv32im/lib/gcc/riscv32-unknown-elf/7.2.0/crtbegin.o
 .eh_frame      0x00000000c0007000       0x28 /raid/tools/cross-compilers/riscv-rv32im/lib/gcc/riscv32-unknown-elf/7.2.0/libgcc.a(_divdi3.o)
 .eh_frame      0x00000000c0007028       0x14 /raid/tools/cross-compilers/riscv-rv32im/lib/gcc/riscv32-unknown-elf/7.2.0/libgcc.a(_moddi3.o)
                                         0x28 (size before relaxing)
 .eh_frame      0x00000000c000703c       0x14 /raid/tools/cross-compilers/riscv-rv32im/lib/gcc/riscv32-unknown-elf/7.2.0/libgcc.a(_udivdi3.o)
                                         0x28 (size before relaxing)
 .eh_frame      0x00000000c0007050       0x14 /raid/tools/cross-compilers/riscv-rv32im/lib/gcc/riscv32-unknown-elf/7.2.0/libgcc.a(_umoddi3.o)
                                         0x28 (size before relaxing)
 .eh_frame      0x00000000c0007064        0x4 /raid/tools/cross-compilers/riscv-rv32im/lib/gcc/riscv32-unknown-elf/7.2.0/crtend.o
 *(.eh_frame.*)

.gnu_extab
 *(.gnu_extab)

.gcc_except_table
 *(.gcc_except_table .gcc_except_table.*)

.exception_ranges
 *(.exception_ranges .exception_ranges*)

.tdata
 *(.tdata .tdata.* .gnu.linkonce.td.*)

.tbss
 *(.tbss .tbss.* .gnu.linkonce.tb.*)
 *(.tcommon)

.preinit_array  0x00000000c0007068        0x0
                0x00000000c0007068                PROVIDE (__preinit_array_start, .)
 *(.preinit_array)
                0x00000000c0007068                PROVIDE (__preinit_array_end, .)

.init_array     0x00000000c0007068        0x8
                0x00000000c0007068                PROVIDE (__init_array_start, .)
 *(SORT(.init_array.*) SORT(.ctors.*))
 *(.init_array EXCLUDE_FILE(*crtend?.o *crtend.o *crtbegin?.o *crtbegin.o) .ctors)
 .init_array    0x00000000c0007068        0x4 /raid/tools/cross-compilers/riscv-rv32im/lib/gcc/riscv32-unknown-elf/7.2.0/crtbegin.o
 .init_array    0x00000000c000706c        0x4 ./lib/ns16550.o
                0x00000000c0007070                PROVIDE (__init_array_end, .)

.fini_array     0x00000000c0007070        0x4
                0x00000000c0007070                PROVIDE (__fini_array_start, .)
 *(SORT(.fini_array.*) SORT(.dtors.*))
 *(.fini_array EXCLUDE_FILE(*crtend?.o *crtend.o *crtbegin?.o *crtbegin.o) .dtors)
 .fini_array    0x00000000c0007070        0x4 /raid/tools/cross-compilers/riscv-rv32im/lib/gcc/riscv32-unknown-elf/7.2.0/crtbegin.o
                0x00000000c0007074                PROVIDE (__fini_array_end, .)

.ctors
 *crtbegin.o(.ctors)
 *crtbegin?.o(.ctors)
 *(EXCLUDE_FILE(*crtend?.o *crtend.o) .ctors)
 *(SORT(.ctors.*))
 *(.ctors)

.dtors
 *crtbegin.o(.dtors)
 *crtbegin?.o(.dtors)
 *(EXCLUDE_FILE(*crtend?.o *crtend.o) .dtors)
 *(SORT(.dtors.*))
 *(.dtors)

.jcr
 *(.jcr)

.data.rel.ro
 *(.data.rel.ro.local* .gnu.linkonce.d.rel.ro.local.*)
 *(.data.rel.ro .data.rel.ro.* .gnu.linkonce.d.rel.ro.*)

.dynamic
 *(.dynamic)
                0x00000000c0007074                . = DATA_SEGMENT_RELRO_END (., 0x0)

.data           0x00000000c0007078      0x99c
 *(.data .data.* .gnu.linkonce.d.*)
 .data          0x00000000c0007078        0x0 /raid/tools/cross-compilers/riscv-rv32im/lib/gcc/riscv32-unknown-elf/7.2.0/../../../../riscv32-unknown-elf/lib/crt0.o
 .data          0x00000000c0007078        0x0 /raid/tools/cross-compilers/riscv-rv32im/lib/gcc/riscv32-unknown-elf/7.2.0/crtbegin.o
 .data          0x00000000c0007078        0x0 ./lib/startup.o
 .data          0x00000000c0007078        0x0 ./lib/syscalls.o
 .data          0x00000000c0007078        0x0 ./lib/riscv_counters.o
 .data          0x00000000c0007078        0x0 ./lib/ns16550.o
 .data          0x00000000c0007078        0x0 /tmp/ccQdtmmm.o
 .data          0x00000000c0007078        0x0 /raid/tools/cross-compilers/riscv-rv32im/lib/gcc/riscv32-unknown-elf/7.2.0/libgcc.a(_divdi3.o)
 .data          0x00000000c0007078        0x0 /raid/tools/cross-compilers/riscv-rv32im/lib/gcc/riscv32-unknown-elf/7.2.0/libgcc.a(_moddi3.o)
 .data          0x00000000c0007078        0x0 /raid/tools/cross-compilers/riscv-rv32im/lib/gcc/riscv32-unknown-elf/7.2.0/libgcc.a(_clz.o)
 .data          0x00000000c0007078        0x0 /raid/tools/cross-compilers/riscv-rv32im/lib/gcc/riscv32-unknown-elf/7.2.0/../../../../riscv32-unknown-elf/lib/libc.a(lib_a-assert.o)
 .data          0x00000000c0007078        0x0 /raid/tools/cross-compilers/riscv-rv32im/lib/gcc/riscv32-unknown-elf/7.2.0/../../../../riscv32-unknown-elf/lib/libc.a(lib_a-atexit.o)
 .data          0x00000000c0007078        0x0 /raid/tools/cross-compilers/riscv-rv32im/lib/gcc/riscv32-unknown-elf/7.2.0/../../../../riscv32-unknown-elf/lib/libc.a(lib_a-errno.o)
 .data          0x00000000c0007078        0x0 /raid/tools/cross-compilers/riscv-rv32im/lib/gcc/riscv32-unknown-elf/7.2.0/../../../../riscv32-unknown-elf/lib/libc.a(lib_a-exit.o)
 .data          0x00000000c0007078        0x0 /raid/tools/cross-compilers/riscv-rv32im/lib/gcc/riscv32-unknown-elf/7.2.0/../../../../riscv32-unknown-elf/lib/libc.a(lib_a-fini.o)
 .data          0x00000000c0007078        0x0 /raid/tools/cross-compilers/riscv-rv32im/lib/gcc/riscv32-unknown-elf/7.2.0/../../../../riscv32-unknown-elf/lib/libc.a(lib_a-fiprintf.o)
 .data          0x00000000c0007078      0x428 /raid/tools/cross-compilers/riscv-rv32im/lib/gcc/riscv32-unknown-elf/7.2.0/../../../../riscv32-unknown-elf/lib/libc.a(lib_a-impure.o)
 .data          0x00000000c00074a0        0x0 /raid/tools/cross-compilers/riscv-rv32im/lib/gcc/riscv32-unknown-elf/7.2.0/../../../../riscv32-unknown-elf/lib/libc.a(lib_a-init.o)
 .data          0x00000000c00074a0        0x0 /raid/tools/cross-compilers/riscv-rv32im/lib/gcc/riscv32-unknown-elf/7.2.0/../../../../riscv32-unknown-elf/lib/libc.a(lib_a-memset.o)
 .data          0x00000000c00074a0        0x0 /raid/tools/cross-compilers/riscv-rv32im/lib/gcc/riscv32-unknown-elf/7.2.0/../../../../riscv32-unknown-elf/lib/libc.a(lib_a-vfiprintf.o)
 .data          0x00000000c00074a0        0x0 /raid/tools/cross-compilers/riscv-rv32im/lib/gcc/riscv32-unknown-elf/7.2.0/../../../../riscv32-unknown-elf/lib/libc.a(lib_a-wsetup.o)
 .data          0x00000000c00074a0        0x0 /raid/tools/cross-compilers/riscv-rv32im/lib/gcc/riscv32-unknown-elf/7.2.0/../../../../riscv32-unknown-elf/lib/libc.a(lib_a-abort.o)
 .data          0x00000000c00074a0        0x0 /raid/tools/cross-compilers/riscv-rv32im/lib/gcc/riscv32-unknown-elf/7.2.0/../../../../riscv32-unknown-elf/lib/libc.a(lib_a-__atexit.o)
 .data          0x00000000c00074a0        0x0 /raid/tools/cross-compilers/riscv-rv32im/lib/gcc/riscv32-unknown-elf/7.2.0/../../../../riscv32-unknown-elf/lib/libc.a(lib_a-__call_atexit.o)
 .data          0x00000000c00074a0        0x0 /raid/tools/cross-compilers/riscv-rv32im/lib/gcc/riscv32-unknown-elf/7.2.0/../../../../riscv32-unknown-elf/lib/libc.a(lib_a-fflush.o)
 .data          0x00000000c00074a0        0x0 /raid/tools/cross-compilers/riscv-rv32im/lib/gcc/riscv32-unknown-elf/7.2.0/../../../../riscv32-unknown-elf/lib/libc.a(lib_a-findfp.o)
 .data          0x00000000c00074a0        0x0 /raid/tools/cross-compilers/riscv-rv32im/lib/gcc/riscv32-unknown-elf/7.2.0/../../../../riscv32-unknown-elf/lib/libc.a(lib_a-fputwc.o)
 .data          0x00000000c00074a0        0x0 /raid/tools/cross-compilers/riscv-rv32im/lib/gcc/riscv32-unknown-elf/7.2.0/../../../../riscv32-unknown-elf/lib/libc.a(lib_a-freer.o)
 .data          0x00000000c00074a0        0x0 /raid/tools/cross-compilers/riscv-rv32im/lib/gcc/riscv32-unknown-elf/7.2.0/../../../../riscv32-unknown-elf/lib/libc.a(lib_a-fvwrite.o)
 .data          0x00000000c00074a0        0x0 /raid/tools/cross-compilers/riscv-rv32im/lib/gcc/riscv32-unknown-elf/7.2.0/../../../../riscv32-unknown-elf/lib/libc.a(lib_a-fwalk.o)
 .data          0x00000000c00074a0        0x0 /raid/tools/cross-compilers/riscv-rv32im/lib/gcc/riscv32-unknown-elf/7.2.0/../../../../riscv32-unknown-elf/lib/libc.a(lib_a-localeconv.o)
 .data          0x00000000c00074a0      0x16c /raid/tools/cross-compilers/riscv-rv32im/lib/gcc/riscv32-unknown-elf/7.2.0/../../../../riscv32-unknown-elf/lib/libc.a(lib_a-locale.o)
                0x00000000c00074a0                __global_locale
 .data          0x00000000c000760c        0x0 /raid/tools/cross-compilers/riscv-rv32im/lib/gcc/riscv32-unknown-elf/7.2.0/../../../../riscv32-unknown-elf/lib/libc.a(lib_a-makebuf.o)
 .data          0x00000000c000760c      0x408 /raid/tools/cross-compilers/riscv-rv32im/lib/gcc/riscv32-unknown-elf/7.2.0/../../../../riscv32-unknown-elf/lib/libc.a(lib_a-mallocr.o)
                0x00000000c000760c                __malloc_av_
 .data          0x00000000c0007a14        0x0 /raid/tools/cross-compilers/riscv-rv32im/lib/gcc/riscv32-unknown-elf/7.2.0/../../../../riscv32-unknown-elf/lib/libc.a(lib_a-mbtowc_r.o)
 .data          0x00000000c0007a14        0x0 /raid/tools/cross-compilers/riscv-rv32im/lib/gcc/riscv32-unknown-elf/7.2.0/../../../../riscv32-unknown-elf/lib/libc.a(lib_a-memchr.o)
 .data          0x00000000c0007a14        0x0 /raid/tools/cross-compilers/riscv-rv32im/lib/gcc/riscv32-unknown-elf/7.2.0/../../../../riscv32-unknown-elf/lib/libc.a(lib_a-memcpy.o)
 .data          0x00000000c0007a14        0x0 /raid/tools/cross-compilers/riscv-rv32im/lib/gcc/riscv32-unknown-elf/7.2.0/../../../../riscv32-unknown-elf/lib/libc.a(lib_a-memmove.o)
 .data          0x00000000c0007a14        0x0 /raid/tools/cross-compilers/riscv-rv32im/lib/gcc/riscv32-unknown-elf/7.2.0/../../../../riscv32-unknown-elf/lib/libc.a(lib_a-mlock.o)
 .data          0x00000000c0007a14        0x0 /raid/tools/cross-compilers/riscv-rv32im/lib/gcc/riscv32-unknown-elf/7.2.0/../../../../riscv32-unknown-elf/lib/libc.a(lib_a-reallocr.o)
 .data          0x00000000c0007a14        0x0 /raid/tools/cross-compilers/riscv-rv32im/lib/gcc/riscv32-unknown-elf/7.2.0/../../../../riscv32-unknown-elf/lib/libc.a(lib_a-sbrkr.o)
 .data          0x00000000c0007a14        0x0 /raid/tools/cross-compilers/riscv-rv32im/lib/gcc/riscv32-unknown-elf/7.2.0/../../../../riscv32-unknown-elf/lib/libc.a(lib_a-signal.o)
 .data          0x00000000c0007a14        0x0 /raid/tools/cross-compilers/riscv-rv32im/lib/gcc/riscv32-unknown-elf/7.2.0/../../../../riscv32-unknown-elf/lib/libc.a(lib_a-signalr.o)
 .data          0x00000000c0007a14        0x0 /raid/tools/cross-compilers/riscv-rv32im/lib/gcc/riscv32-unknown-elf/7.2.0/../../../../riscv32-unknown-elf/lib/libc.a(lib_a-stdio.o)
 .data          0x00000000c0007a14        0x0 /raid/tools/cross-compilers/riscv-rv32im/lib/gcc/riscv32-unknown-elf/7.2.0/../../../../riscv32-unknown-elf/lib/libc.a(lib_a-strcmp.o)
 .data          0x00000000c0007a14        0x0 /raid/tools/cross-compilers/riscv-rv32im/lib/gcc/riscv32-unknown-elf/7.2.0/../../../../riscv32-unknown-elf/lib/libc.a(lib_a-strlen.o)
 .data          0x00000000c0007a14        0x0 /raid/tools/cross-compilers/riscv-rv32im/lib/gcc/riscv32-unknown-elf/7.2.0/../../../../riscv32-unknown-elf/lib/libc.a(lib_a-strncpy.o)
 .data          0x00000000c0007a14        0x0 /raid/tools/cross-compilers/riscv-rv32im/lib/gcc/riscv32-unknown-elf/7.2.0/../../../../riscv32-unknown-elf/lib/libc.a(lib_a-wbuf.o)
 .data          0x00000000c0007a14        0x0 /raid/tools/cross-compilers/riscv-rv32im/lib/gcc/riscv32-unknown-elf/7.2.0/../../../../riscv32-unknown-elf/lib/libc.a(lib_a-wcrtomb.o)
 .data          0x00000000c0007a14        0x0 /raid/tools/cross-compilers/riscv-rv32im/lib/gcc/riscv32-unknown-elf/7.2.0/../../../../riscv32-unknown-elf/lib/libc.a(lib_a-wctomb_r.o)
 .data          0x00000000c0007a14        0x0 /raid/tools/cross-compilers/riscv-rv32im/lib/gcc/riscv32-unknown-elf/7.2.0/../../../../riscv32-unknown-elf/lib/libc.a(lib_a-writer.o)
 .data          0x00000000c0007a14        0x0 /raid/tools/cross-compilers/riscv-rv32im/lib/gcc/riscv32-unknown-elf/7.2.0/../../../../riscv32-unknown-elf/lib/libc.a(lib_a-closer.o)
 .data          0x00000000c0007a14        0x0 /raid/tools/cross-compilers/riscv-rv32im/lib/gcc/riscv32-unknown-elf/7.2.0/../../../../riscv32-unknown-elf/lib/libc.a(lib_a-ctype_.o)
 .data          0x00000000c0007a14        0x0 /raid/tools/cross-compilers/riscv-rv32im/lib/gcc/riscv32-unknown-elf/7.2.0/../../../../riscv32-unknown-elf/lib/libc.a(lib_a-fclose.o)
 .data          0x00000000c0007a14        0x0 /raid/tools/cross-compilers/riscv-rv32im/lib/gcc/riscv32-unknown-elf/7.2.0/../../../../riscv32-unknown-elf/lib/libc.a(lib_a-fstatr.o)
 .data          0x00000000c0007a14        0x0 /raid/tools/cross-compilers/riscv-rv32im/lib/gcc/riscv32-unknown-elf/7.2.0/../../../../riscv32-unknown-elf/lib/libc.a(lib_a-isattyr.o)
 .data          0x00000000c0007a14        0x0 /raid/tools/cross-compilers/riscv-rv32im/lib/gcc/riscv32-unknown-elf/7.2.0/../../../../riscv32-unknown-elf/lib/libc.a(lib_a-lseekr.o)
 .data          0x00000000c0007a14        0x0 /raid/tools/cross-compilers/riscv-rv32im/lib/gcc/riscv32-unknown-elf/7.2.0/../../../../riscv32-unknown-elf/lib/libc.a(lib_a-readr.o)
 .data          0x00000000c0007a14        0x0 /raid/tools/cross-compilers/riscv-rv32im/lib/gcc/riscv32-unknown-elf/7.2.0/../../../../riscv32-unknown-elf/lib/libc.a(lib_a-reent.o)
 .data          0x00000000c0007a14        0x0 /raid/tools/cross-compilers/riscv-rv32im/lib/gcc/riscv32-unknown-elf/7.2.0/../../../../riscv32-unknown-elf/lib/libnosys.a(_exit.o)
 .data          0x00000000c0007a14        0x0 /raid/tools/cross-compilers/riscv-rv32im/lib/gcc/riscv32-unknown-elf/7.2.0/libgcc.a(_udivdi3.o)
 .data          0x00000000c0007a14        0x0 /raid/tools/cross-compilers/riscv-rv32im/lib/gcc/riscv32-unknown-elf/7.2.0/libgcc.a(_umoddi3.o)
 .data          0x00000000c0007a14        0x0 /raid/tools/cross-compilers/riscv-rv32im/lib/gcc/riscv32-unknown-elf/7.2.0/crtend.o

.tm_clone_table
                0x00000000c0007a14        0x0
 .tm_clone_table
                0x00000000c0007a14        0x0 /raid/tools/cross-compilers/riscv-rv32im/lib/gcc/riscv32-unknown-elf/7.2.0/crtbegin.o
 .tm_clone_table
                0x00000000c0007a14        0x0 /raid/tools/cross-compilers/riscv-rv32im/lib/gcc/riscv32-unknown-elf/7.2.0/crtend.o

.data1
 *(.data1)

.got
 *(.got.plt)
 *(.igot.plt)
 *(.got)
 *(.igot)

.sdata          0x00000000c0007a14       0x20
                0x00000000c0008214                __global_pointer$ = (. + 0x800)
 *(.srodata.cst16)
 *(.srodata.cst8)
 *(.srodata.cst4)
 *(.srodata.cst2)
 *(.srodata .srodata.*)
 *(.sdata .sdata.* .gnu.linkonce.s.*)
 .sdata         0x00000000c0007a14        0x4 /raid/tools/cross-compilers/riscv-rv32im/lib/gcc/riscv32-unknown-elf/7.2.0/crtbegin.o
                0x00000000c0007a14                __dso_handle
 .sdata         0x00000000c0007a18        0x4 ./lib/ns16550.o
 .sdata         0x00000000c0007a1c        0x5 /tmp/ccQdtmmm.o
 *fill*         0x00000000c0007a21        0x3 
 .sdata         0x00000000c0007a24        0x8 /raid/tools/cross-compilers/riscv-rv32im/lib/gcc/riscv32-unknown-elf/7.2.0/../../../../riscv32-unknown-elf/lib/libc.a(lib_a-impure.o)
                0x00000000c0007a24                _global_impure_ptr
                0x00000000c0007a28                _impure_ptr
 .sdata         0x00000000c0007a2c        0x8 /raid/tools/cross-compilers/riscv-rv32im/lib/gcc/riscv32-unknown-elf/7.2.0/../../../../riscv32-unknown-elf/lib/libc.a(lib_a-mallocr.o)
                0x00000000c0007a2c                __malloc_sbrk_base
                0x00000000c0007a30                __malloc_trim_threshold
                0x00000000c0007a34                _edata = .
                [!provide]                        PROVIDE (edata, .)
                0x00000000c0007a34                . = .
                0x00000000c0007a34                __bss_start = .

.sbss           0x00000000c0007a34       0x10
 *(.dynsbss)
 *(.sbss .sbss.* .gnu.linkonce.sb.*)
 .sbss          0x00000000c0007a34        0x4 /raid/tools/cross-compilers/riscv-rv32im/lib/gcc/riscv32-unknown-elf/7.2.0/../../../../riscv32-unknown-elf/lib/libc.a(lib_a-locale.o)
                0x00000000c0007a34                _PathLocale
 .sbss          0x00000000c0007a38        0xc /raid/tools/cross-compilers/riscv-rv32im/lib/gcc/riscv32-unknown-elf/7.2.0/../../../../riscv32-unknown-elf/lib/libc.a(lib_a-mallocr.o)
                0x00000000c0007a38                __malloc_max_total_mem
                0x00000000c0007a3c                __malloc_max_sbrked_mem
                0x00000000c0007a40                __malloc_top_pad
 *(.scommon)

.bss            0x00000000c0007a44       0x48
 *(.dynbss)
 *(.bss .bss.* .gnu.linkonce.b.*)
 .bss           0x00000000c0007a44        0x0 /raid/tools/cross-compilers/riscv-rv32im/lib/gcc/riscv32-unknown-elf/7.2.0/../../../../riscv32-unknown-elf/lib/crt0.o
 .bss           0x00000000c0007a44       0x1c /raid/tools/cross-compilers/riscv-rv32im/lib/gcc/riscv32-unknown-elf/7.2.0/crtbegin.o
 .bss           0x00000000c0007a60        0x0 ./lib/startup.o
 .bss           0x00000000c0007a60        0x0 ./lib/syscalls.o
 .bss           0x00000000c0007a60        0x0 ./lib/riscv_counters.o
 .bss           0x00000000c0007a60        0x0 ./lib/ns16550.o
 .bss           0x00000000c0007a60        0x0 /tmp/ccQdtmmm.o
 .bss           0x00000000c0007a60        0x0 /raid/tools/cross-compilers/riscv-rv32im/lib/gcc/riscv32-unknown-elf/7.2.0/libgcc.a(_divdi3.o)
 .bss           0x00000000c0007a60        0x0 /raid/tools/cross-compilers/riscv-rv32im/lib/gcc/riscv32-unknown-elf/7.2.0/libgcc.a(_moddi3.o)
 .bss           0x00000000c0007a60        0x0 /raid/tools/cross-compilers/riscv-rv32im/lib/gcc/riscv32-unknown-elf/7.2.0/libgcc.a(_clz.o)
 .bss           0x00000000c0007a60        0x0 /raid/tools/cross-compilers/riscv-rv32im/lib/gcc/riscv32-unknown-elf/7.2.0/../../../../riscv32-unknown-elf/lib/libc.a(lib_a-assert.o)
 .bss           0x00000000c0007a60        0x0 /raid/tools/cross-compilers/riscv-rv32im/lib/gcc/riscv32-unknown-elf/7.2.0/../../../../riscv32-unknown-elf/lib/libc.a(lib_a-atexit.o)
 .bss           0x00000000c0007a60        0x0 /raid/tools/cross-compilers/riscv-rv32im/lib/gcc/riscv32-unknown-elf/7.2.0/../../../../riscv32-unknown-elf/lib/libc.a(lib_a-errno.o)
 .bss           0x00000000c0007a60        0x0 /raid/tools/cross-compilers/riscv-rv32im/lib/gcc/riscv32-unknown-elf/7.2.0/../../../../riscv32-unknown-elf/lib/libc.a(lib_a-exit.o)
 .bss           0x00000000c0007a60        0x0 /raid/tools/cross-compilers/riscv-rv32im/lib/gcc/riscv32-unknown-elf/7.2.0/../../../../riscv32-unknown-elf/lib/libc.a(lib_a-fini.o)
 .bss           0x00000000c0007a60        0x0 /raid/tools/cross-compilers/riscv-rv32im/lib/gcc/riscv32-unknown-elf/7.2.0/../../../../riscv32-unknown-elf/lib/libc.a(lib_a-fiprintf.o)
 .bss           0x00000000c0007a60        0x0 /raid/tools/cross-compilers/riscv-rv32im/lib/gcc/riscv32-unknown-elf/7.2.0/../../../../riscv32-unknown-elf/lib/libc.a(lib_a-impure.o)
 .bss           0x00000000c0007a60        0x0 /raid/tools/cross-compilers/riscv-rv32im/lib/gcc/riscv32-unknown-elf/7.2.0/../../../../riscv32-unknown-elf/lib/libc.a(lib_a-init.o)
 .bss           0x00000000c0007a60        0x0 /raid/tools/cross-compilers/riscv-rv32im/lib/gcc/riscv32-unknown-elf/7.2.0/../../../../riscv32-unknown-elf/lib/libc.a(lib_a-memset.o)
 .bss           0x00000000c0007a60        0x0 /raid/tools/cross-compilers/riscv-rv32im/lib/gcc/riscv32-unknown-elf/7.2.0/../../../../riscv32-unknown-elf/lib/libc.a(lib_a-vfiprintf.o)
 .bss           0x00000000c0007a60        0x0 /raid/tools/cross-compilers/riscv-rv32im/lib/gcc/riscv32-unknown-elf/7.2.0/../../../../riscv32-unknown-elf/lib/libc.a(lib_a-wsetup.o)
 .bss           0x00000000c0007a60        0x0 /raid/tools/cross-compilers/riscv-rv32im/lib/gcc/riscv32-unknown-elf/7.2.0/../../../../riscv32-unknown-elf/lib/libc.a(lib_a-abort.o)
 .bss           0x00000000c0007a60        0x0 /raid/tools/cross-compilers/riscv-rv32im/lib/gcc/riscv32-unknown-elf/7.2.0/../../../../riscv32-unknown-elf/lib/libc.a(lib_a-__atexit.o)
 .bss           0x00000000c0007a60        0x0 /raid/tools/cross-compilers/riscv-rv32im/lib/gcc/riscv32-unknown-elf/7.2.0/../../../../riscv32-unknown-elf/lib/libc.a(lib_a-__call_atexit.o)
 .bss           0x00000000c0007a60        0x0 /raid/tools/cross-compilers/riscv-rv32im/lib/gcc/riscv32-unknown-elf/7.2.0/../../../../riscv32-unknown-elf/lib/libc.a(lib_a-fflush.o)
 .bss           0x00000000c0007a60        0x0 /raid/tools/cross-compilers/riscv-rv32im/lib/gcc/riscv32-unknown-elf/7.2.0/../../../../riscv32-unknown-elf/lib/libc.a(lib_a-findfp.o)
 .bss           0x00000000c0007a60        0x0 /raid/tools/cross-compilers/riscv-rv32im/lib/gcc/riscv32-unknown-elf/7.2.0/../../../../riscv32-unknown-elf/lib/libc.a(lib_a-fputwc.o)
 .bss           0x00000000c0007a60        0x0 /raid/tools/cross-compilers/riscv-rv32im/lib/gcc/riscv32-unknown-elf/7.2.0/../../../../riscv32-unknown-elf/lib/libc.a(lib_a-freer.o)
 .bss           0x00000000c0007a60        0x0 /raid/tools/cross-compilers/riscv-rv32im/lib/gcc/riscv32-unknown-elf/7.2.0/../../../../riscv32-unknown-elf/lib/libc.a(lib_a-fvwrite.o)
 .bss           0x00000000c0007a60        0x0 /raid/tools/cross-compilers/riscv-rv32im/lib/gcc/riscv32-unknown-elf/7.2.0/../../../../riscv32-unknown-elf/lib/libc.a(lib_a-fwalk.o)
 .bss           0x00000000c0007a60        0x0 /raid/tools/cross-compilers/riscv-rv32im/lib/gcc/riscv32-unknown-elf/7.2.0/../../../../riscv32-unknown-elf/lib/libc.a(lib_a-localeconv.o)
 .bss           0x00000000c0007a60        0x0 /raid/tools/cross-compilers/riscv-rv32im/lib/gcc/riscv32-unknown-elf/7.2.0/../../../../riscv32-unknown-elf/lib/libc.a(lib_a-locale.o)
 .bss           0x00000000c0007a60        0x0 /raid/tools/cross-compilers/riscv-rv32im/lib/gcc/riscv32-unknown-elf/7.2.0/../../../../riscv32-unknown-elf/lib/libc.a(lib_a-makebuf.o)
 .bss           0x00000000c0007a60       0x28 /raid/tools/cross-compilers/riscv-rv32im/lib/gcc/riscv32-unknown-elf/7.2.0/../../../../riscv32-unknown-elf/lib/libc.a(lib_a-mallocr.o)
                0x00000000c0007a60                __malloc_current_mallinfo
 .bss           0x00000000c0007a88        0x0 /raid/tools/cross-compilers/riscv-rv32im/lib/gcc/riscv32-unknown-elf/7.2.0/../../../../riscv32-unknown-elf/lib/libc.a(lib_a-mbtowc_r.o)
 .bss           0x00000000c0007a88        0x0 /raid/tools/cross-compilers/riscv-rv32im/lib/gcc/riscv32-unknown-elf/7.2.0/../../../../riscv32-unknown-elf/lib/libc.a(lib_a-memchr.o)
 .bss           0x00000000c0007a88        0x0 /raid/tools/cross-compilers/riscv-rv32im/lib/gcc/riscv32-unknown-elf/7.2.0/../../../../riscv32-unknown-elf/lib/libc.a(lib_a-memcpy.o)
 .bss           0x00000000c0007a88        0x0 /raid/tools/cross-compilers/riscv-rv32im/lib/gcc/riscv32-unknown-elf/7.2.0/../../../../riscv32-unknown-elf/lib/libc.a(lib_a-memmove.o)
 .bss           0x00000000c0007a88        0x0 /raid/tools/cross-compilers/riscv-rv32im/lib/gcc/riscv32-unknown-elf/7.2.0/../../../../riscv32-unknown-elf/lib/libc.a(lib_a-mlock.o)
 .bss           0x00000000c0007a88        0x0 /raid/tools/cross-compilers/riscv-rv32im/lib/gcc/riscv32-unknown-elf/7.2.0/../../../../riscv32-unknown-elf/lib/libc.a(lib_a-reallocr.o)
 .bss           0x00000000c0007a88        0x0 /raid/tools/cross-compilers/riscv-rv32im/lib/gcc/riscv32-unknown-elf/7.2.0/../../../../riscv32-unknown-elf/lib/libc.a(lib_a-sbrkr.o)
 .bss           0x00000000c0007a88        0x0 /raid/tools/cross-compilers/riscv-rv32im/lib/gcc/riscv32-unknown-elf/7.2.0/../../../../riscv32-unknown-elf/lib/libc.a(lib_a-signal.o)
 .bss           0x00000000c0007a88        0x0 /raid/tools/cross-compilers/riscv-rv32im/lib/gcc/riscv32-unknown-elf/7.2.0/../../../../riscv32-unknown-elf/lib/libc.a(lib_a-signalr.o)
 .bss           0x00000000c0007a88        0x0 /raid/tools/cross-compilers/riscv-rv32im/lib/gcc/riscv32-unknown-elf/7.2.0/../../../../riscv32-unknown-elf/lib/libc.a(lib_a-stdio.o)
 .bss           0x00000000c0007a88        0x0 /raid/tools/cross-compilers/riscv-rv32im/lib/gcc/riscv32-unknown-elf/7.2.0/../../../../riscv32-unknown-elf/lib/libc.a(lib_a-strcmp.o)
 .bss           0x00000000c0007a88        0x0 /raid/tools/cross-compilers/riscv-rv32im/lib/gcc/riscv32-unknown-elf/7.2.0/../../../../riscv32-unknown-elf/lib/libc.a(lib_a-strlen.o)
 .bss           0x00000000c0007a88        0x0 /raid/tools/cross-compilers/riscv-rv32im/lib/gcc/riscv32-unknown-elf/7.2.0/../../../../riscv32-unknown-elf/lib/libc.a(lib_a-strncpy.o)
 .bss           0x00000000c0007a88        0x0 /raid/tools/cross-compilers/riscv-rv32im/lib/gcc/riscv32-unknown-elf/7.2.0/../../../../riscv32-unknown-elf/lib/libc.a(lib_a-wbuf.o)
 .bss           0x00000000c0007a88        0x0 /raid/tools/cross-compilers/riscv-rv32im/lib/gcc/riscv32-unknown-elf/7.2.0/../../../../riscv32-unknown-elf/lib/libc.a(lib_a-wcrtomb.o)
 .bss           0x00000000c0007a88        0x0 /raid/tools/cross-compilers/riscv-rv32im/lib/gcc/riscv32-unknown-elf/7.2.0/../../../../riscv32-unknown-elf/lib/libc.a(lib_a-wctomb_r.o)
 .bss           0x00000000c0007a88        0x0 /raid/tools/cross-compilers/riscv-rv32im/lib/gcc/riscv32-unknown-elf/7.2.0/../../../../riscv32-unknown-elf/lib/libc.a(lib_a-writer.o)
 .bss           0x00000000c0007a88        0x0 /raid/tools/cross-compilers/riscv-rv32im/lib/gcc/riscv32-unknown-elf/7.2.0/../../../../riscv32-unknown-elf/lib/libc.a(lib_a-closer.o)
 .bss           0x00000000c0007a88        0x0 /raid/tools/cross-compilers/riscv-rv32im/lib/gcc/riscv32-unknown-elf/7.2.0/../../../../riscv32-unknown-elf/lib/libc.a(lib_a-ctype_.o)
 .bss           0x00000000c0007a88        0x0 /raid/tools/cross-compilers/riscv-rv32im/lib/gcc/riscv32-unknown-elf/7.2.0/../../../../riscv32-unknown-elf/lib/libc.a(lib_a-fclose.o)
 .bss           0x00000000c0007a88        0x0 /raid/tools/cross-compilers/riscv-rv32im/lib/gcc/riscv32-unknown-elf/7.2.0/../../../../riscv32-unknown-elf/lib/libc.a(lib_a-fstatr.o)
 .bss           0x00000000c0007a88        0x0 /raid/tools/cross-compilers/riscv-rv32im/lib/gcc/riscv32-unknown-elf/7.2.0/../../../../riscv32-unknown-elf/lib/libc.a(lib_a-isattyr.o)
 .bss           0x00000000c0007a88        0x0 /raid/tools/cross-compilers/riscv-rv32im/lib/gcc/riscv32-unknown-elf/7.2.0/../../../../riscv32-unknown-elf/lib/libc.a(lib_a-lseekr.o)
 .bss           0x00000000c0007a88        0x0 /raid/tools/cross-compilers/riscv-rv32im/lib/gcc/riscv32-unknown-elf/7.2.0/../../../../riscv32-unknown-elf/lib/libc.a(lib_a-readr.o)
 .bss           0x00000000c0007a88        0x0 /raid/tools/cross-compilers/riscv-rv32im/lib/gcc/riscv32-unknown-elf/7.2.0/../../../../riscv32-unknown-elf/lib/libc.a(lib_a-reent.o)
 .bss           0x00000000c0007a88        0x0 /raid/tools/cross-compilers/riscv-rv32im/lib/gcc/riscv32-unknown-elf/7.2.0/../../../../riscv32-unknown-elf/lib/libnosys.a(_exit.o)
 .bss           0x00000000c0007a88        0x0 /raid/tools/cross-compilers/riscv-rv32im/lib/gcc/riscv32-unknown-elf/7.2.0/libgcc.a(_udivdi3.o)
 .bss           0x00000000c0007a88        0x0 /raid/tools/cross-compilers/riscv-rv32im/lib/gcc/riscv32-unknown-elf/7.2.0/libgcc.a(_umoddi3.o)
 .bss           0x00000000c0007a88        0x0 /raid/tools/cross-compilers/riscv-rv32im/lib/gcc/riscv32-unknown-elf/7.2.0/crtend.o
 *(COMMON)
 COMMON         0x00000000c0007a88        0x4 /raid/tools/cross-compilers/riscv-rv32im/lib/gcc/riscv32-unknown-elf/7.2.0/../../../../riscv32-unknown-elf/lib/libc.a(lib_a-reent.o)
                0x00000000c0007a88                errno
                0x00000000c0007a8c                . = ALIGN ((. != 0x0)?0x4:0x1)
LOAD /raid/tools/cross-compilers/riscv-rv32im/lib/gcc/riscv32-unknown-elf/7.2.0/../../../../riscv32-unknown-elf/lib/crt0.o
LOAD /raid/tools/cross-compilers/riscv-rv32im/lib/gcc/riscv32-unknown-elf/7.2.0/crtbegin.o
                0x00000000c0007a8c                __startup_save = .

.startup        0x00000000c0000000       0x44
 startup.o(.text)
 .text          0x00000000c0000000       0x44 ./lib/startup.o
                0x00000000c0000000                _reset
                0x00000000c0007a8c                . = __startup_save
                0x00000000c0007a8c                . = ALIGN (0x4)
                0x00000000c0007a8c                . = SEGMENT_START ("ldata-segment", .)
                0x00000000c0007a8c                . = ALIGN (0x4)
                0x00000000c0007a8c                _end = .
                [!provide]                        PROVIDE (end, .)
                0x00000000c0007a8c                . = DATA_SEGMENT_END (.)

.stab
 *(.stab)

.stabstr
 *(.stabstr)

.stab.excl
 *(.stab.excl)

.stab.exclstr
 *(.stab.exclstr)

.stab.index
 *(.stab.index)

.stab.indexstr
 *(.stab.indexstr)

.comment        0x0000000000000000       0x11
 *(.comment)
 .comment       0x0000000000000000       0x11 /raid/tools/cross-compilers/riscv-rv32im/lib/gcc/riscv32-unknown-elf/7.2.0/crtbegin.o
                                         0x12 (size before relaxing)
 .comment       0x0000000000000011       0x12 ./lib/syscalls.o
 .comment       0x0000000000000011       0x12 ./lib/riscv_counters.o
 .comment       0x0000000000000011       0x12 ./lib/ns16550.o
 .comment       0x0000000000000011       0x12 /tmp/ccQdtmmm.o
 .comment       0x0000000000000011       0x12 /raid/tools/cross-compilers/riscv-rv32im/lib/gcc/riscv32-unknown-elf/7.2.0/libgcc.a(_divdi3.o)
 .comment       0x0000000000000011       0x12 /raid/tools/cross-compilers/riscv-rv32im/lib/gcc/riscv32-unknown-elf/7.2.0/libgcc.a(_moddi3.o)
 .comment       0x0000000000000011       0x12 /raid/tools/cross-compilers/riscv-rv32im/lib/gcc/riscv32-unknown-elf/7.2.0/libgcc.a(_clz.o)
 .comment       0x0000000000000011       0x12 /raid/tools/cross-compilers/riscv-rv32im/lib/gcc/riscv32-unknown-elf/7.2.0/../../../../riscv32-unknown-elf/lib/libc.a(lib_a-assert.o)
 .comment       0x0000000000000011       0x12 /raid/tools/cross-compilers/riscv-rv32im/lib/gcc/riscv32-unknown-elf/7.2.0/../../../../riscv32-unknown-elf/lib/libc.a(lib_a-atexit.o)
 .comment       0x0000000000000011       0x12 /raid/tools/cross-compilers/riscv-rv32im/lib/gcc/riscv32-unknown-elf/7.2.0/../../../../riscv32-unknown-elf/lib/libc.a(lib_a-errno.o)
 .comment       0x0000000000000011       0x12 /raid/tools/cross-compilers/riscv-rv32im/lib/gcc/riscv32-unknown-elf/7.2.0/../../../../riscv32-unknown-elf/lib/libc.a(lib_a-exit.o)
 .comment       0x0000000000000011       0x12 /raid/tools/cross-compilers/riscv-rv32im/lib/gcc/riscv32-unknown-elf/7.2.0/../../../../riscv32-unknown-elf/lib/libc.a(lib_a-fini.o)
 .comment       0x0000000000000011       0x12 /raid/tools/cross-compilers/riscv-rv32im/lib/gcc/riscv32-unknown-elf/7.2.0/../../../../riscv32-unknown-elf/lib/libc.a(lib_a-fiprintf.o)
 .comment       0x0000000000000011       0x12 /raid/tools/cross-compilers/riscv-rv32im/lib/gcc/riscv32-unknown-elf/7.2.0/../../../../riscv32-unknown-elf/lib/libc.a(lib_a-impure.o)
 .comment       0x0000000000000011       0x12 /raid/tools/cross-compilers/riscv-rv32im/lib/gcc/riscv32-unknown-elf/7.2.0/../../../../riscv32-unknown-elf/lib/libc.a(lib_a-init.o)
 .comment       0x0000000000000011       0x12 /raid/tools/cross-compilers/riscv-rv32im/lib/gcc/riscv32-unknown-elf/7.2.0/../../../../riscv32-unknown-elf/lib/libc.a(lib_a-vfiprintf.o)
 .comment       0x0000000000000011       0x12 /raid/tools/cross-compilers/riscv-rv32im/lib/gcc/riscv32-unknown-elf/7.2.0/../../../../riscv32-unknown-elf/lib/libc.a(lib_a-wsetup.o)
 .comment       0x0000000000000011       0x12 /raid/tools/cross-compilers/riscv-rv32im/lib/gcc/riscv32-unknown-elf/7.2.0/../../../../riscv32-unknown-elf/lib/libc.a(lib_a-abort.o)
 .comment       0x0000000000000011       0x12 /raid/tools/cross-compilers/riscv-rv32im/lib/gcc/riscv32-unknown-elf/7.2.0/../../../../riscv32-unknown-elf/lib/libc.a(lib_a-__atexit.o)
 .comment       0x0000000000000011       0x12 /raid/tools/cross-compilers/riscv-rv32im/lib/gcc/riscv32-unknown-elf/7.2.0/../../../../riscv32-unknown-elf/lib/libc.a(lib_a-__call_atexit.o)
 .comment       0x0000000000000011       0x12 /raid/tools/cross-compilers/riscv-rv32im/lib/gcc/riscv32-unknown-elf/7.2.0/../../../../riscv32-unknown-elf/lib/libc.a(lib_a-fflush.o)
 .comment       0x0000000000000011       0x12 /raid/tools/cross-compilers/riscv-rv32im/lib/gcc/riscv32-unknown-elf/7.2.0/../../../../riscv32-unknown-elf/lib/libc.a(lib_a-findfp.o)
 .comment       0x0000000000000011       0x12 /raid/tools/cross-compilers/riscv-rv32im/lib/gcc/riscv32-unknown-elf/7.2.0/../../../../riscv32-unknown-elf/lib/libc.a(lib_a-fputwc.o)
 .comment       0x0000000000000011       0x12 /raid/tools/cross-compilers/riscv-rv32im/lib/gcc/riscv32-unknown-elf/7.2.0/../../../../riscv32-unknown-elf/lib/libc.a(lib_a-freer.o)
 .comment       0x0000000000000011       0x12 /raid/tools/cross-compilers/riscv-rv32im/lib/gcc/riscv32-unknown-elf/7.2.0/../../../../riscv32-unknown-elf/lib/libc.a(lib_a-fvwrite.o)
 .comment       0x0000000000000011       0x12 /raid/tools/cross-compilers/riscv-rv32im/lib/gcc/riscv32-unknown-elf/7.2.0/../../../../riscv32-unknown-elf/lib/libc.a(lib_a-fwalk.o)
 .comment       0x0000000000000011       0x12 /raid/tools/cross-compilers/riscv-rv32im/lib/gcc/riscv32-unknown-elf/7.2.0/../../../../riscv32-unknown-elf/lib/libc.a(lib_a-localeconv.o)
 .comment       0x0000000000000011       0x12 /raid/tools/cross-compilers/riscv-rv32im/lib/gcc/riscv32-unknown-elf/7.2.0/../../../../riscv32-unknown-elf/lib/libc.a(lib_a-locale.o)
 .comment       0x0000000000000011       0x12 /raid/tools/cross-compilers/riscv-rv32im/lib/gcc/riscv32-unknown-elf/7.2.0/../../../../riscv32-unknown-elf/lib/libc.a(lib_a-makebuf.o)
 .comment       0x0000000000000011       0x12 /raid/tools/cross-compilers/riscv-rv32im/lib/gcc/riscv32-unknown-elf/7.2.0/../../../../riscv32-unknown-elf/lib/libc.a(lib_a-mallocr.o)
 .comment       0x0000000000000011       0x12 /raid/tools/cross-compilers/riscv-rv32im/lib/gcc/riscv32-unknown-elf/7.2.0/../../../../riscv32-unknown-elf/lib/libc.a(lib_a-mbtowc_r.o)
 .comment       0x0000000000000011       0x12 /raid/tools/cross-compilers/riscv-rv32im/lib/gcc/riscv32-unknown-elf/7.2.0/../../../../riscv32-unknown-elf/lib/libc.a(lib_a-memchr.o)
 .comment       0x0000000000000011       0x12 /raid/tools/cross-compilers/riscv-rv32im/lib/gcc/riscv32-unknown-elf/7.2.0/../../../../riscv32-unknown-elf/lib/libc.a(lib_a-memcpy.o)
 .comment       0x0000000000000011       0x12 /raid/tools/cross-compilers/riscv-rv32im/lib/gcc/riscv32-unknown-elf/7.2.0/../../../../riscv32-unknown-elf/lib/libc.a(lib_a-memmove.o)
 .comment       0x0000000000000011       0x12 /raid/tools/cross-compilers/riscv-rv32im/lib/gcc/riscv32-unknown-elf/7.2.0/../../../../riscv32-unknown-elf/lib/libc.a(lib_a-mlock.o)
 .comment       0x0000000000000011       0x12 /raid/tools/cross-compilers/riscv-rv32im/lib/gcc/riscv32-unknown-elf/7.2.0/../../../../riscv32-unknown-elf/lib/libc.a(lib_a-reallocr.o)
 .comment       0x0000000000000011       0x12 /raid/tools/cross-compilers/riscv-rv32im/lib/gcc/riscv32-unknown-elf/7.2.0/../../../../riscv32-unknown-elf/lib/libc.a(lib_a-sbrkr.o)
 .comment       0x0000000000000011       0x12 /raid/tools/cross-compilers/riscv-rv32im/lib/gcc/riscv32-unknown-elf/7.2.0/../../../../riscv32-unknown-elf/lib/libc.a(lib_a-signal.o)
 .comment       0x0000000000000011       0x12 /raid/tools/cross-compilers/riscv-rv32im/lib/gcc/riscv32-unknown-elf/7.2.0/../../../../riscv32-unknown-elf/lib/libc.a(lib_a-signalr.o)
 .comment       0x0000000000000011       0x12 /raid/tools/cross-compilers/riscv-rv32im/lib/gcc/riscv32-unknown-elf/7.2.0/../../../../riscv32-unknown-elf/lib/libc.a(lib_a-stdio.o)
 .comment       0x0000000000000011       0x12 /raid/tools/cross-compilers/riscv-rv32im/lib/gcc/riscv32-unknown-elf/7.2.0/../../../../riscv32-unknown-elf/lib/libc.a(lib_a-strlen.o)
 .comment       0x0000000000000011       0x12 /raid/tools/cross-compilers/riscv-rv32im/lib/gcc/riscv32-unknown-elf/7.2.0/../../../../riscv32-unknown-elf/lib/libc.a(lib_a-strncpy.o)
 .comment       0x0000000000000011       0x12 /raid/tools/cross-compilers/riscv-rv32im/lib/gcc/riscv32-unknown-elf/7.2.0/../../../../riscv32-unknown-elf/lib/libc.a(lib_a-wbuf.o)
 .comment       0x0000000000000011       0x12 /raid/tools/cross-compilers/riscv-rv32im/lib/gcc/riscv32-unknown-elf/7.2.0/../../../../riscv32-unknown-elf/lib/libc.a(lib_a-wcrtomb.o)
 .comment       0x0000000000000011       0x12 /raid/tools/cross-compilers/riscv-rv32im/lib/gcc/riscv32-unknown-elf/7.2.0/../../../../riscv32-unknown-elf/lib/libc.a(lib_a-wctomb_r.o)
 .comment       0x0000000000000011       0x12 /raid/tools/cross-compilers/riscv-rv32im/lib/gcc/riscv32-unknown-elf/7.2.0/../../../../riscv32-unknown-elf/lib/libc.a(lib_a-writer.o)
 .comment       0x0000000000000011       0x12 /raid/tools/cross-compilers/riscv-rv32im/lib/gcc/riscv32-unknown-elf/7.2.0/../../../../riscv32-unknown-elf/lib/libc.a(lib_a-closer.o)
 .comment       0x0000000000000011       0x12 /raid/tools/cross-compilers/riscv-rv32im/lib/gcc/riscv32-unknown-elf/7.2.0/../../../../riscv32-unknown-elf/lib/libc.a(lib_a-ctype_.o)
 .comment       0x0000000000000011       0x12 /raid/tools/cross-compilers/riscv-rv32im/lib/gcc/riscv32-unknown-elf/7.2.0/../../../../riscv32-unknown-elf/lib/libc.a(lib_a-fclose.o)
 .comment       0x0000000000000011       0x12 /raid/tools/cross-compilers/riscv-rv32im/lib/gcc/riscv32-unknown-elf/7.2.0/../../../../riscv32-unknown-elf/lib/libc.a(lib_a-fstatr.o)
 .comment       0x0000000000000011       0x12 /raid/tools/cross-compilers/riscv-rv32im/lib/gcc/riscv32-unknown-elf/7.2.0/../../../../riscv32-unknown-elf/lib/libc.a(lib_a-isattyr.o)
 .comment       0x0000000000000011       0x12 /raid/tools/cross-compilers/riscv-rv32im/lib/gcc/riscv32-unknown-elf/7.2.0/../../../../riscv32-unknown-elf/lib/libc.a(lib_a-lseekr.o)
 .comment       0x0000000000000011       0x12 /raid/tools/cross-compilers/riscv-rv32im/lib/gcc/riscv32-unknown-elf/7.2.0/../../../../riscv32-unknown-elf/lib/libc.a(lib_a-readr.o)
 .comment       0x0000000000000011       0x12 /raid/tools/cross-compilers/riscv-rv32im/lib/gcc/riscv32-unknown-elf/7.2.0/../../../../riscv32-unknown-elf/lib/libc.a(lib_a-reent.o)
 .comment       0x0000000000000011       0x12 /raid/tools/cross-compilers/riscv-rv32im/lib/gcc/riscv32-unknown-elf/7.2.0/../../../../riscv32-unknown-elf/lib/libnosys.a(_exit.o)
 .comment       0x0000000000000011       0x12 /raid/tools/cross-compilers/riscv-rv32im/lib/gcc/riscv32-unknown-elf/7.2.0/libgcc.a(_udivdi3.o)
 .comment       0x0000000000000011       0x12 /raid/tools/cross-compilers/riscv-rv32im/lib/gcc/riscv32-unknown-elf/7.2.0/libgcc.a(_umoddi3.o)
 .comment       0x0000000000000011       0x12 /raid/tools/cross-compilers/riscv-rv32im/lib/gcc/riscv32-unknown-elf/7.2.0/crtend.o

.debug
 *(.debug)

.line
 *(.line)

.debug_srcinfo
 *(.debug_srcinfo)

.debug_sfnames
 *(.debug_sfnames)

.debug_aranges  0x0000000000000000      0x138
 *(.debug_aranges)
 .debug_aranges
                0x0000000000000000       0x20 ./lib/startup.o
 .debug_aranges
                0x0000000000000020       0x20 ./lib/syscalls.o
 .debug_aranges
                0x0000000000000040       0x20 ./lib/riscv_counters.o
 .debug_aranges
                0x0000000000000060       0x20 ./lib/ns16550.o
 .debug_aranges
                0x0000000000000080       0x20 /tmp/ccQdtmmm.o
 .debug_aranges
                0x00000000000000a0       0x20 /raid/tools/cross-compilers/riscv-rv32im/lib/gcc/riscv32-unknown-elf/7.2.0/libgcc.a(_divdi3.o)
 .debug_aranges
                0x00000000000000c0       0x20 /raid/tools/cross-compilers/riscv-rv32im/lib/gcc/riscv32-unknown-elf/7.2.0/libgcc.a(_moddi3.o)
 .debug_aranges
                0x00000000000000e0       0x18 /raid/tools/cross-compilers/riscv-rv32im/lib/gcc/riscv32-unknown-elf/7.2.0/libgcc.a(_clz.o)
 .debug_aranges
                0x00000000000000f8       0x20 /raid/tools/cross-compilers/riscv-rv32im/lib/gcc/riscv32-unknown-elf/7.2.0/libgcc.a(_udivdi3.o)
 .debug_aranges
                0x0000000000000118       0x20 /raid/tools/cross-compilers/riscv-rv32im/lib/gcc/riscv32-unknown-elf/7.2.0/libgcc.a(_umoddi3.o)

.debug_pubnames
 *(.debug_pubnames)

.debug_info     0x0000000000000000     0x74e1
 *(.debug_info .gnu.linkonce.wi.*)
 .debug_info    0x0000000000000000       0x26 ./lib/startup.o
 .debug_info    0x0000000000000026      0xc66 ./lib/syscalls.o
 .debug_info    0x0000000000000c8c      0xa86 ./lib/riscv_counters.o
 .debug_info    0x0000000000001712      0x3c2 ./lib/ns16550.o
 .debug_info    0x0000000000001ad4      0x9b6 /tmp/ccQdtmmm.o
 .debug_info    0x000000000000248a     0x115c /raid/tools/cross-compilers/riscv-rv32im/lib/gcc/riscv32-unknown-elf/7.2.0/libgcc.a(_divdi3.o)
 .debug_info    0x00000000000035e6     0x11ad /raid/tools/cross-compilers/riscv-rv32im/lib/gcc/riscv32-unknown-elf/7.2.0/libgcc.a(_moddi3.o)
 .debug_info    0x0000000000004793      0xa9d /raid/tools/cross-compilers/riscv-rv32im/lib/gcc/riscv32-unknown-elf/7.2.0/libgcc.a(_clz.o)
 .debug_info    0x0000000000005230     0x112a /raid/tools/cross-compilers/riscv-rv32im/lib/gcc/riscv32-unknown-elf/7.2.0/libgcc.a(_udivdi3.o)
 .debug_info    0x000000000000635a     0x1187 /raid/tools/cross-compilers/riscv-rv32im/lib/gcc/riscv32-unknown-elf/7.2.0/libgcc.a(_umoddi3.o)

.debug_abbrev   0x0000000000000000     0x1443
 *(.debug_abbrev)
 .debug_abbrev  0x0000000000000000       0x14 ./lib/startup.o
 .debug_abbrev  0x0000000000000014      0x247 ./lib/syscalls.o
 .debug_abbrev  0x000000000000025b      0x222 ./lib/riscv_counters.o
 .debug_abbrev  0x000000000000047d      0x144 ./lib/ns16550.o
 .debug_abbrev  0x00000000000005c1      0x22b /tmp/ccQdtmmm.o
 .debug_abbrev  0x00000000000007ec      0x2a8 /raid/tools/cross-compilers/riscv-rv32im/lib/gcc/riscv32-unknown-elf/7.2.0/libgcc.a(_divdi3.o)
 .debug_abbrev  0x0000000000000a94      0x2b3 /raid/tools/cross-compilers/riscv-rv32im/lib/gcc/riscv32-unknown-elf/7.2.0/libgcc.a(_moddi3.o)
 .debug_abbrev  0x0000000000000d47      0x1be /raid/tools/cross-compilers/riscv-rv32im/lib/gcc/riscv32-unknown-elf/7.2.0/libgcc.a(_clz.o)
 .debug_abbrev  0x0000000000000f05      0x292 /raid/tools/cross-compilers/riscv-rv32im/lib/gcc/riscv32-unknown-elf/7.2.0/libgcc.a(_udivdi3.o)
 .debug_abbrev  0x0000000000001197      0x2ac /raid/tools/cross-compilers/riscv-rv32im/lib/gcc/riscv32-unknown-elf/7.2.0/libgcc.a(_umoddi3.o)

.debug_line     0x0000000000000000     0x1c21
 *(.debug_line .debug_line.* .debug_line_end)
 .debug_line    0x0000000000000000       0x8a ./lib/startup.o
 .debug_line    0x000000000000008a      0x344 ./lib/syscalls.o
 .debug_line    0x00000000000003ce      0x266 ./lib/riscv_counters.o
 .debug_line    0x0000000000000634      0x1c2 ./lib/ns16550.o
 .debug_line    0x00000000000007f6      0x2dc /tmp/ccQdtmmm.o
 .debug_line    0x0000000000000ad2      0x3fe /raid/tools/cross-compilers/riscv-rv32im/lib/gcc/riscv32-unknown-elf/7.2.0/libgcc.a(_divdi3.o)
 .debug_line    0x0000000000000ed0      0x3c6 /raid/tools/cross-compilers/riscv-rv32im/lib/gcc/riscv32-unknown-elf/7.2.0/libgcc.a(_moddi3.o)
 .debug_line    0x0000000000001296      0x238 /raid/tools/cross-compilers/riscv-rv32im/lib/gcc/riscv32-unknown-elf/7.2.0/libgcc.a(_clz.o)
 .debug_line    0x00000000000014ce      0x3b0 /raid/tools/cross-compilers/riscv-rv32im/lib/gcc/riscv32-unknown-elf/7.2.0/libgcc.a(_udivdi3.o)
 .debug_line    0x000000000000187e      0x3a3 /raid/tools/cross-compilers/riscv-rv32im/lib/gcc/riscv32-unknown-elf/7.2.0/libgcc.a(_umoddi3.o)

.debug_frame    0x0000000000000000      0x418
 *(.debug_frame)
 .debug_frame   0x0000000000000000      0x1e0 ./lib/syscalls.o
 .debug_frame   0x00000000000001e0      0x110 ./lib/riscv_counters.o
 .debug_frame   0x00000000000002f0       0xb0 ./lib/ns16550.o
 .debug_frame   0x00000000000003a0       0x78 /tmp/ccQdtmmm.o

.debug_str      0x0000000000000000      0xce3
 *(.debug_str)
 .debug_str     0x0000000000000000       0x4f ./lib/startup.o
 .debug_str     0x000000000000004f      0x538 ./lib/syscalls.o
                                        0x5fc (size before relaxing)
 .debug_str     0x0000000000000587       0x92 ./lib/riscv_counters.o
                                        0x598 (size before relaxing)
 .debug_str     0x0000000000000619      0x240 ./lib/ns16550.o
                                        0x350 (size before relaxing)
 .debug_str     0x0000000000000859       0x95 /tmp/ccQdtmmm.o
                                        0x58f (size before relaxing)
 .debug_str     0x00000000000008ee      0x346 /raid/tools/cross-compilers/riscv-rv32im/lib/gcc/riscv32-unknown-elf/7.2.0/libgcc.a(_divdi3.o)
                                        0x818 (size before relaxing)
 .debug_str     0x0000000000000c34        0x9 /raid/tools/cross-compilers/riscv-rv32im/lib/gcc/riscv32-unknown-elf/7.2.0/libgcc.a(_moddi3.o)
                                        0x818 (size before relaxing)
 .debug_str     0x0000000000000c3d       0x92 /raid/tools/cross-compilers/riscv-rv32im/lib/gcc/riscv32-unknown-elf/7.2.0/libgcc.a(_clz.o)
                                        0x760 (size before relaxing)
 .debug_str     0x0000000000000ccf        0xa /raid/tools/cross-compilers/riscv-rv32im/lib/gcc/riscv32-unknown-elf/7.2.0/libgcc.a(_udivdi3.o)
                                        0x819 (size before relaxing)
 .debug_str     0x0000000000000cd9        0xa /raid/tools/cross-compilers/riscv-rv32im/lib/gcc/riscv32-unknown-elf/7.2.0/libgcc.a(_umoddi3.o)
                                        0x819 (size before relaxing)

.debug_loc      0x0000000000000000     0x28d9
 *(.debug_loc)
 .debug_loc     0x0000000000000000      0x97c /raid/tools/cross-compilers/riscv-rv32im/lib/gcc/riscv32-unknown-elf/7.2.0/libgcc.a(_divdi3.o)
 .debug_loc     0x000000000000097c      0x9c4 /raid/tools/cross-compilers/riscv-rv32im/lib/gcc/riscv32-unknown-elf/7.2.0/libgcc.a(_moddi3.o)
 .debug_loc     0x0000000000001340      0xbf5 /raid/tools/cross-compilers/riscv-rv32im/lib/gcc/riscv32-unknown-elf/7.2.0/libgcc.a(_udivdi3.o)
 .debug_loc     0x0000000000001f35      0x9a4 /raid/tools/cross-compilers/riscv-rv32im/lib/gcc/riscv32-unknown-elf/7.2.0/libgcc.a(_umoddi3.o)

.debug_macinfo
 *(.debug_macinfo)

.debug_weaknames
 *(.debug_weaknames)

.debug_funcnames
 *(.debug_funcnames)

.debug_typenames
 *(.debug_typenames)

.debug_varnames
 *(.debug_varnames)

.debug_pubtypes
 *(.debug_pubtypes)

.debug_ranges   0x0000000000000000      0x370
 *(.debug_ranges)
 .debug_ranges  0x0000000000000000      0x100 /raid/tools/cross-compilers/riscv-rv32im/lib/gcc/riscv32-unknown-elf/7.2.0/libgcc.a(_divdi3.o)
 .debug_ranges  0x0000000000000100       0xc0 /raid/tools/cross-compilers/riscv-rv32im/lib/gcc/riscv32-unknown-elf/7.2.0/libgcc.a(_moddi3.o)
 .debug_ranges  0x00000000000001c0       0xf0 /raid/tools/cross-compilers/riscv-rv32im/lib/gcc/riscv32-unknown-elf/7.2.0/libgcc.a(_udivdi3.o)
 .debug_ranges  0x00000000000002b0       0xc0 /raid/tools/cross-compilers/riscv-rv32im/lib/gcc/riscv32-unknown-elf/7.2.0/libgcc.a(_umoddi3.o)

.debug_macro
 *(.debug_macro)

.debug_addr
 *(.debug_addr)

.gnu.attributes
 *(.gnu.attributes)

/DISCARD/
 *(.note.GNU-stack)
 *(.gnu_debuglink)
 *(.gnu.lto_*)
OUTPUT(fclass/fclass elf32-littleriscv)
