Archive member included to satisfy reference by file (symbol)

/nix/store/gbj4l2s4sjbxcgnqad1k61xnpb5acbz8-riscv32-unknown-elf-rv32imac-toolchain-8.3.0-afcc8bc/lib/gcc/riscv32-unknown-elf/8.3.0/libgcc.a(_divdi3.o)
                              ./lib/syscalls.o (__divdi3)
/nix/store/gbj4l2s4sjbxcgnqad1k61xnpb5acbz8-riscv32-unknown-elf-rv32imac-toolchain-8.3.0-afcc8bc/lib/gcc/riscv32-unknown-elf/8.3.0/libgcc.a(_moddi3.o)
                              ./lib/syscalls.o (__moddi3)
/nix/store/gbj4l2s4sjbxcgnqad1k61xnpb5acbz8-riscv32-unknown-elf-rv32imac-toolchain-8.3.0-afcc8bc/lib/gcc/riscv32-unknown-elf/8.3.0/libgcc.a(_clz.o)
                              /nix/store/gbj4l2s4sjbxcgnqad1k61xnpb5acbz8-riscv32-unknown-elf-rv32imac-toolchain-8.3.0-afcc8bc/lib/gcc/riscv32-unknown-elf/8.3.0/libgcc.a(_divdi3.o) (__clz_tab)
/nix/store/gbj4l2s4sjbxcgnqad1k61xnpb5acbz8-riscv32-unknown-elf-rv32imac-toolchain-8.3.0-afcc8bc/lib/gcc/riscv32-unknown-elf/8.3.0/../../../../riscv32-unknown-elf/lib/libc.a(lib_a-atexit.o)
                              /nix/store/gbj4l2s4sjbxcgnqad1k61xnpb5acbz8-riscv32-unknown-elf-rv32imac-toolchain-8.3.0-afcc8bc/lib/gcc/riscv32-unknown-elf/8.3.0/../../../../riscv32-unknown-elf/lib/crt0.o (atexit)
/nix/store/gbj4l2s4sjbxcgnqad1k61xnpb5acbz8-riscv32-unknown-elf-rv32imac-toolchain-8.3.0-afcc8bc/lib/gcc/riscv32-unknown-elf/8.3.0/../../../../riscv32-unknown-elf/lib/libc.a(lib_a-errno.o)
                              ./lib/syscalls.o (__errno)
/nix/store/gbj4l2s4sjbxcgnqad1k61xnpb5acbz8-riscv32-unknown-elf-rv32imac-toolchain-8.3.0-afcc8bc/lib/gcc/riscv32-unknown-elf/8.3.0/../../../../riscv32-unknown-elf/lib/libc.a(lib_a-exit.o)
                              /nix/store/gbj4l2s4sjbxcgnqad1k61xnpb5acbz8-riscv32-unknown-elf-rv32imac-toolchain-8.3.0-afcc8bc/lib/gcc/riscv32-unknown-elf/8.3.0/../../../../riscv32-unknown-elf/lib/crt0.o (exit)
/nix/store/gbj4l2s4sjbxcgnqad1k61xnpb5acbz8-riscv32-unknown-elf-rv32imac-toolchain-8.3.0-afcc8bc/lib/gcc/riscv32-unknown-elf/8.3.0/../../../../riscv32-unknown-elf/lib/libc.a(lib_a-fini.o)
                              /nix/store/gbj4l2s4sjbxcgnqad1k61xnpb5acbz8-riscv32-unknown-elf-rv32imac-toolchain-8.3.0-afcc8bc/lib/gcc/riscv32-unknown-elf/8.3.0/../../../../riscv32-unknown-elf/lib/crt0.o (__libc_fini_array)
/nix/store/gbj4l2s4sjbxcgnqad1k61xnpb5acbz8-riscv32-unknown-elf-rv32imac-toolchain-8.3.0-afcc8bc/lib/gcc/riscv32-unknown-elf/8.3.0/../../../../riscv32-unknown-elf/lib/libc.a(lib_a-impure.o)
                              /nix/store/gbj4l2s4sjbxcgnqad1k61xnpb5acbz8-riscv32-unknown-elf-rv32imac-toolchain-8.3.0-afcc8bc/lib/gcc/riscv32-unknown-elf/8.3.0/../../../../riscv32-unknown-elf/lib/libc.a(lib_a-exit.o) (_global_impure_ptr)
/nix/store/gbj4l2s4sjbxcgnqad1k61xnpb5acbz8-riscv32-unknown-elf-rv32imac-toolchain-8.3.0-afcc8bc/lib/gcc/riscv32-unknown-elf/8.3.0/../../../../riscv32-unknown-elf/lib/libc.a(lib_a-init.o)
                              /nix/store/gbj4l2s4sjbxcgnqad1k61xnpb5acbz8-riscv32-unknown-elf-rv32imac-toolchain-8.3.0-afcc8bc/lib/gcc/riscv32-unknown-elf/8.3.0/../../../../riscv32-unknown-elf/lib/crt0.o (__libc_init_array)
/nix/store/gbj4l2s4sjbxcgnqad1k61xnpb5acbz8-riscv32-unknown-elf-rv32imac-toolchain-8.3.0-afcc8bc/lib/gcc/riscv32-unknown-elf/8.3.0/../../../../riscv32-unknown-elf/lib/libc.a(lib_a-memset.o)
                              /nix/store/gbj4l2s4sjbxcgnqad1k61xnpb5acbz8-riscv32-unknown-elf-rv32imac-toolchain-8.3.0-afcc8bc/lib/gcc/riscv32-unknown-elf/8.3.0/../../../../riscv32-unknown-elf/lib/crt0.o (memset)
/nix/store/gbj4l2s4sjbxcgnqad1k61xnpb5acbz8-riscv32-unknown-elf-rv32imac-toolchain-8.3.0-afcc8bc/lib/gcc/riscv32-unknown-elf/8.3.0/../../../../riscv32-unknown-elf/lib/libc.a(lib_a-printf.o)
                              /run/user/1001/cc0pGOKz.o (printf)
/nix/store/gbj4l2s4sjbxcgnqad1k61xnpb5acbz8-riscv32-unknown-elf-rv32imac-toolchain-8.3.0-afcc8bc/lib/gcc/riscv32-unknown-elf/8.3.0/../../../../riscv32-unknown-elf/lib/libc.a(lib_a-puts.o)
                              /run/user/1001/cc0pGOKz.o (puts)
/nix/store/gbj4l2s4sjbxcgnqad1k61xnpb5acbz8-riscv32-unknown-elf-rv32imac-toolchain-8.3.0-afcc8bc/lib/gcc/riscv32-unknown-elf/8.3.0/../../../../riscv32-unknown-elf/lib/libc.a(lib_a-strlen.o)
                              /nix/store/gbj4l2s4sjbxcgnqad1k61xnpb5acbz8-riscv32-unknown-elf-rv32imac-toolchain-8.3.0-afcc8bc/lib/gcc/riscv32-unknown-elf/8.3.0/../../../../riscv32-unknown-elf/lib/libc.a(lib_a-puts.o) (strlen)
/nix/store/gbj4l2s4sjbxcgnqad1k61xnpb5acbz8-riscv32-unknown-elf-rv32imac-toolchain-8.3.0-afcc8bc/lib/gcc/riscv32-unknown-elf/8.3.0/../../../../riscv32-unknown-elf/lib/libc.a(lib_a-vfprintf.o)
                              /nix/store/gbj4l2s4sjbxcgnqad1k61xnpb5acbz8-riscv32-unknown-elf-rv32imac-toolchain-8.3.0-afcc8bc/lib/gcc/riscv32-unknown-elf/8.3.0/../../../../riscv32-unknown-elf/lib/libc.a(lib_a-printf.o) (_vfprintf_r)
[...]
Memory Configuration

Name             Origin             Length             Attributes
*default*        0x0000000000000000 0xffffffffffffffff

Linker script and memory map

LOAD ./lib/syscalls.o
LOAD ./lib/riscv_counters.o
LOAD ./lib/ns16550.o
Address of section .text-segment set to 0xc0000000
LOAD /run/user/1001/cc0pGOKz.o
LOAD /nix/store/gbj4l2s4sjbxcgnqad1k61xnpb5acbz8-riscv32-unknown-elf-rv32imac-toolchain-8.3.0-afcc8bc/lib/gcc/riscv32-unknown-elf/8.3.0/../../../../riscv32-unknown-elf/lib/libm.a
LOAD /nix/store/gbj4l2s4sjbxcgnqad1k61xnpb5acbz8-riscv32-unknown-elf-rv32imac-toolchain-8.3.0-afcc8bc/lib/gcc/riscv32-unknown-elf/8.3.0/libgcc.a
LOAD /nix/store/gbj4l2s4sjbxcgnqad1k61xnpb5acbz8-riscv32-unknown-elf-rv32imac-toolchain-8.3.0-afcc8bc/lib/gcc/riscv32-unknown-elf/8.3.0/../../../../riscv32-unknown-elf/lib/libnosys.a
LOAD /nix/store/gbj4l2s4sjbxcgnqad1k61xnpb5acbz8-riscv32-unknown-elf-rv32imac-toolchain-8.3.0-afcc8bc/lib/gcc/riscv32-unknown-elf/8.3.0/libgcc.a
START GROUP
LOAD /nix/store/gbj4l2s4sjbxcgnqad1k61xnpb5acbz8-riscv32-unknown-elf-rv32imac-toolchain-8.3.0-afcc8bc/lib/gcc/riscv32-unknown-elf/8.3.0/libgcc.a
LOAD /nix/store/gbj4l2s4sjbxcgnqad1k61xnpb5acbz8-riscv32-unknown-elf-rv32imac-toolchain-8.3.0-afcc8bc/lib/gcc/riscv32-unknown-elf/8.3.0/../../../../riscv32-unknown-elf/lib/libc.a
LOAD /nix/store/gbj4l2s4sjbxcgnqad1k61xnpb5acbz8-riscv32-unknown-elf-rv32imac-toolchain-8.3.0-afcc8bc/lib/gcc/riscv32-unknown-elf/8.3.0/../../../../riscv32-unknown-elf/lib/libnosys.a
END GROUP
LOAD /nix/store/gbj4l2s4sjbxcgnqad1k61xnpb5acbz8-riscv32-unknown-elf-rv32imac-toolchain-8.3.0-afcc8bc/lib/gcc/riscv32-unknown-elf/8.3.0/crtend.o
                [!provide]                        PROVIDE (__executable_start = SEGMENT_START ("text-segment", 0x10000))
                0x00000000c0000074                . = (SEGMENT_START ("text-segment", 0x10000) + SIZEOF_HEADERS)

.interp
 *(.interp)

.note.gnu.build-id
 *(.note.gnu.build-id)

.hash
 *(.hash)

.gnu.hash
 *(.gnu.hash)

.dynsym
 *(.dynsym)

.dynstr
 *(.dynstr)

.gnu.version
 *(.gnu.version)

.gnu.version_d
 *(.gnu.version_d)

.gnu.version_r
 *(.gnu.version_r)

.rela.dyn       0x00000000c0000074        0x0
 *(.rela.init)
 *(.rela.text .rela.text.* .rela.gnu.linkonce.t.*)
 .rela.text     0x00000000c0000074        0x0 /nix/store/gbj4l2s4sjbxcgnqad1k61xnpb5acbz8-riscv32-unknown-elf-rv32imac-toolchain-8.3.0-afcc8bc/lib/gcc/riscv32-unknown-elf/8.3.0/../../../../riscv32-unknown-elf/lib/crt0.o
 *(.rela.fini)
 *(.rela.rodata .rela.rodata.* .rela.gnu.linkonce.r.*)
 *(.rela.data .rela.data.* .rela.gnu.linkonce.d.*)
 *(.rela.tdata .rela.tdata.* .rela.gnu.linkonce.td.*)
 *(.rela.tbss .rela.tbss.* .rela.gnu.linkonce.tb.*)
 *(.rela.ctors)
 *(.rela.dtors)
 *(.rela.got)
 *(.rela.sdata .rela.sdata.* .rela.gnu.linkonce.s.*)
 *(.rela.sbss .rela.sbss.* .rela.gnu.linkonce.sb.*)
 *(.rela.sdata2 .rela.sdata2.* .rela.gnu.linkonce.s2.*)
 *(.rela.sbss2 .rela.sbss2.* .rela.gnu.linkonce.sb2.*)
 *(.rela.bss .rela.bss.* .rela.gnu.linkonce.b.*)
                [!provide]                        PROVIDE (__rela_iplt_start = .)
 *(.rela.iplt)
                [!provide]                        PROVIDE (__rela_iplt_end = .)

.rela.plt
 *(.rela.plt)

.init
 *(SORT_NONE(.init))

.plt
 *(.plt)

.iplt
 *(.iplt)

.text           0x00000000c0000074     0xcfa0
 *(.text.unlikely .text.*_unlikely .text.unlikely.*)
 *(.text.exit .text.exit.*)
 *(.text.startup .text.startup.*)
 *(.text.hot .text.hot.*)
 *(.text .stub .text.* .gnu.linkonce.t.*)
 .text          0x00000000c0000074       0x38 /nix/store/gbj4l2s4sjbxcgnqad1k61xnpb5acbz8-riscv32-unknown-elf-rv32imac-toolchain-8.3.0-afcc8bc/lib/gcc/riscv32-unknown-elf/8.3.0/../../../../riscv32-unknown-elf/lib/crt0.o
                0x00000000c0000074                _start
                0x00000000c00000aa                _init
                0x00000000c00000aa                _fini
 .text          0x00000000c00000ac       0xaa /nix/store/gbj4l2s4sjbxcgnqad1k61xnpb5acbz8-riscv32-unknown-elf-rv32imac-toolchain-8.3.0-afcc8bc/lib/gcc/riscv32-unknown-elf/8.3.0/crtbegin.o
 *fill*         0x00000000c0000156        0x2 
 .text          0x00000000c0000158      0x4ec ./lib/syscalls.o
                0x00000000c0000158                read
                0x00000000c00001e4                write
                0x00000000c0000250                gettimeofday
                0x00000000c000034c                sleep
                0x00000000c00003f8                _sbrk
                0x00000000c0000434                _write
                0x00000000c00004a0                _close
                0x00000000c00004dc                _lseek
                0x00000000c0000520                _read
                0x00000000c0000564                _fstat
                0x00000000c00005a4                _isatty
                0x00000000c00005e0                _kill
                0x00000000c0000620                _getpid
 .text          0x00000000c0000644      0x258 ./lib/riscv_counters.o
                0x00000000c0000644                read_cycle
                0x00000000c00006b0                read_time
                0x00000000c000071c                read_instret
                0x00000000c0000788                fence
                0x00000000c00007a8                io_read32
                0x00000000c00007dc                io_write32
                0x00000000c0000818                io_read64
                0x00000000c0000854                io_write64
 .text          0x00000000c000089c      0x1e4 ./lib/ns16550.o
                0x00000000c0000974                ns16550_rxready
                0x00000000c00009ac                ns16550_rxchar
                0x00000000c00009f4                ns16550_txchar
                0x00000000c0000a48                ns16550_flush
 .text          0x00000000c0000a80      0xbe4 /run/user/1001/cc0pGOKz.o
                0x00000000c0000a80                multiply
                0x00000000c0000b00                divide
                0x00000000c0000bbc                remove_red
                0x00000000c0000d40                sharpen
                0x00000000c00013d0                verify
                0x00000000c0001524                main
 .text          0x00000000c0001664      0x39c /nix/store/gbj4l2s4sjbxcgnqad1k61xnpb5acbz8-riscv32-unknown-elf-rv32imac-toolchain-8.3.0-afcc8bc/lib/gcc/riscv32-unknown-elf/8.3.0/libgcc.a(_divdi3.o)
                0x00000000c0001664                __divdi3
 .text          0x00000000c0001a00      0x392 /nix/store/gbj4l2s4sjbxcgnqad1k61xnpb5acbz8-riscv32-unknown-elf-rv32imac-toolchain-8.3.0-afcc8bc/lib/gcc/riscv32-unknown-elf/8.3.0/libgcc.a(_moddi3.o)
                0x00000000c0001a00                __moddi3
 .text          0x00000000c0001d92        0x0 /nix/store/gbj4l2s4sjbxcgnqad1k61xnpb5acbz8-riscv32-unknown-elf-rv32imac-toolchain-8.3.0-afcc8bc/lib/gcc/riscv32-unknown-elf/8.3.0/libgcc.a(_clz.o)
 .text          0x00000000c0001d92        0xc /nix/store/gbj4l2s4sjbxcgnqad1k61xnpb5acbz8-riscv32-unknown-elf-rv32imac-toolchain-8.3.0-afcc8bc/lib/gcc/riscv32-unknown-elf/8.3.0/../../../../riscv32-unknown-elf/lib/libc.a(lib_a-atexit.o)
                0x00000000c0001d92                atexit
 .text          0x00000000c0001d9e        0x6 /nix/store/gbj4l2s4sjbxcgnqad1k61xnpb5acbz8-riscv32-unknown-elf-rv32imac-toolchain-8.3.0-afcc8bc/lib/gcc/riscv32-unknown-elf/8.3.0/../../../../riscv32-unknown-elf/lib/libc.a(lib_a-errno.o)
                0x00000000c0001d9e                __errno
 .text          0x00000000c0001da4       0x1e /nix/store/gbj4l2s4sjbxcgnqad1k61xnpb5acbz8-riscv32-unknown-elf-rv32imac-toolchain-8.3.0-afcc8bc/lib/gcc/riscv32-unknown-elf/8.3.0/../../../../riscv32-unknown-elf/lib/libc.a(lib_a-exit.o)
                0x00000000c0001da4                exit
 .text          0x00000000c0001dc2       0x3c /nix/store/gbj4l2s4sjbxcgnqad1k61xnpb5acbz8-riscv32-unknown-elf-rv32imac-toolchain-8.3.0-afcc8bc/lib/gcc/riscv32-unknown-elf/8.3.0/../../../../riscv32-unknown-elf/lib/libc.a(lib_a-fini.o)
                0x00000000c0001dc2                __libc_fini_array
 .text          0x00000000c0001dfe        0x0 /nix/store/gbj4l2s4sjbxcgnqad1k61xnpb5acbz8-riscv32-unknown-elf-rv32imac-toolchain-8.3.0-afcc8bc/lib/gcc/riscv32-unknown-elf/8.3.0/../../../../riscv32-unknown-elf/lib/libc.a(lib_a-impure.o)
 .text          0x00000000c0001dfe       0x72 /nix/store/gbj4l2s4sjbxcgnqad1k61xnpb5acbz8-riscv32-unknown-elf-rv32imac-toolchain-8.3.0-afcc8bc/lib/gcc/riscv32-unknown-elf/8.3.0/../../../../riscv32-unknown-elf/lib/libc.a(lib_a-init.o)
                0x00000000c0001dfe                __libc_init_array
 .text          0x00000000c0001e70       0xa8 /nix/store/gbj4l2s4sjbxcgnqad1k61xnpb5acbz8-riscv32-unknown-elf-rv32imac-toolchain-8.3.0-afcc8bc/lib/gcc/riscv32-unknown-elf/8.3.0/../../../../riscv32-unknown-elf/lib/libc.a(lib_a-memset.o)
                0x00000000c0001e70                memset
 .text          0x00000000c0001f18       0x48 /nix/store/gbj4l2s4sjbxcgnqad1k61xnpb5acbz8-riscv32-unknown-elf-rv32imac-toolchain-8.3.0-afcc8bc/lib/gcc/riscv32-unknown-elf/8.3.0/../../../../riscv32-unknown-elf/lib/libc.a(lib_a-printf.o)
                0x00000000c0001f18                _printf_r
                0x00000000c0001f38                printf
 .text          0x00000000c0001f60       0x7c /nix/store/gbj4l2s4sjbxcgnqad1k61xnpb5acbz8-riscv32-unknown-elf-rv32imac-toolchain-8.3.0-afcc8bc/lib/gcc/riscv32-unknown-elf/8.3.0/../../../../riscv32-unknown-elf/lib/libc.a(lib_a-puts.o)
                0x00000000c0001f60                _puts_r
                0x00000000c0001fd4                puts
 .text          0x00000000c0001fdc       0x12 /nix/store/gbj4l2s4sjbxcgnqad1k61xnpb5acbz8-riscv32-unknown-elf-rv32imac-toolchain-8.3.0-afcc8bc/lib/gcc/riscv32-unknown-elf/8.3.0/../../../../riscv32-unknown-elf/lib/libc.a(lib_a-strlen.o)
                0x00000000c0001fdc                strlen
 .text          0x00000000c0001fee     0x166c /nix/store/gbj4l2s4sjbxcgnqad1k61xnpb5acbz8-riscv32-unknown-elf-rv32imac-toolchain-8.3.0-afcc8bc/lib/gcc/riscv32-unknown-elf/8.3.0/../../../../riscv32-unknown-elf/lib/libc.a(lib_a-vfprintf.o)
                0x00000000c0001fee                _vfprintf_r
                0x00000000c00035c2                vfprintf
 .text          0x00000000c000365a       0xd6 /nix/store/gbj4l2s4sjbxcgnqad1k61xnpb5acbz8-riscv32-unknown-elf-rv32imac-toolchain-8.3.0-afcc8bc/lib/gcc/riscv32-unknown-elf/8.3.0/../../../../riscv32-unknown-elf/lib/libc.a(lib_a-wsetup.o)
                0x00000000c000365a                __swsetup_r
 .text          0x00000000c0003730       0x60 /nix/store/gbj4l2s4sjbxcgnqad1k61xnpb5acbz8-riscv32-unknown-elf-rv32imac-toolchain-8.3.0-afcc8bc/lib/gcc/riscv32-unknown-elf/8.3.0/../../../../riscv32-unknown-elf/lib/libc.a(lib_a-__atexit.o)
                0x00000000c0003730                __register_exitproc
 .text          0x00000000c0003790       0xaa /nix/store/gbj4l2s4sjbxcgnqad1k61xnpb5acbz8-riscv32-unknown-elf-rv32imac-toolchain-8.3.0-afcc8bc/lib/gcc/riscv32-unknown-elf/8.3.0/../../../../riscv32-unknown-elf/lib/libc.a(lib_a-__call_atexit.o)
                0x00000000c0003790                __call_exitprocs
 .text          0x00000000c000383a      0x1b2 /nix/store/gbj4l2s4sjbxcgnqad1k61xnpb5acbz8-riscv32-unknown-elf-rv32imac-toolchain-8.3.0-afcc8bc/lib/gcc/riscv32-unknown-elf/8.3.0/../../../../riscv32-unknown-elf/lib/libc.a(lib_a-fflush.o)
                0x00000000c000383a                __sflush_r
                0x00000000c00039a4                _fflush_r
                0x00000000c00039d2                fflush
 .text          0x00000000c00039ec      0x1d6 /nix/store/gbj4l2s4sjbxcgnqad1k61xnpb5acbz8-riscv32-unknown-elf-rv32imac-toolchain-8.3.0-afcc8bc/lib/gcc/riscv32-unknown-elf/8.3.0/../../../../riscv32-unknown-elf/lib/libc.a(lib_a-findfp.o)
                0x00000000c0003a5a                _cleanup_r
                0x00000000c0003a68                __sfmoreglue
                0x00000000c0003ab0                _cleanup
                0x00000000c0003ab6                __sinit
                0x00000000c0003b04                __sfp
                0x00000000c0003b9e                __sfp_lock_acquire
                0x00000000c0003ba0                __sfp_lock_release
                0x00000000c0003ba2                __sinit_lock_acquire
                0x00000000c0003ba4                __sinit_lock_release
                0x00000000c0003ba6                __fp_lock_all
                0x00000000c0003bb4                __fp_unlock_all
 .text          0x00000000c0003bc2      0x256 /nix/store/gbj4l2s4sjbxcgnqad1k61xnpb5acbz8-riscv32-unknown-elf-rv32imac-toolchain-8.3.0-afcc8bc/lib/gcc/riscv32-unknown-elf/8.3.0/../../../../riscv32-unknown-elf/lib/libc.a(lib_a-freer.o)
                0x00000000c0003bc2                _malloc_trim_r
                0x00000000c0003c7a                _free_r
 .text          0x00000000c0003e18      0x2e4 /nix/store/gbj4l2s4sjbxcgnqad1k61xnpb5acbz8-riscv32-unknown-elf-rv32imac-toolchain-8.3.0-afcc8bc/lib/gcc/riscv32-unknown-elf/8.3.0/../../../../riscv32-unknown-elf/lib/libc.a(lib_a-fvwrite.o)
                0x00000000c0003e18                __sfvwrite_r
 .text          0x00000000c00040fc       0xce /nix/store/gbj4l2s4sjbxcgnqad1k61xnpb5acbz8-riscv32-unknown-elf-rv32imac-toolchain-8.3.0-afcc8bc/lib/gcc/riscv32-unknown-elf/8.3.0/../../../../riscv32-unknown-elf/lib/libc.a(lib_a-fwalk.o)
                0x00000000c00040fc                _fwalk
                0x00000000c000415e                _fwalk_reent
 .text          0x00000000c00041ca     0x15f6 /nix/store/gbj4l2s4sjbxcgnqad1k61xnpb5acbz8-riscv32-unknown-elf-rv32imac-toolchain-8.3.0-afcc8bc/lib/gcc/riscv32-unknown-elf/8.3.0/../../../../riscv32-unknown-elf/lib/libc.a(lib_a-ldtoa.o)
                0x00000000c0004ea4                _ldtoa_r
                0x00000000c0005782                _ldcheck
 .text          0x00000000c00057c0       0x2a /nix/store/gbj4l2s4sjbxcgnqad1k61xnpb5acbz8-riscv32-unknown-elf-rv32imac-toolchain-8.3.0-afcc8bc/lib/gcc/riscv32-unknown-elf/8.3.0/../../../../riscv32-unknown-elf/lib/libc.a(lib_a-localeconv.o)
                0x00000000c00057c0                __localeconv_l
                0x00000000c00057c6                _localeconv_r
                0x00000000c00057d8                localeconv
 .text          0x00000000c00057ea      0x104 /nix/store/gbj4l2s4sjbxcgnqad1k61xnpb5acbz8-riscv32-unknown-elf-rv32imac-toolchain-8.3.0-afcc8bc/lib/gcc/riscv32-unknown-elf/8.3.0/../../../../riscv32-unknown-elf/lib/libc.a(lib_a-makebuf.o)
                0x00000000c00057ea                __swhatbuf_r
                0x00000000c0005850                __smakebuf_r
 .text          0x00000000c00058ee      0x4a8 /nix/store/gbj4l2s4sjbxcgnqad1k61xnpb5acbz8-riscv32-unknown-elf-rv32imac-toolchain-8.3.0-afcc8bc/lib/gcc/riscv32-unknown-elf/8.3.0/../../../../riscv32-unknown-elf/lib/libc.a(lib_a-mallocr.o)
                0x00000000c00058ee                _malloc_r
 .text          0x00000000c0005d96       0x1a /nix/store/gbj4l2s4sjbxcgnqad1k61xnpb5acbz8-riscv32-unknown-elf-rv32imac-toolchain-8.3.0-afcc8bc/lib/gcc/riscv32-unknown-elf/8.3.0/../../../../riscv32-unknown-elf/lib/libc.a(lib_a-memchr.o)
                0x00000000c0005d96                memchr
 .text          0x00000000c0005db0       0xb6 /nix/store/gbj4l2s4sjbxcgnqad1k61xnpb5acbz8-riscv32-unknown-elf-rv32imac-toolchain-8.3.0-afcc8bc/lib/gcc/riscv32-unknown-elf/8.3.0/../../../../riscv32-unknown-elf/lib/libc.a(lib_a-memcpy.o)
                0x00000000c0005db0                memcpy
 .text          0x00000000c0005e66       0x4a /nix/store/gbj4l2s4sjbxcgnqad1k61xnpb5acbz8-riscv32-unknown-elf-rv32imac-toolchain-8.3.0-afcc8bc/lib/gcc/riscv32-unknown-elf/8.3.0/../../../../riscv32-unknown-elf/lib/libc.a(lib_a-memmove.o)
                0x00000000c0005e66                memmove
 .text          0x00000000c0005eb0        0x4 /nix/store/gbj4l2s4sjbxcgnqad1k61xnpb5acbz8-riscv32-unknown-elf-rv32imac-toolchain-8.3.0-afcc8bc/lib/gcc/riscv32-unknown-elf/8.3.0/../../../../riscv32-unknown-elf/lib/libc.a(lib_a-mlock.o)
                0x00000000c0005eb0                __malloc_lock
                0x00000000c0005eb2                __malloc_unlock
 .text          0x00000000c0005eb4      0x938 /nix/store/gbj4l2s4sjbxcgnqad1k61xnpb5acbz8-riscv32-unknown-elf-rv32imac-toolchain-8.3.0-afcc8bc/lib/gcc/riscv32-unknown-elf/8.3.0/../../../../riscv32-unknown-elf/lib/libc.a(lib_a-mprec.o)
                0x00000000c0005eb4                _Balloc
                0x00000000c0005f1a                _Bfree
                0x00000000c0005f2e                __multadd
                0x00000000c0005fc2                __s2b
                0x00000000c0006062                __hi0bits
                0x00000000c00060a8                __lo0bits
                0x00000000c0006112                __i2b
                0x00000000c000612c                __multiply
                0x00000000c000626e                __pow5mult
                0x00000000c00062fe                __lshift
                0x00000000c00063c8                __mcmp
                0x00000000c00063fa                __mdiff
                0x00000000c00064e6                __ulp
                0x00000000c000652c                __b2d
                0x00000000c00065de                __d2b
                0x00000000c00066aa                __ratio
                0x00000000c000671a                _mprec_log10
                0x00000000c0006770                __copybits
                0x00000000c00067a6                __any_on
 .text          0x00000000c00067ec      0x39e /nix/store/gbj4l2s4sjbxcgnqad1k61xnpb5acbz8-riscv32-unknown-elf-rv32imac-toolchain-8.3.0-afcc8bc/lib/gcc/riscv32-unknown-elf/8.3.0/../../../../riscv32-unknown-elf/lib/libc.a(lib_a-reallocr.o)
                0x00000000c00067ec                _realloc_r
 .text          0x00000000c0006b8a       0x7e /nix/store/gbj4l2s4sjbxcgnqad1k61xnpb5acbz8-riscv32-unknown-elf-rv32imac-toolchain-8.3.0-afcc8bc/lib/gcc/riscv32-unknown-elf/8.3.0/../../../../riscv32-unknown-elf/lib/libc.a(lib_a-s_frexp.o)
                0x00000000c0006b8a                frexp
 .text          0x00000000c0006c08       0x2c /nix/store/gbj4l2s4sjbxcgnqad1k61xnpb5acbz8-riscv32-unknown-elf-rv32imac-toolchain-8.3.0-afcc8bc/lib/gcc/riscv32-unknown-elf/8.3.0/../../../../riscv32-unknown-elf/lib/libc.a(lib_a-sbrkr.o)
                0x00000000c0006c08                _sbrk_r
 .text          0x00000000c0006c34       0x7c /nix/store/gbj4l2s4sjbxcgnqad1k61xnpb5acbz8-riscv32-unknown-elf-rv32imac-toolchain-8.3.0-afcc8bc/lib/gcc/riscv32-unknown-elf/8.3.0/../../../../riscv32-unknown-elf/lib/libc.a(lib_a-sprintf.o)
                0x00000000c0006c34                _sprintf_r
                0x00000000c0006c6e                sprintf
 .text          0x00000000c0006cb0       0xc8 /nix/store/gbj4l2s4sjbxcgnqad1k61xnpb5acbz8-riscv32-unknown-elf-rv32imac-toolchain-8.3.0-afcc8bc/lib/gcc/riscv32-unknown-elf/8.3.0/../../../../riscv32-unknown-elf/lib/libc.a(lib_a-stdio.o)
                0x00000000c0006cb0                __sread
                0x00000000c0006ce2                __seofread
                0x00000000c0006ce6                __swrite
                0x00000000c0006d38                __sseek
                0x00000000c0006d70                __sclose
 .text          0x00000000c0006d78       0x12 /nix/store/gbj4l2s4sjbxcgnqad1k61xnpb5acbz8-riscv32-unknown-elf-rv32imac-toolchain-8.3.0-afcc8bc/lib/gcc/riscv32-unknown-elf/8.3.0/../../../../riscv32-unknown-elf/lib/libc.a(lib_a-strcpy.o)
                0x00000000c0006d78                strcpy
 .text          0x00000000c0006d8a       0x24 /nix/store/gbj4l2s4sjbxcgnqad1k61xnpb5acbz8-riscv32-unknown-elf-rv32imac-toolchain-8.3.0-afcc8bc/lib/gcc/riscv32-unknown-elf/8.3.0/../../../../riscv32-unknown-elf/lib/libc.a(lib_a-strncpy.o)
                0x00000000c0006d8a                strncpy
 .text          0x00000000c0006dae     0x15a0 /nix/store/gbj4l2s4sjbxcgnqad1k61xnpb5acbz8-riscv32-unknown-elf-rv32imac-toolchain-8.3.0-afcc8bc/lib/gcc/riscv32-unknown-elf/8.3.0/../../../../riscv32-unknown-elf/lib/libc.a(lib_a-svfprintf.o)
                0x00000000c0006dae                _svfprintf_r
 .text          0x00000000c000834e      0xa0c /nix/store/gbj4l2s4sjbxcgnqad1k61xnpb5acbz8-riscv32-unknown-elf-rv32imac-toolchain-8.3.0-afcc8bc/lib/gcc/riscv32-unknown-elf/8.3.0/../../../../riscv32-unknown-elf/lib/libc.a(lib_a-vfiprintf.o)
                0x00000000c000834e                __sprint_r
                0x00000000c00083ea                _vfiprintf_r
                0x00000000c0008cc0                vfiprintf
 .text          0x00000000c0008d5a       0x30 /nix/store/gbj4l2s4sjbxcgnqad1k61xnpb5acbz8-riscv32-unknown-elf-rv32imac-toolchain-8.3.0-afcc8bc/lib/gcc/riscv32-unknown-elf/8.3.0/../../../../riscv32-unknown-elf/lib/libc.a(lib_a-writer.o)
                0x00000000c0008d5a                _write_r
 .text          0x00000000c0008d8a       0x78 /nix/store/gbj4l2s4sjbxcgnqad1k61xnpb5acbz8-riscv32-unknown-elf-rv32imac-toolchain-8.3.0-afcc8bc/lib/gcc/riscv32-unknown-elf/8.3.0/../../../../riscv32-unknown-elf/lib/libc.a(lib_a-callocr.o)
                0x00000000c0008d8a                _calloc_r
 .text          0x00000000c0008e02       0x2c /nix/store/gbj4l2s4sjbxcgnqad1k61xnpb5acbz8-riscv32-unknown-elf-rv32imac-toolchain-8.3.0-afcc8bc/lib/gcc/riscv32-unknown-elf/8.3.0/../../../../riscv32-unknown-elf/lib/libc.a(lib_a-closer.o)
                0x00000000c0008e02                _close_r
 .text          0x00000000c0008e2e       0x96 /nix/store/gbj4l2s4sjbxcgnqad1k61xnpb5acbz8-riscv32-unknown-elf-rv32imac-toolchain-8.3.0-afcc8bc/lib/gcc/riscv32-unknown-elf/8.3.0/../../../../riscv32-unknown-elf/lib/libc.a(lib_a-fclose.o)
                0x00000000c0008e2e                _fclose_r
                0x00000000c0008ebc                fclose
 .text          0x00000000c0008ec4      0x100 /nix/store/gbj4l2s4sjbxcgnqad1k61xnpb5acbz8-riscv32-unknown-elf-rv32imac-toolchain-8.3.0-afcc8bc/lib/gcc/riscv32-unknown-elf/8.3.0/../../../../riscv32-unknown-elf/lib/libc.a(lib_a-fputwc.o)
                0x00000000c0008ec4                __fputwc
                0x00000000c0008f78                _fputwc_r
                0x00000000c0008f96                fputwc
 .text          0x00000000c0008fc4       0x2e /nix/store/gbj4l2s4sjbxcgnqad1k61xnpb5acbz8-riscv32-unknown-elf-rv32imac-toolchain-8.3.0-afcc8bc/lib/gcc/riscv32-unknown-elf/8.3.0/../../../../riscv32-unknown-elf/lib/libc.a(lib_a-fstatr.o)
                0x00000000c0008fc4                _fstat_r
 .text          0x00000000c0008ff2       0x2c /nix/store/gbj4l2s4sjbxcgnqad1k61xnpb5acbz8-riscv32-unknown-elf-rv32imac-toolchain-8.3.0-afcc8bc/lib/gcc/riscv32-unknown-elf/8.3.0/../../../../riscv32-unknown-elf/lib/libc.a(lib_a-isattyr.o)
                0x00000000c0008ff2                _isatty_r
 .text          0x00000000c000901e       0x7c /nix/store/gbj4l2s4sjbxcgnqad1k61xnpb5acbz8-riscv32-unknown-elf-rv32imac-toolchain-8.3.0-afcc8bc/lib/gcc/riscv32-unknown-elf/8.3.0/../../../../riscv32-unknown-elf/lib/libc.a(lib_a-locale.o)
                0x00000000c000901e                _setlocale_r
                0x00000000c0009066                __locale_mb_cur_max
                0x00000000c0009078                __locale_ctype_ptr_l
                0x00000000c000907e                __locale_ctype_ptr
                0x00000000c0009090                setlocale
 .text          0x00000000c000909a       0x30 /nix/store/gbj4l2s4sjbxcgnqad1k61xnpb5acbz8-riscv32-unknown-elf-rv32imac-toolchain-8.3.0-afcc8bc/lib/gcc/riscv32-unknown-elf/8.3.0/../../../../riscv32-unknown-elf/lib/libc.a(lib_a-lseekr.o)
                0x00000000c000909a                _lseek_r
 .text          0x00000000c00090ca       0x4c /nix/store/gbj4l2s4sjbxcgnqad1k61xnpb5acbz8-riscv32-unknown-elf-rv32imac-toolchain-8.3.0-afcc8bc/lib/gcc/riscv32-unknown-elf/8.3.0/../../../../riscv32-unknown-elf/lib/libc.a(lib_a-mbtowc_r.o)
                0x00000000c00090ca                _mbtowc_r
                0x00000000c00090dc                __ascii_mbtowc
 .text          0x00000000c0009116       0x30 /nix/store/gbj4l2s4sjbxcgnqad1k61xnpb5acbz8-riscv32-unknown-elf-rv32imac-toolchain-8.3.0-afcc8bc/lib/gcc/riscv32-unknown-elf/8.3.0/../../../../riscv32-unknown-elf/lib/libc.a(lib_a-readr.o)
                0x00000000c0009116                _read_r
 .text          0x00000000c0009146       0xc8 /nix/store/gbj4l2s4sjbxcgnqad1k61xnpb5acbz8-riscv32-unknown-elf-rv32imac-toolchain-8.3.0-afcc8bc/lib/gcc/riscv32-unknown-elf/8.3.0/../../../../riscv32-unknown-elf/lib/libc.a(lib_a-reent.o)
                0x00000000c0009146                cleanup_glue
                0x00000000c0009168                _reclaim_reent
 .text          0x00000000c000920e      0x11e /nix/store/gbj4l2s4sjbxcgnqad1k61xnpb5acbz8-riscv32-unknown-elf-rv32imac-toolchain-8.3.0-afcc8bc/lib/gcc/riscv32-unknown-elf/8.3.0/../../../../riscv32-unknown-elf/lib/libc.a(lib_a-strcmp.o)
                0x00000000c000920e                strcmp
 .text          0x00000000c000932c      0x9b4 /nix/store/gbj4l2s4sjbxcgnqad1k61xnpb5acbz8-riscv32-unknown-elf-rv32imac-toolchain-8.3.0-afcc8bc/lib/gcc/riscv32-unknown-elf/8.3.0/../../../../riscv32-unknown-elf/lib/libc.a(lib_a-svfiprintf.o)
                0x00000000c000932c                __ssprint_r
                0x00000000c0009460                _svfiprintf_r
 .text          0x00000000c0009ce0       0xc4 /nix/store/gbj4l2s4sjbxcgnqad1k61xnpb5acbz8-riscv32-unknown-elf-rv32imac-toolchain-8.3.0-afcc8bc/lib/gcc/riscv32-unknown-elf/8.3.0/../../../../riscv32-unknown-elf/lib/libc.a(lib_a-wbuf.o)
                0x00000000c0009ce0                __swbuf_r
                0x00000000c0009d9a                __swbuf
 .text          0x00000000c0009da4       0x5c /nix/store/gbj4l2s4sjbxcgnqad1k61xnpb5acbz8-riscv32-unknown-elf-rv32imac-toolchain-8.3.0-afcc8bc/lib/gcc/riscv32-unknown-elf/8.3.0/../../../../riscv32-unknown-elf/lib/libc.a(lib_a-wcrtomb.o)
                0x00000000c0009da4                _wcrtomb_r
                0x00000000c0009df4                wcrtomb
 .text          0x00000000c0009e00       0x32 /nix/store/gbj4l2s4sjbxcgnqad1k61xnpb5acbz8-riscv32-unknown-elf-rv32imac-toolchain-8.3.0-afcc8bc/lib/gcc/riscv32-unknown-elf/8.3.0/../../../../riscv32-unknown-elf/lib/libc.a(lib_a-wctomb_r.o)
                0x00000000c0009e00                _wctomb_r
                0x00000000c0009e12                __ascii_wctomb
 .text          0x00000000c0009e32        0x0 /nix/store/gbj4l2s4sjbxcgnqad1k61xnpb5acbz8-riscv32-unknown-elf-rv32imac-toolchain-8.3.0-afcc8bc/lib/gcc/riscv32-unknown-elf/8.3.0/../../../../riscv32-unknown-elf/lib/libc.a(lib_a-ctype_.o)
 .text          0x00000000c0009e32        0x2 /nix/store/gbj4l2s4sjbxcgnqad1k61xnpb5acbz8-riscv32-unknown-elf-rv32imac-toolchain-8.3.0-afcc8bc/lib/gcc/riscv32-unknown-elf/8.3.0/../../../../riscv32-unknown-elf/lib/libnosys.a(_exit.o)
                0x00000000c0009e32                _exit
 .text          0x00000000c0009e34      0x35e /nix/store/gbj4l2s4sjbxcgnqad1k61xnpb5acbz8-riscv32-unknown-elf-rv32imac-toolchain-8.3.0-afcc8bc/lib/gcc/riscv32-unknown-elf/8.3.0/libgcc.a(_udivdi3.o)
                0x00000000c0009e34                __udivdi3
 .text          0x00000000c000a192      0x352 /nix/store/gbj4l2s4sjbxcgnqad1k61xnpb5acbz8-riscv32-unknown-elf-rv32imac-toolchain-8.3.0-afcc8bc/lib/gcc/riscv32-unknown-elf/8.3.0/libgcc.a(_umoddi3.o)
                0x00000000c000a192                __umoddi3
 .text          0x00000000c000a4e4      0x534 /nix/store/gbj4l2s4sjbxcgnqad1k61xnpb5acbz8-riscv32-unknown-elf-rv32imac-toolchain-8.3.0-afcc8bc/lib/gcc/riscv32-unknown-elf/8.3.0/libgcc.a(divdf3.o)
                0x00000000c000a4e4                __divdf3
 .text          0x00000000c000aa18      0x43a /nix/store/gbj4l2s4sjbxcgnqad1k61xnpb5acbz8-riscv32-unknown-elf-rv32imac-toolchain-8.3.0-afcc8bc/lib/gcc/riscv32-unknown-elf/8.3.0/libgcc.a(muldf3.o)
                0x00000000c000aa18                __muldf3
 .text          0x00000000c000ae52       0xa6 /nix/store/gbj4l2s4sjbxcgnqad1k61xnpb5acbz8-riscv32-unknown-elf-rv32imac-toolchain-8.3.0-afcc8bc/lib/gcc/riscv32-unknown-elf/8.3.0/libgcc.a(eqtf2.o)
                0x00000000c000ae52                __eqtf2
                0x00000000c000ae52                __netf2
 .text          0x00000000c000aef8       0xf4 /nix/store/gbj4l2s4sjbxcgnqad1k61xnpb5acbz8-riscv32-unknown-elf-rv32imac-toolchain-8.3.0-afcc8bc/lib/gcc/riscv32-unknown-elf/8.3.0/libgcc.a(getf2.o)
                0x00000000c000aef8                __getf2
                0x00000000c000aef8                __gttf2
 .text          0x00000000c000afec       0xf4 /nix/store/gbj4l2s4sjbxcgnqad1k61xnpb5acbz8-riscv32-unknown-elf-rv32imac-toolchain-8.3.0-afcc8bc/lib/gcc/riscv32-unknown-elf/8.3.0/libgcc.a(letf2.o)
                0x00000000c000afec                __letf2
                0x00000000c000afec                __lttf2
 .text          0x00000000c000b0e0      0xb3a /nix/store/gbj4l2s4sjbxcgnqad1k61xnpb5acbz8-riscv32-unknown-elf-rv32imac-toolchain-8.3.0-afcc8bc/lib/gcc/riscv32-unknown-elf/8.3.0/libgcc.a(multf3.o)
                0x00000000c000b0e0                __multf3
 .text          0x00000000c000bc1a      0xe5e /nix/store/gbj4l2s4sjbxcgnqad1k61xnpb5acbz8-riscv32-unknown-elf-rv32imac-toolchain-8.3.0-afcc8bc/lib/gcc/riscv32-unknown-elf/8.3.0/libgcc.a(subtf3.o)
                0x00000000c000bc1a                __subtf3
 .text          0x00000000c000ca78       0xec /nix/store/gbj4l2s4sjbxcgnqad1k61xnpb5acbz8-riscv32-unknown-elf-rv32imac-toolchain-8.3.0-afcc8bc/lib/gcc/riscv32-unknown-elf/8.3.0/libgcc.a(fixtfsi.o)
                0x00000000c000ca78                __fixtfsi
 .text          0x00000000c000cb64       0xf2 /nix/store/gbj4l2s4sjbxcgnqad1k61xnpb5acbz8-riscv32-unknown-elf-rv32imac-toolchain-8.3.0-afcc8bc/lib/gcc/riscv32-unknown-elf/8.3.0/libgcc.a(floatsitf.o)
                0x00000000c000cb64                __floatsitf
 .text          0x00000000c000cc56      0x152 /nix/store/gbj4l2s4sjbxcgnqad1k61xnpb5acbz8-riscv32-unknown-elf-rv32imac-toolchain-8.3.0-afcc8bc/lib/gcc/riscv32-unknown-elf/8.3.0/libgcc.a(extenddftf2.o)
                0x00000000c000cc56                __extenddftf2
 .text          0x00000000c000cda8      0x230 /nix/store/gbj4l2s4sjbxcgnqad1k61xnpb5acbz8-riscv32-unknown-elf-rv32imac-toolchain-8.3.0-afcc8bc/lib/gcc/riscv32-unknown-elf/8.3.0/libgcc.a(trunctfdf2.o)
                0x00000000c000cda8                __trunctfdf2
 .text          0x00000000c000cfd8       0x3c /nix/store/gbj4l2s4sjbxcgnqad1k61xnpb5acbz8-riscv32-unknown-elf-rv32imac-toolchain-8.3.0-afcc8bc/lib/gcc/riscv32-unknown-elf/8.3.0/libgcc.a(_clzsi2.o)
                0x00000000c000cfd8                __clzsi2
 .text          0x00000000c000d014        0x0 /nix/store/gbj4l2s4sjbxcgnqad1k61xnpb5acbz8-riscv32-unknown-elf-rv32imac-toolchain-8.3.0-afcc8bc/lib/gcc/riscv32-unknown-elf/8.3.0/crtend.o
 *(.gnu.warning)

.fini
 *(SORT_NONE(.fini))
                [!provide]                        PROVIDE (__etext = .)
                [!provide]                        PROVIDE (_etext = .)
                [!provide]                        PROVIDE (etext = .)

.rodata         0x00000000c000d018      0xe04
 *(.rodata .rodata.* .gnu.linkonce.r.*)
 .rodata        0x00000000c000d018      0x125 /run/user/1001/cc0pGOKz.o
 *fill*         0x00000000c000d13d        0x3 
 .rodata        0x00000000c000d140      0x100 /nix/store/gbj4l2s4sjbxcgnqad1k61xnpb5acbz8-riscv32-unknown-elf-rv32imac-toolchain-8.3.0-afcc8bc/lib/gcc/riscv32-unknown-elf/8.3.0/libgcc.a(_clz.o)
                0x00000000c000d140                __clz_tab
 .rodata.str1.4
                0x00000000c000d240        0x2 /nix/store/gbj4l2s4sjbxcgnqad1k61xnpb5acbz8-riscv32-unknown-elf-rv32imac-toolchain-8.3.0-afcc8bc/lib/gcc/riscv32-unknown-elf/8.3.0/../../../../riscv32-unknown-elf/lib/libc.a(lib_a-puts.o)
 *fill*         0x00000000c000d242        0x2 
 .rodata        0x00000000c000d244      0x18c /nix/store/gbj4l2s4sjbxcgnqad1k61xnpb5acbz8-riscv32-unknown-elf-rv32imac-toolchain-8.3.0-afcc8bc/lib/gcc/riscv32-unknown-elf/8.3.0/../../../../riscv32-unknown-elf/lib/libc.a(lib_a-vfprintf.o)
 .rodata.str1.4
                0x00000000c000d3d0       0x3a /nix/store/gbj4l2s4sjbxcgnqad1k61xnpb5acbz8-riscv32-unknown-elf-rv32imac-toolchain-8.3.0-afcc8bc/lib/gcc/riscv32-unknown-elf/8.3.0/../../../../riscv32-unknown-elf/lib/libc.a(lib_a-vfprintf.o)
 *fill*         0x00000000c000d40a        0x2 
 .rodata        0x00000000c000d40c      0x254 /nix/store/gbj4l2s4sjbxcgnqad1k61xnpb5acbz8-riscv32-unknown-elf-rv32imac-toolchain-8.3.0-afcc8bc/lib/gcc/riscv32-unknown-elf/8.3.0/../../../../riscv32-unknown-elf/lib/libc.a(lib_a-ldtoa.o)
 .rodata.str1.4
                0x00000000c000d660       0x28 /nix/store/gbj4l2s4sjbxcgnqad1k61xnpb5acbz8-riscv32-unknown-elf-rv32imac-toolchain-8.3.0-afcc8bc/lib/gcc/riscv32-unknown-elf/8.3.0/../../../../riscv32-unknown-elf/lib/libc.a(lib_a-ldtoa.o)
 .rodata        0x00000000c000d688      0x128 /nix/store/gbj4l2s4sjbxcgnqad1k61xnpb5acbz8-riscv32-unknown-elf-rv32imac-toolchain-8.3.0-afcc8bc/lib/gcc/riscv32-unknown-elf/8.3.0/../../../../riscv32-unknown-elf/lib/libc.a(lib_a-mprec.o)
                0x00000000c000d698                __mprec_tens
                0x00000000c000d760                __mprec_tinytens
                0x00000000c000d788                __mprec_bigtens
 .rodata        0x00000000c000d7b0      0x18c /nix/store/gbj4l2s4sjbxcgnqad1k61xnpb5acbz8-riscv32-unknown-elf-rv32imac-toolchain-8.3.0-afcc8bc/lib/gcc/riscv32-unknown-elf/8.3.0/../../../../riscv32-unknown-elf/lib/libc.a(lib_a-svfprintf.o)
 .rodata.str1.4
                0x00000000c000d93c       0x3a /nix/store/gbj4l2s4sjbxcgnqad1k61xnpb5acbz8-riscv32-unknown-elf-rv32imac-toolchain-8.3.0-afcc8bc/lib/gcc/riscv32-unknown-elf/8.3.0/../../../../riscv32-unknown-elf/lib/libc.a(lib_a-svfprintf.o)
 .rodata        0x00000000c000d93c      0x18c /nix/store/gbj4l2s4sjbxcgnqad1k61xnpb5acbz8-riscv32-unknown-elf-rv32imac-toolchain-8.3.0-afcc8bc/lib/gcc/riscv32-unknown-elf/8.3.0/../../../../riscv32-unknown-elf/lib/libc.a(lib_a-vfiprintf.o)
 .rodata.str1.4
                0x00000000c000dac8       0x25 /nix/store/gbj4l2s4sjbxcgnqad1k61xnpb5acbz8-riscv32-unknown-elf-rv32imac-toolchain-8.3.0-afcc8bc/lib/gcc/riscv32-unknown-elf/8.3.0/../../../../riscv32-unknown-elf/lib/libc.a(lib_a-vfiprintf.o)
 .rodata.str1.4
                0x00000000c000dac8       0x10 /nix/store/gbj4l2s4sjbxcgnqad1k61xnpb5acbz8-riscv32-unknown-elf-rv32imac-toolchain-8.3.0-afcc8bc/lib/gcc/riscv32-unknown-elf/8.3.0/../../../../riscv32-unknown-elf/lib/libc.a(lib_a-locale.o)
                                         0x12 (size before relaxing)
 .rodata        0x00000000c000dad8      0x18c /nix/store/gbj4l2s4sjbxcgnqad1k61xnpb5acbz8-riscv32-unknown-elf-rv32imac-toolchain-8.3.0-afcc8bc/lib/gcc/riscv32-unknown-elf/8.3.0/../../../../riscv32-unknown-elf/lib/libc.a(lib_a-svfiprintf.o)
 .rodata.str1.4
                0x00000000c000dc64       0x25 /nix/store/gbj4l2s4sjbxcgnqad1k61xnpb5acbz8-riscv32-unknown-elf-rv32imac-toolchain-8.3.0-afcc8bc/lib/gcc/riscv32-unknown-elf/8.3.0/../../../../riscv32-unknown-elf/lib/libc.a(lib_a-svfiprintf.o)
 .rodata        0x00000000c000dc64      0x101 /nix/store/gbj4l2s4sjbxcgnqad1k61xnpb5acbz8-riscv32-unknown-elf-rv32imac-toolchain-8.3.0-afcc8bc/lib/gcc/riscv32-unknown-elf/8.3.0/../../../../riscv32-unknown-elf/lib/libc.a(lib_a-ctype_.o)
                0x00000000c000dc64                _ctype_
 *fill*         0x00000000c000dd65        0x3 
 .rodata        0x00000000c000dd68       0x3c /nix/store/gbj4l2s4sjbxcgnqad1k61xnpb5acbz8-riscv32-unknown-elf-rv32imac-toolchain-8.3.0-afcc8bc/lib/gcc/riscv32-unknown-elf/8.3.0/libgcc.a(divdf3.o)
 .rodata        0x00000000c000dda4       0x3c /nix/store/gbj4l2s4sjbxcgnqad1k61xnpb5acbz8-riscv32-unknown-elf-rv32imac-toolchain-8.3.0-afcc8bc/lib/gcc/riscv32-unknown-elf/8.3.0/libgcc.a(muldf3.o)
 .rodata        0x00000000c000dde0       0x3c /nix/store/gbj4l2s4sjbxcgnqad1k61xnpb5acbz8-riscv32-unknown-elf-rv32imac-toolchain-8.3.0-afcc8bc/lib/gcc/riscv32-unknown-elf/8.3.0/libgcc.a(multf3.o)

.rodata1
 *(.rodata1)

.sdata2
 *(.sdata2 .sdata2.* .gnu.linkonce.s2.*)

.sbss2
 *(.sbss2 .sbss2.* .gnu.linkonce.sb2.*)

.eh_frame_hdr
 *(.eh_frame_hdr)
 *(.eh_frame_entry .eh_frame_entry.*)

.eh_frame
 *(.eh_frame)
 *(.eh_frame.*)

.gcc_except_table
 *(.gcc_except_table .gcc_except_table.*)

.gnu_extab
 *(.gnu_extab*)

.exception_ranges
 *(.exception_ranges*)
                0x00000000c000e000                . = DATA_SEGMENT_ALIGN (CONSTANT (MAXPAGESIZE), CONSTANT (COMMONPAGESIZE))

.eh_frame       0x00000000c000e000       0x68
 *(.eh_frame)
 .eh_frame      0x00000000c000e000        0x0 /nix/store/gbj4l2s4sjbxcgnqad1k61xnpb5acbz8-riscv32-unknown-elf-rv32imac-toolchain-8.3.0-afcc8bc/lib/gcc/riscv32-unknown-elf/8.3.0/crtbegin.o
 .eh_frame      0x00000000c000e000       0x28 /nix/store/gbj4l2s4sjbxcgnqad1k61xnpb5acbz8-riscv32-unknown-elf-rv32imac-toolchain-8.3.0-afcc8bc/lib/gcc/riscv32-unknown-elf/8.3.0/libgcc.a(_divdi3.o)
 .eh_frame      0x00000000c000e028       0x14 /nix/store/gbj4l2s4sjbxcgnqad1k61xnpb5acbz8-riscv32-unknown-elf-rv32imac-toolchain-8.3.0-afcc8bc/lib/gcc/riscv32-unknown-elf/8.3.0/libgcc.a(_moddi3.o)
                                         0x28 (size before relaxing)
 .eh_frame      0x00000000c000e03c       0x14 /nix/store/gbj4l2s4sjbxcgnqad1k61xnpb5acbz8-riscv32-unknown-elf-rv32imac-toolchain-8.3.0-afcc8bc/lib/gcc/riscv32-unknown-elf/8.3.0/libgcc.a(_udivdi3.o)
                                         0x28 (size before relaxing)
 .eh_frame      0x00000000c000e050       0x14 /nix/store/gbj4l2s4sjbxcgnqad1k61xnpb5acbz8-riscv32-unknown-elf-rv32imac-toolchain-8.3.0-afcc8bc/lib/gcc/riscv32-unknown-elf/8.3.0/libgcc.a(_umoddi3.o)
                                         0x28 (size before relaxing)
 .eh_frame      0x00000000c000e064        0x4 /nix/store/gbj4l2s4sjbxcgnqad1k61xnpb5acbz8-riscv32-unknown-elf-rv32imac-toolchain-8.3.0-afcc8bc/lib/gcc/riscv32-unknown-elf/8.3.0/crtend.o
 *(.eh_frame.*)

.gnu_extab
 *(.gnu_extab)

.gcc_except_table
 *(.gcc_except_table .gcc_except_table.*)

.exception_ranges
 *(.exception_ranges*)

.tdata          0x00000000c000e068        0x0
                [!provide]                        PROVIDE (__tdata_start = .)
 *(.tdata .tdata.* .gnu.linkonce.td.*)

.tbss
 *(.tbss .tbss.* .gnu.linkonce.tb.*)
 *(.tcommon)

.preinit_array  0x00000000c000e068        0x0
                0x00000000c000e068                PROVIDE (__preinit_array_start = .)
 *(.preinit_array)
                0x00000000c000e068                PROVIDE (__preinit_array_end = .)

.init_array     0x00000000c000e068        0x8
                0x00000000c000e068                PROVIDE (__init_array_start = .)
 *(SORT_BY_INIT_PRIORITY(.init_array.*) SORT_BY_INIT_PRIORITY(.ctors.*))
 *(.init_array EXCLUDE_FILE(*crtend?.o *crtend.o *crtbegin?.o *crtbegin.o) .ctors)
 .init_array    0x00000000c000e068        0x4 /nix/store/gbj4l2s4sjbxcgnqad1k61xnpb5acbz8-riscv32-unknown-elf-rv32imac-toolchain-8.3.0-afcc8bc/lib/gcc/riscv32-unknown-elf/8.3.0/crtbegin.o
 .init_array    0x00000000c000e06c        0x4 ./lib/ns16550.o
                0x00000000c000e070                PROVIDE (__init_array_end = .)

.fini_array     0x00000000c000e070        0x4
                0x00000000c000e070                PROVIDE (__fini_array_start = .)
 *(SORT_BY_INIT_PRIORITY(.fini_array.*) SORT_BY_INIT_PRIORITY(.dtors.*))
 *(.fini_array EXCLUDE_FILE(*crtend?.o *crtend.o *crtbegin?.o *crtbegin.o) .dtors)
 .fini_array    0x00000000c000e070        0x4 /nix/store/gbj4l2s4sjbxcgnqad1k61xnpb5acbz8-riscv32-unknown-elf-rv32imac-toolchain-8.3.0-afcc8bc/lib/gcc/riscv32-unknown-elf/8.3.0/crtbegin.o
                0x00000000c000e074                PROVIDE (__fini_array_end = .)

.ctors
 *crtbegin.o(.ctors)
 *crtbegin?.o(.ctors)
 *(EXCLUDE_FILE(*crtend?.o *crtend.o) .ctors)
 *(SORT_BY_NAME(.ctors.*))
 *(.ctors)

.dtors
 *crtbegin.o(.dtors)
 *crtbegin?.o(.dtors)
 *(EXCLUDE_FILE(*crtend?.o *crtend.o) .dtors)
 *(SORT_BY_NAME(.dtors.*))
 *(.dtors)

.jcr
 *(.jcr)

.data.rel.ro
 *(.data.rel.ro.local* .gnu.linkonce.d.rel.ro.local.*)
 *(.data.rel.ro .data.rel.ro.* .gnu.linkonce.d.rel.ro.*)

.dynamic
 *(.dynamic)
                0x00000000c000e074                . = DATA_SEGMENT_RELRO_END (., 0x0)

.data           0x00000000c000e078      0xcfc
                0x00000000c000e078                __DATA_BEGIN__ = .
 *(.data .data.* .gnu.linkonce.d.*)
 .data          0x00000000c000e078        0x0 /nix/store/gbj4l2s4sjbxcgnqad1k61xnpb5acbz8-riscv32-unknown-elf-rv32imac-toolchain-8.3.0-afcc8bc/lib/gcc/riscv32-unknown-elf/8.3.0/../../../../riscv32-unknown-elf/lib/crt0.o
 .data          0x00000000c000e078        0x0 /nix/store/gbj4l2s4sjbxcgnqad1k61xnpb5acbz8-riscv32-unknown-elf-rv32imac-toolchain-8.3.0-afcc8bc/lib/gcc/riscv32-unknown-elf/8.3.0/crtbegin.o
 .data          0x00000000c000e078        0x0 ./lib/startup.o
 .data          0x00000000c000e078        0x0 ./lib/syscalls.o
 .data          0x00000000c000e078        0x0 ./lib/riscv_counters.o
 .data          0x00000000c000e078        0x0 ./lib/ns16550.o
 .data          0x00000000c000e078      0x360 /run/user/1001/cc0pGOKz.o
                0x00000000c000e078                input_data_r
                0x00000000c000e108                input_data_g
                0x00000000c000e198                input_data_b
                0x00000000c000e228                verify_data_r
                0x00000000c000e2b8                verify_data_g
                0x00000000c000e348                verify_data_b
 .data          0x00000000c000e3d8        0x0 /nix/store/gbj4l2s4sjbxcgnqad1k61xnpb5acbz8-riscv32-unknown-elf-rv32imac-toolchain-8.3.0-afcc8bc/lib/gcc/riscv32-unknown-elf/8.3.0/libgcc.a(_divdi3.o)
 .data          0x00000000c000e3d8        0x0 /nix/store/gbj4l2s4sjbxcgnqad1k61xnpb5acbz8-riscv32-unknown-elf-rv32imac-toolchain-8.3.0-afcc8bc/lib/gcc/riscv32-unknown-elf/8.3.0/libgcc.a(_moddi3.o)
 .data          0x00000000c000e3d8        0x0 /nix/store/gbj4l2s4sjbxcgnqad1k61xnpb5acbz8-riscv32-unknown-elf-rv32imac-toolchain-8.3.0-afcc8bc/lib/gcc/riscv32-unknown-elf/8.3.0/libgcc.a(_clz.o)
 .data          0x00000000c000e3d8        0x0 /nix/store/gbj4l2s4sjbxcgnqad1k61xnpb5acbz8-riscv32-unknown-elf-rv32imac-toolchain-8.3.0-afcc8bc/lib/gcc/riscv32-unknown-elf/8.3.0/../../../../riscv32-unknown-elf/lib/libc.a(lib_a-atexit.o)
 .data          0x00000000c000e3d8        0x0 /nix/store/gbj4l2s4sjbxcgnqad1k61xnpb5acbz8-riscv32-unknown-elf-rv32imac-toolchain-8.3.0-afcc8bc/lib/gcc/riscv32-unknown-elf/8.3.0/../../../../riscv32-unknown-elf/lib/libc.a(lib_a-errno.o)
 .data          0x00000000c000e3d8        0x0 /nix/store/gbj4l2s4sjbxcgnqad1k61xnpb5acbz8-riscv32-unknown-elf-rv32imac-toolchain-8.3.0-afcc8bc/lib/gcc/riscv32-unknown-elf/8.3.0/../../../../riscv32-unknown-elf/lib/libc.a(lib_a-exit.o)
 .data          0x00000000c000e3d8        0x0 /nix/store/gbj4l2s4sjbxcgnqad1k61xnpb5acbz8-riscv32-unknown-elf-rv32imac-toolchain-8.3.0-afcc8bc/lib/gcc/riscv32-unknown-elf/8.3.0/../../../../riscv32-unknown-elf/lib/libc.a(lib_a-fini.o)
 .data          0x00000000c000e3d8      0x428 /nix/store/gbj4l2s4sjbxcgnqad1k61xnpb5acbz8-riscv32-unknown-elf-rv32imac-toolchain-8.3.0-afcc8bc/lib/gcc/riscv32-unknown-elf/8.3.0/../../../../riscv32-unknown-elf/lib/libc.a(lib_a-impure.o)
 .data          0x00000000c000e800        0x0 /nix/store/gbj4l2s4sjbxcgnqad1k61xnpb5acbz8-riscv32-unknown-elf-rv32imac-toolchain-8.3.0-afcc8bc/lib/gcc/riscv32-unknown-elf/8.3.0/../../../../riscv32-unknown-elf/lib/libc.a(lib_a-init.o)
 .data          0x00000000c000e800        0x0 /nix/store/gbj4l2s4sjbxcgnqad1k61xnpb5acbz8-riscv32-unknown-elf-rv32imac-toolchain-8.3.0-afcc8bc/lib/gcc/riscv32-unknown-elf/8.3.0/../../../../riscv32-unknown-elf/lib/libc.a(lib_a-memset.o)
 .data          0x00000000c000e800        0x0 /nix/store/gbj4l2s4sjbxcgnqad1k61xnpb5acbz8-riscv32-unknown-elf-rv32imac-toolchain-8.3.0-afcc8bc/lib/gcc/riscv32-unknown-elf/8.3.0/../../../../riscv32-unknown-elf/lib/libc.a(lib_a-printf.o)
 .data          0x00000000c000e800        0x0 /nix/store/gbj4l2s4sjbxcgnqad1k61xnpb5acbz8-riscv32-unknown-elf-rv32imac-toolchain-8.3.0-afcc8bc/lib/gcc/riscv32-unknown-elf/8.3.0/../../../../riscv32-unknown-elf/lib/libc.a(lib_a-puts.o)
 .data          0x00000000c000e800        0x0 /nix/store/gbj4l2s4sjbxcgnqad1k61xnpb5acbz8-riscv32-unknown-elf-rv32imac-toolchain-8.3.0-afcc8bc/lib/gcc/riscv32-unknown-elf/8.3.0/../../../../riscv32-unknown-elf/lib/libc.a(lib_a-strlen.o)
 .data          0x00000000c000e800        0x0 /nix/store/gbj4l2s4sjbxcgnqad1k61xnpb5acbz8-riscv32-unknown-elf-rv32imac-toolchain-8.3.0-afcc8bc/lib/gcc/riscv32-unknown-elf/8.3.0/../../../../riscv32-unknown-elf/lib/libc.a(lib_a-vfprintf.o)
 .data          0x00000000c000e800        0x0 /nix/store/gbj4l2s4sjbxcgnqad1k61xnpb5acbz8-riscv32-unknown-elf-rv32imac-toolchain-8.3.0-afcc8bc/lib/gcc/riscv32-unknown-elf/8.3.0/../../../../riscv32-unknown-elf/lib/libc.a(lib_a-wsetup.o)
 .data          0x00000000c000e800        0x0 /nix/store/gbj4l2s4sjbxcgnqad1k61xnpb5acbz8-riscv32-unknown-elf-rv32imac-toolchain-8.3.0-afcc8bc/lib/gcc/riscv32-unknown-elf/8.3.0/../../../../riscv32-unknown-elf/lib/libc.a(lib_a-__atexit.o)
 .data          0x00000000c000e800        0x0 /nix/store/gbj4l2s4sjbxcgnqad1k61xnpb5acbz8-riscv32-unknown-elf-rv32imac-toolchain-8.3.0-afcc8bc/lib/gcc/riscv32-unknown-elf/8.3.0/../../../../riscv32-unknown-elf/lib/libc.a(lib_a-__call_atexit.o)
 .data          0x00000000c000e800        0x0 /nix/store/gbj4l2s4sjbxcgnqad1k61xnpb5acbz8-riscv32-unknown-elf-rv32imac-toolchain-8.3.0-afcc8bc/lib/gcc/riscv32-unknown-elf/8.3.0/../../../../riscv32-unknown-elf/lib/libc.a(lib_a-fflush.o)
 .data          0x00000000c000e800        0x0 /nix/store/gbj4l2s4sjbxcgnqad1k61xnpb5acbz8-riscv32-unknown-elf-rv32imac-toolchain-8.3.0-afcc8bc/lib/gcc/riscv32-unknown-elf/8.3.0/../../../../riscv32-unknown-elf/lib/libc.a(lib_a-findfp.o)
 .data          0x00000000c000e800        0x0 /nix/store/gbj4l2s4sjbxcgnqad1k61xnpb5acbz8-riscv32-unknown-elf-rv32imac-toolchain-8.3.0-afcc8bc/lib/gcc/riscv32-unknown-elf/8.3.0/../../../../riscv32-unknown-elf/lib/libc.a(lib_a-freer.o)
 .data          0x00000000c000e800        0x0 /nix/store/gbj4l2s4sjbxcgnqad1k61xnpb5acbz8-riscv32-unknown-elf-rv32imac-toolchain-8.3.0-afcc8bc/lib/gcc/riscv32-unknown-elf/8.3.0/../../../../riscv32-unknown-elf/lib/libc.a(lib_a-fvwrite.o)
 .data          0x00000000c000e800        0x0 /nix/store/gbj4l2s4sjbxcgnqad1k61xnpb5acbz8-riscv32-unknown-elf-rv32imac-toolchain-8.3.0-afcc8bc/lib/gcc/riscv32-unknown-elf/8.3.0/../../../../riscv32-unknown-elf/lib/libc.a(lib_a-fwalk.o)
 .data          0x00000000c000e800        0x0 /nix/store/gbj4l2s4sjbxcgnqad1k61xnpb5acbz8-riscv32-unknown-elf-rv32imac-toolchain-8.3.0-afcc8bc/lib/gcc/riscv32-unknown-elf/8.3.0/../../../../riscv32-unknown-elf/lib/libc.a(lib_a-ldtoa.o)
 .data          0x00000000c000e800        0x0 /nix/store/gbj4l2s4sjbxcgnqad1k61xnpb5acbz8-riscv32-unknown-elf-rv32imac-toolchain-8.3.0-afcc8bc/lib/gcc/riscv32-unknown-elf/8.3.0/../../../../riscv32-unknown-elf/lib/libc.a(lib_a-localeconv.o)
 .data          0x00000000c000e800        0x0 /nix/store/gbj4l2s4sjbxcgnqad1k61xnpb5acbz8-riscv32-unknown-elf-rv32imac-toolchain-8.3.0-afcc8bc/lib/gcc/riscv32-unknown-elf/8.3.0/../../../../riscv32-unknown-elf/lib/libc.a(lib_a-makebuf.o)
 .data          0x00000000c000e800      0x408 /nix/store/gbj4l2s4sjbxcgnqad1k61xnpb5acbz8-riscv32-unknown-elf-rv32imac-toolchain-8.3.0-afcc8bc/lib/gcc/riscv32-unknown-elf/8.3.0/../../../../riscv32-unknown-elf/lib/libc.a(lib_a-mallocr.o)
                0x00000000c000e800                __malloc_av_
 .data          0x00000000c000ec08        0x0 /nix/store/gbj4l2s4sjbxcgnqad1k61xnpb5acbz8-riscv32-unknown-elf-rv32imac-toolchain-8.3.0-afcc8bc/lib/gcc/riscv32-unknown-elf/8.3.0/../../../../riscv32-unknown-elf/lib/libc.a(lib_a-memchr.o)
 .data          0x00000000c000ec08        0x0 /nix/store/gbj4l2s4sjbxcgnqad1k61xnpb5acbz8-riscv32-unknown-elf-rv32imac-toolchain-8.3.0-afcc8bc/lib/gcc/riscv32-unknown-elf/8.3.0/../../../../riscv32-unknown-elf/lib/libc.a(lib_a-memcpy.o)
 .data          0x00000000c000ec08        0x0 /nix/store/gbj4l2s4sjbxcgnqad1k61xnpb5acbz8-riscv32-unknown-elf-rv32imac-toolchain-8.3.0-afcc8bc/lib/gcc/riscv32-unknown-elf/8.3.0/../../../../riscv32-unknown-elf/lib/libc.a(lib_a-memmove.o)
 .data          0x00000000c000ec08        0x0 /nix/store/gbj4l2s4sjbxcgnqad1k61xnpb5acbz8-riscv32-unknown-elf-rv32imac-toolchain-8.3.0-afcc8bc/lib/gcc/riscv32-unknown-elf/8.3.0/../../../../riscv32-unknown-elf/lib/libc.a(lib_a-mlock.o)
 .data          0x00000000c000ec08        0x0 /nix/store/gbj4l2s4sjbxcgnqad1k61xnpb5acbz8-riscv32-unknown-elf-rv32imac-toolchain-8.3.0-afcc8bc/lib/gcc/riscv32-unknown-elf/8.3.0/../../../../riscv32-unknown-elf/lib/libc.a(lib_a-mprec.o)
 .data          0x00000000c000ec08        0x0 /nix/store/gbj4l2s4sjbxcgnqad1k61xnpb5acbz8-riscv32-unknown-elf-rv32imac-toolchain-8.3.0-afcc8bc/lib/gcc/riscv32-unknown-elf/8.3.0/../../../../riscv32-unknown-elf/lib/libc.a(lib_a-reallocr.o)
 .data          0x00000000c000ec08        0x0 /nix/store/gbj4l2s4sjbxcgnqad1k61xnpb5acbz8-riscv32-unknown-elf-rv32imac-toolchain-8.3.0-afcc8bc/lib/gcc/riscv32-unknown-elf/8.3.0/../../../../riscv32-unknown-elf/lib/libc.a(lib_a-s_frexp.o)
 .data          0x00000000c000ec08        0x0 /nix/store/gbj4l2s4sjbxcgnqad1k61xnpb5acbz8-riscv32-unknown-elf-rv32imac-toolchain-8.3.0-afcc8bc/lib/gcc/riscv32-unknown-elf/8.3.0/../../../../riscv32-unknown-elf/lib/libc.a(lib_a-sbrkr.o)
 .data          0x00000000c000ec08        0x0 /nix/store/gbj4l2s4sjbxcgnqad1k61xnpb5acbz8-riscv32-unknown-elf-rv32imac-toolchain-8.3.0-afcc8bc/lib/gcc/riscv32-unknown-elf/8.3.0/../../../../riscv32-unknown-elf/lib/libc.a(lib_a-sprintf.o)
 .data          0x00000000c000ec08        0x0 /nix/store/gbj4l2s4sjbxcgnqad1k61xnpb5acbz8-riscv32-unknown-elf-rv32imac-toolchain-8.3.0-afcc8bc/lib/gcc/riscv32-unknown-elf/8.3.0/../../../../riscv32-unknown-elf/lib/libc.a(lib_a-stdio.o)
 .data          0x00000000c000ec08        0x0 /nix/store/gbj4l2s4sjbxcgnqad1k61xnpb5acbz8-riscv32-unknown-elf-rv32imac-toolchain-8.3.0-afcc8bc/lib/gcc/riscv32-unknown-elf/8.3.0/../../../../riscv32-unknown-elf/lib/libc.a(lib_a-strcpy.o)
 .data          0x00000000c000ec08        0x0 /nix/store/gbj4l2s4sjbxcgnqad1k61xnpb5acbz8-riscv32-unknown-elf-rv32imac-toolchain-8.3.0-afcc8bc/lib/gcc/riscv32-unknown-elf/8.3.0/../../../../riscv32-unknown-elf/lib/libc.a(lib_a-strncpy.o)
 .data          0x00000000c000ec08        0x0 /nix/store/gbj4l2s4sjbxcgnqad1k61xnpb5acbz8-riscv32-unknown-elf-rv32imac-toolchain-8.3.0-afcc8bc/lib/gcc/riscv32-unknown-elf/8.3.0/../../../../riscv32-unknown-elf/lib/libc.a(lib_a-svfprintf.o)
 .data          0x00000000c000ec08        0x0 /nix/store/gbj4l2s4sjbxcgnqad1k61xnpb5acbz8-riscv32-unknown-elf-rv32imac-toolchain-8.3.0-afcc8bc/lib/gcc/riscv32-unknown-elf/8.3.0/../../../../riscv32-unknown-elf/lib/libc.a(lib_a-vfiprintf.o)
 .data          0x00000000c000ec08        0x0 /nix/store/gbj4l2s4sjbxcgnqad1k61xnpb5acbz8-riscv32-unknown-elf-rv32imac-toolchain-8.3.0-afcc8bc/lib/gcc/riscv32-unknown-elf/8.3.0/../../../../riscv32-unknown-elf/lib/libc.a(lib_a-writer.o)
 .data          0x00000000c000ec08        0x0 /nix/store/gbj4l2s4sjbxcgnqad1k61xnpb5acbz8-riscv32-unknown-elf-rv32imac-toolchain-8.3.0-afcc8bc/lib/gcc/riscv32-unknown-elf/8.3.0/../../../../riscv32-unknown-elf/lib/libc.a(lib_a-callocr.o)
 .data          0x00000000c000ec08        0x0 /nix/store/gbj4l2s4sjbxcgnqad1k61xnpb5acbz8-riscv32-unknown-elf-rv32imac-toolchain-8.3.0-afcc8bc/lib/gcc/riscv32-unknown-elf/8.3.0/../../../../riscv32-unknown-elf/lib/libc.a(lib_a-closer.o)
 .data          0x00000000c000ec08        0x0 /nix/store/gbj4l2s4sjbxcgnqad1k61xnpb5acbz8-riscv32-unknown-elf-rv32imac-toolchain-8.3.0-afcc8bc/lib/gcc/riscv32-unknown-elf/8.3.0/../../../../riscv32-unknown-elf/lib/libc.a(lib_a-fclose.o)
 .data          0x00000000c000ec08        0x0 /nix/store/gbj4l2s4sjbxcgnqad1k61xnpb5acbz8-riscv32-unknown-elf-rv32imac-toolchain-8.3.0-afcc8bc/lib/gcc/riscv32-unknown-elf/8.3.0/../../../../riscv32-unknown-elf/lib/libc.a(lib_a-fputwc.o)
 .data          0x00000000c000ec08        0x0 /nix/store/gbj4l2s4sjbxcgnqad1k61xnpb5acbz8-riscv32-unknown-elf-rv32imac-toolchain-8.3.0-afcc8bc/lib/gcc/riscv32-unknown-elf/8.3.0/../../../../riscv32-unknown-elf/lib/libc.a(lib_a-fstatr.o)
 .data          0x00000000c000ec08        0x0 /nix/store/gbj4l2s4sjbxcgnqad1k61xnpb5acbz8-riscv32-unknown-elf-rv32imac-toolchain-8.3.0-afcc8bc/lib/gcc/riscv32-unknown-elf/8.3.0/../../../../riscv32-unknown-elf/lib/libc.a(lib_a-isattyr.o)
 .data          0x00000000c000ec08      0x16c /nix/store/gbj4l2s4sjbxcgnqad1k61xnpb5acbz8-riscv32-unknown-elf-rv32imac-toolchain-8.3.0-afcc8bc/lib/gcc/riscv32-unknown-elf/8.3.0/../../../../riscv32-unknown-elf/lib/libc.a(lib_a-locale.o)
                0x00000000c000ec08                __global_locale
 .data          0x00000000c000ed74        0x0 /nix/store/gbj4l2s4sjbxcgnqad1k61xnpb5acbz8-riscv32-unknown-elf-rv32imac-toolchain-8.3.0-afcc8bc/lib/gcc/riscv32-unknown-elf/8.3.0/../../../../riscv32-unknown-elf/lib/libc.a(lib_a-lseekr.o)
 .data          0x00000000c000ed74        0x0 /nix/store/gbj4l2s4sjbxcgnqad1k61xnpb5acbz8-riscv32-unknown-elf-rv32imac-toolchain-8.3.0-afcc8bc/lib/gcc/riscv32-unknown-elf/8.3.0/../../../../riscv32-unknown-elf/lib/libc.a(lib_a-mbtowc_r.o)
 .data          0x00000000c000ed74        0x0 /nix/store/gbj4l2s4sjbxcgnqad1k61xnpb5acbz8-riscv32-unknown-elf-rv32imac-toolchain-8.3.0-afcc8bc/lib/gcc/riscv32-unknown-elf/8.3.0/../../../../riscv32-unknown-elf/lib/libc.a(lib_a-readr.o)
 .data          0x00000000c000ed74        0x0 /nix/store/gbj4l2s4sjbxcgnqad1k61xnpb5acbz8-riscv32-unknown-elf-rv32imac-toolchain-8.3.0-afcc8bc/lib/gcc/riscv32-unknown-elf/8.3.0/../../../../riscv32-unknown-elf/lib/libc.a(lib_a-reent.o)
 .data          0x00000000c000ed74        0x0 /nix/store/gbj4l2s4sjbxcgnqad1k61xnpb5acbz8-riscv32-unknown-elf-rv32imac-toolchain-8.3.0-afcc8bc/lib/gcc/riscv32-unknown-elf/8.3.0/../../../../riscv32-unknown-elf/lib/libc.a(lib_a-strcmp.o)
 .data          0x00000000c000ed74        0x0 /nix/store/gbj4l2s4sjbxcgnqad1k61xnpb5acbz8-riscv32-unknown-elf-rv32imac-toolchain-8.3.0-afcc8bc/lib/gcc/riscv32-unknown-elf/8.3.0/../../../../riscv32-unknown-elf/lib/libc.a(lib_a-svfiprintf.o)
 .data          0x00000000c000ed74        0x0 /nix/store/gbj4l2s4sjbxcgnqad1k61xnpb5acbz8-riscv32-unknown-elf-rv32imac-toolchain-8.3.0-afcc8bc/lib/gcc/riscv32-unknown-elf/8.3.0/../../../../riscv32-unknown-elf/lib/libc.a(lib_a-wbuf.o)
 .data          0x00000000c000ed74        0x0 /nix/store/gbj4l2s4sjbxcgnqad1k61xnpb5acbz8-riscv32-unknown-elf-rv32imac-toolchain-8.3.0-afcc8bc/lib/gcc/riscv32-unknown-elf/8.3.0/../../../../riscv32-unknown-elf/lib/libc.a(lib_a-wcrtomb.o)
 .data          0x00000000c000ed74        0x0 /nix/store/gbj4l2s4sjbxcgnqad1k61xnpb5acbz8-riscv32-unknown-elf-rv32imac-toolchain-8.3.0-afcc8bc/lib/gcc/riscv32-unknown-elf/8.3.0/../../../../riscv32-unknown-elf/lib/libc.a(lib_a-wctomb_r.o)
 .data          0x00000000c000ed74        0x0 /nix/store/gbj4l2s4sjbxcgnqad1k61xnpb5acbz8-riscv32-unknown-elf-rv32imac-toolchain-8.3.0-afcc8bc/lib/gcc/riscv32-unknown-elf/8.3.0/../../../../riscv32-unknown-elf/lib/libc.a(lib_a-ctype_.o)
 .data          0x00000000c000ed74        0x0 /nix/store/gbj4l2s4sjbxcgnqad1k61xnpb5acbz8-riscv32-unknown-elf-rv32imac-toolchain-8.3.0-afcc8bc/lib/gcc/riscv32-unknown-elf/8.3.0/../../../../riscv32-unknown-elf/lib/libnosys.a(_exit.o)
 .data          0x00000000c000ed74        0x0 /nix/store/gbj4l2s4sjbxcgnqad1k61xnpb5acbz8-riscv32-unknown-elf-rv32imac-toolchain-8.3.0-afcc8bc/lib/gcc/riscv32-unknown-elf/8.3.0/libgcc.a(_udivdi3.o)
 .data          0x00000000c000ed74        0x0 /nix/store/gbj4l2s4sjbxcgnqad1k61xnpb5acbz8-riscv32-unknown-elf-rv32imac-toolchain-8.3.0-afcc8bc/lib/gcc/riscv32-unknown-elf/8.3.0/libgcc.a(_umoddi3.o)
 .data          0x00000000c000ed74        0x0 /nix/store/gbj4l2s4sjbxcgnqad1k61xnpb5acbz8-riscv32-unknown-elf-rv32imac-toolchain-8.3.0-afcc8bc/lib/gcc/riscv32-unknown-elf/8.3.0/libgcc.a(divdf3.o)
 .data          0x00000000c000ed74        0x0 /nix/store/gbj4l2s4sjbxcgnqad1k61xnpb5acbz8-riscv32-unknown-elf-rv32imac-toolchain-8.3.0-afcc8bc/lib/gcc/riscv32-unknown-elf/8.3.0/libgcc.a(muldf3.o)
 .data          0x00000000c000ed74        0x0 /nix/store/gbj4l2s4sjbxcgnqad1k61xnpb5acbz8-riscv32-unknown-elf-rv32imac-toolchain-8.3.0-afcc8bc/lib/gcc/riscv32-unknown-elf/8.3.0/libgcc.a(eqtf2.o)
 .data          0x00000000c000ed74        0x0 /nix/store/gbj4l2s4sjbxcgnqad1k61xnpb5acbz8-riscv32-unknown-elf-rv32imac-toolchain-8.3.0-afcc8bc/lib/gcc/riscv32-unknown-elf/8.3.0/libgcc.a(getf2.o)
 .data          0x00000000c000ed74        0x0 /nix/store/gbj4l2s4sjbxcgnqad1k61xnpb5acbz8-riscv32-unknown-elf-rv32imac-toolchain-8.3.0-afcc8bc/lib/gcc/riscv32-unknown-elf/8.3.0/libgcc.a(letf2.o)
 .data          0x00000000c000ed74        0x0 /nix/store/gbj4l2s4sjbxcgnqad1k61xnpb5acbz8-riscv32-unknown-elf-rv32imac-toolchain-8.3.0-afcc8bc/lib/gcc/riscv32-unknown-elf/8.3.0/libgcc.a(multf3.o)
 .data          0x00000000c000ed74        0x0 /nix/store/gbj4l2s4sjbxcgnqad1k61xnpb5acbz8-riscv32-unknown-elf-rv32imac-toolchain-8.3.0-afcc8bc/lib/gcc/riscv32-unknown-elf/8.3.0/libgcc.a(subtf3.o)
 .data          0x00000000c000ed74        0x0 /nix/store/gbj4l2s4sjbxcgnqad1k61xnpb5acbz8-riscv32-unknown-elf-rv32imac-toolchain-8.3.0-afcc8bc/lib/gcc/riscv32-unknown-elf/8.3.0/libgcc.a(fixtfsi.o)
 .data          0x00000000c000ed74        0x0 /nix/store/gbj4l2s4sjbxcgnqad1k61xnpb5acbz8-riscv32-unknown-elf-rv32imac-toolchain-8.3.0-afcc8bc/lib/gcc/riscv32-unknown-elf/8.3.0/libgcc.a(floatsitf.o)
 .data          0x00000000c000ed74        0x0 /nix/store/gbj4l2s4sjbxcgnqad1k61xnpb5acbz8-riscv32-unknown-elf-rv32imac-toolchain-8.3.0-afcc8bc/lib/gcc/riscv32-unknown-elf/8.3.0/libgcc.a(extenddftf2.o)
 .data          0x00000000c000ed74        0x0 /nix/store/gbj4l2s4sjbxcgnqad1k61xnpb5acbz8-riscv32-unknown-elf-rv32imac-toolchain-8.3.0-afcc8bc/lib/gcc/riscv32-unknown-elf/8.3.0/libgcc.a(trunctfdf2.o)
 .data          0x00000000c000ed74        0x0 /nix/store/gbj4l2s4sjbxcgnqad1k61xnpb5acbz8-riscv32-unknown-elf-rv32imac-toolchain-8.3.0-afcc8bc/lib/gcc/riscv32-unknown-elf/8.3.0/libgcc.a(_clzsi2.o)
 .data          0x00000000c000ed74        0x0 /nix/store/gbj4l2s4sjbxcgnqad1k61xnpb5acbz8-riscv32-unknown-elf-rv32imac-toolchain-8.3.0-afcc8bc/lib/gcc/riscv32-unknown-elf/8.3.0/crtend.o

.tm_clone_table
                0x00000000c000ed74        0x0
 .tm_clone_table
                0x00000000c000ed74        0x0 /nix/store/gbj4l2s4sjbxcgnqad1k61xnpb5acbz8-riscv32-unknown-elf-rv32imac-toolchain-8.3.0-afcc8bc/lib/gcc/riscv32-unknown-elf/8.3.0/crtbegin.o
 .tm_clone_table
                0x00000000c000ed74        0x0 /nix/store/gbj4l2s4sjbxcgnqad1k61xnpb5acbz8-riscv32-unknown-elf-rv32imac-toolchain-8.3.0-afcc8bc/lib/gcc/riscv32-unknown-elf/8.3.0/crtend.o

.data1
 *(.data1)

.got
 *(.got.plt)
 *(.igot.plt)
 *(.got)
 *(.igot)

.sdata          0x00000000c000ed78       0x30
                0x00000000c000ed78                __SDATA_BEGIN__ = .
 *(.srodata.cst16)
 *(.srodata.cst8)
 .srodata.cst8  0x00000000c000ed78       0x10 /nix/store/gbj4l2s4sjbxcgnqad1k61xnpb5acbz8-riscv32-unknown-elf-rv32imac-toolchain-8.3.0-afcc8bc/lib/gcc/riscv32-unknown-elf/8.3.0/../../../../riscv32-unknown-elf/lib/libc.a(lib_a-mprec.o)
 .srodata.cst8  0x00000000c000ed88        0x8 /nix/store/gbj4l2s4sjbxcgnqad1k61xnpb5acbz8-riscv32-unknown-elf-rv32imac-toolchain-8.3.0-afcc8bc/lib/gcc/riscv32-unknown-elf/8.3.0/../../../../riscv32-unknown-elf/lib/libc.a(lib_a-s_frexp.o)
 *(.srodata.cst4)
 *(.srodata.cst2)
 *(.srodata .srodata.*)
 .srodata       0x00000000c000ed90        0x4 /nix/store/gbj4l2s4sjbxcgnqad1k61xnpb5acbz8-riscv32-unknown-elf-rv32imac-toolchain-8.3.0-afcc8bc/lib/gcc/riscv32-unknown-elf/8.3.0/../../../../riscv32-unknown-elf/lib/libc.a(lib_a-impure.o)
                0x00000000c000ed90                _global_impure_ptr
 *(.sdata .sdata.* .gnu.linkonce.s.*)
 .sdata         0x00000000c000ed94        0x4 /nix/store/gbj4l2s4sjbxcgnqad1k61xnpb5acbz8-riscv32-unknown-elf-rv32imac-toolchain-8.3.0-afcc8bc/lib/gcc/riscv32-unknown-elf/8.3.0/crtbegin.o
                0x00000000c000ed94                __dso_handle
 .sdata         0x00000000c000ed98        0x4 ./lib/ns16550.o
 .sdata         0x00000000c000ed9c        0x4 /nix/store/gbj4l2s4sjbxcgnqad1k61xnpb5acbz8-riscv32-unknown-elf-rv32imac-toolchain-8.3.0-afcc8bc/lib/gcc/riscv32-unknown-elf/8.3.0/../../../../riscv32-unknown-elf/lib/libc.a(lib_a-impure.o)
                0x00000000c000ed9c                _impure_ptr
 .sdata         0x00000000c000eda0        0x8 /nix/store/gbj4l2s4sjbxcgnqad1k61xnpb5acbz8-riscv32-unknown-elf-rv32imac-toolchain-8.3.0-afcc8bc/lib/gcc/riscv32-unknown-elf/8.3.0/../../../../riscv32-unknown-elf/lib/libc.a(lib_a-mallocr.o)
                0x00000000c000eda0                __malloc_sbrk_base
                0x00000000c000eda4                __malloc_trim_threshold
                0x00000000c000eda8                _edata = .
                [!provide]                        PROVIDE (edata = .)
                0x00000000c000eda8                . = .
                0x00000000c000eda8                __bss_start = .

.sbss           0x00000000c000eda8       0x10
 *(.dynsbss)
 *(.sbss .sbss.* .gnu.linkonce.sb.*)
 .sbss          0x00000000c000eda8        0xc /nix/store/gbj4l2s4sjbxcgnqad1k61xnpb5acbz8-riscv32-unknown-elf-rv32imac-toolchain-8.3.0-afcc8bc/lib/gcc/riscv32-unknown-elf/8.3.0/../../../../riscv32-unknown-elf/lib/libc.a(lib_a-mallocr.o)
                0x00000000c000eda8                __malloc_max_total_mem
                0x00000000c000edac                __malloc_max_sbrked_mem
                0x00000000c000edb0                __malloc_top_pad
 .sbss          0x00000000c000edb4        0x4 /nix/store/gbj4l2s4sjbxcgnqad1k61xnpb5acbz8-riscv32-unknown-elf-rv32imac-toolchain-8.3.0-afcc8bc/lib/gcc/riscv32-unknown-elf/8.3.0/../../../../riscv32-unknown-elf/lib/libc.a(lib_a-locale.o)
                0x00000000c000edb4                _PathLocale
 *(.scommon)

.bss            0x00000000c000edb8       0x48
 *(.dynbss)
 *(.bss .bss.* .gnu.linkonce.b.*)
 .bss           0x00000000c000edb8        0x0 /nix/store/gbj4l2s4sjbxcgnqad1k61xnpb5acbz8-riscv32-unknown-elf-rv32imac-toolchain-8.3.0-afcc8bc/lib/gcc/riscv32-unknown-elf/8.3.0/../../../../riscv32-unknown-elf/lib/crt0.o
 .bss           0x00000000c000edb8       0x1c /nix/store/gbj4l2s4sjbxcgnqad1k61xnpb5acbz8-riscv32-unknown-elf-rv32imac-toolchain-8.3.0-afcc8bc/lib/gcc/riscv32-unknown-elf/8.3.0/crtbegin.o
 .bss           0x00000000c000edd4        0x0 ./lib/startup.o
 .bss           0x00000000c000edd4        0x0 ./lib/syscalls.o
 .bss           0x00000000c000edd4        0x0 ./lib/riscv_counters.o
 .bss           0x00000000c000edd4        0x0 ./lib/ns16550.o
 .bss           0x00000000c000edd4        0x0 /run/user/1001/cc0pGOKz.o
 .bss           0x00000000c000edd4        0x0 /nix/store/gbj4l2s4sjbxcgnqad1k61xnpb5acbz8-riscv32-unknown-elf-rv32imac-toolchain-8.3.0-afcc8bc/lib/gcc/riscv32-unknown-elf/8.3.0/libgcc.a(_divdi3.o)
 .bss           0x00000000c000edd4        0x0 /nix/store/gbj4l2s4sjbxcgnqad1k61xnpb5acbz8-riscv32-unknown-elf-rv32imac-toolchain-8.3.0-afcc8bc/lib/gcc/riscv32-unknown-elf/8.3.0/libgcc.a(_moddi3.o)
 .bss           0x00000000c000edd4        0x0 /nix/store/gbj4l2s4sjbxcgnqad1k61xnpb5acbz8-riscv32-unknown-elf-rv32imac-toolchain-8.3.0-afcc8bc/lib/gcc/riscv32-unknown-elf/8.3.0/libgcc.a(_clz.o)
 .bss           0x00000000c000edd4        0x0 /nix/store/gbj4l2s4sjbxcgnqad1k61xnpb5acbz8-riscv32-unknown-elf-rv32imac-toolchain-8.3.0-afcc8bc/lib/gcc/riscv32-unknown-elf/8.3.0/../../../../riscv32-unknown-elf/lib/libc.a(lib_a-atexit.o)
 .bss           0x00000000c000edd4        0x0 /nix/store/gbj4l2s4sjbxcgnqad1k61xnpb5acbz8-riscv32-unknown-elf-rv32imac-toolchain-8.3.0-afcc8bc/lib/gcc/riscv32-unknown-elf/8.3.0/../../../../riscv32-unknown-elf/lib/libc.a(lib_a-errno.o)
 .bss           0x00000000c000edd4        0x0 /nix/store/gbj4l2s4sjbxcgnqad1k61xnpb5acbz8-riscv32-unknown-elf-rv32imac-toolchain-8.3.0-afcc8bc/lib/gcc/riscv32-unknown-elf/8.3.0/../../../../riscv32-unknown-elf/lib/libc.a(lib_a-exit.o)
 .bss           0x00000000c000edd4        0x0 /nix/store/gbj4l2s4sjbxcgnqad1k61xnpb5acbz8-riscv32-unknown-elf-rv32imac-toolchain-8.3.0-afcc8bc/lib/gcc/riscv32-unknown-elf/8.3.0/../../../../riscv32-unknown-elf/lib/libc.a(lib_a-fini.o)
 .bss           0x00000000c000edd4        0x0 /nix/store/gbj4l2s4sjbxcgnqad1k61xnpb5acbz8-riscv32-unknown-elf-rv32imac-toolchain-8.3.0-afcc8bc/lib/gcc/riscv32-unknown-elf/8.3.0/../../../../riscv32-unknown-elf/lib/libc.a(lib_a-impure.o)
 .bss           0x00000000c000edd4        0x0 /nix/store/gbj4l2s4sjbxcgnqad1k61xnpb5acbz8-riscv32-unknown-elf-rv32imac-toolchain-8.3.0-afcc8bc/lib/gcc/riscv32-unknown-elf/8.3.0/../../../../riscv32-unknown-elf/lib/libc.a(lib_a-init.o)
 .bss           0x00000000c000edd4        0x0 /nix/store/gbj4l2s4sjbxcgnqad1k61xnpb5acbz8-riscv32-unknown-elf-rv32imac-toolchain-8.3.0-afcc8bc/lib/gcc/riscv32-unknown-elf/8.3.0/../../../../riscv32-unknown-elf/lib/libc.a(lib_a-memset.o)
 .bss           0x00000000c000edd4        0x0 /nix/store/gbj4l2s4sjbxcgnqad1k61xnpb5acbz8-riscv32-unknown-elf-rv32imac-toolchain-8.3.0-afcc8bc/lib/gcc/riscv32-unknown-elf/8.3.0/../../../../riscv32-unknown-elf/lib/libc.a(lib_a-printf.o)
 .bss           0x00000000c000edd4        0x0 /nix/store/gbj4l2s4sjbxcgnqad1k61xnpb5acbz8-riscv32-unknown-elf-rv32imac-toolchain-8.3.0-afcc8bc/lib/gcc/riscv32-unknown-elf/8.3.0/../../../../riscv32-unknown-elf/lib/libc.a(lib_a-puts.o)
 .bss           0x00000000c000edd4        0x0 /nix/store/gbj4l2s4sjbxcgnqad1k61xnpb5acbz8-riscv32-unknown-elf-rv32imac-toolchain-8.3.0-afcc8bc/lib/gcc/riscv32-unknown-elf/8.3.0/../../../../riscv32-unknown-elf/lib/libc.a(lib_a-strlen.o)
 .bss           0x00000000c000edd4        0x0 /nix/store/gbj4l2s4sjbxcgnqad1k61xnpb5acbz8-riscv32-unknown-elf-rv32imac-toolchain-8.3.0-afcc8bc/lib/gcc/riscv32-unknown-elf/8.3.0/../../../../riscv32-unknown-elf/lib/libc.a(lib_a-vfprintf.o)
 .bss           0x00000000c000edd4        0x0 /nix/store/gbj4l2s4sjbxcgnqad1k61xnpb5acbz8-riscv32-unknown-elf-rv32imac-toolchain-8.3.0-afcc8bc/lib/gcc/riscv32-unknown-elf/8.3.0/../../../../riscv32-unknown-elf/lib/libc.a(lib_a-wsetup.o)
 .bss           0x00000000c000edd4        0x0 /nix/store/gbj4l2s4sjbxcgnqad1k61xnpb5acbz8-riscv32-unknown-elf-rv32imac-toolchain-8.3.0-afcc8bc/lib/gcc/riscv32-unknown-elf/8.3.0/../../../../riscv32-unknown-elf/lib/libc.a(lib_a-__atexit.o)
 .bss           0x00000000c000edd4        0x0 /nix/store/gbj4l2s4sjbxcgnqad1k61xnpb5acbz8-riscv32-unknown-elf-rv32imac-toolchain-8.3.0-afcc8bc/lib/gcc/riscv32-unknown-elf/8.3.0/../../../../riscv32-unknown-elf/lib/libc.a(lib_a-__call_atexit.o)
 .bss           0x00000000c000edd4        0x0 /nix/store/gbj4l2s4sjbxcgnqad1k61xnpb5acbz8-riscv32-unknown-elf-rv32imac-toolchain-8.3.0-afcc8bc/lib/gcc/riscv32-unknown-elf/8.3.0/../../../../riscv32-unknown-elf/lib/libc.a(lib_a-fflush.o)
 .bss           0x00000000c000edd4        0x0 /nix/store/gbj4l2s4sjbxcgnqad1k61xnpb5acbz8-riscv32-unknown-elf-rv32imac-toolchain-8.3.0-afcc8bc/lib/gcc/riscv32-unknown-elf/8.3.0/../../../../riscv32-unknown-elf/lib/libc.a(lib_a-findfp.o)
 .bss           0x00000000c000edd4        0x0 /nix/store/gbj4l2s4sjbxcgnqad1k61xnpb5acbz8-riscv32-unknown-elf-rv32imac-toolchain-8.3.0-afcc8bc/lib/gcc/riscv32-unknown-elf/8.3.0/../../../../riscv32-unknown-elf/lib/libc.a(lib_a-freer.o)
 .bss           0x00000000c000edd4        0x0 /nix/store/gbj4l2s4sjbxcgnqad1k61xnpb5acbz8-riscv32-unknown-elf-rv32imac-toolchain-8.3.0-afcc8bc/lib/gcc/riscv32-unknown-elf/8.3.0/../../../../riscv32-unknown-elf/lib/libc.a(lib_a-fvwrite.o)
 .bss           0x00000000c000edd4        0x0 /nix/store/gbj4l2s4sjbxcgnqad1k61xnpb5acbz8-riscv32-unknown-elf-rv32imac-toolchain-8.3.0-afcc8bc/lib/gcc/riscv32-unknown-elf/8.3.0/../../../../riscv32-unknown-elf/lib/libc.a(lib_a-fwalk.o)
 .bss           0x00000000c000edd4        0x0 /nix/store/gbj4l2s4sjbxcgnqad1k61xnpb5acbz8-riscv32-unknown-elf-rv32imac-toolchain-8.3.0-afcc8bc/lib/gcc/riscv32-unknown-elf/8.3.0/../../../../riscv32-unknown-elf/lib/libc.a(lib_a-ldtoa.o)
 .bss           0x00000000c000edd4        0x0 /nix/store/gbj4l2s4sjbxcgnqad1k61xnpb5acbz8-riscv32-unknown-elf-rv32imac-toolchain-8.3.0-afcc8bc/lib/gcc/riscv32-unknown-elf/8.3.0/../../../../riscv32-unknown-elf/lib/libc.a(lib_a-localeconv.o)
 .bss           0x00000000c000edd4        0x0 /nix/store/gbj4l2s4sjbxcgnqad1k61xnpb5acbz8-riscv32-unknown-elf-rv32imac-toolchain-8.3.0-afcc8bc/lib/gcc/riscv32-unknown-elf/8.3.0/../../../../riscv32-unknown-elf/lib/libc.a(lib_a-makebuf.o)
 .bss           0x00000000c000edd4       0x28 /nix/store/gbj4l2s4sjbxcgnqad1k61xnpb5acbz8-riscv32-unknown-elf-rv32imac-toolchain-8.3.0-afcc8bc/lib/gcc/riscv32-unknown-elf/8.3.0/../../../../riscv32-unknown-elf/lib/libc.a(lib_a-mallocr.o)
                0x00000000c000edd4                __malloc_current_mallinfo
 .bss           0x00000000c000edfc        0x0 /nix/store/gbj4l2s4sjbxcgnqad1k61xnpb5acbz8-riscv32-unknown-elf-rv32imac-toolchain-8.3.0-afcc8bc/lib/gcc/riscv32-unknown-elf/8.3.0/../../../../riscv32-unknown-elf/lib/libc.a(lib_a-memchr.o)
 .bss           0x00000000c000edfc        0x0 /nix/store/gbj4l2s4sjbxcgnqad1k61xnpb5acbz8-riscv32-unknown-elf-rv32imac-toolchain-8.3.0-afcc8bc/lib/gcc/riscv32-unknown-elf/8.3.0/../../../../riscv32-unknown-elf/lib/libc.a(lib_a-memcpy.o)
 .bss           0x00000000c000edfc        0x0 /nix/store/gbj4l2s4sjbxcgnqad1k61xnpb5acbz8-riscv32-unknown-elf-rv32imac-toolchain-8.3.0-afcc8bc/lib/gcc/riscv32-unknown-elf/8.3.0/../../../../riscv32-unknown-elf/lib/libc.a(lib_a-memmove.o)
 .bss           0x00000000c000edfc        0x0 /nix/store/gbj4l2s4sjbxcgnqad1k61xnpb5acbz8-riscv32-unknown-elf-rv32imac-toolchain-8.3.0-afcc8bc/lib/gcc/riscv32-unknown-elf/8.3.0/../../../../riscv32-unknown-elf/lib/libc.a(lib_a-mlock.o)
 .bss           0x00000000c000edfc        0x0 /nix/store/gbj4l2s4sjbxcgnqad1k61xnpb5acbz8-riscv32-unknown-elf-rv32imac-toolchain-8.3.0-afcc8bc/lib/gcc/riscv32-unknown-elf/8.3.0/../../../../riscv32-unknown-elf/lib/libc.a(lib_a-mprec.o)
 .bss           0x00000000c000edfc        0x0 /nix/store/gbj4l2s4sjbxcgnqad1k61xnpb5acbz8-riscv32-unknown-elf-rv32imac-toolchain-8.3.0-afcc8bc/lib/gcc/riscv32-unknown-elf/8.3.0/../../../../riscv32-unknown-elf/lib/libc.a(lib_a-reallocr.o)
 .bss           0x00000000c000edfc        0x0 /nix/store/gbj4l2s4sjbxcgnqad1k61xnpb5acbz8-riscv32-unknown-elf-rv32imac-toolchain-8.3.0-afcc8bc/lib/gcc/riscv32-unknown-elf/8.3.0/../../../../riscv32-unknown-elf/lib/libc.a(lib_a-s_frexp.o)
 .bss           0x00000000c000edfc        0x0 /nix/store/gbj4l2s4sjbxcgnqad1k61xnpb5acbz8-riscv32-unknown-elf-rv32imac-toolchain-8.3.0-afcc8bc/lib/gcc/riscv32-unknown-elf/8.3.0/../../../../riscv32-unknown-elf/lib/libc.a(lib_a-sbrkr.o)
 .bss           0x00000000c000edfc        0x0 /nix/store/gbj4l2s4sjbxcgnqad1k61xnpb5acbz8-riscv32-unknown-elf-rv32imac-toolchain-8.3.0-afcc8bc/lib/gcc/riscv32-unknown-elf/8.3.0/../../../../riscv32-unknown-elf/lib/libc.a(lib_a-sprintf.o)
 .bss           0x00000000c000edfc        0x0 /nix/store/gbj4l2s4sjbxcgnqad1k61xnpb5acbz8-riscv32-unknown-elf-rv32imac-toolchain-8.3.0-afcc8bc/lib/gcc/riscv32-unknown-elf/8.3.0/../../../../riscv32-unknown-elf/lib/libc.a(lib_a-stdio.o)
 .bss           0x00000000c000edfc        0x0 /nix/store/gbj4l2s4sjbxcgnqad1k61xnpb5acbz8-riscv32-unknown-elf-rv32imac-toolchain-8.3.0-afcc8bc/lib/gcc/riscv32-unknown-elf/8.3.0/../../../../riscv32-unknown-elf/lib/libc.a(lib_a-strcpy.o)
 .bss           0x00000000c000edfc        0x0 /nix/store/gbj4l2s4sjbxcgnqad1k61xnpb5acbz8-riscv32-unknown-elf-rv32imac-toolchain-8.3.0-afcc8bc/lib/gcc/riscv32-unknown-elf/8.3.0/../../../../riscv32-unknown-elf/lib/libc.a(lib_a-strncpy.o)
 .bss           0x00000000c000edfc        0x0 /nix/store/gbj4l2s4sjbxcgnqad1k61xnpb5acbz8-riscv32-unknown-elf-rv32imac-toolchain-8.3.0-afcc8bc/lib/gcc/riscv32-unknown-elf/8.3.0/../../../../riscv32-unknown-elf/lib/libc.a(lib_a-svfprintf.o)
 .bss           0x00000000c000edfc        0x0 /nix/store/gbj4l2s4sjbxcgnqad1k61xnpb5acbz8-riscv32-unknown-elf-rv32imac-toolchain-8.3.0-afcc8bc/lib/gcc/riscv32-unknown-elf/8.3.0/../../../../riscv32-unknown-elf/lib/libc.a(lib_a-vfiprintf.o)
 .bss           0x00000000c000edfc        0x0 /nix/store/gbj4l2s4sjbxcgnqad1k61xnpb5acbz8-riscv32-unknown-elf-rv32imac-toolchain-8.3.0-afcc8bc/lib/gcc/riscv32-unknown-elf/8.3.0/../../../../riscv32-unknown-elf/lib/libc.a(lib_a-writer.o)
 .bss           0x00000000c000edfc        0x0 /nix/store/gbj4l2s4sjbxcgnqad1k61xnpb5acbz8-riscv32-unknown-elf-rv32imac-toolchain-8.3.0-afcc8bc/lib/gcc/riscv32-unknown-elf/8.3.0/../../../../riscv32-unknown-elf/lib/libc.a(lib_a-callocr.o)
 .bss           0x00000000c000edfc        0x0 /nix/store/gbj4l2s4sjbxcgnqad1k61xnpb5acbz8-riscv32-unknown-elf-rv32imac-toolchain-8.3.0-afcc8bc/lib/gcc/riscv32-unknown-elf/8.3.0/../../../../riscv32-unknown-elf/lib/libc.a(lib_a-closer.o)
 .bss           0x00000000c000edfc        0x0 /nix/store/gbj4l2s4sjbxcgnqad1k61xnpb5acbz8-riscv32-unknown-elf-rv32imac-toolchain-8.3.0-afcc8bc/lib/gcc/riscv32-unknown-elf/8.3.0/../../../../riscv32-unknown-elf/lib/libc.a(lib_a-fclose.o)
 .bss           0x00000000c000edfc        0x0 /nix/store/gbj4l2s4sjbxcgnqad1k61xnpb5acbz8-riscv32-unknown-elf-rv32imac-toolchain-8.3.0-afcc8bc/lib/gcc/riscv32-unknown-elf/8.3.0/../../../../riscv32-unknown-elf/lib/libc.a(lib_a-fputwc.o)
 .bss           0x00000000c000edfc        0x0 /nix/store/gbj4l2s4sjbxcgnqad1k61xnpb5acbz8-riscv32-unknown-elf-rv32imac-toolchain-8.3.0-afcc8bc/lib/gcc/riscv32-unknown-elf/8.3.0/../../../../riscv32-unknown-elf/lib/libc.a(lib_a-fstatr.o)
 .bss           0x00000000c000edfc        0x0 /nix/store/gbj4l2s4sjbxcgnqad1k61xnpb5acbz8-riscv32-unknown-elf-rv32imac-toolchain-8.3.0-afcc8bc/lib/gcc/riscv32-unknown-elf/8.3.0/../../../../riscv32-unknown-elf/lib/libc.a(lib_a-isattyr.o)
 .bss           0x00000000c000edfc        0x0 /nix/store/gbj4l2s4sjbxcgnqad1k61xnpb5acbz8-riscv32-unknown-elf-rv32imac-toolchain-8.3.0-afcc8bc/lib/gcc/riscv32-unknown-elf/8.3.0/../../../../riscv32-unknown-elf/lib/libc.a(lib_a-locale.o)
 .bss           0x00000000c000edfc        0x0 /nix/store/gbj4l2s4sjbxcgnqad1k61xnpb5acbz8-riscv32-unknown-elf-rv32imac-toolchain-8.3.0-afcc8bc/lib/gcc/riscv32-unknown-elf/8.3.0/../../../../riscv32-unknown-elf/lib/libc.a(lib_a-lseekr.o)
 .bss           0x00000000c000edfc        0x0 /nix/store/gbj4l2s4sjbxcgnqad1k61xnpb5acbz8-riscv32-unknown-elf-rv32imac-toolchain-8.3.0-afcc8bc/lib/gcc/riscv32-unknown-elf/8.3.0/../../../../riscv32-unknown-elf/lib/libc.a(lib_a-mbtowc_r.o)
 .bss           0x00000000c000edfc        0x0 /nix/store/gbj4l2s4sjbxcgnqad1k61xnpb5acbz8-riscv32-unknown-elf-rv32imac-toolchain-8.3.0-afcc8bc/lib/gcc/riscv32-unknown-elf/8.3.0/../../../../riscv32-unknown-elf/lib/libc.a(lib_a-readr.o)
 .bss           0x00000000c000edfc        0x0 /nix/store/gbj4l2s4sjbxcgnqad1k61xnpb5acbz8-riscv32-unknown-elf-rv32imac-toolchain-8.3.0-afcc8bc/lib/gcc/riscv32-unknown-elf/8.3.0/../../../../riscv32-unknown-elf/lib/libc.a(lib_a-reent.o)
 .bss           0x00000000c000edfc        0x0 /nix/store/gbj4l2s4sjbxcgnqad1k61xnpb5acbz8-riscv32-unknown-elf-rv32imac-toolchain-8.3.0-afcc8bc/lib/gcc/riscv32-unknown-elf/8.3.0/../../../../riscv32-unknown-elf/lib/libc.a(lib_a-strcmp.o)
 .bss           0x00000000c000edfc        0x0 /nix/store/gbj4l2s4sjbxcgnqad1k61xnpb5acbz8-riscv32-unknown-elf-rv32imac-toolchain-8.3.0-afcc8bc/lib/gcc/riscv32-unknown-elf/8.3.0/../../../../riscv32-unknown-elf/lib/libc.a(lib_a-svfiprintf.o)
 .bss           0x00000000c000edfc        0x0 /nix/store/gbj4l2s4sjbxcgnqad1k61xnpb5acbz8-riscv32-unknown-elf-rv32imac-toolchain-8.3.0-afcc8bc/lib/gcc/riscv32-unknown-elf/8.3.0/../../../../riscv32-unknown-elf/lib/libc.a(lib_a-wbuf.o)
 .bss           0x00000000c000edfc        0x0 /nix/store/gbj4l2s4sjbxcgnqad1k61xnpb5acbz8-riscv32-unknown-elf-rv32imac-toolchain-8.3.0-afcc8bc/lib/gcc/riscv32-unknown-elf/8.3.0/../../../../riscv32-unknown-elf/lib/libc.a(lib_a-wcrtomb.o)
 .bss           0x00000000c000edfc        0x0 /nix/store/gbj4l2s4sjbxcgnqad1k61xnpb5acbz8-riscv32-unknown-elf-rv32imac-toolchain-8.3.0-afcc8bc/lib/gcc/riscv32-unknown-elf/8.3.0/../../../../riscv32-unknown-elf/lib/libc.a(lib_a-wctomb_r.o)
 .bss           0x00000000c000edfc        0x0 /nix/store/gbj4l2s4sjbxcgnqad1k61xnpb5acbz8-riscv32-unknown-elf-rv32imac-toolchain-8.3.0-afcc8bc/lib/gcc/riscv32-unknown-elf/8.3.0/../../../../riscv32-unknown-elf/lib/libc.a(lib_a-ctype_.o)
 .bss           0x00000000c000edfc        0x0 /nix/store/gbj4l2s4sjbxcgnqad1k61xnpb5acbz8-riscv32-unknown-elf-rv32imac-toolchain-8.3.0-afcc8bc/lib/gcc/riscv32-unknown-elf/8.3.0/../../../../riscv32-unknown-elf/lib/libnosys.a(_exit.o)
 .bss           0x00000000c000edfc        0x0 /nix/store/gbj4l2s4sjbxcgnqad1k61xnpb5acbz8-riscv32-unknown-elf-rv32imac-toolchain-8.3.0-afcc8bc/lib/gcc/riscv32-unknown-elf/8.3.0/libgcc.a(_udivdi3.o)
 .bss           0x00000000c000edfc        0x0 /nix/store/gbj4l2s4sjbxcgnqad1k61xnpb5acbz8-riscv32-unknown-elf-rv32imac-toolchain-8.3.0-afcc8bc/lib/gcc/riscv32-unknown-elf/8.3.0/libgcc.a(_umoddi3.o)
 .bss           0x00000000c000edfc        0x0 /nix/store/gbj4l2s4sjbxcgnqad1k61xnpb5acbz8-riscv32-unknown-elf-rv32imac-toolchain-8.3.0-afcc8bc/lib/gcc/riscv32-unknown-elf/8.3.0/libgcc.a(divdf3.o)
 .bss           0x00000000c000edfc        0x0 /nix/store/gbj4l2s4sjbxcgnqad1k61xnpb5acbz8-riscv32-unknown-elf-rv32imac-toolchain-8.3.0-afcc8bc/lib/gcc/riscv32-unknown-elf/8.3.0/libgcc.a(muldf3.o)
 .bss           0x00000000c000edfc        0x0 /nix/store/gbj4l2s4sjbxcgnqad1k61xnpb5acbz8-riscv32-unknown-elf-rv32imac-toolchain-8.3.0-afcc8bc/lib/gcc/riscv32-unknown-elf/8.3.0/libgcc.a(eqtf2.o)
 .bss           0x00000000c000edfc        0x0 /nix/store/gbj4l2s4sjbxcgnqad1k61xnpb5acbz8-riscv32-unknown-elf-rv32imac-toolchain-8.3.0-afcc8bc/lib/gcc/riscv32-unknown-elf/8.3.0/libgcc.a(getf2.o)
 .bss           0x00000000c000edfc        0x0 /nix/store/gbj4l2s4sjbxcgnqad1k61xnpb5acbz8-riscv32-unknown-elf-rv32imac-toolchain-8.3.0-afcc8bc/lib/gcc/riscv32-unknown-elf/8.3.0/libgcc.a(letf2.o)
 .bss           0x00000000c000edfc        0x0 /nix/store/gbj4l2s4sjbxcgnqad1k61xnpb5acbz8-riscv32-unknown-elf-rv32imac-toolchain-8.3.0-afcc8bc/lib/gcc/riscv32-unknown-elf/8.3.0/libgcc.a(multf3.o)
 .bss           0x00000000c000edfc        0x0 /nix/store/gbj4l2s4sjbxcgnqad1k61xnpb5acbz8-riscv32-unknown-elf-rv32imac-toolchain-8.3.0-afcc8bc/lib/gcc/riscv32-unknown-elf/8.3.0/libgcc.a(subtf3.o)
 .bss           0x00000000c000edfc        0x0 /nix/store/gbj4l2s4sjbxcgnqad1k61xnpb5acbz8-riscv32-unknown-elf-rv32imac-toolchain-8.3.0-afcc8bc/lib/gcc/riscv32-unknown-elf/8.3.0/libgcc.a(fixtfsi.o)
 .bss           0x00000000c000edfc        0x0 /nix/store/gbj4l2s4sjbxcgnqad1k61xnpb5acbz8-riscv32-unknown-elf-rv32imac-toolchain-8.3.0-afcc8bc/lib/gcc/riscv32-unknown-elf/8.3.0/libgcc.a(floatsitf.o)
 .bss           0x00000000c000edfc        0x0 /nix/store/gbj4l2s4sjbxcgnqad1k61xnpb5acbz8-riscv32-unknown-elf-rv32imac-toolchain-8.3.0-afcc8bc/lib/gcc/riscv32-unknown-elf/8.3.0/libgcc.a(extenddftf2.o)
 .bss           0x00000000c000edfc        0x0 /nix/store/gbj4l2s4sjbxcgnqad1k61xnpb5acbz8-riscv32-unknown-elf-rv32imac-toolchain-8.3.0-afcc8bc/lib/gcc/riscv32-unknown-elf/8.3.0/libgcc.a(trunctfdf2.o)
 .bss           0x00000000c000edfc        0x0 /nix/store/gbj4l2s4sjbxcgnqad1k61xnpb5acbz8-riscv32-unknown-elf-rv32imac-toolchain-8.3.0-afcc8bc/lib/gcc/riscv32-unknown-elf/8.3.0/libgcc.a(_clzsi2.o)
 .bss           0x00000000c000edfc        0x0 /nix/store/gbj4l2s4sjbxcgnqad1k61xnpb5acbz8-riscv32-unknown-elf-rv32imac-toolchain-8.3.0-afcc8bc/lib/gcc/riscv32-unknown-elf/8.3.0/crtend.o
 *(COMMON)
 COMMON         0x00000000c000edfc        0x4 /nix/store/gbj4l2s4sjbxcgnqad1k61xnpb5acbz8-riscv32-unknown-elf-rv32imac-toolchain-8.3.0-afcc8bc/lib/gcc/riscv32-unknown-elf/8.3.0/../../../../riscv32-unknown-elf/lib/libc.a(lib_a-reent.o)
                0x00000000c000edfc                errno
                0x00000000c000ee00                . = ALIGN ((. != 0x0)?0x4:0x1)
LOAD /nix/store/gbj4l2s4sjbxcgnqad1k61xnpb5acbz8-riscv32-unknown-elf-rv32imac-toolchain-8.3.0-afcc8bc/lib/gcc/riscv32-unknown-elf/8.3.0/../../../../riscv32-unknown-elf/lib/crt0.o
LOAD /nix/store/gbj4l2s4sjbxcgnqad1k61xnpb5acbz8-riscv32-unknown-elf-rv32imac-toolchain-8.3.0-afcc8bc/lib/gcc/riscv32-unknown-elf/8.3.0/crtbegin.o
                0x00000000c000ee00                __startup_save = .

.startup        0x00000000c0000000       0x44
 startup.o(.text)
 .text          0x00000000c0000000       0x44 ./lib/startup.o
                0x00000000c0000000                _reset
                0x00000000c000ee00                . = __startup_save
                0x00000000c000ee00                . = ALIGN (0x4)
                0x00000000c000ee00                . = SEGMENT_START ("ldata-segment", .)
                0x00000000c000ee00                . = ALIGN (0x4)
                0x00000000c000ee00                __BSS_END__ = .
                0x00000000c000e878                __global_pointer$ = MIN ((__SDATA_BEGIN__ + 0x800), MAX ((__DATA_BEGIN__ + 0x800), (__BSS_END__ - 0x800)))
                0x00000000c000ee00                _end = .
                [!provide]                        PROVIDE (end = .)
                0x00000000c000ee00                . = DATA_SEGMENT_END (.)

.stab
 *(.stab)

.stabstr
 *(.stabstr)

.stab.excl
 *(.stab.excl)

.stab.exclstr
 *(.stab.exclstr)

.stab.index
 *(.stab.index)

.stab.indexstr
 *(.stab.indexstr)

.comment        0x0000000000000000       0x11
 *(.comment)
 .comment       0x0000000000000000       0x11 /nix/store/gbj4l2s4sjbxcgnqad1k61xnpb5acbz8-riscv32-unknown-elf-rv32imac-toolchain-8.3.0-afcc8bc/lib/gcc/riscv32-unknown-elf/8.3.0/crtbegin.o
                                         0x12 (size before relaxing)
 .comment       0x0000000000000011       0x12 ./lib/syscalls.o
 .comment       0x0000000000000011       0x12 ./lib/riscv_counters.o
 .comment       0x0000000000000011       0x12 ./lib/ns16550.o
 .comment       0x0000000000000011       0x12 /run/user/1001/cc0pGOKz.o
 .comment       0x0000000000000011       0x12 /nix/store/gbj4l2s4sjbxcgnqad1k61xnpb5acbz8-riscv32-unknown-elf-rv32imac-toolchain-8.3.0-afcc8bc/lib/gcc/riscv32-unknown-elf/8.3.0/libgcc.a(_divdi3.o)
 .comment       0x0000000000000011       0x12 /nix/store/gbj4l2s4sjbxcgnqad1k61xnpb5acbz8-riscv32-unknown-elf-rv32imac-toolchain-8.3.0-afcc8bc/lib/gcc/riscv32-unknown-elf/8.3.0/libgcc.a(_moddi3.o)
 .comment       0x0000000000000011       0x12 /nix/store/gbj4l2s4sjbxcgnqad1k61xnpb5acbz8-riscv32-unknown-elf-rv32imac-toolchain-8.3.0-afcc8bc/lib/gcc/riscv32-unknown-elf/8.3.0/libgcc.a(_clz.o)
 .comment       0x0000000000000011       0x12 /nix/store/gbj4l2s4sjbxcgnqad1k61xnpb5acbz8-riscv32-unknown-elf-rv32imac-toolchain-8.3.0-afcc8bc/lib/gcc/riscv32-unknown-elf/8.3.0/../../../../riscv32-unknown-elf/lib/libc.a(lib_a-atexit.o)
 .comment       0x0000000000000011       0x12 /nix/store/gbj4l2s4sjbxcgnqad1k61xnpb5acbz8-riscv32-unknown-elf-rv32imac-toolchain-8.3.0-afcc8bc/lib/gcc/riscv32-unknown-elf/8.3.0/../../../../riscv32-unknown-elf/lib/libc.a(lib_a-errno.o)
 .comment       0x0000000000000011       0x12 /nix/store/gbj4l2s4sjbxcgnqad1k61xnpb5acbz8-riscv32-unknown-elf-rv32imac-toolchain-8.3.0-afcc8bc/lib/gcc/riscv32-unknown-elf/8.3.0/../../../../riscv32-unknown-elf/lib/libc.a(lib_a-exit.o)
 .comment       0x0000000000000011       0x12 /nix/store/gbj4l2s4sjbxcgnqad1k61xnpb5acbz8-riscv32-unknown-elf-rv32imac-toolchain-8.3.0-afcc8bc/lib/gcc/riscv32-unknown-elf/8.3.0/../../../../riscv32-unknown-elf/lib/libc.a(lib_a-fini.o)
 .comment       0x0000000000000011       0x12 /nix/store/gbj4l2s4sjbxcgnqad1k61xnpb5acbz8-riscv32-unknown-elf-rv32imac-toolchain-8.3.0-afcc8bc/lib/gcc/riscv32-unknown-elf/8.3.0/../../../../riscv32-unknown-elf/lib/libc.a(lib_a-impure.o)
 .comment       0x0000000000000011       0x12 /nix/store/gbj4l2s4sjbxcgnqad1k61xnpb5acbz8-riscv32-unknown-elf-rv32imac-toolchain-8.3.0-afcc8bc/lib/gcc/riscv32-unknown-elf/8.3.0/../../../../riscv32-unknown-elf/lib/libc.a(lib_a-init.o)
 .comment       0x0000000000000011       0x12 /nix/store/gbj4l2s4sjbxcgnqad1k61xnpb5acbz8-riscv32-unknown-elf-rv32imac-toolchain-8.3.0-afcc8bc/lib/gcc/riscv32-unknown-elf/8.3.0/../../../../riscv32-unknown-elf/lib/libc.a(lib_a-printf.o)
 .comment       0x0000000000000011       0x12 /nix/store/gbj4l2s4sjbxcgnqad1k61xnpb5acbz8-riscv32-unknown-elf-rv32imac-toolchain-8.3.0-afcc8bc/lib/gcc/riscv32-unknown-elf/8.3.0/../../../../riscv32-unknown-elf/lib/libc.a(lib_a-puts.o)
 .comment       0x0000000000000011       0x12 /nix/store/gbj4l2s4sjbxcgnqad1k61xnpb5acbz8-riscv32-unknown-elf-rv32imac-toolchain-8.3.0-afcc8bc/lib/gcc/riscv32-unknown-elf/8.3.0/../../../../riscv32-unknown-elf/lib/libc.a(lib_a-strlen.o)
 .comment       0x0000000000000011       0x12 /nix/store/gbj4l2s4sjbxcgnqad1k61xnpb5acbz8-riscv32-unknown-elf-rv32imac-toolchain-8.3.0-afcc8bc/lib/gcc/riscv32-unknown-elf/8.3.0/../../../../riscv32-unknown-elf/lib/libc.a(lib_a-vfprintf.o)
 .comment       0x0000000000000011       0x12 /nix/store/gbj4l2s4sjbxcgnqad1k61xnpb5acbz8-riscv32-unknown-elf-rv32imac-toolchain-8.3.0-afcc8bc/lib/gcc/riscv32-unknown-elf/8.3.0/../../../../riscv32-unknown-elf/lib/libc.a(lib_a-wsetup.o)
 .comment       0x0000000000000011       0x12 /nix/store/gbj4l2s4sjbxcgnqad1k61xnpb5acbz8-riscv32-unknown-elf-rv32imac-toolchain-8.3.0-afcc8bc/lib/gcc/riscv32-unknown-elf/8.3.0/../../../../riscv32-unknown-elf/lib/libc.a(lib_a-__atexit.o)
 .comment       0x0000000000000011       0x12 /nix/store/gbj4l2s4sjbxcgnqad1k61xnpb5acbz8-riscv32-unknown-elf-rv32imac-toolchain-8.3.0-afcc8bc/lib/gcc/riscv32-unknown-elf/8.3.0/../../../../riscv32-unknown-elf/lib/libc.a(lib_a-__call_atexit.o)
 .comment       0x0000000000000011       0x12 /nix/store/gbj4l2s4sjbxcgnqad1k61xnpb5acbz8-riscv32-unknown-elf-rv32imac-toolchain-8.3.0-afcc8bc/lib/gcc/riscv32-unknown-elf/8.3.0/../../../../riscv32-unknown-elf/lib/libc.a(lib_a-fflush.o)
 .comment       0x0000000000000011       0x12 /nix/store/gbj4l2s4sjbxcgnqad1k61xnpb5acbz8-riscv32-unknown-elf-rv32imac-toolchain-8.3.0-afcc8bc/lib/gcc/riscv32-unknown-elf/8.3.0/../../../../riscv32-unknown-elf/lib/libc.a(lib_a-findfp.o)
 .comment       0x0000000000000011       0x12 /nix/store/gbj4l2s4sjbxcgnqad1k61xnpb5acbz8-riscv32-unknown-elf-rv32imac-toolchain-8.3.0-afcc8bc/lib/gcc/riscv32-unknown-elf/8.3.0/../../../../riscv32-unknown-elf/lib/libc.a(lib_a-freer.o)
 .comment       0x0000000000000011       0x12 /nix/store/gbj4l2s4sjbxcgnqad1k61xnpb5acbz8-riscv32-unknown-elf-rv32imac-toolchain-8.3.0-afcc8bc/lib/gcc/riscv32-unknown-elf/8.3.0/../../../../riscv32-unknown-elf/lib/libc.a(lib_a-fvwrite.o)
 .comment       0x0000000000000011       0x12 /nix/store/gbj4l2s4sjbxcgnqad1k61xnpb5acbz8-riscv32-unknown-elf-rv32imac-toolchain-8.3.0-afcc8bc/lib/gcc/riscv32-unknown-elf/8.3.0/../../../../riscv32-unknown-elf/lib/libc.a(lib_a-fwalk.o)
 .comment       0x0000000000000011       0x12 /nix/store/gbj4l2s4sjbxcgnqad1k61xnpb5acbz8-riscv32-unknown-elf-rv32imac-toolchain-8.3.0-afcc8bc/lib/gcc/riscv32-unknown-elf/8.3.0/../../../../riscv32-unknown-elf/lib/libc.a(lib_a-ldtoa.o)
 .comment       0x0000000000000011       0x12 /nix/store/gbj4l2s4sjbxcgnqad1k61xnpb5acbz8-riscv32-unknown-elf-rv32imac-toolchain-8.3.0-afcc8bc/lib/gcc/riscv32-unknown-elf/8.3.0/../../../../riscv32-unknown-elf/lib/libc.a(lib_a-localeconv.o)
 .comment       0x0000000000000011       0x12 /nix/store/gbj4l2s4sjbxcgnqad1k61xnpb5acbz8-riscv32-unknown-elf-rv32imac-toolchain-8.3.0-afcc8bc/lib/gcc/riscv32-unknown-elf/8.3.0/../../../../riscv32-unknown-elf/lib/libc.a(lib_a-makebuf.o)
 .comment       0x0000000000000011       0x12 /nix/store/gbj4l2s4sjbxcgnqad1k61xnpb5acbz8-riscv32-unknown-elf-rv32imac-toolchain-8.3.0-afcc8bc/lib/gcc/riscv32-unknown-elf/8.3.0/../../../../riscv32-unknown-elf/lib/libc.a(lib_a-mallocr.o)
 .comment       0x0000000000000011       0x12 /nix/store/gbj4l2s4sjbxcgnqad1k61xnpb5acbz8-riscv32-unknown-elf-rv32imac-toolchain-8.3.0-afcc8bc/lib/gcc/riscv32-unknown-elf/8.3.0/../../../../riscv32-unknown-elf/lib/libc.a(lib_a-memchr.o)
 .comment       0x0000000000000011       0x12 /nix/store/gbj4l2s4sjbxcgnqad1k61xnpb5acbz8-riscv32-unknown-elf-rv32imac-toolchain-8.3.0-afcc8bc/lib/gcc/riscv32-unknown-elf/8.3.0/../../../../riscv32-unknown-elf/lib/libc.a(lib_a-memcpy.o)
 .comment       0x0000000000000011       0x12 /nix/store/gbj4l2s4sjbxcgnqad1k61xnpb5acbz8-riscv32-unknown-elf-rv32imac-toolchain-8.3.0-afcc8bc/lib/gcc/riscv32-unknown-elf/8.3.0/../../../../riscv32-unknown-elf/lib/libc.a(lib_a-memmove.o)
 .comment       0x0000000000000011       0x12 /nix/store/gbj4l2s4sjbxcgnqad1k61xnpb5acbz8-riscv32-unknown-elf-rv32imac-toolchain-8.3.0-afcc8bc/lib/gcc/riscv32-unknown-elf/8.3.0/../../../../riscv32-unknown-elf/lib/libc.a(lib_a-mlock.o)
 .comment       0x0000000000000011       0x12 /nix/store/gbj4l2s4sjbxcgnqad1k61xnpb5acbz8-riscv32-unknown-elf-rv32imac-toolchain-8.3.0-afcc8bc/lib/gcc/riscv32-unknown-elf/8.3.0/../../../../riscv32-unknown-elf/lib/libc.a(lib_a-mprec.o)
 .comment       0x0000000000000011       0x12 /nix/store/gbj4l2s4sjbxcgnqad1k61xnpb5acbz8-riscv32-unknown-elf-rv32imac-toolchain-8.3.0-afcc8bc/lib/gcc/riscv32-unknown-elf/8.3.0/../../../../riscv32-unknown-elf/lib/libc.a(lib_a-reallocr.o)
 .comment       0x0000000000000011       0x12 /nix/store/gbj4l2s4sjbxcgnqad1k61xnpb5acbz8-riscv32-unknown-elf-rv32imac-toolchain-8.3.0-afcc8bc/lib/gcc/riscv32-unknown-elf/8.3.0/../../../../riscv32-unknown-elf/lib/libc.a(lib_a-s_frexp.o)
 .comment       0x0000000000000011       0x12 /nix/store/gbj4l2s4sjbxcgnqad1k61xnpb5acbz8-riscv32-unknown-elf-rv32imac-toolchain-8.3.0-afcc8bc/lib/gcc/riscv32-unknown-elf/8.3.0/../../../../riscv32-unknown-elf/lib/libc.a(lib_a-sbrkr.o)
 .comment       0x0000000000000011       0x12 /nix/store/gbj4l2s4sjbxcgnqad1k61xnpb5acbz8-riscv32-unknown-elf-rv32imac-toolchain-8.3.0-afcc8bc/lib/gcc/riscv32-unknown-elf/8.3.0/../../../../riscv32-unknown-elf/lib/libc.a(lib_a-sprintf.o)
 .comment       0x0000000000000011       0x12 /nix/store/gbj4l2s4sjbxcgnqad1k61xnpb5acbz8-riscv32-unknown-elf-rv32imac-toolchain-8.3.0-afcc8bc/lib/gcc/riscv32-unknown-elf/8.3.0/../../../../riscv32-unknown-elf/lib/libc.a(lib_a-stdio.o)
 .comment       0x0000000000000011       0x12 /nix/store/gbj4l2s4sjbxcgnqad1k61xnpb5acbz8-riscv32-unknown-elf-rv32imac-toolchain-8.3.0-afcc8bc/lib/gcc/riscv32-unknown-elf/8.3.0/../../../../riscv32-unknown-elf/lib/libc.a(lib_a-strcpy.o)
 .comment       0x0000000000000011       0x12 /nix/store/gbj4l2s4sjbxcgnqad1k61xnpb5acbz8-riscv32-unknown-elf-rv32imac-toolchain-8.3.0-afcc8bc/lib/gcc/riscv32-unknown-elf/8.3.0/../../../../riscv32-unknown-elf/lib/libc.a(lib_a-strncpy.o)
 .comment       0x0000000000000011       0x12 /nix/store/gbj4l2s4sjbxcgnqad1k61xnpb5acbz8-riscv32-unknown-elf-rv32imac-toolchain-8.3.0-afcc8bc/lib/gcc/riscv32-unknown-elf/8.3.0/../../../../riscv32-unknown-elf/lib/libc.a(lib_a-svfprintf.o)
 .comment       0x0000000000000011       0x12 /nix/store/gbj4l2s4sjbxcgnqad1k61xnpb5acbz8-riscv32-unknown-elf-rv32imac-toolchain-8.3.0-afcc8bc/lib/gcc/riscv32-unknown-elf/8.3.0/../../../../riscv32-unknown-elf/lib/libc.a(lib_a-vfiprintf.o)
 .comment       0x0000000000000011       0x12 /nix/store/gbj4l2s4sjbxcgnqad1k61xnpb5acbz8-riscv32-unknown-elf-rv32imac-toolchain-8.3.0-afcc8bc/lib/gcc/riscv32-unknown-elf/8.3.0/../../../../riscv32-unknown-elf/lib/libc.a(lib_a-writer.o)
 .comment       0x0000000000000011       0x12 /nix/store/gbj4l2s4sjbxcgnqad1k61xnpb5acbz8-riscv32-unknown-elf-rv32imac-toolchain-8.3.0-afcc8bc/lib/gcc/riscv32-unknown-elf/8.3.0/../../../../riscv32-unknown-elf/lib/libc.a(lib_a-callocr.o)
 .comment       0x0000000000000011       0x12 /nix/store/gbj4l2s4sjbxcgnqad1k61xnpb5acbz8-riscv32-unknown-elf-rv32imac-toolchain-8.3.0-afcc8bc/lib/gcc/riscv32-unknown-elf/8.3.0/../../../../riscv32-unknown-elf/lib/libc.a(lib_a-closer.o)
 .comment       0x0000000000000011       0x12 /nix/store/gbj4l2s4sjbxcgnqad1k61xnpb5acbz8-riscv32-unknown-elf-rv32imac-toolchain-8.3.0-afcc8bc/lib/gcc/riscv32-unknown-elf/8.3.0/../../../../riscv32-unknown-elf/lib/libc.a(lib_a-fclose.o)
 .comment       0x0000000000000011       0x12 /nix/store/gbj4l2s4sjbxcgnqad1k61xnpb5acbz8-riscv32-unknown-elf-rv32imac-toolchain-8.3.0-afcc8bc/lib/gcc/riscv32-unknown-elf/8.3.0/../../../../riscv32-unknown-elf/lib/libc.a(lib_a-fputwc.o)
 .comment       0x0000000000000011       0x12 /nix/store/gbj4l2s4sjbxcgnqad1k61xnpb5acbz8-riscv32-unknown-elf-rv32imac-toolchain-8.3.0-afcc8bc/lib/gcc/riscv32-unknown-elf/8.3.0/../../../../riscv32-unknown-elf/lib/libc.a(lib_a-fstatr.o)
 .comment       0x0000000000000011       0x12 /nix/store/gbj4l2s4sjbxcgnqad1k61xnpb5acbz8-riscv32-unknown-elf-rv32imac-toolchain-8.3.0-afcc8bc/lib/gcc/riscv32-unknown-elf/8.3.0/../../../../riscv32-unknown-elf/lib/libc.a(lib_a-isattyr.o)
 .comment       0x0000000000000011       0x12 /nix/store/gbj4l2s4sjbxcgnqad1k61xnpb5acbz8-riscv32-unknown-elf-rv32imac-toolchain-8.3.0-afcc8bc/lib/gcc/riscv32-unknown-elf/8.3.0/../../../../riscv32-unknown-elf/lib/libc.a(lib_a-locale.o)
 .comment       0x0000000000000011       0x12 /nix/store/gbj4l2s4sjbxcgnqad1k61xnpb5acbz8-riscv32-unknown-elf-rv32imac-toolchain-8.3.0-afcc8bc/lib/gcc/riscv32-unknown-elf/8.3.0/../../../../riscv32-unknown-elf/lib/libc.a(lib_a-lseekr.o)
 .comment       0x0000000000000011       0x12 /nix/store/gbj4l2s4sjbxcgnqad1k61xnpb5acbz8-riscv32-unknown-elf-rv32imac-toolchain-8.3.0-afcc8bc/lib/gcc/riscv32-unknown-elf/8.3.0/../../../../riscv32-unknown-elf/lib/libc.a(lib_a-mbtowc_r.o)
 .comment       0x0000000000000011       0x12 /nix/store/gbj4l2s4sjbxcgnqad1k61xnpb5acbz8-riscv32-unknown-elf-rv32imac-toolchain-8.3.0-afcc8bc/lib/gcc/riscv32-unknown-elf/8.3.0/../../../../riscv32-unknown-elf/lib/libc.a(lib_a-readr.o)
 .comment       0x0000000000000011       0x12 /nix/store/gbj4l2s4sjbxcgnqad1k61xnpb5acbz8-riscv32-unknown-elf-rv32imac-toolchain-8.3.0-afcc8bc/lib/gcc/riscv32-unknown-elf/8.3.0/../../../../riscv32-unknown-elf/lib/libc.a(lib_a-reent.o)
 .comment       0x0000000000000011       0x12 /nix/store/gbj4l2s4sjbxcgnqad1k61xnpb5acbz8-riscv32-unknown-elf-rv32imac-toolchain-8.3.0-afcc8bc/lib/gcc/riscv32-unknown-elf/8.3.0/../../../../riscv32-unknown-elf/lib/libc.a(lib_a-svfiprintf.o)
 .comment       0x0000000000000011       0x12 /nix/store/gbj4l2s4sjbxcgnqad1k61xnpb5acbz8-riscv32-unknown-elf-rv32imac-toolchain-8.3.0-afcc8bc/lib/gcc/riscv32-unknown-elf/8.3.0/../../../../riscv32-unknown-elf/lib/libc.a(lib_a-wbuf.o)