Archive member included to satisfy reference by file (symbol)

/raid/tools/cross-compilers/riscv-rv32im/lib/gcc/riscv32-unknown-elf/7.2.0/../../../../riscv32-unknown-elf/lib/libm.a(lib_a-s_floor.o)
                              /tmp/ccdsDNfB.o (floor)
/raid/tools/cross-compilers/riscv-rv32im/lib/gcc/riscv32-unknown-elf/7.2.0/../../../../riscv32-unknown-elf/lib/libm.a(lib_a-w_log.o)
                              /tmp/ccdsDNfB.o (log)
/raid/tools/cross-compilers/riscv-rv32im/lib/gcc/riscv32-unknown-elf/7.2.0/../../../../riscv32-unknown-elf/lib/libm.a(lib_a-w_pow.o)
                              /tmp/ccdsDNfB.o (pow)
/raid/tools/cross-compilers/riscv-rv32im/lib/gcc/riscv32-unknown-elf/7.2.0/../../../../riscv32-unknown-elf/lib/libm.a(lib_a-w_sqrt.o)
                              /tmp/ccdsDNfB.o (sqrt)
/raid/tools/cross-compilers/riscv-rv32im/lib/gcc/riscv32-unknown-elf/7.2.0/../../../../riscv32-unknown-elf/lib/libm.a(lib_a-e_log.o)
                              /raid/tools/cross-compilers/riscv-rv32im/lib/gcc/riscv32-unknown-elf/7.2.0/../../../../riscv32-unknown-elf/lib/libm.a(lib_a-w_log.o) (__ieee754_log)
/raid/tools/cross-compilers/riscv-rv32im/lib/gcc/riscv32-unknown-elf/7.2.0/../../../../riscv32-unknown-elf/lib/libm.a(lib_a-e_pow.o)
                              /raid/tools/cross-compilers/riscv-rv32im/lib/gcc/riscv32-unknown-elf/7.2.0/../../../../riscv32-unknown-elf/lib/libm.a(lib_a-w_pow.o) (__ieee754_pow)
/raid/tools/cross-compilers/riscv-rv32im/lib/gcc/riscv32-unknown-elf/7.2.0/../../../../riscv32-unknown-elf/lib/libm.a(lib_a-e_sqrt.o)
                              /raid/tools/cross-compilers/riscv-rv32im/lib/gcc/riscv32-unknown-elf/7.2.0/../../../../riscv32-unknown-elf/lib/libm.a(lib_a-w_sqrt.o) (__ieee754_sqrt)
/raid/tools/cross-compilers/riscv-rv32im/lib/gcc/riscv32-unknown-elf/7.2.0/../../../../riscv32-unknown-elf/lib/libm.a(lib_a-s_fabs.o)
                              /raid/tools/cross-compilers/riscv-rv32im/lib/gcc/riscv32-unknown-elf/7.2.0/../../../../riscv32-unknown-elf/lib/libm.a(lib_a-e_pow.o) (fabs)
/raid/tools/cross-compilers/riscv-rv32im/lib/gcc/riscv32-unknown-elf/7.2.0/../../../../riscv32-unknown-elf/lib/libm.a(lib_a-s_finite.o)
                              /raid/tools/cross-compilers/riscv-rv32im/lib/gcc/riscv32-unknown-elf/7.2.0/../../../../riscv32-unknown-elf/lib/libm.a(lib_a-w_pow.o) (finite)
/raid/tools/cross-compilers/riscv-rv32im/lib/gcc/riscv32-unknown-elf/7.2.0/../../../../riscv32-unknown-elf/lib/libm.a(lib_a-s_lib_ver.o)
                              /raid/tools/cross-compilers/riscv-rv32im/lib/gcc/riscv32-unknown-elf/7.2.0/../../../../riscv32-unknown-elf/lib/libm.a(lib_a-w_log.o) (__fdlib_version)
/raid/tools/cross-compilers/riscv-rv32im/lib/gcc/riscv32-unknown-elf/7.2.0/../../../../riscv32-unknown-elf/lib/libm.a(lib_a-s_matherr.o)
                              /raid/tools/cross-compilers/riscv-rv32im/lib/gcc/riscv32-unknown-elf/7.2.0/../../../../riscv32-unknown-elf/lib/libm.a(lib_a-w_log.o) (matherr)
/raid/tools/cross-compilers/riscv-rv32im/lib/gcc/riscv32-unknown-elf/7.2.0/../../../../riscv32-unknown-elf/lib/libm.a(lib_a-s_nan.o)
                              /raid/tools/cross-compilers/riscv-rv32im/lib/gcc/riscv32-unknown-elf/7.2.0/../../../../riscv32-unknown-elf/lib/libm.a(lib_a-w_log.o) (nan)
/raid/tools/cross-compilers/riscv-rv32im/lib/gcc/riscv32-unknown-elf/7.2.0/../../../../riscv32-unknown-elf/lib/libm.a(lib_a-s_rint.o)
                              /raid/tools/cross-compilers/riscv-rv32im/lib/gcc/riscv32-unknown-elf/7.2.0/../../../../riscv32-unknown-elf/lib/libm.a(lib_a-w_pow.o) (rint)
/raid/tools/cross-compilers/riscv-rv32im/lib/gcc/riscv32-unknown-elf/7.2.0/../../../../riscv32-unknown-elf/lib/libm.a(lib_a-s_scalbn.o)
                              /raid/tools/cross-compilers/riscv-rv32im/lib/gcc/riscv32-unknown-elf/7.2.0/../../../../riscv32-unknown-elf/lib/libm.a(lib_a-e_pow.o) (scalbn)
/raid/tools/cross-compilers/riscv-rv32im/lib/gcc/riscv32-unknown-elf/7.2.0/../../../../riscv32-unknown-elf/lib/libm.a(lib_a-s_copysign.o)
                              /raid/tools/cross-compilers/riscv-rv32im/lib/gcc/riscv32-unknown-elf/7.2.0/../../../../riscv32-unknown-elf/lib/libm.a(lib_a-s_scalbn.o) (copysign)
/raid/tools/cross-compilers/riscv-rv32im/lib/gcc/riscv32-unknown-elf/7.2.0/libgcc.a(_divdi3.o)
                              ./lib/syscalls.o (__divdi3)
/raid/tools/cross-compilers/riscv-rv32im/lib/gcc/riscv32-unknown-elf/7.2.0/libgcc.a(_moddi3.o)
                              ./lib/syscalls.o (__moddi3)
/raid/tools/cross-compilers/riscv-rv32im/lib/gcc/riscv32-unknown-elf/7.2.0/libgcc.a(adddf3.o)
                              /tmp/ccdsDNfB.o (__adddf3)
/raid/tools/cross-compilers/riscv-rv32im/lib/gcc/riscv32-unknown-elf/7.2.0/libgcc.a(divdf3.o)
                              /tmp/ccdsDNfB.o (__divdf3)
/raid/tools/cross-compilers/riscv-rv32im/lib/gcc/riscv32-unknown-elf/7.2.0/libgcc.a(eqdf2.o)
                              /tmp/ccdsDNfB.o (__eqdf2)
[...]
Memory Configuration

Name             Origin             Length             Attributes
*default*        0x0000000000000000 0xffffffffffffffff

Linker script and memory map

LOAD ./lib/syscalls.o
LOAD ./lib/riscv_counters.o
LOAD ./lib/ns16550.o
Address of section .text-segment set to 0xc0000000
LOAD /tmp/ccdsDNfB.o
LOAD /raid/tools/cross-compilers/riscv-rv32im/lib/gcc/riscv32-unknown-elf/7.2.0/../../../../riscv32-unknown-elf/lib/libm.a
LOAD /raid/tools/cross-compilers/riscv-rv32im/lib/gcc/riscv32-unknown-elf/7.2.0/libgcc.a
LOAD /raid/tools/cross-compilers/riscv-rv32im/lib/gcc/riscv32-unknown-elf/7.2.0/../../../../riscv32-unknown-elf/lib/libnosys.a
LOAD /raid/tools/cross-compilers/riscv-rv32im/lib/gcc/riscv32-unknown-elf/7.2.0/libgcc.a
START GROUP
LOAD /raid/tools/cross-compilers/riscv-rv32im/lib/gcc/riscv32-unknown-elf/7.2.0/libgcc.a
LOAD /raid/tools/cross-compilers/riscv-rv32im/lib/gcc/riscv32-unknown-elf/7.2.0/../../../../riscv32-unknown-elf/lib/libc.a
LOAD /raid/tools/cross-compilers/riscv-rv32im/lib/gcc/riscv32-unknown-elf/7.2.0/../../../../riscv32-unknown-elf/lib/libnosys.a
END GROUP
LOAD /raid/tools/cross-compilers/riscv-rv32im/lib/gcc/riscv32-unknown-elf/7.2.0/crtend.o
                [!provide]                        PROVIDE (__executable_start, SEGMENT_START ("text-segment", 0x10000))
                0x00000000c0000074                . = (SEGMENT_START ("text-segment", 0x10000) + SIZEOF_HEADERS)

.interp
 *(.interp)

.note.gnu.build-id
 *(.note.gnu.build-id)

.hash
 *(.hash)

.gnu.hash
 *(.gnu.hash)

.dynsym
 *(.dynsym)

.dynstr
 *(.dynstr)

.gnu.version
 *(.gnu.version)

.gnu.version_d
 *(.gnu.version_d)

.gnu.version_r
 *(.gnu.version_r)

.rela.dyn       0x00000000c0000074        0x0
 *(.rela.init)
 *(.rela.text .rela.text.* .rela.gnu.linkonce.t.*)
 .rela.text     0x00000000c0000074        0x0 /raid/tools/cross-compilers/riscv-rv32im/lib/gcc/riscv32-unknown-elf/7.2.0/../../../../riscv32-unknown-elf/lib/crt0.o
 *(.rela.fini)
 *(.rela.rodata .rela.rodata.* .rela.gnu.linkonce.r.*)
 *(.rela.data .rela.data.* .rela.gnu.linkonce.d.*)
 .rela.data     0x00000000c0000074        0x0 /raid/tools/cross-compilers/riscv-rv32im/lib/gcc/riscv32-unknown-elf/7.2.0/../../../../riscv32-unknown-elf/lib/crt0.o
 *(.rela.tdata .rela.tdata.* .rela.gnu.linkonce.td.*)
 *(.rela.tbss .rela.tbss.* .rela.gnu.linkonce.tb.*)
 *(.rela.ctors)
 *(.rela.dtors)
 *(.rela.got)
 *(.rela.sdata .rela.sdata.* .rela.gnu.linkonce.s.*)
 *(.rela.sbss .rela.sbss.* .rela.gnu.linkonce.sb.*)
 *(.rela.sdata2 .rela.sdata2.* .rela.gnu.linkonce.s2.*)
 *(.rela.sbss2 .rela.sbss2.* .rela.gnu.linkonce.sb2.*)
 *(.rela.bss .rela.bss.* .rela.gnu.linkonce.b.*)
                [!provide]                        PROVIDE (__rela_iplt_start, .)
 *(.rela.iplt)
                [!provide]                        PROVIDE (__rela_iplt_end, .)

.rela.plt
 *(.rela.plt)

.init
 *(SORT(.init))

.plt
 *(.plt)

.iplt
 *(.iplt)

.text           0x00000000c0000074    0x26954
 *(.text.unlikely .text.*_unlikely .text.unlikely.*)
 *(.text.exit .text.exit.*)
 *(.text.startup .text.startup.*)
 *(.text.hot .text.hot.*)
 *(.text .stub .text.* .gnu.linkonce.t.*)
 .text          0x00000000c0000074       0x44 /raid/tools/cross-compilers/riscv-rv32im/lib/gcc/riscv32-unknown-elf/7.2.0/../../../../riscv32-unknown-elf/lib/crt0.o
                0x00000000c0000074                _start
                0x00000000c00000b4                _init
                0x00000000c00000b4                _fini
 .text          0x00000000c00000b8       0xf0 /raid/tools/cross-compilers/riscv-rv32im/lib/gcc/riscv32-unknown-elf/7.2.0/crtbegin.o
 .text          0x00000000c00001a8      0x4b4 ./lib/syscalls.o
                0x00000000c00001a8                read
                0x00000000c0000234                write
                0x00000000c00002a0                gettimeofday
                0x00000000c000039c                sleep
                0x00000000c0000410                _sbrk
                0x00000000c000044c                _write
                0x00000000c00004b8                _close
                0x00000000c00004f4                _lseek
                0x00000000c0000538                _read
                0x00000000c000057c                _fstat
                0x00000000c00005bc                _isatty
                0x00000000c00005f8                _kill
                0x00000000c0000638                _getpid
 .text          0x00000000c000065c      0x258 ./lib/riscv_counters.o
                0x00000000c000065c                read_cycle
                0x00000000c00006c8                read_time
                0x00000000c0000734                read_instret
                0x00000000c00007a0                fence
                0x00000000c00007c0                io_read32
                0x00000000c00007f4                io_write32
                0x00000000c0000830                io_read64
                0x00000000c000086c                io_write64
 .text          0x00000000c00008b4      0x1e4 ./lib/ns16550.o
                0x00000000c000098c                ns16550_rxready
                0x00000000c00009c4                ns16550_rxchar
                0x00000000c0000a0c                ns16550_txchar
                0x00000000c0000a60                ns16550_flush
 .text          0x00000000c0000a98    0x117d4 /tmp/ccdsDNfB.o
                0x00000000c0000a98                main
                0x00000000c00107d8                sigfpe
                0x00000000c0010860                Sign
                0x00000000c00108d0                Pause
                0x00000000c001094c                TstCond
                0x00000000c00109a0                BadCond
                0x00000000c0010a24                Random
                0x00000000c0010b84                SqXMinX
                0x00000000c0010eb4                NewD
                0x00000000c00112a0                SR3750
                0x00000000c0011794                IsYeqX
                0x00000000c001194c                SR3980
                0x00000000c0011a7c                PrintIfNPositive
                0x00000000c0011ac8                TstPtUf
                0x00000000c0012118                notify
                0x00000000c001215c                msglist
                0x00000000c00121ac                Instructions
                0x00000000c00121dc                Heading
                0x00000000c001220c                Characteristics
                0x00000000c001223c                History
 .text          0x00000000c001226c      0x1b4 /raid/tools/cross-compilers/riscv-rv32im/lib/gcc/riscv32-unknown-elf/7.2.0/../../../../riscv32-unknown-elf/lib/libm.a(lib_a-s_floor.o)
                0x00000000c001226c                floor
 .text          0x00000000c0012420      0x1a0 /raid/tools/cross-compilers/riscv-rv32im/lib/gcc/riscv32-unknown-elf/7.2.0/../../../../riscv32-unknown-elf/lib/libm.a(lib_a-w_log.o)
                0x00000000c0012420                log
 .text          0x00000000c00125c0      0x474 /raid/tools/cross-compilers/riscv-rv32im/lib/gcc/riscv32-unknown-elf/7.2.0/../../../../riscv32-unknown-elf/lib/libm.a(lib_a-w_pow.o)
                0x00000000c00125c0                pow
 .text          0x00000000c0012a34      0x124 /raid/tools/cross-compilers/riscv-rv32im/lib/gcc/riscv32-unknown-elf/7.2.0/../../../../riscv32-unknown-elf/lib/libm.a(lib_a-w_sqrt.o)
                0x00000000c0012a34                sqrt
 .text          0x00000000c0012b58      0x5c0 /raid/tools/cross-compilers/riscv-rv32im/lib/gcc/riscv32-unknown-elf/7.2.0/../../../../riscv32-unknown-elf/lib/libm.a(lib_a-e_log.o)
                0x00000000c0012b58                __ieee754_log
 .text          0x00000000c0013118      0xec0 /raid/tools/cross-compilers/riscv-rv32im/lib/gcc/riscv32-unknown-elf/7.2.0/../../../../riscv32-unknown-elf/lib/libm.a(lib_a-e_pow.o)
                0x00000000c0013118                __ieee754_pow
 .text          0x00000000c0013fd8      0x238 /raid/tools/cross-compilers/riscv-rv32im/lib/gcc/riscv32-unknown-elf/7.2.0/../../../../riscv32-unknown-elf/lib/libm.a(lib_a-e_sqrt.o)
                0x00000000c0013fd8                __ieee754_sqrt
 .text          0x00000000c0014210       0x1c /raid/tools/cross-compilers/riscv-rv32im/lib/gcc/riscv32-unknown-elf/7.2.0/../../../../riscv32-unknown-elf/lib/libm.a(lib_a-s_fabs.o)
                0x00000000c0014210                fabs
 .text          0x00000000c001422c       0x1c /raid/tools/cross-compilers/riscv-rv32im/lib/gcc/riscv32-unknown-elf/7.2.0/../../../../riscv32-unknown-elf/lib/libm.a(lib_a-s_finite.o)
                0x00000000c001422c                finite
 .text          0x00000000c0014248        0x0 /raid/tools/cross-compilers/riscv-rv32im/lib/gcc/riscv32-unknown-elf/7.2.0/../../../../riscv32-unknown-elf/lib/libm.a(lib_a-s_lib_ver.o)
 .text          0x00000000c0014248        0x8 /raid/tools/cross-compilers/riscv-rv32im/lib/gcc/riscv32-unknown-elf/7.2.0/../../../../riscv32-unknown-elf/lib/libm.a(lib_a-s_matherr.o)
                0x00000000c0014248                matherr
 .text          0x00000000c0014250       0x10 /raid/tools/cross-compilers/riscv-rv32im/lib/gcc/riscv32-unknown-elf/7.2.0/../../../../riscv32-unknown-elf/lib/libm.a(lib_a-s_nan.o)
                0x00000000c0014250                nan
 .text          0x00000000c0014260      0x200 /raid/tools/cross-compilers/riscv-rv32im/lib/gcc/riscv32-unknown-elf/7.2.0/../../../../riscv32-unknown-elf/lib/libm.a(lib_a-s_rint.o)
                0x00000000c0014260                rint
 .text          0x00000000c0014460      0x16c /raid/tools/cross-compilers/riscv-rv32im/lib/gcc/riscv32-unknown-elf/7.2.0/../../../../riscv32-unknown-elf/lib/libm.a(lib_a-s_scalbn.o)
                0x00000000c0014460                scalbn
 .text          0x00000000c00145cc       0x24 /raid/tools/cross-compilers/riscv-rv32im/lib/gcc/riscv32-unknown-elf/7.2.0/../../../../riscv32-unknown-elf/lib/libm.a(lib_a-s_copysign.o)
                0x00000000c00145cc                copysign
 .text          0x00000000c00145f0      0x480 /raid/tools/cross-compilers/riscv-rv32im/lib/gcc/riscv32-unknown-elf/7.2.0/libgcc.a(_divdi3.o)
                0x00000000c00145f0                __divdi3
 .text          0x00000000c0014a70      0x458 /raid/tools/cross-compilers/riscv-rv32im/lib/gcc/riscv32-unknown-elf/7.2.0/libgcc.a(_moddi3.o)
                0x00000000c0014a70                __moddi3
 .text          0x00000000c0014ec8      0x808 /raid/tools/cross-compilers/riscv-rv32im/lib/gcc/riscv32-unknown-elf/7.2.0/libgcc.a(adddf3.o)
                0x00000000c0014ec8                __adddf3
 .text          0x00000000c00156d0      0x6dc /raid/tools/cross-compilers/riscv-rv32im/lib/gcc/riscv32-unknown-elf/7.2.0/libgcc.a(divdf3.o)
                0x00000000c00156d0                __divdf3
 .text          0x00000000c0015dac       0x8c /raid/tools/cross-compilers/riscv-rv32im/lib/gcc/riscv32-unknown-elf/7.2.0/libgcc.a(eqdf2.o)
                0x00000000c0015dac                __eqdf2
                0x00000000c0015dac                __nedf2
 .text          0x00000000c0015e38       0xfc /raid/tools/cross-compilers/riscv-rv32im/lib/gcc/riscv32-unknown-elf/7.2.0/libgcc.a(gedf2.o)
                0x00000000c0015e38                __gtdf2
                0x00000000c0015e38                __gedf2
 .text          0x00000000c0015f34       0xfc /raid/tools/cross-compilers/riscv-rv32im/lib/gcc/riscv32-unknown-elf/7.2.0/libgcc.a(ledf2.o)
                0x00000000c0015f34                __ltdf2
                0x00000000c0015f34                __ledf2
 .text          0x00000000c0016030      0x5d8 /raid/tools/cross-compilers/riscv-rv32im/lib/gcc/riscv32-unknown-elf/7.2.0/libgcc.a(muldf3.o)
                0x00000000c0016030                __muldf3
 .text          0x00000000c0016608      0x81c /raid/tools/cross-compilers/riscv-rv32im/lib/gcc/riscv32-unknown-elf/7.2.0/libgcc.a(subdf3.o)
                0x00000000c0016608                __subdf3
 .text          0x00000000c0016e24       0x4c /raid/tools/cross-compilers/riscv-rv32im/lib/gcc/riscv32-unknown-elf/7.2.0/libgcc.a(unorddf2.o)
                0x00000000c0016e24                __unorddf2
 .text          0x00000000c0016e70       0x80 /raid/tools/cross-compilers/riscv-rv32im/lib/gcc/riscv32-unknown-elf/7.2.0/libgcc.a(fixdfsi.o)
                0x00000000c0016e70                __fixdfsi
 .text          0x00000000c0016ef0       0xc8 /raid/tools/cross-compilers/riscv-rv32im/lib/gcc/riscv32-unknown-elf/7.2.0/libgcc.a(floatsidf.o)
                0x00000000c0016ef0                __floatsidf
 .text          0x00000000c0016fb8        0x0 /raid/tools/cross-compilers/riscv-rv32im/lib/gcc/riscv32-unknown-elf/7.2.0/libgcc.a(_clz.o)
 .text          0x00000000c0016fb8       0x4c /raid/tools/cross-compilers/riscv-rv32im/lib/gcc/riscv32-unknown-elf/7.2.0/libgcc.a(_clzsi2.o)
                0x00000000c0016fb8                __clzsi2
 .text          0x00000000c0017004       0x14 /raid/tools/cross-compilers/riscv-rv32im/lib/gcc/riscv32-unknown-elf/7.2.0/../../../../riscv32-unknown-elf/lib/libc.a(lib_a-atexit.o)
                0x00000000c0017004                atexit
 .text          0x00000000c0017018        0x8 /raid/tools/cross-compilers/riscv-rv32im/lib/gcc/riscv32-unknown-elf/7.2.0/../../../../riscv32-unknown-elf/lib/libc.a(lib_a-errno.o)
                0x00000000c0017018                __errno
 .text          0x00000000c0017020       0x30 /raid/tools/cross-compilers/riscv-rv32im/lib/gcc/riscv32-unknown-elf/7.2.0/../../../../riscv32-unknown-elf/lib/libc.a(lib_a-exit.o)
                0x00000000c0017020                exit
 .text          0x00000000c0017050      0x280 /raid/tools/cross-compilers/riscv-rv32im/lib/gcc/riscv32-unknown-elf/7.2.0/../../../../riscv32-unknown-elf/lib/libc.a(lib_a-fflush.o)
                0x00000000c0017050                __sflush_r
                0x00000000c0017258                _fflush_r
                0x00000000c00172b0                fflush
 .text          0x00000000c00172d0      0x2b4 /raid/tools/cross-compilers/riscv-rv32im/lib/gcc/riscv32-unknown-elf/7.2.0/../../../../riscv32-unknown-elf/lib/libc.a(lib_a-findfp.o)
                0x00000000c00172d8                _cleanup_r
                0x00000000c0017374                __sfmoreglue
                0x00000000c00173e0                _cleanup
                0x00000000c00173e8                __sinit
                0x00000000c001746c                __sfp
                0x00000000c0017554                __sfp_lock_acquire
                0x00000000c0017558                __sfp_lock_release
                0x00000000c001755c                __sinit_lock_acquire
                0x00000000c0017560                __sinit_lock_release
                0x00000000c0017564                __fp_lock_all
                0x00000000c0017574                __fp_unlock_all
 .text          0x00000000c0017584       0x74 /raid/tools/cross-compilers/riscv-rv32im/lib/gcc/riscv32-unknown-elf/7.2.0/../../../../riscv32-unknown-elf/lib/libc.a(lib_a-fini.o)
                0x00000000c0017584                __libc_fini_array
 .text          0x00000000c00175f8      0x36c /raid/tools/cross-compilers/riscv-rv32im/lib/gcc/riscv32-unknown-elf/7.2.0/../../../../riscv32-unknown-elf/lib/libc.a(lib_a-freer.o)
                0x00000000c00175f8                _malloc_trim_r
                0x00000000c0017708                _free_r
 .text          0x00000000c0017964      0x154 /raid/tools/cross-compilers/riscv-rv32im/lib/gcc/riscv32-unknown-elf/7.2.0/../../../../riscv32-unknown-elf/lib/libc.a(lib_a-fwalk.o)
                0x00000000c0017964                _fwalk
                0x00000000c0017a04                _fwalk_reent
 .text          0x00000000c0017ab8        0x0 /raid/tools/cross-compilers/riscv-rv32im/lib/gcc/riscv32-unknown-elf/7.2.0/../../../../riscv32-unknown-elf/lib/libc.a(lib_a-impure.o)
 .text          0x00000000c0017ab8       0xa0 /raid/tools/cross-compilers/riscv-rv32im/lib/gcc/riscv32-unknown-elf/7.2.0/../../../../riscv32-unknown-elf/lib/libc.a(lib_a-init.o)
                0x00000000c0017ab8                __libc_init_array
 .text          0x00000000c0017b58      0x644 /raid/tools/cross-compilers/riscv-rv32im/lib/gcc/riscv32-unknown-elf/7.2.0/../../../../riscv32-unknown-elf/lib/libc.a(lib_a-mallocr.o)
                0x00000000c0017b58                _malloc_r
 .text          0x00000000c001819c       0xdc /raid/tools/cross-compilers/riscv-rv32im/lib/gcc/riscv32-unknown-elf/7.2.0/../../../../riscv32-unknown-elf/lib/libc.a(lib_a-memset.o)
                0x00000000c001819c                memset
 .text          0x00000000c0018278        0x8 /raid/tools/cross-compilers/riscv-rv32im/lib/gcc/riscv32-unknown-elf/7.2.0/../../../../riscv32-unknown-elf/lib/libc.a(lib_a-mlock.o)
                0x00000000c0018278                __malloc_lock
                0x00000000c001827c                __malloc_unlock
 .text          0x00000000c0018280       0x8c /raid/tools/cross-compilers/riscv-rv32im/lib/gcc/riscv32-unknown-elf/7.2.0/../../../../riscv32-unknown-elf/lib/libc.a(lib_a-printf.o)
                0x00000000c0018280                _printf_r
                0x00000000c00182c0                printf
 .text          0x00000000c001830c       0x1c /raid/tools/cross-compilers/riscv-rv32im/lib/gcc/riscv32-unknown-elf/7.2.0/../../../../riscv32-unknown-elf/lib/libc.a(lib_a-putchar.o)
                0x00000000c001830c                _putchar_r
                0x00000000c0018314                putchar
 .text          0x00000000c0018328       0x9c /raid/tools/cross-compilers/riscv-rv32im/lib/gcc/riscv32-unknown-elf/7.2.0/../../../../riscv32-unknown-elf/lib/libc.a(lib_a-putc.o)
                0x00000000c0018328                _putc_r
                0x00000000c00183b4                putc
 .text          0x00000000c00183c4       0xd4 /raid/tools/cross-compilers/riscv-rv32im/lib/gcc/riscv32-unknown-elf/7.2.0/../../../../riscv32-unknown-elf/lib/libc.a(lib_a-puts.o)
                0x00000000c00183c4                _puts_r
                0x00000000c001848c                puts
 .text          0x00000000c0018498       0x48 /raid/tools/cross-compilers/riscv-rv32im/lib/gcc/riscv32-unknown-elf/7.2.0/../../../../riscv32-unknown-elf/lib/libc.a(lib_a-sbrkr.o)
                0x00000000c0018498                _sbrk_r
 .text          0x00000000c00184e0       0x84 /raid/tools/cross-compilers/riscv-rv32im/lib/gcc/riscv32-unknown-elf/7.2.0/../../../../riscv32-unknown-elf/lib/libc.a(lib_a-setjmp.o)
                0x00000000c00184e0                setjmp
                0x00000000c0018520                longjmp
 .text          0x00000000c0018564      0x24c /raid/tools/cross-compilers/riscv-rv32im/lib/gcc/riscv32-unknown-elf/7.2.0/../../../../riscv32-unknown-elf/lib/libc.a(lib_a-signal.o)
                0x00000000c0018564                _init_signal_r
                0x00000000c00185c4                _signal_r
                0x00000000c001863c                _raise_r
                0x00000000c00186ec                __sigtramp_r
                0x00000000c0018780                raise
                0x00000000c001878c                signal
                0x00000000c001879c                _init_signal
                0x00000000c00187a4                __sigtramp
 .text          0x00000000c00187b0       0x50 /raid/tools/cross-compilers/riscv-rv32im/lib/gcc/riscv32-unknown-elf/7.2.0/../../../../riscv32-unknown-elf/lib/libc.a(lib_a-signalr.o)
                0x00000000c00187b0                _kill_r
                0x00000000c00187fc                _getpid_r
 .text          0x00000000c0018800      0x13c /raid/tools/cross-compilers/riscv-rv32im/lib/gcc/riscv32-unknown-elf/7.2.0/../../../../riscv32-unknown-elf/lib/libc.a(lib_a-stdio.o)
                0x00000000c0018800                __sread
                0x00000000c0018850                __seofread
                0x00000000c0018858                __swrite
                0x00000000c00188dc                __sseek
                0x00000000c0018934                __sclose
 .text          0x00000000c001893c       0x1c /raid/tools/cross-compilers/riscv-rv32im/lib/gcc/riscv32-unknown-elf/7.2.0/../../../../riscv32-unknown-elf/lib/libc.a(lib_a-strlen.o)
                0x00000000c001893c                strlen
 .text          0x00000000c0018958     0x2068 /raid/tools/cross-compilers/riscv-rv32im/lib/gcc/riscv32-unknown-elf/7.2.0/../../../../riscv32-unknown-elf/lib/libc.a(lib_a-vfprintf.o)
                0x00000000c0018958                _vfprintf_r
                0x00000000c001a8f0                vfprintf
 .text          0x00000000c001a9c0      0x140 /raid/tools/cross-compilers/riscv-rv32im/lib/gcc/riscv32-unknown-elf/7.2.0/../../../../riscv32-unknown-elf/lib/libc.a(lib_a-wbuf.o)
                0x00000000c001a9c0                __swbuf_r
                0x00000000c001aaf0                __swbuf
 .text          0x00000000c001ab00       0x50 /raid/tools/cross-compilers/riscv-rv32im/lib/gcc/riscv32-unknown-elf/7.2.0/../../../../riscv32-unknown-elf/lib/libc.a(lib_a-writer.o)
                0x00000000c001ab00                _write_r
 .text          0x00000000c001ab50      0x134 /raid/tools/cross-compilers/riscv-rv32im/lib/gcc/riscv32-unknown-elf/7.2.0/../../../../riscv32-unknown-elf/lib/libc.a(lib_a-wsetup.o)
                0x00000000c001ab50                __swsetup_r
 .text          0x00000000c001ac84       0x7c /raid/tools/cross-compilers/riscv-rv32im/lib/gcc/riscv32-unknown-elf/7.2.0/../../../../riscv32-unknown-elf/lib/libc.a(lib_a-__atexit.o)
                0x00000000c001ac84                __register_exitproc
 .text          0x00000000c001ad00      0x10c /raid/tools/cross-compilers/riscv-rv32im/lib/gcc/riscv32-unknown-elf/7.2.0/../../../../riscv32-unknown-elf/lib/libc.a(lib_a-__call_atexit.o)
                0x00000000c001ad00                __call_exitprocs
 .text          0x00000000c001ae0c       0x48 /raid/tools/cross-compilers/riscv-rv32im/lib/gcc/riscv32-unknown-elf/7.2.0/../../../../riscv32-unknown-elf/lib/libc.a(lib_a-closer.o)
                0x00000000c001ae0c                _close_r
 .text          0x00000000c001ae54       0xe8 /raid/tools/cross-compilers/riscv-rv32im/lib/gcc/riscv32-unknown-elf/7.2.0/../../../../riscv32-unknown-elf/lib/libc.a(lib_a-fclose.o)
                0x00000000c001ae54                _fclose_r
                0x00000000c001af30                fclose
 .text          0x00000000c001af3c      0x460 /raid/tools/cross-compilers/riscv-rv32im/lib/gcc/riscv32-unknown-elf/7.2.0/../../../../riscv32-unknown-elf/lib/libc.a(lib_a-fvwrite.o)
                0x00000000c001af3c                __sfvwrite_r
 .text          0x00000000c001b39c     0x2020 /raid/tools/cross-compilers/riscv-rv32im/lib/gcc/riscv32-unknown-elf/7.2.0/../../../../riscv32-unknown-elf/lib/libc.a(lib_a-ldtoa.o)
                0x00000000c001c70c                _ldtoa_r
                0x00000000c001d358                _ldcheck
 .text          0x00000000c001d3bc       0x40 /raid/tools/cross-compilers/riscv-rv32im/lib/gcc/riscv32-unknown-elf/7.2.0/../../../../riscv32-unknown-elf/lib/libc.a(lib_a-localeconv.o)
                0x00000000c001d3bc                __localeconv_l
                0x00000000c001d3c4                _localeconv_r
                0x00000000c001d3e0                localeconv
 .text          0x00000000c001d3fc       0xc4 /raid/tools/cross-compilers/riscv-rv32im/lib/gcc/riscv32-unknown-elf/7.2.0/../../../../riscv32-unknown-elf/lib/libc.a(lib_a-locale.o)
                0x00000000c001d3fc                _setlocale_r
                0x00000000c001d470                __locale_mb_cur_max
                0x00000000c001d48c                __locale_ctype_ptr_l
                0x00000000c001d494                __locale_ctype_ptr
                0x00000000c001d4b0                setlocale
 .text          0x00000000c001d4c0       0x50 /raid/tools/cross-compilers/riscv-rv32im/lib/gcc/riscv32-unknown-elf/7.2.0/../../../../riscv32-unknown-elf/lib/libc.a(lib_a-lseekr.o)
                0x00000000c001d4c0                _lseek_r
 .text          0x00000000c001d510      0x18c /raid/tools/cross-compilers/riscv-rv32im/lib/gcc/riscv32-unknown-elf/7.2.0/../../../../riscv32-unknown-elf/lib/libc.a(lib_a-makebuf.o)
                0x00000000c001d510                __swhatbuf_r
                0x00000000c001d5ac                __smakebuf_r
 .text          0x00000000c001d69c       0x78 /raid/tools/cross-compilers/riscv-rv32im/lib/gcc/riscv32-unknown-elf/7.2.0/../../../../riscv32-unknown-elf/lib/libc.a(lib_a-mbtowc_r.o)
                0x00000000c001d69c                _mbtowc_r
                0x00000000c001d6b8                __ascii_mbtowc
 .text          0x00000000c001d714       0x24 /raid/tools/cross-compilers/riscv-rv32im/lib/gcc/riscv32-unknown-elf/7.2.0/../../../../riscv32-unknown-elf/lib/libc.a(lib_a-memchr.o)
                0x00000000c001d714                memchr
 .text          0x00000000c001d738       0xe8 /raid/tools/cross-compilers/riscv-rv32im/lib/gcc/riscv32-unknown-elf/7.2.0/../../../../riscv32-unknown-elf/lib/libc.a(lib_a-memcpy.o)
                0x00000000c001d738                memcpy
 .text          0x00000000c001d820       0x54 /raid/tools/cross-compilers/riscv-rv32im/lib/gcc/riscv32-unknown-elf/7.2.0/../../../../riscv32-unknown-elf/lib/libc.a(lib_a-memmove.o)
                0x00000000c001d820                memmove
 .text          0x00000000c001d874      0xe90 /raid/tools/cross-compilers/riscv-rv32im/lib/gcc/riscv32-unknown-elf/7.2.0/../../../../riscv32-unknown-elf/lib/libc.a(lib_a-mprec.o)
                0x00000000c001d874                _Balloc
                0x00000000c001d91c                _Bfree
                0x00000000c001d940                __multadd
                0x00000000c001da3c                __s2b
                0x00000000c001db44                __hi0bits
                0x00000000c001dbb8                __lo0bits
                0x00000000c001dc68                __i2b
                0x00000000c001dc9c                __multiply
                0x00000000c001de6c                __pow5mult
                0x00000000c001df68                __lshift
                0x00000000c001e0ac                __mcmp
                0x00000000c001e100                __mdiff
                0x00000000c001e270                __ulp
                0x00000000c001e2d0                __b2d
                0x00000000c001e3d4                __d2b
                0x00000000c001e510                __ratio
                0x00000000c001e5cc                _mprec_log10
                0x00000000c001e64c                __copybits
                0x00000000c001e69c                __any_on
 .text          0x00000000c001e704       0x50 /raid/tools/cross-compilers/riscv-rv32im/lib/gcc/riscv32-unknown-elf/7.2.0/../../../../riscv32-unknown-elf/lib/libc.a(lib_a-readr.o)
                0x00000000c001e704                _read_r
 .text          0x00000000c001e754      0x558 /raid/tools/cross-compilers/riscv-rv32im/lib/gcc/riscv32-unknown-elf/7.2.0/../../../../riscv32-unknown-elf/lib/libc.a(lib_a-reallocr.o)
                0x00000000c001e754                _realloc_r
 .text          0x00000000c001ecac      0x14c /raid/tools/cross-compilers/riscv-rv32im/lib/gcc/riscv32-unknown-elf/7.2.0/../../../../riscv32-unknown-elf/lib/libc.a(lib_a-reent.o)
                0x00000000c001ecac                cleanup_glue
                0x00000000c001ecec                _reclaim_reent
 .text          0x00000000c001edf8       0xb0 /raid/tools/cross-compilers/riscv-rv32im/lib/gcc/riscv32-unknown-elf/7.2.0/../../../../riscv32-unknown-elf/lib/libc.a(lib_a-s_frexp.o)
                0x00000000c001edf8                frexp
 .text          0x00000000c001eea8       0xd4 /raid/tools/cross-compilers/riscv-rv32im/lib/gcc/riscv32-unknown-elf/7.2.0/../../../../riscv32-unknown-elf/lib/libc.a(lib_a-sprintf.o)
                0x00000000c001eea8                _sprintf_r
                0x00000000c001ef0c                sprintf
 .text          0x00000000c001ef7c      0x17c /raid/tools/cross-compilers/riscv-rv32im/lib/gcc/riscv32-unknown-elf/7.2.0/../../../../riscv32-unknown-elf/lib/libc.a(lib_a-strcmp.o)
                0x00000000c001ef7c                strcmp
 .text          0x00000000c001f0f8       0x1c /raid/tools/cross-compilers/riscv-rv32im/lib/gcc/riscv32-unknown-elf/7.2.0/../../../../riscv32-unknown-elf/lib/libc.a(lib_a-strcpy.o)
                0x00000000c001f0f8                strcpy
 .text          0x00000000c001f114       0x48 /raid/tools/cross-compilers/riscv-rv32im/lib/gcc/riscv32-unknown-elf/7.2.0/../../../../riscv32-unknown-elf/lib/libc.a(lib_a-strncpy.o)
                0x00000000c001f114                strncpy
 .text          0x00000000c001f15c     0x1f3c /raid/tools/cross-compilers/riscv-rv32im/lib/gcc/riscv32-unknown-elf/7.2.0/../../../../riscv32-unknown-elf/lib/libc.a(lib_a-svfprintf.o)
                0x00000000c001f15c                _svfprintf_r
 .text          0x00000000c0021098      0xe5c /raid/tools/cross-compilers/riscv-rv32im/lib/gcc/riscv32-unknown-elf/7.2.0/../../../../riscv32-unknown-elf/lib/libc.a(lib_a-vfiprintf.o)
                0x00000000c0021098                __sprint_r
                0x00000000c0021198                _vfiprintf_r
                0x00000000c0021e24                vfiprintf
 .text          0x00000000c0021ef4       0x4c /raid/tools/cross-compilers/riscv-rv32im/lib/gcc/riscv32-unknown-elf/7.2.0/../../../../riscv32-unknown-elf/lib/libc.a(lib_a-wctomb_r.o)
                0x00000000c0021ef4                _wctomb_r
                0x00000000c0021f10                __ascii_wctomb
 .text          0x00000000c0021f40       0x9c /raid/tools/cross-compilers/riscv-rv32im/lib/gcc/riscv32-unknown-elf/7.2.0/../../../../riscv32-unknown-elf/lib/libc.a(lib_a-callocr.o)
                0x00000000c0021f40                _calloc_r
 .text          0x00000000c0021fdc        0x0 /raid/tools/cross-compilers/riscv-rv32im/lib/gcc/riscv32-unknown-elf/7.2.0/../../../../riscv32-unknown-elf/lib/libc.a(lib_a-ctype_.o)
 .text          0x00000000c0021fdc      0x194 /raid/tools/cross-compilers/riscv-rv32im/lib/gcc/riscv32-unknown-elf/7.2.0/../../../../riscv32-unknown-elf/lib/libc.a(lib_a-fputwc.o)
                0x00000000c0021fdc                __fputwc
                0x00000000c00220f0                _fputwc_r
                0x00000000c002211c                fputwc
 .text          0x00000000c0022170       0x4c /raid/tools/cross-compilers/riscv-rv32im/lib/gcc/riscv32-unknown-elf/7.2.0/../../../../riscv32-unknown-elf/lib/libc.a(lib_a-fstatr.o)
                0x00000000c0022170                _fstat_r
 .text          0x00000000c00221bc       0x48 /raid/tools/cross-compilers/riscv-rv32im/lib/gcc/riscv32-unknown-elf/7.2.0/../../../../riscv32-unknown-elf/lib/libc.a(lib_a-isattyr.o)
                0x00000000c00221bc                _isatty_r
 .text          0x00000000c0022204      0xdf8 /raid/tools/cross-compilers/riscv-rv32im/lib/gcc/riscv32-unknown-elf/7.2.0/../../../../riscv32-unknown-elf/lib/libc.a(lib_a-svfiprintf.o)
                0x00000000c0022204                __ssprint_r
                0x00000000c00223cc                _svfiprintf_r
 .text          0x00000000c0022ffc       0x9c /raid/tools/cross-compilers/riscv-rv32im/lib/gcc/riscv32-unknown-elf/7.2.0/../../../../riscv32-unknown-elf/lib/libc.a(lib_a-wcrtomb.o)
                0x00000000c0022ffc                _wcrtomb_r
                0x00000000c0023084                wcrtomb
 .text          0x00000000c0023098        0x4 /raid/tools/cross-compilers/riscv-rv32im/lib/gcc/riscv32-unknown-elf/7.2.0/../../../../riscv32-unknown-elf/lib/libnosys.a(_exit.o)
                0x00000000c0023098                _exit
 .text          0x00000000c002309c      0x434 /raid/tools/cross-compilers/riscv-rv32im/lib/gcc/riscv32-unknown-elf/7.2.0/libgcc.a(_udivdi3.o)
                0x00000000c002309c                __udivdi3
 .text          0x00000000c00234d0      0x410 /raid/tools/cross-compilers/riscv-rv32im/lib/gcc/riscv32-unknown-elf/7.2.0/libgcc.a(_umoddi3.o)
                0x00000000c00234d0                __umoddi3
 .text          0x00000000c00238e0       0xcc /raid/tools/cross-compilers/riscv-rv32im/lib/gcc/riscv32-unknown-elf/7.2.0/libgcc.a(eqtf2.o)
                0x00000000c00238e0                __eqtf2
                0x00000000c00238e0                __netf2
 .text          0x00000000c00239ac      0x160 /raid/tools/cross-compilers/riscv-rv32im/lib/gcc/riscv32-unknown-elf/7.2.0/libgcc.a(getf2.o)
                0x00000000c00239ac                __getf2
                0x00000000c00239ac                __gttf2
 .text          0x00000000c0023b0c      0x160 /raid/tools/cross-compilers/riscv-rv32im/lib/gcc/riscv32-unknown-elf/7.2.0/libgcc.a(letf2.o)
                0x00000000c0023b0c                __letf2
                0x00000000c0023b0c                __lttf2
 .text          0x00000000c0023c6c     0x103c /raid/tools/cross-compilers/riscv-rv32im/lib/gcc/riscv32-unknown-elf/7.2.0/libgcc.a(multf3.o)
                0x00000000c0023c6c                __multf3
 .text          0x00000000c0024ca8     0x14c0 /raid/tools/cross-compilers/riscv-rv32im/lib/gcc/riscv32-unknown-elf/7.2.0/libgcc.a(subtf3.o)
                0x00000000c0024ca8                __subtf3
 .text          0x00000000c0026168      0x164 /raid/tools/cross-compilers/riscv-rv32im/lib/gcc/riscv32-unknown-elf/7.2.0/libgcc.a(fixtfsi.o)
                0x00000000c0026168                __fixtfsi
 .text          0x00000000c00262cc      0x180 /raid/tools/cross-compilers/riscv-rv32im/lib/gcc/riscv32-unknown-elf/7.2.0/libgcc.a(floatsitf.o)
                0x00000000c00262cc                __floatsitf
 .text          0x00000000c002644c      0x224 /raid/tools/cross-compilers/riscv-rv32im/lib/gcc/riscv32-unknown-elf/7.2.0/libgcc.a(extenddftf2.o)
                0x00000000c002644c                __extenddftf2
 .text          0x00000000c0026670      0x358 /raid/tools/cross-compilers/riscv-rv32im/lib/gcc/riscv32-unknown-elf/7.2.0/libgcc.a(trunctfdf2.o)
                0x00000000c0026670                __trunctfdf2
 .text          0x00000000c00269c8        0x0 /raid/tools/cross-compilers/riscv-rv32im/lib/gcc/riscv32-unknown-elf/7.2.0/crtend.o
 *(.gnu.warning)

.fini
 *(SORT(.fini))
                [!provide]                        PROVIDE (__etext, .)
                [!provide]                        PROVIDE (_etext, .)
                [!provide]                        PROVIDE (etext, .)

.rodata         0x00000000c00269c8     0x3da4
 *(.rodata .rodata.* .gnu.linkonce.r.*)
 .rodata        0x00000000c00269c8     0x3078 /tmp/ccdsDNfB.o
 .rodata.str1.4
                0x00000000c0029a40        0x4 /raid/tools/cross-compilers/riscv-rv32im/lib/gcc/riscv32-unknown-elf/7.2.0/../../../../riscv32-unknown-elf/lib/libm.a(lib_a-w_log.o)
                                          0x5 (size before relaxing)
 .rodata.str1.4
                0x00000000c0029a44        0x4 /raid/tools/cross-compilers/riscv-rv32im/lib/gcc/riscv32-unknown-elf/7.2.0/../../../../riscv32-unknown-elf/lib/libm.a(lib_a-w_pow.o)
 .rodata.str1.4
                0x00000000c0029a48        0x5 /raid/tools/cross-compilers/riscv-rv32im/lib/gcc/riscv32-unknown-elf/7.2.0/../../../../riscv32-unknown-elf/lib/libm.a(lib_a-w_sqrt.o)
 *fill*         0x00000000c0029a4d        0x3 
 .rodata        0x00000000c0029a50       0x30 /raid/tools/cross-compilers/riscv-rv32im/lib/gcc/riscv32-unknown-elf/7.2.0/../../../../riscv32-unknown-elf/lib/libm.a(lib_a-e_pow.o)
 .rodata.str1.4
                0x00000000c0029a80        0x1 /raid/tools/cross-compilers/riscv-rv32im/lib/gcc/riscv32-unknown-elf/7.2.0/../../../../riscv32-unknown-elf/lib/libm.a(lib_a-e_pow.o)
 .rodata        0x00000000c0029a80       0x10 /raid/tools/cross-compilers/riscv-rv32im/lib/gcc/riscv32-unknown-elf/7.2.0/../../../../riscv32-unknown-elf/lib/libm.a(lib_a-s_rint.o)
 .rodata        0x00000000c0029a90       0x3c /raid/tools/cross-compilers/riscv-rv32im/lib/gcc/riscv32-unknown-elf/7.2.0/libgcc.a(divdf3.o)
 .rodata        0x00000000c0029acc       0x3c /raid/tools/cross-compilers/riscv-rv32im/lib/gcc/riscv32-unknown-elf/7.2.0/libgcc.a(muldf3.o)
 .rodata        0x00000000c0029b08      0x100 /raid/tools/cross-compilers/riscv-rv32im/lib/gcc/riscv32-unknown-elf/7.2.0/libgcc.a(_clz.o)
                0x00000000c0029b08                __clz_tab
 .rodata.str1.4
                0x00000000c0029c08        0x2 /raid/tools/cross-compilers/riscv-rv32im/lib/gcc/riscv32-unknown-elf/7.2.0/../../../../riscv32-unknown-elf/lib/libc.a(lib_a-puts.o)
 *fill*         0x00000000c0029c0a        0x2 
 .rodata        0x00000000c0029c0c      0x18c /raid/tools/cross-compilers/riscv-rv32im/lib/gcc/riscv32-unknown-elf/7.2.0/../../../../riscv32-unknown-elf/lib/libc.a(lib_a-vfprintf.o)
 .rodata.str1.4
                0x00000000c0029d98       0x3a /raid/tools/cross-compilers/riscv-rv32im/lib/gcc/riscv32-unknown-elf/7.2.0/../../../../riscv32-unknown-elf/lib/libc.a(lib_a-vfprintf.o)
 *fill*         0x00000000c0029dd2        0x2 
 .rodata        0x00000000c0029dd4      0x254 /raid/tools/cross-compilers/riscv-rv32im/lib/gcc/riscv32-unknown-elf/7.2.0/../../../../riscv32-unknown-elf/lib/libc.a(lib_a-ldtoa.o)
 .rodata.str1.4
                0x00000000c002a028       0x28 /raid/tools/cross-compilers/riscv-rv32im/lib/gcc/riscv32-unknown-elf/7.2.0/../../../../riscv32-unknown-elf/lib/libc.a(lib_a-ldtoa.o)
 .rodata.str1.4
                0x00000000c002a050       0x10 /raid/tools/cross-compilers/riscv-rv32im/lib/gcc/riscv32-unknown-elf/7.2.0/../../../../riscv32-unknown-elf/lib/libc.a(lib_a-locale.o)
                                         0x12 (size before relaxing)
 .rodata        0x00000000c002a060      0x128 /raid/tools/cross-compilers/riscv-rv32im/lib/gcc/riscv32-unknown-elf/7.2.0/../../../../riscv32-unknown-elf/lib/libc.a(lib_a-mprec.o)
                0x00000000c002a070                __mprec_tens
                0x00000000c002a138                __mprec_tinytens
                0x00000000c002a160                __mprec_bigtens
 .rodata        0x00000000c002a188      0x18c /raid/tools/cross-compilers/riscv-rv32im/lib/gcc/riscv32-unknown-elf/7.2.0/../../../../riscv32-unknown-elf/lib/libc.a(lib_a-svfprintf.o)
 .rodata.str1.4
                0x00000000c002a314       0x3a /raid/tools/cross-compilers/riscv-rv32im/lib/gcc/riscv32-unknown-elf/7.2.0/../../../../riscv32-unknown-elf/lib/libc.a(lib_a-svfprintf.o)
 .rodata        0x00000000c002a314      0x18c /raid/tools/cross-compilers/riscv-rv32im/lib/gcc/riscv32-unknown-elf/7.2.0/../../../../riscv32-unknown-elf/lib/libc.a(lib_a-vfiprintf.o)
 .rodata.str1.4
                0x00000000c002a4a0       0x25 /raid/tools/cross-compilers/riscv-rv32im/lib/gcc/riscv32-unknown-elf/7.2.0/../../../../riscv32-unknown-elf/lib/libc.a(lib_a-vfiprintf.o)
 .rodata        0x00000000c002a4a0      0x101 /raid/tools/cross-compilers/riscv-rv32im/lib/gcc/riscv32-unknown-elf/7.2.0/../../../../riscv32-unknown-elf/lib/libc.a(lib_a-ctype_.o)
                0x00000000c002a4a0                _ctype_
 *fill*         0x00000000c002a5a1        0x3 
 .rodata        0x00000000c002a5a4      0x18c /raid/tools/cross-compilers/riscv-rv32im/lib/gcc/riscv32-unknown-elf/7.2.0/../../../../riscv32-unknown-elf/lib/libc.a(lib_a-svfiprintf.o)
 .rodata.str1.4
                0x00000000c002a730       0x25 /raid/tools/cross-compilers/riscv-rv32im/lib/gcc/riscv32-unknown-elf/7.2.0/../../../../riscv32-unknown-elf/lib/libc.a(lib_a-svfiprintf.o)
 .rodata        0x00000000c002a730       0x3c /raid/tools/cross-compilers/riscv-rv32im/lib/gcc/riscv32-unknown-elf/7.2.0/libgcc.a(multf3.o)

.rodata1
 *(.rodata1)

.sdata2
 *(.sdata2 .sdata2.* .gnu.linkonce.s2.*)

.sbss2
 *(.sbss2 .sbss2.* .gnu.linkonce.sb2.*)

.eh_frame_hdr
 *(.eh_frame_hdr)
 *(.eh_frame_entry .eh_frame_entry.*)

.eh_frame
 *(.eh_frame)
 *(.eh_frame.*)

.gcc_except_table
 *(.gcc_except_table .gcc_except_table.*)

.gnu_extab
 *(.gnu_extab*)

.exception_ranges
 *(.exception_ranges .exception_ranges*)
                0x00000000c002b76c                . = DATA_SEGMENT_ALIGN (CONSTANT (MAXPAGESIZE), CONSTANT (COMMONPAGESIZE))

.eh_frame       0x00000000c002b76c       0x68
 *(.eh_frame)
 .eh_frame      0x00000000c002b76c        0x0 /raid/tools/cross-compilers/riscv-rv32im/lib/gcc/riscv32-unknown-elf/7.2.0/crtbegin.o
 .eh_frame      0x00000000c002b76c       0x28 /raid/tools/cross-compilers/riscv-rv32im/lib/gcc/riscv32-unknown-elf/7.2.0/libgcc.a(_divdi3.o)
 .eh_frame      0x00000000c002b794       0x14 /raid/tools/cross-compilers/riscv-rv32im/lib/gcc/riscv32-unknown-elf/7.2.0/libgcc.a(_moddi3.o)
                                         0x28 (size before relaxing)
 .eh_frame      0x00000000c002b7a8       0x14 /raid/tools/cross-compilers/riscv-rv32im/lib/gcc/riscv32-unknown-elf/7.2.0/libgcc.a(_udivdi3.o)
                                         0x28 (size before relaxing)
 .eh_frame      0x00000000c002b7bc       0x14 /raid/tools/cross-compilers/riscv-rv32im/lib/gcc/riscv32-unknown-elf/7.2.0/libgcc.a(_umoddi3.o)
                                         0x28 (size before relaxing)
 .eh_frame      0x00000000c002b7d0        0x4 /raid/tools/cross-compilers/riscv-rv32im/lib/gcc/riscv32-unknown-elf/7.2.0/crtend.o
 *(.eh_frame.*)

.gnu_extab
 *(.gnu_extab)

.gcc_except_table
 *(.gcc_except_table .gcc_except_table.*)

.exception_ranges
 *(.exception_ranges .exception_ranges*)

.tdata
 *(.tdata .tdata.* .gnu.linkonce.td.*)

.tbss
 *(.tbss .tbss.* .gnu.linkonce.tb.*)
 *(.tcommon)

.preinit_array  0x00000000c002b7d4        0x0
                0x00000000c002b7d4                PROVIDE (__preinit_array_start, .)
 *(.preinit_array)
                0x00000000c002b7d4                PROVIDE (__preinit_array_end, .)

.init_array     0x00000000c002b7d4        0x8
                0x00000000c002b7d4                PROVIDE (__init_array_start, .)
 *(SORT(.init_array.*) SORT(.ctors.*))
 *(.init_array EXCLUDE_FILE(*crtend?.o *crtend.o *crtbegin?.o *crtbegin.o) .ctors)
 .init_array    0x00000000c002b7d4        0x4 /raid/tools/cross-compilers/riscv-rv32im/lib/gcc/riscv32-unknown-elf/7.2.0/crtbegin.o
 .init_array    0x00000000c002b7d8        0x4 ./lib/ns16550.o
                0x00000000c002b7dc                PROVIDE (__init_array_end, .)

.fini_array     0x00000000c002b7dc        0x4
                0x00000000c002b7dc                PROVIDE (__fini_array_start, .)
 *(SORT(.fini_array.*) SORT(.dtors.*))
 *(.fini_array EXCLUDE_FILE(*crtend?.o *crtend.o *crtbegin?.o *crtbegin.o) .dtors)
 .fini_array    0x00000000c002b7dc        0x4 /raid/tools/cross-compilers/riscv-rv32im/lib/gcc/riscv32-unknown-elf/7.2.0/crtbegin.o
                0x00000000c002b7e0                PROVIDE (__fini_array_end, .)

.ctors
 *crtbegin.o(.ctors)
 *crtbegin?.o(.ctors)
 *(EXCLUDE_FILE(*crtend?.o *crtend.o) .ctors)
 *(SORT(.ctors.*))
 *(.ctors)

.dtors
 *crtbegin.o(.dtors)
 *crtbegin?.o(.dtors)
 *(EXCLUDE_FILE(*crtend?.o *crtend.o) .dtors)
 *(SORT(.dtors.*))
 *(.dtors)

.jcr
 *(.jcr)

.data.rel.ro
 *(.data.rel.ro.local* .gnu.linkonce.d.rel.ro.local.*)
 *(.data.rel.ro .data.rel.ro.* .gnu.linkonce.d.rel.ro.*)

.dynamic
 *(.dynamic)
                0x00000000c002b7e0                . = DATA_SEGMENT_RELRO_END (., 0x0)

.data           0x00000000c002b7e0      0xabc
 *(.data .data.* .gnu.linkonce.d.*)
 .data          0x00000000c002b7e0        0x0 /raid/tools/cross-compilers/riscv-rv32im/lib/gcc/riscv32-unknown-elf/7.2.0/../../../../riscv32-unknown-elf/lib/crt0.o
 .data          0x00000000c002b7e0        0x0 /raid/tools/cross-compilers/riscv-rv32im/lib/gcc/riscv32-unknown-elf/7.2.0/crtbegin.o
 .data          0x00000000c002b7e0        0x0 ./lib/startup.o
 .data          0x00000000c002b7e0        0x0 ./lib/syscalls.o
 .data          0x00000000c002b7e0        0x0 ./lib/riscv_counters.o
 .data          0x00000000c002b7e0        0x0 ./lib/ns16550.o
 .data          0x00000000c002b7e0      0x11c /tmp/ccdsDNfB.o
 .data          0x00000000c002b8fc        0x0 /raid/tools/cross-compilers/riscv-rv32im/lib/gcc/riscv32-unknown-elf/7.2.0/../../../../riscv32-unknown-elf/lib/libm.a(lib_a-s_floor.o)
 .data          0x00000000c002b8fc        0x0 /raid/tools/cross-compilers/riscv-rv32im/lib/gcc/riscv32-unknown-elf/7.2.0/../../../../riscv32-unknown-elf/lib/libm.a(lib_a-w_log.o)
 .data          0x00000000c002b8fc        0x0 /raid/tools/cross-compilers/riscv-rv32im/lib/gcc/riscv32-unknown-elf/7.2.0/../../../../riscv32-unknown-elf/lib/libm.a(lib_a-w_pow.o)
 .data          0x00000000c002b8fc        0x0 /raid/tools/cross-compilers/riscv-rv32im/lib/gcc/riscv32-unknown-elf/7.2.0/../../../../riscv32-unknown-elf/lib/libm.a(lib_a-w_sqrt.o)
 .data          0x00000000c002b8fc        0x0 /raid/tools/cross-compilers/riscv-rv32im/lib/gcc/riscv32-unknown-elf/7.2.0/../../../../riscv32-unknown-elf/lib/libm.a(lib_a-e_log.o)
 .data          0x00000000c002b8fc        0x0 /raid/tools/cross-compilers/riscv-rv32im/lib/gcc/riscv32-unknown-elf/7.2.0/../../../../riscv32-unknown-elf/lib/libm.a(lib_a-e_pow.o)
 .data          0x00000000c002b8fc        0x0 /raid/tools/cross-compilers/riscv-rv32im/lib/gcc/riscv32-unknown-elf/7.2.0/../../../../riscv32-unknown-elf/lib/libm.a(lib_a-e_sqrt.o)
 .data          0x00000000c002b8fc        0x0 /raid/tools/cross-compilers/riscv-rv32im/lib/gcc/riscv32-unknown-elf/7.2.0/../../../../riscv32-unknown-elf/lib/libm.a(lib_a-s_fabs.o)
 .data          0x00000000c002b8fc        0x0 /raid/tools/cross-compilers/riscv-rv32im/lib/gcc/riscv32-unknown-elf/7.2.0/../../../../riscv32-unknown-elf/lib/libm.a(lib_a-s_finite.o)
 .data          0x00000000c002b8fc        0x0 /raid/tools/cross-compilers/riscv-rv32im/lib/gcc/riscv32-unknown-elf/7.2.0/../../../../riscv32-unknown-elf/lib/libm.a(lib_a-s_lib_ver.o)
 .data          0x00000000c002b8fc        0x0 /raid/tools/cross-compilers/riscv-rv32im/lib/gcc/riscv32-unknown-elf/7.2.0/../../../../riscv32-unknown-elf/lib/libm.a(lib_a-s_matherr.o)
 .data          0x00000000c002b8fc        0x0 /raid/tools/cross-compilers/riscv-rv32im/lib/gcc/riscv32-unknown-elf/7.2.0/../../../../riscv32-unknown-elf/lib/libm.a(lib_a-s_nan.o)
 .data          0x00000000c002b8fc        0x0 /raid/tools/cross-compilers/riscv-rv32im/lib/gcc/riscv32-unknown-elf/7.2.0/../../../../riscv32-unknown-elf/lib/libm.a(lib_a-s_rint.o)
 .data          0x00000000c002b8fc        0x0 /raid/tools/cross-compilers/riscv-rv32im/lib/gcc/riscv32-unknown-elf/7.2.0/../../../../riscv32-unknown-elf/lib/libm.a(lib_a-s_scalbn.o)
 .data          0x00000000c002b8fc        0x0 /raid/tools/cross-compilers/riscv-rv32im/lib/gcc/riscv32-unknown-elf/7.2.0/../../../../riscv32-unknown-elf/lib/libm.a(lib_a-s_copysign.o)
 .data          0x00000000c002b8fc        0x0 /raid/tools/cross-compilers/riscv-rv32im/lib/gcc/riscv32-unknown-elf/7.2.0/libgcc.a(_divdi3.o)
 .data          0x00000000c002b8fc        0x0 /raid/tools/cross-compilers/riscv-rv32im/lib/gcc/riscv32-unknown-elf/7.2.0/libgcc.a(_moddi3.o)
 .data          0x00000000c002b8fc        0x0 /raid/tools/cross-compilers/riscv-rv32im/lib/gcc/riscv32-unknown-elf/7.2.0/libgcc.a(adddf3.o)
 .data          0x00000000c002b8fc        0x0 /raid/tools/cross-compilers/riscv-rv32im/lib/gcc/riscv32-unknown-elf/7.2.0/libgcc.a(divdf3.o)
 .data          0x00000000c002b8fc        0x0 /raid/tools/cross-compilers/riscv-rv32im/lib/gcc/riscv32-unknown-elf/7.2.0/libgcc.a(eqdf2.o)
 .data          0x00000000c002b8fc        0x0 /raid/tools/cross-compilers/riscv-rv32im/lib/gcc/riscv32-unknown-elf/7.2.0/libgcc.a(gedf2.o)
 .data          0x00000000c002b8fc        0x0 /raid/tools/cross-compilers/riscv-rv32im/lib/gcc/riscv32-unknown-elf/7.2.0/libgcc.a(ledf2.o)
 .data          0x00000000c002b8fc        0x0 /raid/tools/cross-compilers/riscv-rv32im/lib/gcc/riscv32-unknown-elf/7.2.0/libgcc.a(muldf3.o)
 .data          0x00000000c002b8fc        0x0 /raid/tools/cross-compilers/riscv-rv32im/lib/gcc/riscv32-unknown-elf/7.2.0/libgcc.a(subdf3.o)
 .data          0x00000000c002b8fc        0x0 /raid/tools/cross-compilers/riscv-rv32im/lib/gcc/riscv32-unknown-elf/7.2.0/libgcc.a(unorddf2.o)
 .data          0x00000000c002b8fc        0x0 /raid/tools/cross-compilers/riscv-rv32im/lib/gcc/riscv32-unknown-elf/7.2.0/libgcc.a(fixdfsi.o)
 .data          0x00000000c002b8fc        0x0 /raid/tools/cross-compilers/riscv-rv32im/lib/gcc/riscv32-unknown-elf/7.2.0/libgcc.a(floatsidf.o)
 .data          0x00000000c002b8fc        0x0 /raid/tools/cross-compilers/riscv-rv32im/lib/gcc/riscv32-unknown-elf/7.2.0/libgcc.a(_clz.o)
 .data          0x00000000c002b8fc        0x0 /raid/tools/cross-compilers/riscv-rv32im/lib/gcc/riscv32-unknown-elf/7.2.0/libgcc.a(_clzsi2.o)
 .data          0x00000000c002b8fc        0x0 /raid/tools/cross-compilers/riscv-rv32im/lib/gcc/riscv32-unknown-elf/7.2.0/../../../../riscv32-unknown-elf/lib/libc.a(lib_a-atexit.o)
 .data          0x00000000c002b8fc        0x0 /raid/tools/cross-compilers/riscv-rv32im/lib/gcc/riscv32-unknown-elf/7.2.0/../../../../riscv32-unknown-elf/lib/libc.a(lib_a-errno.o)
 .data          0x00000000c002b8fc        0x0 /raid/tools/cross-compilers/riscv-rv32im/lib/gcc/riscv32-unknown-elf/7.2.0/../../../../riscv32-unknown-elf/lib/libc.a(lib_a-exit.o)
 .data          0x00000000c002b8fc        0x0 /raid/tools/cross-compilers/riscv-rv32im/lib/gcc/riscv32-unknown-elf/7.2.0/../../../../riscv32-unknown-elf/lib/libc.a(lib_a-fflush.o)
 .data          0x00000000c002b8fc        0x0 /raid/tools/cross-compilers/riscv-rv32im/lib/gcc/riscv32-unknown-elf/7.2.0/../../../../riscv32-unknown-elf/lib/libc.a(lib_a-findfp.o)
 .data          0x00000000c002b8fc        0x0 /raid/tools/cross-compilers/riscv-rv32im/lib/gcc/riscv32-unknown-elf/7.2.0/../../../../riscv32-unknown-elf/lib/libc.a(lib_a-fini.o)
 .data          0x00000000c002b8fc        0x0 /raid/tools/cross-compilers/riscv-rv32im/lib/gcc/riscv32-unknown-elf/7.2.0/../../../../riscv32-unknown-elf/lib/libc.a(lib_a-freer.o)
 .data          0x00000000c002b8fc        0x0 /raid/tools/cross-compilers/riscv-rv32im/lib/gcc/riscv32-unknown-elf/7.2.0/../../../../riscv32-unknown-elf/lib/libc.a(lib_a-fwalk.o)
 *fill*         0x00000000c002b8fc        0x4 
 .data          0x00000000c002b900      0x428 /raid/tools/cross-compilers/riscv-rv32im/lib/gcc/riscv32-unknown-elf/7.2.0/../../../../riscv32-unknown-elf/lib/libc.a(lib_a-impure.o)
 .data          0x00000000c002bd28        0x0 /raid/tools/cross-compilers/riscv-rv32im/lib/gcc/riscv32-unknown-elf/7.2.0/../../../../riscv32-unknown-elf/lib/libc.a(lib_a-init.o)
 .data          0x00000000c002bd28      0x408 /raid/tools/cross-compilers/riscv-rv32im/lib/gcc/riscv32-unknown-elf/7.2.0/../../../../riscv32-unknown-elf/lib/libc.a(lib_a-mallocr.o)
                0x00000000c002bd28                __malloc_av_
 .data          0x00000000c002c130        0x0 /raid/tools/cross-compilers/riscv-rv32im/lib/gcc/riscv32-unknown-elf/7.2.0/../../../../riscv32-unknown-elf/lib/libc.a(lib_a-memset.o)
 .data          0x00000000c002c130        0x0 /raid/tools/cross-compilers/riscv-rv32im/lib/gcc/riscv32-unknown-elf/7.2.0/../../../../riscv32-unknown-elf/lib/libc.a(lib_a-mlock.o)
 .data          0x00000000c002c130        0x0 /raid/tools/cross-compilers/riscv-rv32im/lib/gcc/riscv32-unknown-elf/7.2.0/../../../../riscv32-unknown-elf/lib/libc.a(lib_a-printf.o)
 .data          0x00000000c002c130        0x0 /raid/tools/cross-compilers/riscv-rv32im/lib/gcc/riscv32-unknown-elf/7.2.0/../../../../riscv32-unknown-elf/lib/libc.a(lib_a-putchar.o)
 .data          0x00000000c002c130        0x0 /raid/tools/cross-compilers/riscv-rv32im/lib/gcc/riscv32-unknown-elf/7.2.0/../../../../riscv32-unknown-elf/lib/libc.a(lib_a-putc.o)
 .data          0x00000000c002c130        0x0 /raid/tools/cross-compilers/riscv-rv32im/lib/gcc/riscv32-unknown-elf/7.2.0/../../../../riscv32-unknown-elf/lib/libc.a(lib_a-puts.o)
 .data          0x00000000c002c130        0x0 /raid/tools/cross-compilers/riscv-rv32im/lib/gcc/riscv32-unknown-elf/7.2.0/../../../../riscv32-unknown-elf/lib/libc.a(lib_a-sbrkr.o)
 .data          0x00000000c002c130        0x0 /raid/tools/cross-compilers/riscv-rv32im/lib/gcc/riscv32-unknown-elf/7.2.0/../../../../riscv32-unknown-elf/lib/libc.a(lib_a-setjmp.o)
 .data          0x00000000c002c130        0x0 /raid/tools/cross-compilers/riscv-rv32im/lib/gcc/riscv32-unknown-elf/7.2.0/../../../../riscv32-unknown-elf/lib/libc.a(lib_a-signal.o)
 .data          0x00000000c002c130        0x0 /raid/tools/cross-compilers/riscv-rv32im/lib/gcc/riscv32-unknown-elf/7.2.0/../../../../riscv32-unknown-elf/lib/libc.a(lib_a-signalr.o)
 .data          0x00000000c002c130        0x0 /raid/tools/cross-compilers/riscv-rv32im/lib/gcc/riscv32-unknown-elf/7.2.0/../../../../riscv32-unknown-elf/lib/libc.a(lib_a-stdio.o)
 .data          0x00000000c002c130        0x0 /raid/tools/cross-compilers/riscv-rv32im/lib/gcc/riscv32-unknown-elf/7.2.0/../../../../riscv32-unknown-elf/lib/libc.a(lib_a-strlen.o)
 .data          0x00000000c002c130        0x0 /raid/tools/cross-compilers/riscv-rv32im/lib/gcc/riscv32-unknown-elf/7.2.0/../../../../riscv32-unknown-elf/lib/libc.a(lib_a-vfprintf.o)
 .data          0x00000000c002c130        0x0 /raid/tools/cross-compilers/riscv-rv32im/lib/gcc/riscv32-unknown-elf/7.2.0/../../../../riscv32-unknown-elf/lib/libc.a(lib_a-wbuf.o)
 .data          0x00000000c002c130        0x0 /raid/tools/cross-compilers/riscv-rv32im/lib/gcc/riscv32-unknown-elf/7.2.0/../../../../riscv32-unknown-elf/lib/libc.a(lib_a-writer.o)
 .data          0x00000000c002c130        0x0 /raid/tools/cross-compilers/riscv-rv32im/lib/gcc/riscv32-unknown-elf/7.2.0/../../../../riscv32-unknown-elf/lib/libc.a(lib_a-wsetup.o)
 .data          0x00000000c002c130        0x0 /raid/tools/cross-compilers/riscv-rv32im/lib/gcc/riscv32-unknown-elf/7.2.0/../../../../riscv32-unknown-elf/lib/libc.a(lib_a-__atexit.o)
 .data          0x00000000c002c130        0x0 /raid/tools/cross-compilers/riscv-rv32im/lib/gcc/riscv32-unknown-elf/7.2.0/../../../../riscv32-unknown-elf/lib/libc.a(lib_a-__call_atexit.o)
 .data          0x00000000c002c130        0x0 /raid/tools/cross-compilers/riscv-rv32im/lib/gcc/riscv32-unknown-elf/7.2.0/../../../../riscv32-unknown-elf/lib/libc.a(lib_a-closer.o)
 .data          0x00000000c002c130        0x0 /raid/tools/cross-compilers/riscv-rv32im/lib/gcc/riscv32-unknown-elf/7.2.0/../../../../riscv32-unknown-elf/lib/libc.a(lib_a-fclose.o)
 .data          0x00000000c002c130        0x0 /raid/tools/cross-compilers/riscv-rv32im/lib/gcc/riscv32-unknown-elf/7.2.0/../../../../riscv32-unknown-elf/lib/libc.a(lib_a-fvwrite.o)
 .data          0x00000000c002c130        0x0 /raid/tools/cross-compilers/riscv-rv32im/lib/gcc/riscv32-unknown-elf/7.2.0/../../../../riscv32-unknown-elf/lib/libc.a(lib_a-ldtoa.o)
 .data          0x00000000c002c130        0x0 /raid/tools/cross-compilers/riscv-rv32im/lib/gcc/riscv32-unknown-elf/7.2.0/../../../../riscv32-unknown-elf/lib/libc.a(lib_a-localeconv.o)
 .data          0x00000000c002c130      0x16c /raid/tools/cross-compilers/riscv-rv32im/lib/gcc/riscv32-unknown-elf/7.2.0/../../../../riscv32-unknown-elf/lib/libc.a(lib_a-locale.o)
                0x00000000c002c130                __global_locale
 .data          0x00000000c002c29c        0x0 /raid/tools/cross-compilers/riscv-rv32im/lib/gcc/riscv32-unknown-elf/7.2.0/../../../../riscv32-unknown-elf/lib/libc.a(lib_a-lseekr.o)
 .data          0x00000000c002c29c        0x0 /raid/tools/cross-compilers/riscv-rv32im/lib/gcc/riscv32-unknown-elf/7.2.0/../../../../riscv32-unknown-elf/lib/libc.a(lib_a-makebuf.o)
 .data          0x00000000c002c29c        0x0 /raid/tools/cross-compilers/riscv-rv32im/lib/gcc/riscv32-unknown-elf/7.2.0/../../../../riscv32-unknown-elf/lib/libc.a(lib_a-mbtowc_r.o)
 .data          0x00000000c002c29c        0x0 /raid/tools/cross-compilers/riscv-rv32im/lib/gcc/riscv32-unknown-elf/7.2.0/../../../../riscv32-unknown-elf/lib/libc.a(lib_a-memchr.o)
 .data          0x00000000c002c29c        0x0 /raid/tools/cross-compilers/riscv-rv32im/lib/gcc/riscv32-unknown-elf/7.2.0/../../../../riscv32-unknown-elf/lib/libc.a(lib_a-memcpy.o)
 .data          0x00000000c002c29c        0x0 /raid/tools/cross-compilers/riscv-rv32im/lib/gcc/riscv32-unknown-elf/7.2.0/../../../../riscv32-unknown-elf/lib/libc.a(lib_a-memmove.o)
 .data          0x00000000c002c29c        0x0 /raid/tools/cross-compilers/riscv-rv32im/lib/gcc/riscv32-unknown-elf/7.2.0/../../../../riscv32-unknown-elf/lib/libc.a(lib_a-mprec.o)
 .data          0x00000000c002c29c        0x0 /raid/tools/cross-compilers/riscv-rv32im/lib/gcc/riscv32-unknown-elf/7.2.0/../../../../riscv32-unknown-elf/lib/libc.a(lib_a-readr.o)
 .data          0x00000000c002c29c        0x0 /raid/tools/cross-compilers/riscv-rv32im/lib/gcc/riscv32-unknown-elf/7.2.0/../../../../riscv32-unknown-elf/lib/libc.a(lib_a-reallocr.o)
 .data          0x00000000c002c29c        0x0 /raid/tools/cross-compilers/riscv-rv32im/lib/gcc/riscv32-unknown-elf/7.2.0/../../../../riscv32-unknown-elf/lib/libc.a(lib_a-reent.o)
 .data          0x00000000c002c29c        0x0 /raid/tools/cross-compilers/riscv-rv32im/lib/gcc/riscv32-unknown-elf/7.2.0/../../../../riscv32-unknown-elf/lib/libc.a(lib_a-s_frexp.o)
 .data          0x00000000c002c29c        0x0 /raid/tools/cross-compilers/riscv-rv32im/lib/gcc/riscv32-unknown-elf/7.2.0/../../../../riscv32-unknown-elf/lib/libc.a(lib_a-sprintf.o)
 .data          0x00000000c002c29c        0x0 /raid/tools/cross-compilers/riscv-rv32im/lib/gcc/riscv32-unknown-elf/7.2.0/../../../../riscv32-unknown-elf/lib/libc.a(lib_a-strcmp.o)
 .data          0x00000000c002c29c        0x0 /raid/tools/cross-compilers/riscv-rv32im/lib/gcc/riscv32-unknown-elf/7.2.0/../../../../riscv32-unknown-elf/lib/libc.a(lib_a-strcpy.o)
 .data          0x00000000c002c29c        0x0 /raid/tools/cross-compilers/riscv-rv32im/lib/gcc/riscv32-unknown-elf/7.2.0/../../../../riscv32-unknown-elf/lib/libc.a(lib_a-strncpy.o)
 .data          0x00000000c002c29c        0x0 /raid/tools/cross-compilers/riscv-rv32im/lib/gcc/riscv32-unknown-elf/7.2.0/../../../../riscv32-unknown-elf/lib/libc.a(lib_a-svfprintf.o)
 .data          0x00000000c002c29c        0x0 /raid/tools/cross-compilers/riscv-rv32im/lib/gcc/riscv32-unknown-elf/7.2.0/../../../../riscv32-unknown-elf/lib/libc.a(lib_a-vfiprintf.o)
 .data          0x00000000c002c29c        0x0 /raid/tools/cross-compilers/riscv-rv32im/lib/gcc/riscv32-unknown-elf/7.2.0/../../../../riscv32-unknown-elf/lib/libc.a(lib_a-wctomb_r.o)
 .data          0x00000000c002c29c        0x0 /raid/tools/cross-compilers/riscv-rv32im/lib/gcc/riscv32-unknown-elf/7.2.0/../../../../riscv32-unknown-elf/lib/libc.a(lib_a-callocr.o)
 .data          0x00000000c002c29c        0x0 /raid/tools/cross-compilers/riscv-rv32im/lib/gcc/riscv32-unknown-elf/7.2.0/../../../../riscv32-unknown-elf/lib/libc.a(lib_a-ctype_.o)
 .data          0x00000000c002c29c        0x0 /raid/tools/cross-compilers/riscv-rv32im/lib/gcc/riscv32-unknown-elf/7.2.0/../../../../riscv32-unknown-elf/lib/libc.a(lib_a-fputwc.o)
 .data          0x00000000c002c29c        0x0 /raid/tools/cross-compilers/riscv-rv32im/lib/gcc/riscv32-unknown-elf/7.2.0/../../../../riscv32-unknown-elf/lib/libc.a(lib_a-fstatr.o)
 .data          0x00000000c002c29c        0x0 /raid/tools/cross-compilers/riscv-rv32im/lib/gcc/riscv32-unknown-elf/7.2.0/../../../../riscv32-unknown-elf/lib/libc.a(lib_a-isattyr.o)
 .data          0x00000000c002c29c        0x0 /raid/tools/cross-compilers/riscv-rv32im/lib/gcc/riscv32-unknown-elf/7.2.0/../../../../riscv32-unknown-elf/lib/libc.a(lib_a-svfiprintf.o)
 .data          0x00000000c002c29c        0x0 /raid/tools/cross-compilers/riscv-rv32im/lib/gcc/riscv32-unknown-elf/7.2.0/../../../../riscv32-unknown-elf/lib/libc.a(lib_a-wcrtomb.o)
 .data          0x00000000c002c29c        0x0 /raid/tools/cross-compilers/riscv-rv32im/lib/gcc/riscv32-unknown-elf/7.2.0/../../../../riscv32-unknown-elf/lib/libnosys.a(_exit.o)
 .data          0x00000000c002c29c        0x0 /raid/tools/cross-compilers/riscv-rv32im/lib/gcc/riscv32-unknown-elf/7.2.0/libgcc.a(_udivdi3.o)
 .data          0x00000000c002c29c        0x0 /raid/tools/cross-compilers/riscv-rv32im/lib/gcc/riscv32-unknown-elf/7.2.0/libgcc.a(_umoddi3.o)
 .data          0x00000000c002c29c        0x0 /raid/tools/cross-compilers/riscv-rv32im/lib/gcc/riscv32-unknown-elf/7.2.0/libgcc.a(eqtf2.o)
 .data          0x00000000c002c29c        0x0 /raid/tools/cross-compilers/riscv-rv32im/lib/gcc/riscv32-unknown-elf/7.2.0/libgcc.a(getf2.o)
 .data          0x00000000c002c29c        0x0 /raid/tools/cross-compilers/riscv-rv32im/lib/gcc/riscv32-unknown-elf/7.2.0/libgcc.a(letf2.o)
 .data          0x00000000c002c29c        0x0 /raid/tools/cross-compilers/riscv-rv32im/lib/gcc/riscv32-unknown-elf/7.2.0/libgcc.a(multf3.o)
 .data          0x00000000c002c29c        0x0 /raid/tools/cross-compilers/riscv-rv32im/lib/gcc/riscv32-unknown-elf/7.2.0/libgcc.a(subtf3.o)
 .data          0x00000000c002c29c        0x0 /raid/tools/cross-compilers/riscv-rv32im/lib/gcc/riscv32-unknown-elf/7.2.0/libgcc.a(fixtfsi.o)
 .data          0x00000000c002c29c        0x0 /raid/tools/cross-compilers/riscv-rv32im/lib/gcc/riscv32-unknown-elf/7.2.0/libgcc.a(floatsitf.o)
 .data          0x00000000c002c29c        0x0 /raid/tools/cross-compilers/riscv-rv32im/lib/gcc/riscv32-unknown-elf/7.2.0/libgcc.a(extenddftf2.o)
 .data          0x00000000c002c29c        0x0 /raid/tools/cross-compilers/riscv-rv32im/lib/gcc/riscv32-unknown-elf/7.2.0/libgcc.a(trunctfdf2.o)
 .data          0x00000000c002c29c        0x0 /raid/tools/cross-compilers/riscv-rv32im/lib/gcc/riscv32-unknown-elf/7.2.0/crtend.o

.tm_clone_table
                0x00000000c002c29c        0x0
 .tm_clone_table
                0x00000000c002c29c        0x0 /raid/tools/cross-compilers/riscv-rv32im/lib/gcc/riscv32-unknown-elf/7.2.0/crtbegin.o
 .tm_clone_table
                0x00000000c002c29c        0x0 /raid/tools/cross-compilers/riscv-rv32im/lib/gcc/riscv32-unknown-elf/7.2.0/crtend.o

.data1
 *(.data1)

.got
 *(.got.plt)
 *(.igot.plt)
 *(.got)
 *(.igot)

.sdata          0x00000000c002c2a0      0x210
                0x00000000c002caa0                __global_pointer$ = (. + 0x800)
 *(.srodata.cst16)
 *(.srodata.cst8)
 .srodata.cst8  0x00000000c002c2a0        0x8 /raid/tools/cross-compilers/riscv-rv32im/lib/gcc/riscv32-unknown-elf/7.2.0/../../../../riscv32-unknown-elf/lib/libm.a(lib_a-s_floor.o)
 .srodata.cst8  0x00000000c002c2a8       0x10 /raid/tools/cross-compilers/riscv-rv32im/lib/gcc/riscv32-unknown-elf/7.2.0/../../../../riscv32-unknown-elf/lib/libm.a(lib_a-w_log.o)
 .srodata.cst8  0x00000000c002c2b8       0x20 /raid/tools/cross-compilers/riscv-rv32im/lib/gcc/riscv32-unknown-elf/7.2.0/../../../../riscv32-unknown-elf/lib/libm.a(lib_a-w_pow.o)
                                         0x30 (size before relaxing)
 .srodata.cst8  0x00000000c002c2d8       0x68 /raid/tools/cross-compilers/riscv-rv32im/lib/gcc/riscv32-unknown-elf/7.2.0/../../../../riscv32-unknown-elf/lib/libm.a(lib_a-e_log.o)
                                         0x78 (size before relaxing)
 .srodata.cst8  0x00000000c002c340       0xd0 /raid/tools/cross-compilers/riscv-rv32im/lib/gcc/riscv32-unknown-elf/7.2.0/../../../../riscv32-unknown-elf/lib/libm.a(lib_a-e_pow.o)
                                         0xf8 (size before relaxing)
 .srodata.cst8  0x00000000c002c410        0x8 /raid/tools/cross-compilers/riscv-rv32im/lib/gcc/riscv32-unknown-elf/7.2.0/../../../../riscv32-unknown-elf/lib/libm.a(lib_a-s_nan.o)
 .srodata.cst8  0x00000000c002c418        0x8 /raid/tools/cross-compilers/riscv-rv32im/lib/gcc/riscv32-unknown-elf/7.2.0/../../../../riscv32-unknown-elf/lib/libm.a(lib_a-s_scalbn.o)
                                         0x20 (size before relaxing)
 .srodata.cst8  0x00000000c002c420        0x8 /raid/tools/cross-compilers/riscv-rv32im/lib/gcc/riscv32-unknown-elf/7.2.0/../../../../riscv32-unknown-elf/lib/libc.a(lib_a-mprec.o)
                                         0x10 (size before relaxing)
 .srodata.cst8  0x00000000c002c428        0x8 /raid/tools/cross-compilers/riscv-rv32im/lib/gcc/riscv32-unknown-elf/7.2.0/../../../../riscv32-unknown-elf/lib/libc.a(lib_a-s_frexp.o)
 *(.srodata.cst4)
 *(.srodata.cst2)
 *(.srodata .srodata.*)
 *(.sdata .sdata.* .gnu.linkonce.s.*)
 .sdata         0x00000000c002c428        0x4 /raid/tools/cross-compilers/riscv-rv32im/lib/gcc/riscv32-unknown-elf/7.2.0/crtbegin.o
                0x00000000c002c428                __dso_handle
 .sdata         0x00000000c002c42c        0x4 ./lib/ns16550.o
 .sdata         0x00000000c002c430       0x6c /tmp/ccdsDNfB.o
                0x00000000c002c430                Half
                0x00000000c002c438                One
                0x00000000c002c440                Two
                0x00000000c002c448                Three
                0x00000000c002c450                Four
                0x00000000c002c458                Five
                0x00000000c002c460                Eight
                0x00000000c002c468                Nine
                0x00000000c002c470                TwentySeven
                0x00000000c002c478                ThirtyTwo
                0x00000000c002c480                TwoForty
                0x00000000c002c488                MinusOne
                0x00000000c002c490                OneAndHalf
                0x00000000c002c498                NoTrials
 .sdata         0x00000000c002c49c        0x4 /raid/tools/cross-compilers/riscv-rv32im/lib/gcc/riscv32-unknown-elf/7.2.0/../../../../riscv32-unknown-elf/lib/libm.a(lib_a-s_lib_ver.o)
                0x00000000c002c49c                __fdlib_version
 .sdata         0x00000000c002c4a0        0x8 /raid/tools/cross-compilers/riscv-rv32im/lib/gcc/riscv32-unknown-elf/7.2.0/../../../../riscv32-unknown-elf/lib/libc.a(lib_a-impure.o)
                0x00000000c002c4a0                _global_impure_ptr
                0x00000000c002c4a4                _impure_ptr
 .sdata         0x00000000c002c4a8        0x8 /raid/tools/cross-compilers/riscv-rv32im/lib/gcc/riscv32-unknown-elf/7.2.0/../../../../riscv32-unknown-elf/lib/libc.a(lib_a-mallocr.o)
                0x00000000c002c4a8                __malloc_sbrk_base
                0x00000000c002c4ac                __malloc_trim_threshold
                0x00000000c002c4b0                _edata = .
                [!provide]                        PROVIDE (edata, .)
                0x00000000c002c4b0                . = .
                0x00000000c002c4b0                __bss_start = .

.sbss           0x00000000c002c4b0       0x18
 *(.dynsbss)
 *(.sbss .sbss.* .gnu.linkonce.sb.*)
 .sbss          0x00000000c002c4b0        0x8 /tmp/ccdsDNfB.o
                0x00000000c002c4b0                Zero
 .sbss          0x00000000c002c4b8        0xc /raid/tools/cross-compilers/riscv-rv32im/lib/gcc/riscv32-unknown-elf/7.2.0/../../../../riscv32-unknown-elf/lib/libc.a(lib_a-mallocr.o)
                0x00000000c002c4b8                __malloc_max_total_mem
                0x00000000c002c4bc                __malloc_max_sbrked_mem
                0x00000000c002c4c0                __malloc_top_pad
 .sbss          0x00000000c002c4c4        0x4 /raid/tools/cross-compilers/riscv-rv32im/lib/gcc/riscv32-unknown-elf/7.2.0/../../../../riscv32-unknown-elf/lib/libc.a(lib_a-locale.o)
                0x00000000c002c4c4                _PathLocale
 *(.scommon)

.bss            0x00000000c002c4c8      0x34c
 *(.dynbss)
 *(.bss .bss.* .gnu.linkonce.b.*)
 .bss           0x00000000c002c4c8        0x0 /raid/tools/cross-compilers/riscv-rv32im/lib/gcc/riscv32-unknown-elf/7.2.0/../../../../riscv32-unknown-elf/lib/crt0.o
 .bss           0x00000000c002c4c8       0x1c /raid/tools/cross-compilers/riscv-rv32im/lib/gcc/riscv32-unknown-elf/7.2.0/crtbegin.o
 .bss           0x00000000c002c4e4        0x0 ./lib/startup.o
 .bss           0x00000000c002c4e4        0x0 ./lib/syscalls.o
 .bss           0x00000000c002c4e4        0x0 ./lib/riscv_counters.o
 .bss           0x00000000c002c4e4        0x0 ./lib/ns16550.o
 .bss           0x00000000c002c4e4        0x0 /tmp/ccdsDNfB.o
 .bss           0x00000000c002c4e4        0x0 /raid/tools/cross-compilers/riscv-rv32im/lib/gcc/riscv32-unknown-elf/7.2.0/../../../../riscv32-unknown-elf/lib/libm.a(lib_a-s_floor.o)
 .bss           0x00000000c002c4e4        0x0 /raid/tools/cross-compilers/riscv-rv32im/lib/gcc/riscv32-unknown-elf/7.2.0/../../../../riscv32-unknown-elf/lib/libm.a(lib_a-w_log.o)
 .bss           0x00000000c002c4e4        0x0 /raid/tools/cross-compilers/riscv-rv32im/lib/gcc/riscv32-unknown-elf/7.2.0/../../../../riscv32-unknown-elf/lib/libm.a(lib_a-w_pow.o)
 .bss           0x00000000c002c4e4        0x0 /raid/tools/cross-compilers/riscv-rv32im/lib/gcc/riscv32-unknown-elf/7.2.0/../../../../riscv32-unknown-elf/lib/libm.a(lib_a-w_sqrt.o)
 .bss           0x00000000c002c4e4        0x0 /raid/tools/cross-compilers/riscv-rv32im/lib/gcc/riscv32-unknown-elf/7.2.0/../../../../riscv32-unknown-elf/lib/libm.a(lib_a-e_log.o)
 .bss           0x00000000c002c4e4        0x0 /raid/tools/cross-compilers/riscv-rv32im/lib/gcc/riscv32-unknown-elf/7.2.0/../../../../riscv32-unknown-elf/lib/libm.a(lib_a-e_pow.o)
 .bss           0x00000000c002c4e4        0x0 /raid/tools/cross-compilers/riscv-rv32im/lib/gcc/riscv32-unknown-elf/7.2.0/../../../../riscv32-unknown-elf/lib/libm.a(lib_a-e_sqrt.o)
 .bss           0x00000000c002c4e4        0x0 /raid/tools/cross-compilers/riscv-rv32im/lib/gcc/riscv32-unknown-elf/7.2.0/../../../../riscv32-unknown-elf/lib/libm.a(lib_a-s_fabs.o)
 .bss           0x00000000c002c4e4        0x0 /raid/tools/cross-compilers/riscv-rv32im/lib/gcc/riscv32-unknown-elf/7.2.0/../../../../riscv32-unknown-elf/lib/libm.a(lib_a-s_finite.o)
 .bss           0x00000000c002c4e4        0x0 /raid/tools/cross-compilers/riscv-rv32im/lib/gcc/riscv32-unknown-elf/7.2.0/../../../../riscv32-unknown-elf/lib/libm.a(lib_a-s_lib_ver.o)
 .bss           0x00000000c002c4e4        0x0 /raid/tools/cross-compilers/riscv-rv32im/lib/gcc/riscv32-unknown-elf/7.2.0/../../../../riscv32-unknown-elf/lib/libm.a(lib_a-s_matherr.o)
 .bss           0x00000000c002c4e4        0x0 /raid/tools/cross-compilers/riscv-rv32im/lib/gcc/riscv32-unknown-elf/7.2.0/../../../../riscv32-unknown-elf/lib/libm.a(lib_a-s_nan.o)
 .bss           0x00000000c002c4e4        0x0 /raid/tools/cross-compilers/riscv-rv32im/lib/gcc/riscv32-unknown-elf/7.2.0/../../../../riscv32-unknown-elf/lib/libm.a(lib_a-s_rint.o)
 .bss           0x00000000c002c4e4        0x0 /raid/tools/cross-compilers/riscv-rv32im/lib/gcc/riscv32-unknown-elf/7.2.0/../../../../riscv32-unknown-elf/lib/libm.a(lib_a-s_scalbn.o)
 .bss           0x00000000c002c4e4        0x0 /raid/tools/cross-compilers/riscv-rv32im/lib/gcc/riscv32-unknown-elf/7.2.0/../../../../riscv32-unknown-elf/lib/libm.a(lib_a-s_copysign.o)
 .bss           0x00000000c002c4e4        0x0 /raid/tools/cross-compilers/riscv-rv32im/lib/gcc/riscv32-unknown-elf/7.2.0/libgcc.a(_divdi3.o)
 .bss           0x00000000c002c4e4        0x0 /raid/tools/cross-compilers/riscv-rv32im/lib/gcc/riscv32-unknown-elf/7.2.0/libgcc.a(_moddi3.o)
 .bss           0x00000000c002c4e4        0x0 /raid/tools/cross-compilers/riscv-rv32im/lib/gcc/riscv32-unknown-elf/7.2.0/libgcc.a(adddf3.o)
 .bss           0x00000000c002c4e4        0x0 /raid/tools/cross-compilers/riscv-rv32im/lib/gcc/riscv32-unknown-elf/7.2.0/libgcc.a(divdf3.o)
 .bss           0x00000000c002c4e4        0x0 /raid/tools/cross-compilers/riscv-rv32im/lib/gcc/riscv32-unknown-elf/7.2.0/libgcc.a(eqdf2.o)
 .bss           0x00000000c002c4e4        0x0 /raid/tools/cross-compilers/riscv-rv32im/lib/gcc/riscv32-unknown-elf/7.2.0/libgcc.a(gedf2.o)
 .bss           0x00000000c002c4e4        0x0 /raid/tools/cross-compilers/riscv-rv32im/lib/gcc/riscv32-unknown-elf/7.2.0/libgcc.a(ledf2.o)
 .bss           0x00000000c002c4e4        0x0 /raid/tools/cross-compilers/riscv-rv32im/lib/gcc/riscv32-unknown-elf/7.2.0/libgcc.a(muldf3.o)
 .bss           0x00000000c002c4e4        0x0 /raid/tools/cross-compilers/riscv-rv32im/lib/gcc/riscv32-unknown-elf/7.2.0/libgcc.a(subdf3.o)
 .bss           0x00000000c002c4e4        0x0 /raid/tools/cross-compilers/riscv-rv32im/lib/gcc/riscv32-unknown-elf/7.2.0/libgcc.a(unorddf2.o)
 .bss           0x00000000c002c4e4        0x0 /raid/tools/cross-compilers/riscv-rv32im/lib/gcc/riscv32-unknown-elf/7.2.0/libgcc.a(fixdfsi.o)
 .bss           0x00000000c002c4e4        0x0 /raid/tools/cross-compilers/riscv-rv32im/lib/gcc/riscv32-unknown-elf/7.2.0/libgcc.a(floatsidf.o)
 .bss           0x00000000c002c4e4        0x0 /raid/tools/cross-compilers/riscv-rv32im/lib/gcc/riscv32-unknown-elf/7.2.0/libgcc.a(_clz.o)
 .bss           0x00000000c002c4e4        0x0 /raid/tools/cross-compilers/riscv-rv32im/lib/gcc/riscv32-unknown-elf/7.2.0/libgcc.a(_clzsi2.o)
 .bss           0x00000000c002c4e4        0x0 /raid/tools/cross-compilers/riscv-rv32im/lib/gcc/riscv32-unknown-elf/7.2.0/../../../../riscv32-unknown-elf/lib/libc.a(lib_a-atexit.o)
 .bss           0x00000000c002c4e4        0x0 /raid/tools/cross-compilers/riscv-rv32im/lib/gcc/riscv32-unknown-elf/7.2.0/../../../../riscv32-unknown-elf/lib/libc.a(lib_a-errno.o)
 .bss           0x00000000c002c4e4        0x0 /raid/tools/cross-compilers/riscv-rv32im/lib/gcc/riscv32-unknown-elf/7.2.0/../../../../riscv32-unknown-elf/lib/libc.a(lib_a-exit.o)
 .bss           0x00000000c002c4e4        0x0 /raid/tools/cross-compilers/riscv-rv32im/lib/gcc/riscv32-unknown-elf/7.2.0/../../../../riscv32-unknown-elf/lib/libc.a(lib_a-fflush.o)
 .bss           0x00000000c002c4e4        0x0 /raid/tools/cross-compilers/riscv-rv32im/lib/gcc/riscv32-unknown-elf/7.2.0/../../../../riscv32-unknown-elf/lib/libc.a(lib_a-findfp.o)
 .bss           0x00000000c002c4e4        0x0 /raid/tools/cross-compilers/riscv-rv32im/lib/gcc/riscv32-unknown-elf/7.2.0/../../../../riscv32-unknown-elf/lib/libc.a(lib_a-fini.o)
 .bss           0x00000000c002c4e4        0x0 /raid/tools/cross-compilers/riscv-rv32im/lib/gcc/riscv32-unknown-elf/7.2.0/../../../../riscv32-unknown-elf/lib/libc.a(lib_a-freer.o)
 .bss           0x00000000c002c4e4        0x0 /raid/tools/cross-compilers/riscv-rv32im/lib/gcc/riscv32-unknown-elf/7.2.0/../../../../riscv32-unknown-elf/lib/libc.a(lib_a-fwalk.o)
 .bss           0x00000000c002c4e4        0x0 /raid/tools/cross-compilers/riscv-rv32im/lib/gcc/riscv32-unknown-elf/7.2.0/../../../../riscv32-unknown-elf/lib/libc.a(lib_a-impure.o)
 .bss           0x00000000c002c4e4        0x0 /raid/tools/cross-compilers/riscv-rv32im/lib/gcc/riscv32-unknown-elf/7.2.0/../../../../riscv32-unknown-elf/lib/libc.a(lib_a-init.o)
 .bss           0x00000000c002c4e4       0x28 /raid/tools/cross-compilers/riscv-rv32im/lib/gcc/riscv32-unknown-elf/7.2.0/../../../../riscv32-unknown-elf/lib/libc.a(lib_a-mallocr.o)
                0x00000000c002c4e4                __malloc_current_mallinfo
 .bss           0x00000000c002c50c        0x0 /raid/tools/cross-compilers/riscv-rv32im/lib/gcc/riscv32-unknown-elf/7.2.0/../../../../riscv32-unknown-elf/lib/libc.a(lib_a-memset.o)
 .bss           0x00000000c002c50c        0x0 /raid/tools/cross-compilers/riscv-rv32im/lib/gcc/riscv32-unknown-elf/7.2.0/../../../../riscv32-unknown-elf/lib/libc.a(lib_a-mlock.o)
 .bss           0x00000000c002c50c        0x0 /raid/tools/cross-compilers/riscv-rv32im/lib/gcc/riscv32-unknown-elf/7.2.0/../../../../riscv32-unknown-elf/lib/libc.a(lib_a-printf.o)
 .bss           0x00000000c002c50c        0x0 /raid/tools/cross-compilers/riscv-rv32im/lib/gcc/riscv32-unknown-elf/7.2.0/../../../../riscv32-unknown-elf/lib/libc.a(lib_a-putchar.o)
 .bss           0x00000000c002c50c        0x0 /raid/tools/cross-compilers/riscv-rv32im/lib/gcc/riscv32-unknown-elf/7.2.0/../../../../riscv32-unknown-elf/lib/libc.a(lib_a-putc.o)
 .bss           0x00000000c002c50c        0x0 /raid/tools/cross-compilers/riscv-rv32im/lib/gcc/riscv32-unknown-elf/7.2.0/../../../../riscv32-unknown-elf/lib/libc.a(lib_a-puts.o)
 .bss           0x00000000c002c50c        0x0 /raid/tools/cross-compilers/riscv-rv32im/lib/gcc/riscv32-unknown-elf/7.2.0/../../../../riscv32-unknown-elf/lib/libc.a(lib_a-sbrkr.o)
 .bss           0x00000000c002c50c        0x0 /raid/tools/cross-compilers/riscv-rv32im/lib/gcc/riscv32-unknown-elf/7.2.0/../../../../riscv32-unknown-elf/lib/libc.a(lib_a-setjmp.o)
 .bss           0x00000000c002c50c        0x0 /raid/tools/cross-compilers/riscv-rv32im/lib/gcc/riscv32-unknown-elf/7.2.0/../../../../riscv32-unknown-elf/lib/libc.a(lib_a-signal.o)
 .bss           0x00000000c002c50c        0x0 /raid/tools/cross-compilers/riscv-rv32im/lib/gcc/riscv32-unknown-elf/7.2.0/../../../../riscv32-unknown-elf/lib/libc.a(lib_a-signalr.o)
 .bss           0x00000000c002c50c        0x0 /raid/tools/cross-compilers/riscv-rv32im/lib/gcc/riscv32-unknown-elf/7.2.0/../../../../riscv32-unknown-elf/lib/libc.a(lib_a-stdio.o)
 .bss           0x00000000c002c50c        0x0 /raid/tools/cross-compilers/riscv-rv32im/lib/gcc/riscv32-unknown-elf/7.2.0/../../../../riscv32-unknown-elf/lib/libc.a(lib_a-strlen.o)
 .bss           0x00000000c002c50c        0x0 /raid/tools/cross-compilers/riscv-rv32im/lib/gcc/riscv32-unknown-elf/7.2.0/../../../../riscv32-unknown-elf/lib/libc.a(lib_a-vfprintf.o)
 .bss           0x00000000c002c50c        0x0 /raid/tools/cross-compilers/riscv-rv32im/lib/gcc/riscv32-unknown-elf/7.2.0/../../../../riscv32-unknown-elf/lib/libc.a(lib_a-wbuf.o)
 .bss           0x00000000c002c50c        0x0 /raid/tools/cross-compilers/riscv-rv32im/lib/gcc/riscv32-unknown-elf/7.2.0/../../../../riscv32-unknown-elf/lib/libc.a(lib_a-writer.o)
 .bss           0x00000000c002c50c        0x0 /raid/tools/cross-compilers/riscv-rv32im/lib/gcc/riscv32-unknown-elf/7.2.0/../../../../riscv32-unknown-elf/lib/libc.a(lib_a-wsetup.o)
 .bss           0x00000000c002c50c        0x0 /raid/tools/cross-compilers/riscv-rv32im/lib/gcc/riscv32-unknown-elf/7.2.0/../../../../riscv32-unknown-elf/lib/libc.a(lib_a-__atexit.o)
 .bss           0x00000000c002c50c        0x0 /raid/tools/cross-compilers/riscv-rv32im/lib/gcc/riscv32-unknown-elf/7.2.0/../../../../riscv32-unknown-elf/lib/libc.a(lib_a-__call_atexit.o)
 .bss           0x00000000c002c50c        0x0 /raid/tools/cross-compilers/riscv-rv32im/lib/gcc/riscv32-unknown-elf/7.2.0/../../../../riscv32-unknown-elf/lib/libc.a(lib_a-closer.o)
 .bss           0x00000000c002c50c        0x0 /raid/tools/cross-compilers/riscv-rv32im/lib/gcc/riscv32-unknown-elf/7.2.0/../../../../riscv32-unknown-elf/lib/libc.a(lib_a-fclose.o)
 .bss           0x00000000c002c50c        0x0 /raid/tools/cross-compilers/riscv-rv32im/lib/gcc/riscv32-unknown-elf/7.2.0/../../../../riscv32-unknown-elf/lib/libc.a(lib_a-fvwrite.o)
 .bss           0x00000000c002c50c        0x0 /raid/tools/cross-compilers/riscv-rv32im/lib/gcc/riscv32-unknown-elf/7.2.0/../../../../riscv32-unknown-elf/lib/libc.a(lib_a-ldtoa.o)
 .bss           0x00000000c002c50c        0x0 /raid/tools/cross-compilers/riscv-rv32im/lib/gcc/riscv32-unknown-elf/7.2.0/../../../../riscv32-unknown-elf/lib/libc.a(lib_a-localeconv.o)
 .bss           0x00000000c002c50c        0x0 /raid/tools/cross-compilers/riscv-rv32im/lib/gcc/riscv32-unknown-elf/7.2.0/../../../../riscv32-unknown-elf/lib/libc.a(lib_a-locale.o)
 .bss           0x00000000c002c50c        0x0 /raid/tools/cross-compilers/riscv-rv32im/lib/gcc/riscv32-unknown-elf/7.2.0/../../../../riscv32-unknown-elf/lib/libc.a(lib_a-lseekr.o)
 .bss           0x00000000c002c50c        0x0 /raid/tools/cross-compilers/riscv-rv32im/lib/gcc/riscv32-unknown-elf/7.2.0/../../../../riscv32-unknown-elf/lib/libc.a(lib_a-makebuf.o)
 .bss           0x00000000c002c50c        0x0 /raid/tools/cross-compilers/riscv-rv32im/lib/gcc/riscv32-unknown-elf/7.2.0/../../../../riscv32-unknown-elf/lib/libc.a(lib_a-mbtowc_r.o)
 .bss           0x00000000c002c50c        0x0 /raid/tools/cross-compilers/riscv-rv32im/lib/gcc/riscv32-unknown-elf/7.2.0/../../../../riscv32-unknown-elf/lib/libc.a(lib_a-memchr.o)
 .bss           0x00000000c002c50c        0x0 /raid/tools/cross-compilers/riscv-rv32im/lib/gcc/riscv32-unknown-elf/7.2.0/../../../../riscv32-unknown-elf/lib/libc.a(lib_a-memcpy.o)
 .bss           0x00000000c002c50c        0x0 /raid/tools/cross-compilers/riscv-rv32im/lib/gcc/riscv32-unknown-elf/7.2.0/../../../../riscv32-unknown-elf/lib/libc.a(lib_a-memmove.o)
 .bss           0x00000000c002c50c        0x0 /raid/tools/cross-compilers/riscv-rv32im/lib/gcc/riscv32-unknown-elf/7.2.0/../../../../riscv32-unknown-elf/lib/libc.a(lib_a-mprec.o)
 .bss           0x00000000c002c50c        0x0 /raid/tools/cross-compilers/riscv-rv32im/lib/gcc/riscv32-unknown-elf/7.2.0/../../../../riscv32-unknown-elf/lib/libc.a(lib_a-readr.o)
 .bss           0x00000000c002c50c        0x0 /raid/tools/cross-compilers/riscv-rv32im/lib/gcc/riscv32-unknown-elf/7.2.0/../../../../riscv32-unknown-elf/lib/libc.a(lib_a-reallocr.o)
 .bss           0x00000000c002c50c        0x0 /raid/tools/cross-compilers/riscv-rv32im/lib/gcc/riscv32-unknown-elf/7.2.0/../../../../riscv32-unknown-elf/lib/libc.a(lib_a-reent.o)
 .bss           0x00000000c002c50c        0x0 /raid/tools/cross-compilers/riscv-rv32im/lib/gcc/riscv32-unknown-elf/7.2.0/../../../../riscv32-unknown-elf/lib/libc.a(lib_a-s_frexp.o)
 .bss           0x00000000c002c50c        0x0 /raid/tools/cross-compilers/riscv-rv32im/lib/gcc/riscv32-unknown-elf/7.2.0/../../../../riscv32-unknown-elf/lib/libc.a(lib_a-sprintf.o)
 .bss           0x00000000c002c50c        0x0 /raid/tools/cross-compilers/riscv-rv32im/lib/gcc/riscv32-unknown-elf/7.2.0/../../../../riscv32-unknown-elf/lib/libc.a(lib_a-strcmp.o)
 .bss           0x00000000c002c50c        0x0 /raid/tools/cross-compilers/riscv-rv32im/lib/gcc/riscv32-unknown-elf/7.2.0/../../../../riscv32-unknown-elf/lib/libc.a(lib_a-strcpy.o)
 .bss           0x00000000c002c50c        0x0 /raid/tools/cross-compilers/riscv-rv32im/lib/gcc/riscv32-unknown-elf/7.2.0/../../../../riscv32-unknown-elf/lib/libc.a(lib_a-strncpy.o)
 .bss           0x00000000c002c50c        0x0 /raid/tools/cross-compilers/riscv-rv32im/lib/gcc/riscv32-unknown-elf/7.2.0/../../../../riscv32-unknown-elf/lib/libc.a(lib_a-svfprintf.o)
 .bss           0x00000000c002c50c        0x0 /raid/tools/cross-compilers/riscv-rv32im/lib/gcc/riscv32-unknown-elf/7.2.0/../../../../riscv32-unknown-elf/lib/libc.a(lib_a-vfiprintf.o)
 .bss           0x00000000c002c50c        0x0 /raid/tools/cross-compilers/riscv-rv32im/lib/gcc/riscv32-unknown-elf/7.2.0/../../../../riscv32-unknown-elf/lib/libc.a(lib_a-wctomb_r.o)
 .bss           0x00000000c002c50c        0x0 /raid/tools/cross-compilers/riscv-rv32im/lib/gcc/riscv32-unknown-elf/7.2.0/../../../../riscv32-unknown-elf/lib/libc.a(lib_a-callocr.o)
 .bss           0x00000000c002c50c        0x0 /raid/tools/cross-compilers/riscv-rv32im/lib/gcc/riscv32-unknown-elf/7.2.0/../../../../riscv32-unknown-elf/lib/libc.a(lib_a-ctype_.o)
 .bss           0x00000000c002c50c        0x0 /raid/tools/cross-compilers/riscv-rv32im/lib/gcc/riscv32-unknown-elf/7.2.0/../../../../riscv32-unknown-elf/lib/libc.a(lib_a-fputwc.o)
 .bss           0x00000000c002c50c        0x0 /raid/tools/cross-compilers/riscv-rv32im/lib/gcc/riscv32-unknown-elf/7.2.0/../../../../riscv32-unknown-elf/lib/libc.a(lib_a-fstatr.o)
 .bss           0x00000000c002c50c        0x0 /raid/tools/cross-compilers/riscv-rv32im/lib/gcc/riscv32-unknown-elf/7.2.0/../../../../riscv32-unknown-elf/lib/libc.a(lib_a-isattyr.o)
 .bss           0x00000000c002c50c        0x0 /raid/tools/cross-compilers/riscv-rv32im/lib/gcc/riscv32-unknown-elf/7.2.0/../../../../riscv32-unknown-elf/lib/libc.a(lib_a-svfiprintf.o)
 .bss           0x00000000c002c50c        0x0 /raid/tools/cross-compilers/riscv-rv32im/lib/gcc/riscv32-unknown-elf/7.2.0/../../../../riscv32-unknown-elf/lib/libc.a(lib_a-wcrtomb.o)
 .bss           0x00000000c002c50c        0x0 /raid/tools/cross-compilers/riscv-rv32im/lib/gcc/riscv32-unknown-elf/7.2.0/../../../../riscv32-unknown-elf/lib/libnosys.a(_exit.o)
 .bss           0x00000000c002c50c        0x0 /raid/tools/cross-compilers/riscv-rv32im/lib/gcc/riscv32-unknown-elf/7.2.0/libgcc.a(_udivdi3.o)
 .bss           0x00000000c002c50c        0x0 /raid/tools/cross-compilers/riscv-rv32im/lib/gcc/riscv32-unknown-elf/7.2.0/libgcc.a(_umoddi3.o)
 .bss           0x00000000c002c50c        0x0 /raid/tools/cross-compilers/riscv-rv32im/lib/gcc/riscv32-unknown-elf/7.2.0/libgcc.a(eqtf2.o)
 .bss           0x00000000c002c50c        0x0 /raid/tools/cross-compilers/riscv-rv32im/lib/gcc/riscv32-unknown-elf/7.2.0/libgcc.a(getf2.o)
 .bss           0x00000000c002c50c        0x0 /raid/tools/cross-compilers/riscv-rv32im/lib/gcc/riscv32-unknown-elf/7.2.0/libgcc.a(letf2.o)
 .bss           0x00000000c002c50c        0x0 /raid/tools/cross-compilers/riscv-rv32im/lib/gcc/riscv32-unknown-elf/7.2.0/libgcc.a(multf3.o)
 .bss           0x00000000c002c50c        0x0 /raid/tools/cross-compilers/riscv-rv32im/lib/gcc/riscv32-unknown-elf/7.2.0/libgcc.a(subtf3.o)
 .bss           0x00000000c002c50c        0x0 /raid/tools/cross-compilers/riscv-rv32im/lib/gcc/riscv32-unknown-elf/7.2.0/libgcc.a(fixtfsi.o)
 .bss           0x00000000c002c50c        0x0 /raid/tools/cross-compilers/riscv-rv32im/lib/gcc/riscv32-unknown-elf/7.2.0/libgcc.a(floatsitf.o)
 .bss           0x00000000c002c50c        0x0 /raid/tools/cross-compilers/riscv-rv32im/lib/gcc/riscv32-unknown-elf/7.2.0/libgcc.a(extenddftf2.o)
 .bss           0x00000000c002c50c        0x0 /raid/tools/cross-compilers/riscv-rv32im/lib/gcc/riscv32-unknown-elf/7.2.0/libgcc.a(trunctfdf2.o)
 .bss           0x00000000c002c50c        0x0 /raid/tools/cross-compilers/riscv-rv32im/lib/gcc/riscv32-unknown-elf/7.2.0/crtend.o
 *(COMMON)
 *fill*         0x00000000c002c50c        0x4 
 COMMON         0x00000000c002c510      0x300 /tmp/ccdsDNfB.o
                0x00000000c002c510                D
                0x00000000c002c518                N
                0x00000000c002c520                E9
                0x00000000c002c528                BInvrse
                0x00000000c002c530                U1
                0x00000000c002c538                Random1
                0x00000000c002c540                Z2
                0x00000000c002c548                GMult
                0x00000000c002c550                F9
                0x00000000c002c558                SqRWrng
                0x00000000c002c560                E0
                0x00000000c002c568                ErrCnt
                0x00000000c002c578                Break
                0x00000000c002c580                AInvrse
                0x00000000c002c588                U2
                0x00000000c002c590                Q
                0x00000000c002c598                Underflow
                0x00000000c002c5a0                Y2
                0x00000000c002c5a8                Third
                0x00000000c002c5b0                X2
                0x00000000c002c5b8                BMinusU2
                0x00000000c002c5c0                N1
                0x00000000c002c5c4                sigsave
                0x00000000c002c5c8                RAddSub
                0x00000000c002c5d0                Y
                0x00000000c002c5d8                Q9
                0x00000000c002c5e0                Indx
                0x00000000c002c5e4                GDiv
                0x00000000c002c5e8                MyZero
                0x00000000c002c5f0                FourD
                0x00000000c002c5f8                T
                0x00000000c002c600                S
                0x00000000c002c608                GAddSub
                0x00000000c002c610                V9
                0x00000000c002c618                J
                0x00000000c002c620                ovfl_buf
                0x00000000c002c6b8                C
                0x00000000c002c6c0                V
                0x00000000c002c6c8                RadixD2
                0x00000000c002c6d0                MinSqEr
                0x00000000c002c6d8                CInvrse
                0x00000000c002c6e0                RMult
                0x00000000c002c6e8                X1
                0x00000000c002c6f0                Milestone
                0x00000000c002c6f8                StickyBit
                0x00000000c002c700                Random9
                0x00000000c002c708                E1
                0x00000000c002c710                W
                0x00000000c002c718                Precision
                0x00000000c002c720                Monot
                0x00000000c002c728                OneUlp
                0x00000000c002c730                UfNGrad
                0x00000000c002c738                H
                0x00000000c002c740                MaxSqEr
                0x00000000c002c748                Exp2
                0x00000000c002c750                Random2
                0x00000000c002c758                R
                0x00000000c002c760                Z
                0x00000000c002c768                RDiv
                0x00000000c002c770                Z1
                0x00000000c002c778                Radix
                0x00000000c002c780                Done
                0x00000000c002c784                I
                0x00000000c002c788                F6
                0x00000000c002c790                RSqrt
                0x00000000c002c794                M
                0x00000000c002c798                fpecount
                0x00000000c002c79c                PageNo
                0x00000000c002c7a0                IEEE
                0x00000000c002c7a8                V0
                0x00000000c002c7b0                HInvrse
                0x00000000c002c7b8                Y1
                0x00000000c002c7c0                PseudoZero
                0x00000000c002c7c8                Anomaly
                0x00000000c002c7cc                NotMonot
                0x00000000c002c7d0                ch
                0x00000000c002c7d8                X8
                0x00000000c002c7e0                UfThold
                0x00000000c002c7e8                A1
                0x00000000c002c7f0                SqEr
                0x00000000c002c7f8                Z9
                0x00000000c002c800                X
                0x00000000c002c808                E3
 COMMON         0x00000000c002c810        0x4 /raid/tools/cross-compilers/riscv-rv32im/lib/gcc/riscv32-unknown-elf/7.2.0/../../../../riscv32-unknown-elf/lib/libc.a(lib_a-reent.o)
                0x00000000c002c810                errno
                0x00000000c002c814                . = ALIGN ((. != 0x0)?0x4:0x1)
LOAD /raid/tools/cross-compilers/riscv-rv32im/lib/gcc/riscv32-unknown-elf/7.2.0/../../../../riscv32-unknown-elf/lib/crt0.o
LOAD /raid/tools/cross-compilers/riscv-rv32im/lib/gcc/riscv32-unknown-elf/7.2.0/crtbegin.o
                0x00000000c002c814                __startup_save = .

.startup        0x00000000c0000000       0x44
 startup.o(.text)
 .text          0x00000000c0000000       0x44 ./lib/startup.o
                0x00000000c0000000                _reset
                0x00000000c002c814                . = __startup_save
                0x00000000c002c814                . = ALIGN (0x4)
                0x00000000c002c814                . = SEGMENT_START ("ldata-segment", .)
                0x00000000c002c814                . = ALIGN (0x4)
                0x00000000c002c814                _end = .
                [!provide]                        PROVIDE (end, .)
                0x00000000c002c814                . = DATA_SEGMENT_END (.)

.stab
 *(.stab)

.stabstr
 *(.stabstr)

.stab.excl
 *(.stab.excl)

.stab.exclstr
 *(.stab.exclstr)

.stab.index
 *(.stab.index)

.stab.indexstr
 *(.stab.indexstr)

.comment        0x0000000000000000       0x11
 *(.comment)
 .comment       0x0000000000000000       0x11 /raid/tools/cross-compilers/riscv-rv32im/lib/gcc/riscv32-unknown-elf/7.2.0/crtbegin.o
                                         0x12 (size before relaxing)
 .comment       0x0000000000000011       0x12 ./lib/syscalls.o
 .comment       0x0000000000000011       0x12 ./lib/riscv_counters.o
 .comment       0x0000000000000011       0x12 ./lib/ns16550.o
 .comment       0x0000000000000011       0x12 /tmp/ccdsDNfB.o
 .comment       0x0000000000000011       0x12 /raid/tools/cross-compilers/riscv-rv32im/lib/gcc/riscv32-unknown-elf/7.2.0/../../../../riscv32-unknown-elf/lib/libm.a(lib_a-s_floor.o)
 .comment       0x0000000000000011       0x12 /raid/tools/cross-compilers/riscv-rv32im/lib/gcc/riscv32-unknown-elf/7.2.0/../../../../riscv32-unknown-elf/lib/libm.a(lib_a-w_log.o)
 .comment       0x0000000000000011       0x12 /raid/tools/cross-compilers/riscv-rv32im/lib/gcc/riscv32-unknown-elf/7.2.0/../../../../riscv32-unknown-elf/lib/libm.a(lib_a-w_pow.o)
 .comment       0x0000000000000011       0x12 /raid/tools/cross-compilers/riscv-rv32im/lib/gcc/riscv32-unknown-elf/7.2.0/../../../../riscv32-unknown-elf/lib/libm.a(lib_a-w_sqrt.o)
 .comment       0x0000000000000011       0x12 /raid/tools/cross-compilers/riscv-rv32im/lib/gcc/riscv32-unknown-elf/7.2.0/../../../../riscv32-unknown-elf/lib/libm.a(lib_a-e_log.o)
 .comment       0x0000000000000011       0x12 /raid/tools/cross-compilers/riscv-rv32im/lib/gcc/riscv32-unknown-elf/7.2.0/../../../../riscv32-unknown-elf/lib/libm.a(lib_a-e_pow.o)
 .comment       0x0000000000000011       0x12 /raid/tools/cross-compilers/riscv-rv32im/lib/gcc/riscv32-unknown-elf/7.2.0/../../../../riscv32-unknown-elf/lib/libm.a(lib_a-e_sqrt.o)
 .comment       0x0000000000000011       0x12 /raid/tools/cross-compilers/riscv-rv32im/lib/gcc/riscv32-unknown-elf/7.2.0/../../../../riscv32-unknown-elf/lib/libm.a(lib_a-s_fabs.o)
 .comment       0x0000000000000011       0x12 /raid/tools/cross-compilers/riscv-rv32im/lib/gcc/riscv32-unknown-elf/7.2.0/../../../../riscv32-unknown-elf/lib/libm.a(lib_a-s_finite.o)
 .comment       0x0000000000000011       0x12 /raid/tools/cross-compilers/riscv-rv32im/lib/gcc/riscv32-unknown-elf/7.2.0/../../../../riscv32-unknown-elf/lib/libm.a(lib_a-s_lib_ver.o)
 .comment       0x0000000000000011       0x12 /raid/tools/cross-compilers/riscv-rv32im/lib/gcc/riscv32-unknown-elf/7.2.0/../../../../riscv32-unknown-elf/lib/libm.a(lib_a-s_matherr.o)
 .comment       0x0000000000000011       0x12 /raid/tools/cross-compilers/riscv-rv32im/lib/gcc/riscv32-unknown-elf/7.2.0/../../../../riscv32-unknown-elf/lib/libm.a(lib_a-s_nan.o)
 .comment       0x0000000000000011       0x12 /raid/tools/cross-compilers/riscv-rv32im/lib/gcc/riscv32-unknown-elf/7.2.0/../../../../riscv32-unknown-elf/lib/libm.a(lib_a-s_rint.o)
 .comment       0x0000000000000011       0x12 /raid/tools/cross-compilers/riscv-rv32im/lib/gcc/riscv32-unknown-elf/7.2.0/../../../../riscv32-unknown-elf/lib/libm.a(lib_a-s_scalbn.o)
 .comment       0x0000000000000011       0x12 /raid/tools/cross-compilers/riscv-rv32im/lib/gcc/riscv32-unknown-elf/7.2.0/../../../../riscv32-unknown-elf/lib/libm.a(lib_a-s_copysign.o)
 .comment       0x0000000000000011       0x12 /raid/tools/cross-compilers/riscv-rv32im/lib/gcc/riscv32-unknown-elf/7.2.0/libgcc.a(_divdi3.o)