Archive member included to satisfy reference by file (symbol)

/nix/store/gbj4l2s4sjbxcgnqad1k61xnpb5acbz8-riscv32-unknown-elf-rv32imac-toolchain-8.3.0-afcc8bc/lib/gcc/riscv32-unknown-elf/8.3.0/libgcc.a(_divdi3.o)
                              ./lib/syscalls.o (__divdi3)
/nix/store/gbj4l2s4sjbxcgnqad1k61xnpb5acbz8-riscv32-unknown-elf-rv32imac-toolchain-8.3.0-afcc8bc/lib/gcc/riscv32-unknown-elf/8.3.0/libgcc.a(_moddi3.o)
                              ./lib/syscalls.o (__moddi3)
/nix/store/gbj4l2s4sjbxcgnqad1k61xnpb5acbz8-riscv32-unknown-elf-rv32imac-toolchain-8.3.0-afcc8bc/lib/gcc/riscv32-unknown-elf/8.3.0/libgcc.a(_clz.o)
                              /nix/store/gbj4l2s4sjbxcgnqad1k61xnpb5acbz8-riscv32-unknown-elf-rv32imac-toolchain-8.3.0-afcc8bc/lib/gcc/riscv32-unknown-elf/8.3.0/libgcc.a(_divdi3.o) (__clz_tab)
/nix/store/gbj4l2s4sjbxcgnqad1k61xnpb5acbz8-riscv32-unknown-elf-rv32imac-toolchain-8.3.0-afcc8bc/lib/gcc/riscv32-unknown-elf/8.3.0/../../../../riscv32-unknown-elf/lib/libc.a(lib_a-atexit.o)
                              /nix/store/gbj4l2s4sjbxcgnqad1k61xnpb5acbz8-riscv32-unknown-elf-rv32imac-toolchain-8.3.0-afcc8bc/lib/gcc/riscv32-unknown-elf/8.3.0/../../../../riscv32-unknown-elf/lib/crt0.o (atexit)
/nix/store/gbj4l2s4sjbxcgnqad1k61xnpb5acbz8-riscv32-unknown-elf-rv32imac-toolchain-8.3.0-afcc8bc/lib/gcc/riscv32-unknown-elf/8.3.0/../../../../riscv32-unknown-elf/lib/libc.a(lib_a-errno.o)
                              ./lib/syscalls.o (__errno)
/nix/store/gbj4l2s4sjbxcgnqad1k61xnpb5acbz8-riscv32-unknown-elf-rv32imac-toolchain-8.3.0-afcc8bc/lib/gcc/riscv32-unknown-elf/8.3.0/../../../../riscv32-unknown-elf/lib/libc.a(lib_a-exit.o)
                              /nix/store/gbj4l2s4sjbxcgnqad1k61xnpb5acbz8-riscv32-unknown-elf-rv32imac-toolchain-8.3.0-afcc8bc/lib/gcc/riscv32-unknown-elf/8.3.0/../../../../riscv32-unknown-elf/lib/crt0.o (exit)
/nix/store/gbj4l2s4sjbxcgnqad1k61xnpb5acbz8-riscv32-unknown-elf-rv32imac-toolchain-8.3.0-afcc8bc/lib/gcc/riscv32-unknown-elf/8.3.0/../../../../riscv32-unknown-elf/lib/libc.a(lib_a-fgetc.o)
                              /run/user/1001/ccun6zlI.o (fgetc)
/nix/store/gbj4l2s4sjbxcgnqad1k61xnpb5acbz8-riscv32-unknown-elf-rv32imac-toolchain-8.3.0-afcc8bc/lib/gcc/riscv32-unknown-elf/8.3.0/../../../../riscv32-unknown-elf/lib/libc.a(lib_a-findfp.o)
                              /nix/store/gbj4l2s4sjbxcgnqad1k61xnpb5acbz8-riscv32-unknown-elf-rv32imac-toolchain-8.3.0-afcc8bc/lib/gcc/riscv32-unknown-elf/8.3.0/../../../../riscv32-unknown-elf/lib/libc.a(lib_a-fgetc.o) (__sinit)
/nix/store/gbj4l2s4sjbxcgnqad1k61xnpb5acbz8-riscv32-unknown-elf-rv32imac-toolchain-8.3.0-afcc8bc/lib/gcc/riscv32-unknown-elf/8.3.0/../../../../riscv32-unknown-elf/lib/libc.a(lib_a-fini.o)
                              /nix/store/gbj4l2s4sjbxcgnqad1k61xnpb5acbz8-riscv32-unknown-elf-rv32imac-toolchain-8.3.0-afcc8bc/lib/gcc/riscv32-unknown-elf/8.3.0/../../../../riscv32-unknown-elf/lib/crt0.o (__libc_fini_array)
/nix/store/gbj4l2s4sjbxcgnqad1k61xnpb5acbz8-riscv32-unknown-elf-rv32imac-toolchain-8.3.0-afcc8bc/lib/gcc/riscv32-unknown-elf/8.3.0/../../../../riscv32-unknown-elf/lib/libc.a(lib_a-fputc.o)
                              /run/user/1001/ccun6zlI.o (fputc)
/nix/store/gbj4l2s4sjbxcgnqad1k61xnpb5acbz8-riscv32-unknown-elf-rv32imac-toolchain-8.3.0-afcc8bc/lib/gcc/riscv32-unknown-elf/8.3.0/../../../../riscv32-unknown-elf/lib/libc.a(lib_a-fwalk.o)
                              /nix/store/gbj4l2s4sjbxcgnqad1k61xnpb5acbz8-riscv32-unknown-elf-rv32imac-toolchain-8.3.0-afcc8bc/lib/gcc/riscv32-unknown-elf/8.3.0/../../../../riscv32-unknown-elf/lib/libc.a(lib_a-findfp.o) (_fwalk)
/nix/store/gbj4l2s4sjbxcgnqad1k61xnpb5acbz8-riscv32-unknown-elf-rv32imac-toolchain-8.3.0-afcc8bc/lib/gcc/riscv32-unknown-elf/8.3.0/../../../../riscv32-unknown-elf/lib/libc.a(lib_a-impure.o)
                              /nix/store/gbj4l2s4sjbxcgnqad1k61xnpb5acbz8-riscv32-unknown-elf-rv32imac-toolchain-8.3.0-afcc8bc/lib/gcc/riscv32-unknown-elf/8.3.0/../../../../riscv32-unknown-elf/lib/libc.a(lib_a-exit.o) (_global_impure_ptr)
/nix/store/gbj4l2s4sjbxcgnqad1k61xnpb5acbz8-riscv32-unknown-elf-rv32imac-toolchain-8.3.0-afcc8bc/lib/gcc/riscv32-unknown-elf/8.3.0/../../../../riscv32-unknown-elf/lib/libc.a(lib_a-init.o)
                              /nix/store/gbj4l2s4sjbxcgnqad1k61xnpb5acbz8-riscv32-unknown-elf-rv32imac-toolchain-8.3.0-afcc8bc/lib/gcc/riscv32-unknown-elf/8.3.0/../../../../riscv32-unknown-elf/lib/crt0.o (__libc_init_array)
/nix/store/gbj4l2s4sjbxcgnqad1k61xnpb5acbz8-riscv32-unknown-elf-rv32imac-toolchain-8.3.0-afcc8bc/lib/gcc/riscv32-unknown-elf/8.3.0/../../../../riscv32-unknown-elf/lib/libc.a(lib_a-mallocr.o)
                              /nix/store/gbj4l2s4sjbxcgnqad1k61xnpb5acbz8-riscv32-unknown-elf-rv32imac-toolchain-8.3.0-afcc8bc/lib/gcc/riscv32-unknown-elf/8.3.0/../../../../riscv32-unknown-elf/lib/libc.a(lib_a-findfp.o) (_malloc_r)
/nix/store/gbj4l2s4sjbxcgnqad1k61xnpb5acbz8-riscv32-unknown-elf-rv32imac-toolchain-8.3.0-afcc8bc/lib/gcc/riscv32-unknown-elf/8.3.0/../../../../riscv32-unknown-elf/lib/libc.a(lib_a-memset.o)
                              /nix/store/gbj4l2s4sjbxcgnqad1k61xnpb5acbz8-riscv32-unknown-elf-rv32imac-toolchain-8.3.0-afcc8bc/lib/gcc/riscv32-unknown-elf/8.3.0/../../../../riscv32-unknown-elf/lib/crt0.o (memset)
/nix/store/gbj4l2s4sjbxcgnqad1k61xnpb5acbz8-riscv32-unknown-elf-rv32imac-toolchain-8.3.0-afcc8bc/lib/gcc/riscv32-unknown-elf/8.3.0/../../../../riscv32-unknown-elf/lib/libc.a(lib_a-mlock.o)
                              /nix/store/gbj4l2s4sjbxcgnqad1k61xnpb5acbz8-riscv32-unknown-elf-rv32imac-toolchain-8.3.0-afcc8bc/lib/gcc/riscv32-unknown-elf/8.3.0/../../../../riscv32-unknown-elf/lib/libc.a(lib_a-mallocr.o) (__malloc_lock)
/nix/store/gbj4l2s4sjbxcgnqad1k61xnpb5acbz8-riscv32-unknown-elf-rv32imac-toolchain-8.3.0-afcc8bc/lib/gcc/riscv32-unknown-elf/8.3.0/../../../../riscv32-unknown-elf/lib/libc.a(lib_a-putc.o)
                              /nix/store/gbj4l2s4sjbxcgnqad1k61xnpb5acbz8-riscv32-unknown-elf-rv32imac-toolchain-8.3.0-afcc8bc/lib/gcc/riscv32-unknown-elf/8.3.0/../../../../riscv32-unknown-elf/lib/libc.a(lib_a-fputc.o) (_putc_r)
/nix/store/gbj4l2s4sjbxcgnqad1k61xnpb5acbz8-riscv32-unknown-elf-rv32imac-toolchain-8.3.0-afcc8bc/lib/gcc/riscv32-unknown-elf/8.3.0/../../../../riscv32-unknown-elf/lib/libc.a(lib_a-rget.o)
                              /nix/store/gbj4l2s4sjbxcgnqad1k61xnpb5acbz8-riscv32-unknown-elf-rv32imac-toolchain-8.3.0-afcc8bc/lib/gcc/riscv32-unknown-elf/8.3.0/../../../../riscv32-unknown-elf/lib/libc.a(lib_a-fgetc.o) (__srget_r)
/nix/store/gbj4l2s4sjbxcgnqad1k61xnpb5acbz8-riscv32-unknown-elf-rv32imac-toolchain-8.3.0-afcc8bc/lib/gcc/riscv32-unknown-elf/8.3.0/../../../../riscv32-unknown-elf/lib/libc.a(lib_a-sbrkr.o)
                              /nix/store/gbj4l2s4sjbxcgnqad1k61xnpb5acbz8-riscv32-unknown-elf-rv32imac-toolchain-8.3.0-afcc8bc/lib/gcc/riscv32-unknown-elf/8.3.0/../../../../riscv32-unknown-elf/lib/libc.a(lib_a-mallocr.o) (_sbrk_r)
/nix/store/gbj4l2s4sjbxcgnqad1k61xnpb5acbz8-riscv32-unknown-elf-rv32imac-toolchain-8.3.0-afcc8bc/lib/gcc/riscv32-unknown-elf/8.3.0/../../../../riscv32-unknown-elf/lib/libc.a(lib_a-stdio.o)
                              /nix/store/gbj4l2s4sjbxcgnqad1k61xnpb5acbz8-riscv32-unknown-elf-rv32imac-toolchain-8.3.0-afcc8bc/lib/gcc/riscv32-unknown-elf/8.3.0/../../../../riscv32-unknown-elf/lib/libc.a(lib_a-findfp.o) (__sread)
/nix/store/gbj4l2s4sjbxcgnqad1k61xnpb5acbz8-riscv32-unknown-elf-rv32imac-toolchain-8.3.0-afcc8bc/lib/gcc/riscv32-unknown-elf/8.3.0/../../../../riscv32-unknown-elf/lib/libc.a(lib_a-wbuf.o)
                              /nix/store/gbj4l2s4sjbxcgnqad1k61xnpb5acbz8-riscv32-unknown-elf-rv32imac-toolchain-8.3.0-afcc8bc/lib/gcc/riscv32-unknown-elf/8.3.0/../../../../riscv32-unknown-elf/lib/libc.a(lib_a-putc.o) (__swbuf_r)
/nix/store/gbj4l2s4sjbxcgnqad1k61xnpb5acbz8-riscv32-unknown-elf-rv32imac-toolchain-8.3.0-afcc8bc/lib/gcc/riscv32-unknown-elf/8.3.0/../../../../riscv32-unknown-elf/lib/libc.a(lib_a-writer.o)
                              /nix/store/gbj4l2s4sjbxcgnqad1k61xnpb5acbz8-riscv32-unknown-elf-rv32imac-toolchain-8.3.0-afcc8bc/lib/gcc/riscv32-unknown-elf/8.3.0/../../../../riscv32-unknown-elf/lib/libc.a(lib_a-stdio.o) (_write_r)
/nix/store/gbj4l2s4sjbxcgnqad1k61xnpb5acbz8-riscv32-unknown-elf-rv32imac-toolchain-8.3.0-afcc8bc/lib/gcc/riscv32-unknown-elf/8.3.0/../../../../riscv32-unknown-elf/lib/libc.a(lib_a-wsetup.o)
                              /nix/store/gbj4l2s4sjbxcgnqad1k61xnpb5acbz8-riscv32-unknown-elf-rv32imac-toolchain-8.3.0-afcc8bc/lib/gcc/riscv32-unknown-elf/8.3.0/../../../../riscv32-unknown-elf/lib/libc.a(lib_a-wbuf.o) (__swsetup_r)
/nix/store/gbj4l2s4sjbxcgnqad1k61xnpb5acbz8-riscv32-unknown-elf-rv32imac-toolchain-8.3.0-afcc8bc/lib/gcc/riscv32-unknown-elf/8.3.0/../../../../riscv32-unknown-elf/lib/libc.a(lib_a-__atexit.o)
                              /nix/store/gbj4l2s4sjbxcgnqad1k61xnpb5acbz8-riscv32-unknown-elf-rv32imac-toolchain-8.3.0-afcc8bc/lib/gcc/riscv32-unknown-elf/8.3.0/../../../../riscv32-unknown-elf/lib/libc.a(lib_a-atexit.o) (__register_exitproc)
/nix/store/gbj4l2s4sjbxcgnqad1k61xnpb5acbz8-riscv32-unknown-elf-rv32imac-toolchain-8.3.0-afcc8bc/lib/gcc/riscv32-unknown-elf/8.3.0/../../../../riscv32-unknown-elf/lib/libc.a(lib_a-__call_atexit.o)
                              /nix/store/gbj4l2s4sjbxcgnqad1k61xnpb5acbz8-riscv32-unknown-elf-rv32imac-toolchain-8.3.0-afcc8bc/lib/gcc/riscv32-unknown-elf/8.3.0/../../../../riscv32-unknown-elf/lib/libc.a(lib_a-exit.o) (__call_exitprocs)
/nix/store/gbj4l2s4sjbxcgnqad1k61xnpb5acbz8-riscv32-unknown-elf-rv32imac-toolchain-8.3.0-afcc8bc/lib/gcc/riscv32-unknown-elf/8.3.0/../../../../riscv32-unknown-elf/lib/libc.a(lib_a-closer.o)
                              /nix/store/gbj4l2s4sjbxcgnqad1k61xnpb5acbz8-riscv32-unknown-elf-rv32imac-toolchain-8.3.0-afcc8bc/lib/gcc/riscv32-unknown-elf/8.3.0/../../../../riscv32-unknown-elf/lib/libc.a(lib_a-stdio.o) (_close_r)
/nix/store/gbj4l2s4sjbxcgnqad1k61xnpb5acbz8-riscv32-unknown-elf-rv32imac-toolchain-8.3.0-afcc8bc/lib/gcc/riscv32-unknown-elf/8.3.0/../../../../riscv32-unknown-elf/lib/libc.a(lib_a-fclose.o)
                              /nix/store/gbj4l2s4sjbxcgnqad1k61xnpb5acbz8-riscv32-unknown-elf-rv32imac-toolchain-8.3.0-afcc8bc/lib/gcc/riscv32-unknown-elf/8.3.0/../../../../riscv32-unknown-elf/lib/libc.a(lib_a-findfp.o) (_fclose_r)
/nix/store/gbj4l2s4sjbxcgnqad1k61xnpb5acbz8-riscv32-unknown-elf-rv32imac-toolchain-8.3.0-afcc8bc/lib/gcc/riscv32-unknown-elf/8.3.0/../../../../riscv32-unknown-elf/lib/libc.a(lib_a-fflush.o)
                              /nix/store/gbj4l2s4sjbxcgnqad1k61xnpb5acbz8-riscv32-unknown-elf-rv32imac-toolchain-8.3.0-afcc8bc/lib/gcc/riscv32-unknown-elf/8.3.0/../../../../riscv32-unknown-elf/lib/libc.a(lib_a-fclose.o) (__sflush_r)
/nix/store/gbj4l2s4sjbxcgnqad1k61xnpb5acbz8-riscv32-unknown-elf-rv32imac-toolchain-8.3.0-afcc8bc/lib/gcc/riscv32-unknown-elf/8.3.0/../../../../riscv32-unknown-elf/lib/libc.a(lib_a-freer.o)
                              /nix/store/gbj4l2s4sjbxcgnqad1k61xnpb5acbz8-riscv32-unknown-elf-rv32imac-toolchain-8.3.0-afcc8bc/lib/gcc/riscv32-unknown-elf/8.3.0/../../../../riscv32-unknown-elf/lib/libc.a(lib_a-mallocr.o) (_free_r)
/nix/store/gbj4l2s4sjbxcgnqad1k61xnpb5acbz8-riscv32-unknown-elf-rv32imac-toolchain-8.3.0-afcc8bc/lib/gcc/riscv32-unknown-elf/8.3.0/../../../../riscv32-unknown-elf/lib/libc.a(lib_a-lseekr.o)
                              /nix/store/gbj4l2s4sjbxcgnqad1k61xnpb5acbz8-riscv32-unknown-elf-rv32imac-toolchain-8.3.0-afcc8bc/lib/gcc/riscv32-unknown-elf/8.3.0/../../../../riscv32-unknown-elf/lib/libc.a(lib_a-stdio.o) (_lseek_r)
/nix/store/gbj4l2s4sjbxcgnqad1k61xnpb5acbz8-riscv32-unknown-elf-rv32imac-toolchain-8.3.0-afcc8bc/lib/gcc/riscv32-unknown-elf/8.3.0/../../../../riscv32-unknown-elf/lib/libc.a(lib_a-makebuf.o)
                              /nix/store/gbj4l2s4sjbxcgnqad1k61xnpb5acbz8-riscv32-unknown-elf-rv32imac-toolchain-8.3.0-afcc8bc/lib/gcc/riscv32-unknown-elf/8.3.0/../../../../riscv32-unknown-elf/lib/libc.a(lib_a-wsetup.o) (__smakebuf_r)
/nix/store/gbj4l2s4sjbxcgnqad1k61xnpb5acbz8-riscv32-unknown-elf-rv32imac-toolchain-8.3.0-afcc8bc/lib/gcc/riscv32-unknown-elf/8.3.0/../../../../riscv32-unknown-elf/lib/libc.a(lib_a-readr.o)
                              /nix/store/gbj4l2s4sjbxcgnqad1k61xnpb5acbz8-riscv32-unknown-elf-rv32imac-toolchain-8.3.0-afcc8bc/lib/gcc/riscv32-unknown-elf/8.3.0/../../../../riscv32-unknown-elf/lib/libc.a(lib_a-stdio.o) (_read_r)
/nix/store/gbj4l2s4sjbxcgnqad1k61xnpb5acbz8-riscv32-unknown-elf-rv32imac-toolchain-8.3.0-afcc8bc/lib/gcc/riscv32-unknown-elf/8.3.0/../../../../riscv32-unknown-elf/lib/libc.a(lib_a-reent.o)
                              /nix/store/gbj4l2s4sjbxcgnqad1k61xnpb5acbz8-riscv32-unknown-elf-rv32imac-toolchain-8.3.0-afcc8bc/lib/gcc/riscv32-unknown-elf/8.3.0/../../../../riscv32-unknown-elf/lib/libc.a(lib_a-sbrkr.o) (errno)
/nix/store/gbj4l2s4sjbxcgnqad1k61xnpb5acbz8-riscv32-unknown-elf-rv32imac-toolchain-8.3.0-afcc8bc/lib/gcc/riscv32-unknown-elf/8.3.0/../../../../riscv32-unknown-elf/lib/libc.a(lib_a-refill.o)
                              /nix/store/gbj4l2s4sjbxcgnqad1k61xnpb5acbz8-riscv32-unknown-elf-rv32imac-toolchain-8.3.0-afcc8bc/lib/gcc/riscv32-unknown-elf/8.3.0/../../../../riscv32-unknown-elf/lib/libc.a(lib_a-rget.o) (__srefill_r)
/nix/store/gbj4l2s4sjbxcgnqad1k61xnpb5acbz8-riscv32-unknown-elf-rv32imac-toolchain-8.3.0-afcc8bc/lib/gcc/riscv32-unknown-elf/8.3.0/../../../../riscv32-unknown-elf/lib/libc.a(lib_a-fstatr.o)
                              /nix/store/gbj4l2s4sjbxcgnqad1k61xnpb5acbz8-riscv32-unknown-elf-rv32imac-toolchain-8.3.0-afcc8bc/lib/gcc/riscv32-unknown-elf/8.3.0/../../../../riscv32-unknown-elf/lib/libc.a(lib_a-makebuf.o) (_fstat_r)
/nix/store/gbj4l2s4sjbxcgnqad1k61xnpb5acbz8-riscv32-unknown-elf-rv32imac-toolchain-8.3.0-afcc8bc/lib/gcc/riscv32-unknown-elf/8.3.0/../../../../riscv32-unknown-elf/lib/libc.a(lib_a-isattyr.o)
                              /nix/store/gbj4l2s4sjbxcgnqad1k61xnpb5acbz8-riscv32-unknown-elf-rv32imac-toolchain-8.3.0-afcc8bc/lib/gcc/riscv32-unknown-elf/8.3.0/../../../../riscv32-unknown-elf/lib/libc.a(lib_a-makebuf.o) (_isatty_r)
/nix/store/gbj4l2s4sjbxcgnqad1k61xnpb5acbz8-riscv32-unknown-elf-rv32imac-toolchain-8.3.0-afcc8bc/lib/gcc/riscv32-unknown-elf/8.3.0/../../../../riscv32-unknown-elf/lib/libnosys.a(_exit.o)
                              /nix/store/gbj4l2s4sjbxcgnqad1k61xnpb5acbz8-riscv32-unknown-elf-rv32imac-toolchain-8.3.0-afcc8bc/lib/gcc/riscv32-unknown-elf/8.3.0/../../../../riscv32-unknown-elf/lib/libc.a(lib_a-exit.o) (_exit)

Allocating common symbols
Common symbol       size              file

errno               0x4               /nix/store/gbj4l2s4sjbxcgnqad1k61xnpb5acbz8-riscv32-unknown-elf-rv32imac-toolchain-8.3.0-afcc8bc/lib/gcc/riscv32-unknown-elf/8.3.0/../../../../riscv32-unknown-elf/lib/libc.a(lib_a-reent.o)

Memory Configuration

Name             Origin             Length             Attributes
*default*        0x0000000000000000 0xffffffffffffffff

Linker script and memory map

LOAD ./lib/syscalls.o
LOAD ./lib/riscv_counters.o
LOAD ./lib/ns16550.o
Address of section .text-segment set to 0xc0000000
LOAD /run/user/1001/ccun6zlI.o
LOAD /nix/store/gbj4l2s4sjbxcgnqad1k61xnpb5acbz8-riscv32-unknown-elf-rv32imac-toolchain-8.3.0-afcc8bc/lib/gcc/riscv32-unknown-elf/8.3.0/../../../../riscv32-unknown-elf/lib/libm.a
LOAD /nix/store/gbj4l2s4sjbxcgnqad1k61xnpb5acbz8-riscv32-unknown-elf-rv32imac-toolchain-8.3.0-afcc8bc/lib/gcc/riscv32-unknown-elf/8.3.0/libgcc.a
LOAD /nix/store/gbj4l2s4sjbxcgnqad1k61xnpb5acbz8-riscv32-unknown-elf-rv32imac-toolchain-8.3.0-afcc8bc/lib/gcc/riscv32-unknown-elf/8.3.0/../../../../riscv32-unknown-elf/lib/libnosys.a
LOAD /nix/store/gbj4l2s4sjbxcgnqad1k61xnpb5acbz8-riscv32-unknown-elf-rv32imac-toolchain-8.3.0-afcc8bc/lib/gcc/riscv32-unknown-elf/8.3.0/libgcc.a
START GROUP
LOAD /nix/store/gbj4l2s4sjbxcgnqad1k61xnpb5acbz8-riscv32-unknown-elf-rv32imac-toolchain-8.3.0-afcc8bc/lib/gcc/riscv32-unknown-elf/8.3.0/libgcc.a
LOAD /nix/store/gbj4l2s4sjbxcgnqad1k61xnpb5acbz8-riscv32-unknown-elf-rv32imac-toolchain-8.3.0-afcc8bc/lib/gcc/riscv32-unknown-elf/8.3.0/../../../../riscv32-unknown-elf/lib/libc.a
LOAD /nix/store/gbj4l2s4sjbxcgnqad1k61xnpb5acbz8-riscv32-unknown-elf-rv32imac-toolchain-8.3.0-afcc8bc/lib/gcc/riscv32-unknown-elf/8.3.0/../../../../riscv32-unknown-elf/lib/libnosys.a
END GROUP
LOAD /nix/store/gbj4l2s4sjbxcgnqad1k61xnpb5acbz8-riscv32-unknown-elf-rv32imac-toolchain-8.3.0-afcc8bc/lib/gcc/riscv32-unknown-elf/8.3.0/crtend.o
                [!provide]                        PROVIDE (__executable_start = SEGMENT_START ("text-segment", 0x10000))
                0x00000000c0000074                . = (SEGMENT_START ("text-segment", 0x10000) + SIZEOF_HEADERS)

.interp
 *(.interp)

.note.gnu.build-id
 *(.note.gnu.build-id)

.hash
 *(.hash)

.gnu.hash
 *(.gnu.hash)

.dynsym
 *(.dynsym)

.dynstr
 *(.dynstr)

.gnu.version
 *(.gnu.version)

.gnu.version_d
 *(.gnu.version_d)

.gnu.version_r
 *(.gnu.version_r)

.rela.dyn       0x00000000c0000074        0x0
 *(.rela.init)
 *(.rela.text .rela.text.* .rela.gnu.linkonce.t.*)
 .rela.text     0x00000000c0000074        0x0 /nix/store/gbj4l2s4sjbxcgnqad1k61xnpb5acbz8-riscv32-unknown-elf-rv32imac-toolchain-8.3.0-afcc8bc/lib/gcc/riscv32-unknown-elf/8.3.0/../../../../riscv32-unknown-elf/lib/crt0.o
 *(.rela.fini)
 *(.rela.rodata .rela.rodata.* .rela.gnu.linkonce.r.*)
 *(.rela.data .rela.data.* .rela.gnu.linkonce.d.*)
 *(.rela.tdata .rela.tdata.* .rela.gnu.linkonce.td.*)
 *(.rela.tbss .rela.tbss.* .rela.gnu.linkonce.tb.*)
 *(.rela.ctors)
 *(.rela.dtors)
 *(.rela.got)
 *(.rela.sdata .rela.sdata.* .rela.gnu.linkonce.s.*)
 *(.rela.sbss .rela.sbss.* .rela.gnu.linkonce.sb.*)
 *(.rela.sdata2 .rela.sdata2.* .rela.gnu.linkonce.s2.*)
 *(.rela.sbss2 .rela.sbss2.* .rela.gnu.linkonce.sb2.*)
 *(.rela.bss .rela.bss.* .rela.gnu.linkonce.b.*)
                [!provide]                        PROVIDE (__rela_iplt_start = .)
 *(.rela.iplt)
                [!provide]                        PROVIDE (__rela_iplt_end = .)

.rela.plt
 *(.rela.plt)

.init
 *(SORT_NONE(.init))

.plt
 *(.plt)

.iplt
 *(.iplt)

.text           0x00000000c0000074     0x27fa
 *(.text.unlikely .text.*_unlikely .text.unlikely.*)
 *(.text.exit .text.exit.*)
 *(.text.startup .text.startup.*)
 *(.text.hot .text.hot.*)
 *(.text .stub .text.* .gnu.linkonce.t.*)
 .text          0x00000000c0000074       0x38 /nix/store/gbj4l2s4sjbxcgnqad1k61xnpb5acbz8-riscv32-unknown-elf-rv32imac-toolchain-8.3.0-afcc8bc/lib/gcc/riscv32-unknown-elf/8.3.0/../../../../riscv32-unknown-elf/lib/crt0.o
                0x00000000c0000074                _start
                0x00000000c00000aa                _init
                0x00000000c00000aa                _fini
 .text          0x00000000c00000ac       0xaa /nix/store/gbj4l2s4sjbxcgnqad1k61xnpb5acbz8-riscv32-unknown-elf-rv32imac-toolchain-8.3.0-afcc8bc/lib/gcc/riscv32-unknown-elf/8.3.0/crtbegin.o
 *fill*         0x00000000c0000156        0x2 
 .text          0x00000000c0000158      0x4ec ./lib/syscalls.o
                0x00000000c0000158                read
                0x00000000c00001e4                write
                0x00000000c0000250                gettimeofday
                0x00000000c000034c                sleep
                0x00000000c00003f8                _sbrk
                0x00000000c0000434                _write
                0x00000000c00004a0                _close
                0x00000000c00004dc                _lseek
                0x00000000c0000520                _read
                0x00000000c0000564                _fstat
                0x00000000c00005a4                _isatty
                0x00000000c00005e0                _kill
                0x00000000c0000620                _getpid
 .text          0x00000000c0000644      0x258 ./lib/riscv_counters.o
                0x00000000c0000644                read_cycle
                0x00000000c00006b0                read_time
                0x00000000c000071c                read_instret
                0x00000000c0000788                fence
                0x00000000c00007a8                io_read32
                0x00000000c00007dc                io_write32
                0x00000000c0000818                io_read64
                0x00000000c0000854                io_write64
 .text          0x00000000c000089c      0x1e4 ./lib/ns16550.o
                0x00000000c0000974                ns16550_rxready
                0x00000000c00009ac                ns16550_rxchar
                0x00000000c00009f4                ns16550_txchar
                0x00000000c0000a48                ns16550_flush
 .text          0x00000000c0000a80       0x8c /run/user/1001/ccun6zlI.o
                0x00000000c0000a80                main
 .text          0x00000000c0000b0c      0x39c /nix/store/gbj4l2s4sjbxcgnqad1k61xnpb5acbz8-riscv32-unknown-elf-rv32imac-toolchain-8.3.0-afcc8bc/lib/gcc/riscv32-unknown-elf/8.3.0/libgcc.a(_divdi3.o)
                0x00000000c0000b0c                __divdi3
 .text          0x00000000c0000ea8      0x392 /nix/store/gbj4l2s4sjbxcgnqad1k61xnpb5acbz8-riscv32-unknown-elf-rv32imac-toolchain-8.3.0-afcc8bc/lib/gcc/riscv32-unknown-elf/8.3.0/libgcc.a(_moddi3.o)
                0x00000000c0000ea8                __moddi3
 .text          0x00000000c000123a        0x0 /nix/store/gbj4l2s4sjbxcgnqad1k61xnpb5acbz8-riscv32-unknown-elf-rv32imac-toolchain-8.3.0-afcc8bc/lib/gcc/riscv32-unknown-elf/8.3.0/libgcc.a(_clz.o)
 .text          0x00000000c000123a        0xc /nix/store/gbj4l2s4sjbxcgnqad1k61xnpb5acbz8-riscv32-unknown-elf-rv32imac-toolchain-8.3.0-afcc8bc/lib/gcc/riscv32-unknown-elf/8.3.0/../../../../riscv32-unknown-elf/lib/libc.a(lib_a-atexit.o)
                0x00000000c000123a                atexit
 .text          0x00000000c0001246        0x6 /nix/store/gbj4l2s4sjbxcgnqad1k61xnpb5acbz8-riscv32-unknown-elf-rv32imac-toolchain-8.3.0-afcc8bc/lib/gcc/riscv32-unknown-elf/8.3.0/../../../../riscv32-unknown-elf/lib/libc.a(lib_a-errno.o)
                0x00000000c0001246                __errno
 .text          0x00000000c000124c       0x1e /nix/store/gbj4l2s4sjbxcgnqad1k61xnpb5acbz8-riscv32-unknown-elf-rv32imac-toolchain-8.3.0-afcc8bc/lib/gcc/riscv32-unknown-elf/8.3.0/../../../../riscv32-unknown-elf/lib/libc.a(lib_a-exit.o)
                0x00000000c000124c                exit
 .text          0x00000000c000126a       0x46 /nix/store/gbj4l2s4sjbxcgnqad1k61xnpb5acbz8-riscv32-unknown-elf-rv32imac-toolchain-8.3.0-afcc8bc/lib/gcc/riscv32-unknown-elf/8.3.0/../../../../riscv32-unknown-elf/lib/libc.a(lib_a-fgetc.o)
                0x00000000c000126a                _fgetc_r
                0x00000000c00012a8                fgetc
 .text          0x00000000c00012b0      0x1d2 /nix/store/gbj4l2s4sjbxcgnqad1k61xnpb5acbz8-riscv32-unknown-elf-rv32imac-toolchain-8.3.0-afcc8bc/lib/gcc/riscv32-unknown-elf/8.3.0/../../../../riscv32-unknown-elf/lib/libc.a(lib_a-findfp.o)
                0x00000000c000131e                _cleanup_r
                0x00000000c000132c                __sfmoreglue
                0x00000000c0001372                _cleanup
                0x00000000c0001378                __sinit
                0x00000000c00013c6                __sfp
                0x00000000c000145e                __sfp_lock_acquire
                0x00000000c0001460                __sfp_lock_release
                0x00000000c0001462                __sinit_lock_acquire
                0x00000000c0001464                __sinit_lock_release
                0x00000000c0001466                __fp_lock_all
                0x00000000c0001474                __fp_unlock_all
 .text          0x00000000c0001482       0x3c /nix/store/gbj4l2s4sjbxcgnqad1k61xnpb5acbz8-riscv32-unknown-elf-rv32imac-toolchain-8.3.0-afcc8bc/lib/gcc/riscv32-unknown-elf/8.3.0/../../../../riscv32-unknown-elf/lib/libc.a(lib_a-fini.o)
                0x00000000c0001482                __libc_fini_array
 .text          0x00000000c00014be       0x2c /nix/store/gbj4l2s4sjbxcgnqad1k61xnpb5acbz8-riscv32-unknown-elf-rv32imac-toolchain-8.3.0-afcc8bc/lib/gcc/riscv32-unknown-elf/8.3.0/../../../../riscv32-unknown-elf/lib/libc.a(lib_a-fputc.o)
                0x00000000c00014be                _fputc_r
                0x00000000c00014e0                fputc
 .text          0x00000000c00014ea       0xce /nix/store/gbj4l2s4sjbxcgnqad1k61xnpb5acbz8-riscv32-unknown-elf-rv32imac-toolchain-8.3.0-afcc8bc/lib/gcc/riscv32-unknown-elf/8.3.0/../../../../riscv32-unknown-elf/lib/libc.a(lib_a-fwalk.o)
                0x00000000c00014ea                _fwalk
                0x00000000c000154c                _fwalk_reent
 .text          0x00000000c00015b8        0x0 /nix/store/gbj4l2s4sjbxcgnqad1k61xnpb5acbz8-riscv32-unknown-elf-rv32imac-toolchain-8.3.0-afcc8bc/lib/gcc/riscv32-unknown-elf/8.3.0/../../../../riscv32-unknown-elf/lib/libc.a(lib_a-impure.o)
 .text          0x00000000c00015b8       0x72 /nix/store/gbj4l2s4sjbxcgnqad1k61xnpb5acbz8-riscv32-unknown-elf-rv32imac-toolchain-8.3.0-afcc8bc/lib/gcc/riscv32-unknown-elf/8.3.0/../../../../riscv32-unknown-elf/lib/libc.a(lib_a-init.o)
                0x00000000c00015b8                __libc_init_array
 .text          0x00000000c000162a      0x4a4 /nix/store/gbj4l2s4sjbxcgnqad1k61xnpb5acbz8-riscv32-unknown-elf-rv32imac-toolchain-8.3.0-afcc8bc/lib/gcc/riscv32-unknown-elf/8.3.0/../../../../riscv32-unknown-elf/lib/libc.a(lib_a-mallocr.o)
                0x00000000c000162a                _malloc_r
 .text          0x00000000c0001ace       0xa8 /nix/store/gbj4l2s4sjbxcgnqad1k61xnpb5acbz8-riscv32-unknown-elf-rv32imac-toolchain-8.3.0-afcc8bc/lib/gcc/riscv32-unknown-elf/8.3.0/../../../../riscv32-unknown-elf/lib/libc.a(lib_a-memset.o)
                0x00000000c0001ace                memset
 .text          0x00000000c0001b76        0x4 /nix/store/gbj4l2s4sjbxcgnqad1k61xnpb5acbz8-riscv32-unknown-elf-rv32imac-toolchain-8.3.0-afcc8bc/lib/gcc/riscv32-unknown-elf/8.3.0/../../../../riscv32-unknown-elf/lib/libc.a(lib_a-mlock.o)
                0x00000000c0001b76                __malloc_lock
                0x00000000c0001b78                __malloc_unlock
 .text          0x00000000c0001b7a       0x60 /nix/store/gbj4l2s4sjbxcgnqad1k61xnpb5acbz8-riscv32-unknown-elf-rv32imac-toolchain-8.3.0-afcc8bc/lib/gcc/riscv32-unknown-elf/8.3.0/../../../../riscv32-unknown-elf/lib/libc.a(lib_a-putc.o)
                0x00000000c0001b7a                _putc_r
                0x00000000c0001bd0                putc
 .text          0x00000000c0001bda       0x48 /nix/store/gbj4l2s4sjbxcgnqad1k61xnpb5acbz8-riscv32-unknown-elf-rv32imac-toolchain-8.3.0-afcc8bc/lib/gcc/riscv32-unknown-elf/8.3.0/../../../../riscv32-unknown-elf/lib/libc.a(lib_a-rget.o)
                0x00000000c0001bda                __srget_r
                0x00000000c0001c1a                __srget
 .text          0x00000000c0001c22       0x2c /nix/store/gbj4l2s4sjbxcgnqad1k61xnpb5acbz8-riscv32-unknown-elf-rv32imac-toolchain-8.3.0-afcc8bc/lib/gcc/riscv32-unknown-elf/8.3.0/../../../../riscv32-unknown-elf/lib/libc.a(lib_a-sbrkr.o)
                0x00000000c0001c22                _sbrk_r
 .text          0x00000000c0001c4e       0xc4 /nix/store/gbj4l2s4sjbxcgnqad1k61xnpb5acbz8-riscv32-unknown-elf-rv32imac-toolchain-8.3.0-afcc8bc/lib/gcc/riscv32-unknown-elf/8.3.0/../../../../riscv32-unknown-elf/lib/libc.a(lib_a-stdio.o)
                0x00000000c0001c4e                __sread
                0x00000000c0001c80                __seofread
                0x00000000c0001c84                __swrite
                0x00000000c0001cd4                __sseek
                0x00000000c0001d0c                __sclose
 .text          0x00000000c0001d12       0xbe /nix/store/gbj4l2s4sjbxcgnqad1k61xnpb5acbz8-riscv32-unknown-elf-rv32imac-toolchain-8.3.0-afcc8bc/lib/gcc/riscv32-unknown-elf/8.3.0/../../../../riscv32-unknown-elf/lib/libc.a(lib_a-wbuf.o)
                0x00000000c0001d12                __swbuf_r
                0x00000000c0001dc6                __swbuf
 .text          0x00000000c0001dd0       0x30 /nix/store/gbj4l2s4sjbxcgnqad1k61xnpb5acbz8-riscv32-unknown-elf-rv32imac-toolchain-8.3.0-afcc8bc/lib/gcc/riscv32-unknown-elf/8.3.0/../../../../riscv32-unknown-elf/lib/libc.a(lib_a-writer.o)
                0x00000000c0001dd0                _write_r
 .text          0x00000000c0001e00       0xd6 /nix/store/gbj4l2s4sjbxcgnqad1k61xnpb5acbz8-riscv32-unknown-elf-rv32imac-toolchain-8.3.0-afcc8bc/lib/gcc/riscv32-unknown-elf/8.3.0/../../../../riscv32-unknown-elf/lib/libc.a(lib_a-wsetup.o)
                0x00000000c0001e00                __swsetup_r
 .text          0x00000000c0001ed6       0x60 /nix/store/gbj4l2s4sjbxcgnqad1k61xnpb5acbz8-riscv32-unknown-elf-rv32imac-toolchain-8.3.0-afcc8bc/lib/gcc/riscv32-unknown-elf/8.3.0/../../../../riscv32-unknown-elf/lib/libc.a(lib_a-__atexit.o)
                0x00000000c0001ed6                __register_exitproc
 .text          0x00000000c0001f36       0xaa /nix/store/gbj4l2s4sjbxcgnqad1k61xnpb5acbz8-riscv32-unknown-elf-rv32imac-toolchain-8.3.0-afcc8bc/lib/gcc/riscv32-unknown-elf/8.3.0/../../../../riscv32-unknown-elf/lib/libc.a(lib_a-__call_atexit.o)
                0x00000000c0001f36                __call_exitprocs
 .text          0x00000000c0001fe0       0x2c /nix/store/gbj4l2s4sjbxcgnqad1k61xnpb5acbz8-riscv32-unknown-elf-rv32imac-toolchain-8.3.0-afcc8bc/lib/gcc/riscv32-unknown-elf/8.3.0/../../../../riscv32-unknown-elf/lib/libc.a(lib_a-closer.o)
                0x00000000c0001fe0                _close_r
 .text          0x00000000c000200c       0x8e /nix/store/gbj4l2s4sjbxcgnqad1k61xnpb5acbz8-riscv32-unknown-elf-rv32imac-toolchain-8.3.0-afcc8bc/lib/gcc/riscv32-unknown-elf/8.3.0/../../../../riscv32-unknown-elf/lib/libc.a(lib_a-fclose.o)
                0x00000000c000200c                _fclose_r
                0x00000000c0002092                fclose
 .text          0x00000000c000209a      0x1b4 /nix/store/gbj4l2s4sjbxcgnqad1k61xnpb5acbz8-riscv32-unknown-elf-rv32imac-toolchain-8.3.0-afcc8bc/lib/gcc/riscv32-unknown-elf/8.3.0/../../../../riscv32-unknown-elf/lib/libc.a(lib_a-fflush.o)
                0x00000000c000209a                __sflush_r
                0x00000000c0002204                _fflush_r
                0x00000000c0002234                fflush
 .text          0x00000000c000224e      0x256 /nix/store/gbj4l2s4sjbxcgnqad1k61xnpb5acbz8-riscv32-unknown-elf-rv32imac-toolchain-8.3.0-afcc8bc/lib/gcc/riscv32-unknown-elf/8.3.0/../../../../riscv32-unknown-elf/lib/libc.a(lib_a-freer.o)
                0x00000000c000224e                _malloc_trim_r
                0x00000000c0002306                _free_r
 .text          0x00000000c00024a4       0x30 /nix/store/gbj4l2s4sjbxcgnqad1k61xnpb5acbz8-riscv32-unknown-elf-rv32imac-toolchain-8.3.0-afcc8bc/lib/gcc/riscv32-unknown-elf/8.3.0/../../../../riscv32-unknown-elf/lib/libc.a(lib_a-lseekr.o)
                0x00000000c00024a4                _lseek_r
 .text          0x00000000c00024d4      0x102 /nix/store/gbj4l2s4sjbxcgnqad1k61xnpb5acbz8-riscv32-unknown-elf-rv32imac-toolchain-8.3.0-afcc8bc/lib/gcc/riscv32-unknown-elf/8.3.0/../../../../riscv32-unknown-elf/lib/libc.a(lib_a-makebuf.o)
                0x00000000c00024d4                __swhatbuf_r
                0x00000000c0002538                __smakebuf_r
 .text          0x00000000c00025d6       0x30 /nix/store/gbj4l2s4sjbxcgnqad1k61xnpb5acbz8-riscv32-unknown-elf-rv32imac-toolchain-8.3.0-afcc8bc/lib/gcc/riscv32-unknown-elf/8.3.0/../../../../riscv32-unknown-elf/lib/libc.a(lib_a-readr.o)
                0x00000000c00025d6                _read_r
 .text          0x00000000c0002606       0xbc /nix/store/gbj4l2s4sjbxcgnqad1k61xnpb5acbz8-riscv32-unknown-elf-rv32imac-toolchain-8.3.0-afcc8bc/lib/gcc/riscv32-unknown-elf/8.3.0/../../../../riscv32-unknown-elf/lib/libc.a(lib_a-reent.o)
                0x00000000c0002606                cleanup_glue
                0x00000000c0002626                _reclaim_reent
 .text          0x00000000c00026c2      0x150 /nix/store/gbj4l2s4sjbxcgnqad1k61xnpb5acbz8-riscv32-unknown-elf-rv32imac-toolchain-8.3.0-afcc8bc/lib/gcc/riscv32-unknown-elf/8.3.0/../../../../riscv32-unknown-elf/lib/libc.a(lib_a-refill.o)
                0x00000000c00026d4                __srefill_r
 .text          0x00000000c0002812       0x2e /nix/store/gbj4l2s4sjbxcgnqad1k61xnpb5acbz8-riscv32-unknown-elf-rv32imac-toolchain-8.3.0-afcc8bc/lib/gcc/riscv32-unknown-elf/8.3.0/../../../../riscv32-unknown-elf/lib/libc.a(lib_a-fstatr.o)
                0x00000000c0002812                _fstat_r
 .text          0x00000000c0002840       0x2c /nix/store/gbj4l2s4sjbxcgnqad1k61xnpb5acbz8-riscv32-unknown-elf-rv32imac-toolchain-8.3.0-afcc8bc/lib/gcc/riscv32-unknown-elf/8.3.0/../../../../riscv32-unknown-elf/lib/libc.a(lib_a-isattyr.o)
                0x00000000c0002840                _isatty_r
 .text          0x00000000c000286c        0x2 /nix/store/gbj4l2s4sjbxcgnqad1k61xnpb5acbz8-riscv32-unknown-elf-rv32imac-toolchain-8.3.0-afcc8bc/lib/gcc/riscv32-unknown-elf/8.3.0/../../../../riscv32-unknown-elf/lib/libnosys.a(_exit.o)
                0x00000000c000286c                _exit
 .text          0x00000000c000286e        0x0 /nix/store/gbj4l2s4sjbxcgnqad1k61xnpb5acbz8-riscv32-unknown-elf-rv32imac-toolchain-8.3.0-afcc8bc/lib/gcc/riscv32-unknown-elf/8.3.0/crtend.o
 *(.gnu.warning)

.fini
 *(SORT_NONE(.fini))
                [!provide]                        PROVIDE (__etext = .)
                [!provide]                        PROVIDE (_etext = .)
                [!provide]                        PROVIDE (etext = .)

.rodata         0x00000000c0002870      0x100
 *(.rodata .rodata.* .gnu.linkonce.r.*)
 .rodata        0x00000000c0002870      0x100 /nix/store/gbj4l2s4sjbxcgnqad1k61xnpb5acbz8-riscv32-unknown-elf-rv32imac-toolchain-8.3.0-afcc8bc/lib/gcc/riscv32-unknown-elf/8.3.0/libgcc.a(_clz.o)
                0x00000000c0002870                __clz_tab

.rodata1
 *(.rodata1)

.sdata2
 *(.sdata2 .sdata2.* .gnu.linkonce.s2.*)

.sbss2
 *(.sbss2 .sbss2.* .gnu.linkonce.sb2.*)

.eh_frame_hdr
 *(.eh_frame_hdr)
 *(.eh_frame_entry .eh_frame_entry.*)

.eh_frame
 *(.eh_frame)
 *(.eh_frame.*)

.gcc_except_table
 *(.gcc_except_table .gcc_except_table.*)

.gnu_extab
 *(.gnu_extab*)

.exception_ranges
 *(.exception_ranges*)
                0x00000000c0003000                . = DATA_SEGMENT_ALIGN (CONSTANT (MAXPAGESIZE), CONSTANT (COMMONPAGESIZE))

.eh_frame       0x00000000c0003000       0x40
 *(.eh_frame)
 .eh_frame      0x00000000c0003000        0x0 /nix/store/gbj4l2s4sjbxcgnqad1k61xnpb5acbz8-riscv32-unknown-elf-rv32imac-toolchain-8.3.0-afcc8bc/lib/gcc/riscv32-unknown-elf/8.3.0/crtbegin.o
 .eh_frame      0x00000000c0003000       0x28 /nix/store/gbj4l2s4sjbxcgnqad1k61xnpb5acbz8-riscv32-unknown-elf-rv32imac-toolchain-8.3.0-afcc8bc/lib/gcc/riscv32-unknown-elf/8.3.0/libgcc.a(_divdi3.o)
 .eh_frame      0x00000000c0003028       0x14 /nix/store/gbj4l2s4sjbxcgnqad1k61xnpb5acbz8-riscv32-unknown-elf-rv32imac-toolchain-8.3.0-afcc8bc/lib/gcc/riscv32-unknown-elf/8.3.0/libgcc.a(_moddi3.o)
                                         0x28 (size before relaxing)
 .eh_frame      0x00000000c000303c        0x4 /nix/store/gbj4l2s4sjbxcgnqad1k61xnpb5acbz8-riscv32-unknown-elf-rv32imac-toolchain-8.3.0-afcc8bc/lib/gcc/riscv32-unknown-elf/8.3.0/crtend.o
 *(.eh_frame.*)

.gnu_extab
 *(.gnu_extab)

.gcc_except_table
 *(.gcc_except_table .gcc_except_table.*)

.exception_ranges
 *(.exception_ranges*)

.tdata          0x00000000c0003040        0x0
                [!provide]                        PROVIDE (__tdata_start = .)
 *(.tdata .tdata.* .gnu.linkonce.td.*)

.tbss
 *(.tbss .tbss.* .gnu.linkonce.tb.*)
 *(.tcommon)

.preinit_array  0x00000000c0003040        0x0
                0x00000000c0003040                PROVIDE (__preinit_array_start = .)
 *(.preinit_array)
                0x00000000c0003040                PROVIDE (__preinit_array_end = .)

.init_array     0x00000000c0003040        0x8
                0x00000000c0003040                PROVIDE (__init_array_start = .)
 *(SORT_BY_INIT_PRIORITY(.init_array.*) SORT_BY_INIT_PRIORITY(.ctors.*))
 *(.init_array EXCLUDE_FILE(*crtend?.o *crtend.o *crtbegin?.o *crtbegin.o) .ctors)
 .init_array    0x00000000c0003040        0x4 /nix/store/gbj4l2s4sjbxcgnqad1k61xnpb5acbz8-riscv32-unknown-elf-rv32imac-toolchain-8.3.0-afcc8bc/lib/gcc/riscv32-unknown-elf/8.3.0/crtbegin.o
 .init_array    0x00000000c0003044        0x4 ./lib/ns16550.o
                0x00000000c0003048                PROVIDE (__init_array_end = .)

.fini_array     0x00000000c0003048        0x4
                0x00000000c0003048                PROVIDE (__fini_array_start = .)
 *(SORT_BY_INIT_PRIORITY(.fini_array.*) SORT_BY_INIT_PRIORITY(.dtors.*))
 *(.fini_array EXCLUDE_FILE(*crtend?.o *crtend.o *crtbegin?.o *crtbegin.o) .dtors)
 .fini_array    0x00000000c0003048        0x4 /nix/store/gbj4l2s4sjbxcgnqad1k61xnpb5acbz8-riscv32-unknown-elf-rv32imac-toolchain-8.3.0-afcc8bc/lib/gcc/riscv32-unknown-elf/8.3.0/crtbegin.o
                0x00000000c000304c                PROVIDE (__fini_array_end = .)

.ctors
 *crtbegin.o(.ctors)
 *crtbegin?.o(.ctors)
 *(EXCLUDE_FILE(*crtend?.o *crtend.o) .ctors)
 *(SORT_BY_NAME(.ctors.*))
 *(.ctors)

.dtors
 *crtbegin.o(.dtors)
 *crtbegin?.o(.dtors)
 *(EXCLUDE_FILE(*crtend?.o *crtend.o) .dtors)
 *(SORT_BY_NAME(.dtors.*))
 *(.dtors)

.jcr
 *(.jcr)

.data.rel.ro
 *(.data.rel.ro.local* .gnu.linkonce.d.rel.ro.local.*)
 *(.data.rel.ro .data.rel.ro.* .gnu.linkonce.d.rel.ro.*)

.dynamic
 *(.dynamic)
                0x00000000c000304c                . = DATA_SEGMENT_RELRO_END (., 0x0)

.data           0x00000000c0003050      0x830
                0x00000000c0003050                __DATA_BEGIN__ = .
 *(.data .data.* .gnu.linkonce.d.*)
 .data          0x00000000c0003050        0x0 /nix/store/gbj4l2s4sjbxcgnqad1k61xnpb5acbz8-riscv32-unknown-elf-rv32imac-toolchain-8.3.0-afcc8bc/lib/gcc/riscv32-unknown-elf/8.3.0/../../../../riscv32-unknown-elf/lib/crt0.o
 .data          0x00000000c0003050        0x0 /nix/store/gbj4l2s4sjbxcgnqad1k61xnpb5acbz8-riscv32-unknown-elf-rv32imac-toolchain-8.3.0-afcc8bc/lib/gcc/riscv32-unknown-elf/8.3.0/crtbegin.o
 .data          0x00000000c0003050        0x0 ./lib/startup.o
 .data          0x00000000c0003050        0x0 ./lib/syscalls.o
 .data          0x00000000c0003050        0x0 ./lib/riscv_counters.o
 .data          0x00000000c0003050        0x0 ./lib/ns16550.o
 .data          0x00000000c0003050        0x0 /run/user/1001/ccun6zlI.o
 .data          0x00000000c0003050        0x0 /nix/store/gbj4l2s4sjbxcgnqad1k61xnpb5acbz8-riscv32-unknown-elf-rv32imac-toolchain-8.3.0-afcc8bc/lib/gcc/riscv32-unknown-elf/8.3.0/libgcc.a(_divdi3.o)
 .data          0x00000000c0003050        0x0 /nix/store/gbj4l2s4sjbxcgnqad1k61xnpb5acbz8-riscv32-unknown-elf-rv32imac-toolchain-8.3.0-afcc8bc/lib/gcc/riscv32-unknown-elf/8.3.0/libgcc.a(_moddi3.o)
 .data          0x00000000c0003050        0x0 /nix/store/gbj4l2s4sjbxcgnqad1k61xnpb5acbz8-riscv32-unknown-elf-rv32imac-toolchain-8.3.0-afcc8bc/lib/gcc/riscv32-unknown-elf/8.3.0/libgcc.a(_clz.o)
 .data          0x00000000c0003050        0x0 /nix/store/gbj4l2s4sjbxcgnqad1k61xnpb5acbz8-riscv32-unknown-elf-rv32imac-toolchain-8.3.0-afcc8bc/lib/gcc/riscv32-unknown-elf/8.3.0/../../../../riscv32-unknown-elf/lib/libc.a(lib_a-atexit.o)
 .data          0x00000000c0003050        0x0 /nix/store/gbj4l2s4sjbxcgnqad1k61xnpb5acbz8-riscv32-unknown-elf-rv32imac-toolchain-8.3.0-afcc8bc/lib/gcc/riscv32-unknown-elf/8.3.0/../../../../riscv32-unknown-elf/lib/libc.a(lib_a-errno.o)
 .data          0x00000000c0003050        0x0 /nix/store/gbj4l2s4sjbxcgnqad1k61xnpb5acbz8-riscv32-unknown-elf-rv32imac-toolchain-8.3.0-afcc8bc/lib/gcc/riscv32-unknown-elf/8.3.0/../../../../riscv32-unknown-elf/lib/libc.a(lib_a-exit.o)
 .data          0x00000000c0003050        0x0 /nix/store/gbj4l2s4sjbxcgnqad1k61xnpb5acbz8-riscv32-unknown-elf-rv32imac-toolchain-8.3.0-afcc8bc/lib/gcc/riscv32-unknown-elf/8.3.0/../../../../riscv32-unknown-elf/lib/libc.a(lib_a-fgetc.o)
 .data          0x00000000c0003050        0x0 /nix/store/gbj4l2s4sjbxcgnqad1k61xnpb5acbz8-riscv32-unknown-elf-rv32imac-toolchain-8.3.0-afcc8bc/lib/gcc/riscv32-unknown-elf/8.3.0/../../../../riscv32-unknown-elf/lib/libc.a(lib_a-findfp.o)
 .data          0x00000000c0003050        0x0 /nix/store/gbj4l2s4sjbxcgnqad1k61xnpb5acbz8-riscv32-unknown-elf-rv32imac-toolchain-8.3.0-afcc8bc/lib/gcc/riscv32-unknown-elf/8.3.0/../../../../riscv32-unknown-elf/lib/libc.a(lib_a-fini.o)
 .data          0x00000000c0003050        0x0 /nix/store/gbj4l2s4sjbxcgnqad1k61xnpb5acbz8-riscv32-unknown-elf-rv32imac-toolchain-8.3.0-afcc8bc/lib/gcc/riscv32-unknown-elf/8.3.0/../../../../riscv32-unknown-elf/lib/libc.a(lib_a-fputc.o)
 .data          0x00000000c0003050        0x0 /nix/store/gbj4l2s4sjbxcgnqad1k61xnpb5acbz8-riscv32-unknown-elf-rv32imac-toolchain-8.3.0-afcc8bc/lib/gcc/riscv32-unknown-elf/8.3.0/../../../../riscv32-unknown-elf/lib/libc.a(lib_a-fwalk.o)
 .data          0x00000000c0003050      0x428 /nix/store/gbj4l2s4sjbxcgnqad1k61xnpb5acbz8-riscv32-unknown-elf-rv32imac-toolchain-8.3.0-afcc8bc/lib/gcc/riscv32-unknown-elf/8.3.0/../../../../riscv32-unknown-elf/lib/libc.a(lib_a-impure.o)
 .data          0x00000000c0003478        0x0 /nix/store/gbj4l2s4sjbxcgnqad1k61xnpb5acbz8-riscv32-unknown-elf-rv32imac-toolchain-8.3.0-afcc8bc/lib/gcc/riscv32-unknown-elf/8.3.0/../../../../riscv32-unknown-elf/lib/libc.a(lib_a-init.o)
 .data          0x00000000c0003478      0x408 /nix/store/gbj4l2s4sjbxcgnqad1k61xnpb5acbz8-riscv32-unknown-elf-rv32imac-toolchain-8.3.0-afcc8bc/lib/gcc/riscv32-unknown-elf/8.3.0/../../../../riscv32-unknown-elf/lib/libc.a(lib_a-mallocr.o)
                0x00000000c0003478                __malloc_av_
 .data          0x00000000c0003880        0x0 /nix/store/gbj4l2s4sjbxcgnqad1k61xnpb5acbz8-riscv32-unknown-elf-rv32imac-toolchain-8.3.0-afcc8bc/lib/gcc/riscv32-unknown-elf/8.3.0/../../../../riscv32-unknown-elf/lib/libc.a(lib_a-memset.o)
 .data          0x00000000c0003880        0x0 /nix/store/gbj4l2s4sjbxcgnqad1k61xnpb5acbz8-riscv32-unknown-elf-rv32imac-toolchain-8.3.0-afcc8bc/lib/gcc/riscv32-unknown-elf/8.3.0/../../../../riscv32-unknown-elf/lib/libc.a(lib_a-mlock.o)
 .data          0x00000000c0003880        0x0 /nix/store/gbj4l2s4sjbxcgnqad1k61xnpb5acbz8-riscv32-unknown-elf-rv32imac-toolchain-8.3.0-afcc8bc/lib/gcc/riscv32-unknown-elf/8.3.0/../../../../riscv32-unknown-elf/lib/libc.a(lib_a-putc.o)
 .data          0x00000000c0003880        0x0 /nix/store/gbj4l2s4sjbxcgnqad1k61xnpb5acbz8-riscv32-unknown-elf-rv32imac-toolchain-8.3.0-afcc8bc/lib/gcc/riscv32-unknown-elf/8.3.0/../../../../riscv32-unknown-elf/lib/libc.a(lib_a-rget.o)
 .data          0x00000000c0003880        0x0 /nix/store/gbj4l2s4sjbxcgnqad1k61xnpb5acbz8-riscv32-unknown-elf-rv32imac-toolchain-8.3.0-afcc8bc/lib/gcc/riscv32-unknown-elf/8.3.0/../../../../riscv32-unknown-elf/lib/libc.a(lib_a-sbrkr.o)
 .data          0x00000000c0003880        0x0 /nix/store/gbj4l2s4sjbxcgnqad1k61xnpb5acbz8-riscv32-unknown-elf-rv32imac-toolchain-8.3.0-afcc8bc/lib/gcc/riscv32-unknown-elf/8.3.0/../../../../riscv32-unknown-elf/lib/libc.a(lib_a-stdio.o)
 .data          0x00000000c0003880        0x0 /nix/store/gbj4l2s4sjbxcgnqad1k61xnpb5acbz8-riscv32-unknown-elf-rv32imac-toolchain-8.3.0-afcc8bc/lib/gcc/riscv32-unknown-elf/8.3.0/../../../../riscv32-unknown-elf/lib/libc.a(lib_a-wbuf.o)
 .data          0x00000000c0003880        0x0 /nix/store/gbj4l2s4sjbxcgnqad1k61xnpb5acbz8-riscv32-unknown-elf-rv32imac-toolchain-8.3.0-afcc8bc/lib/gcc/riscv32-unknown-elf/8.3.0/../../../../riscv32-unknown-elf/lib/libc.a(lib_a-writer.o)
 .data          0x00000000c0003880        0x0 /nix/store/gbj4l2s4sjbxcgnqad1k61xnpb5acbz8-riscv32-unknown-elf-rv32imac-toolchain-8.3.0-afcc8bc/lib/gcc/riscv32-unknown-elf/8.3.0/../../../../riscv32-unknown-elf/lib/libc.a(lib_a-wsetup.o)
 .data          0x00000000c0003880        0x0 /nix/store/gbj4l2s4sjbxcgnqad1k61xnpb5acbz8-riscv32-unknown-elf-rv32imac-toolchain-8.3.0-afcc8bc/lib/gcc/riscv32-unknown-elf/8.3.0/../../../../riscv32-unknown-elf/lib/libc.a(lib_a-__atexit.o)
 .data          0x00000000c0003880        0x0 /nix/store/gbj4l2s4sjbxcgnqad1k61xnpb5acbz8-riscv32-unknown-elf-rv32imac-toolchain-8.3.0-afcc8bc/lib/gcc/riscv32-unknown-elf/8.3.0/../../../../riscv32-unknown-elf/lib/libc.a(lib_a-__call_atexit.o)
 .data          0x00000000c0003880        0x0 /nix/store/gbj4l2s4sjbxcgnqad1k61xnpb5acbz8-riscv32-unknown-elf-rv32imac-toolchain-8.3.0-afcc8bc/lib/gcc/riscv32-unknown-elf/8.3.0/../../../../riscv32-unknown-elf/lib/libc.a(lib_a-closer.o)
 .data          0x00000000c0003880        0x0 /nix/store/gbj4l2s4sjbxcgnqad1k61xnpb5acbz8-riscv32-unknown-elf-rv32imac-toolchain-8.3.0-afcc8bc/lib/gcc/riscv32-unknown-elf/8.3.0/../../../../riscv32-unknown-elf/lib/libc.a(lib_a-fclose.o)
 .data          0x00000000c0003880        0x0 /nix/store/gbj4l2s4sjbxcgnqad1k61xnpb5acbz8-riscv32-unknown-elf-rv32imac-toolchain-8.3.0-afcc8bc/lib/gcc/riscv32-unknown-elf/8.3.0/../../../../riscv32-unknown-elf/lib/libc.a(lib_a-fflush.o)
 .data          0x00000000c0003880        0x0 /nix/store/gbj4l2s4sjbxcgnqad1k61xnpb5acbz8-riscv32-unknown-elf-rv32imac-toolchain-8.3.0-afcc8bc/lib/gcc/riscv32-unknown-elf/8.3.0/../../../../riscv32-unknown-elf/lib/libc.a(lib_a-freer.o)
 .data          0x00000000c0003880        0x0 /nix/store/gbj4l2s4sjbxcgnqad1k61xnpb5acbz8-riscv32-unknown-elf-rv32imac-toolchain-8.3.0-afcc8bc/lib/gcc/riscv32-unknown-elf/8.3.0/../../../../riscv32-unknown-elf/lib/libc.a(lib_a-lseekr.o)
 .data          0x00000000c0003880        0x0 /nix/store/gbj4l2s4sjbxcgnqad1k61xnpb5acbz8-riscv32-unknown-elf-rv32imac-toolchain-8.3.0-afcc8bc/lib/gcc/riscv32-unknown-elf/8.3.0/../../../../riscv32-unknown-elf/lib/libc.a(lib_a-makebuf.o)
 .data          0x00000000c0003880        0x0 /nix/store/gbj4l2s4sjbxcgnqad1k61xnpb5acbz8-riscv32-unknown-elf-rv32imac-toolchain-8.3.0-afcc8bc/lib/gcc/riscv32-unknown-elf/8.3.0/../../../../riscv32-unknown-elf/lib/libc.a(lib_a-readr.o)
 .data          0x00000000c0003880        0x0 /nix/store/gbj4l2s4sjbxcgnqad1k61xnpb5acbz8-riscv32-unknown-elf-rv32imac-toolchain-8.3.0-afcc8bc/lib/gcc/riscv32-unknown-elf/8.3.0/../../../../riscv32-unknown-elf/lib/libc.a(lib_a-reent.o)
 .data          0x00000000c0003880        0x0 /nix/store/gbj4l2s4sjbxcgnqad1k61xnpb5acbz8-riscv32-unknown-elf-rv32imac-toolchain-8.3.0-afcc8bc/lib/gcc/riscv32-unknown-elf/8.3.0/../../../../riscv32-unknown-elf/lib/libc.a(lib_a-refill.o)
 .data          0x00000000c0003880        0x0 /nix/store/gbj4l2s4sjbxcgnqad1k61xnpb5acbz8-riscv32-unknown-elf-rv32imac-toolchain-8.3.0-afcc8bc/lib/gcc/riscv32-unknown-elf/8.3.0/../../../../riscv32-unknown-elf/lib/libc.a(lib_a-fstatr.o)
 .data          0x00000000c0003880        0x0 /nix/store/gbj4l2s4sjbxcgnqad1k61xnpb5acbz8-riscv32-unknown-elf-rv32imac-toolchain-8.3.0-afcc8bc/lib/gcc/riscv32-unknown-elf/8.3.0/../../../../riscv32-unknown-elf/lib/libc.a(lib_a-isattyr.o)
 .data          0x00000000c0003880        0x0 /nix/store/gbj4l2s4sjbxcgnqad1k61xnpb5acbz8-riscv32-unknown-elf-rv32imac-toolchain-8.3.0-afcc8bc/lib/gcc/riscv32-unknown-elf/8.3.0/../../../../riscv32-unknown-elf/lib/libnosys.a(_exit.o)
 .data          0x00000000c0003880        0x0 /nix/store/gbj4l2s4sjbxcgnqad1k61xnpb5acbz8-riscv32-unknown-elf-rv32imac-toolchain-8.3.0-afcc8bc/lib/gcc/riscv32-unknown-elf/8.3.0/crtend.o

.tm_clone_table
                0x00000000c0003880        0x0
 .tm_clone_table
                0x00000000c0003880        0x0 /nix/store/gbj4l2s4sjbxcgnqad1k61xnpb5acbz8-riscv32-unknown-elf-rv32imac-toolchain-8.3.0-afcc8bc/lib/gcc/riscv32-unknown-elf/8.3.0/crtbegin.o
 .tm_clone_table
                0x00000000c0003880        0x0 /nix/store/gbj4l2s4sjbxcgnqad1k61xnpb5acbz8-riscv32-unknown-elf-rv32imac-toolchain-8.3.0-afcc8bc/lib/gcc/riscv32-unknown-elf/8.3.0/crtend.o

.data1
 *(.data1)

.got
 *(.got.plt)
 *(.igot.plt)
 *(.got)
 *(.igot)

.sdata          0x00000000c0003880       0x18
                0x00000000c0003880                __SDATA_BEGIN__ = .
 *(.srodata.cst16)
 *(.srodata.cst8)
 *(.srodata.cst4)
 *(.srodata.cst2)
 *(.srodata .srodata.*)
 .srodata       0x00000000c0003880        0x4 /nix/store/gbj4l2s4sjbxcgnqad1k61xnpb5acbz8-riscv32-unknown-elf-rv32imac-toolchain-8.3.0-afcc8bc/lib/gcc/riscv32-unknown-elf/8.3.0/../../../../riscv32-unknown-elf/lib/libc.a(lib_a-impure.o)
                0x00000000c0003880                _global_impure_ptr
 *(.sdata .sdata.* .gnu.linkonce.s.*)
 .sdata         0x00000000c0003884        0x4 /nix/store/gbj4l2s4sjbxcgnqad1k61xnpb5acbz8-riscv32-unknown-elf-rv32imac-toolchain-8.3.0-afcc8bc/lib/gcc/riscv32-unknown-elf/8.3.0/crtbegin.o
                0x00000000c0003884                __dso_handle
 .sdata         0x00000000c0003888        0x4 ./lib/ns16550.o
 .sdata         0x00000000c000388c        0x4 /nix/store/gbj4l2s4sjbxcgnqad1k61xnpb5acbz8-riscv32-unknown-elf-rv32imac-toolchain-8.3.0-afcc8bc/lib/gcc/riscv32-unknown-elf/8.3.0/../../../../riscv32-unknown-elf/lib/libc.a(lib_a-impure.o)
                0x00000000c000388c                _impure_ptr
 .sdata         0x00000000c0003890        0x8 /nix/store/gbj4l2s4sjbxcgnqad1k61xnpb5acbz8-riscv32-unknown-elf-rv32imac-toolchain-8.3.0-afcc8bc/lib/gcc/riscv32-unknown-elf/8.3.0/../../../../riscv32-unknown-elf/lib/libc.a(lib_a-mallocr.o)
                0x00000000c0003890                __malloc_sbrk_base
                0x00000000c0003894                __malloc_trim_threshold
                0x00000000c0003898                _edata = .
                [!provide]                        PROVIDE (edata = .)
                0x00000000c0003898                . = .
                0x00000000c0003898                __bss_start = .

.sbss           0x00000000c0003898        0xc
 *(.dynsbss)
 *(.sbss .sbss.* .gnu.linkonce.sb.*)
 .sbss          0x00000000c0003898        0xc /nix/store/gbj4l2s4sjbxcgnqad1k61xnpb5acbz8-riscv32-unknown-elf-rv32imac-toolchain-8.3.0-afcc8bc/lib/gcc/riscv32-unknown-elf/8.3.0/../../../../riscv32-unknown-elf/lib/libc.a(lib_a-mallocr.o)
                0x00000000c0003898                __malloc_max_total_mem
                0x00000000c000389c                __malloc_max_sbrked_mem
                0x00000000c00038a0                __malloc_top_pad
 *(.scommon)

.bss            0x00000000c00038a4       0x48
 *(.dynbss)
 *(.bss .bss.* .gnu.linkonce.b.*)
 .bss           0x00000000c00038a4        0x0 /nix/store/gbj4l2s4sjbxcgnqad1k61xnpb5acbz8-riscv32-unknown-elf-rv32imac-toolchain-8.3.0-afcc8bc/lib/gcc/riscv32-unknown-elf/8.3.0/../../../../riscv32-unknown-elf/lib/crt0.o
 .bss           0x00000000c00038a4       0x1c /nix/store/gbj4l2s4sjbxcgnqad1k61xnpb5acbz8-riscv32-unknown-elf-rv32imac-toolchain-8.3.0-afcc8bc/lib/gcc/riscv32-unknown-elf/8.3.0/crtbegin.o
 .bss           0x00000000c00038c0        0x0 ./lib/startup.o
 .bss           0x00000000c00038c0        0x0 ./lib/syscalls.o
 .bss           0x00000000c00038c0        0x0 ./lib/riscv_counters.o
 .bss           0x00000000c00038c0        0x0 ./lib/ns16550.o
 .bss           0x00000000c00038c0        0x0 /run/user/1001/ccun6zlI.o
 .bss           0x00000000c00038c0        0x0 /nix/store/gbj4l2s4sjbxcgnqad1k61xnpb5acbz8-riscv32-unknown-elf-rv32imac-toolchain-8.3.0-afcc8bc/lib/gcc/riscv32-unknown-elf/8.3.0/libgcc.a(_divdi3.o)
 .bss           0x00000000c00038c0        0x0 /nix/store/gbj4l2s4sjbxcgnqad1k61xnpb5acbz8-riscv32-unknown-elf-rv32imac-toolchain-8.3.0-afcc8bc/lib/gcc/riscv32-unknown-elf/8.3.0/libgcc.a(_moddi3.o)
 .bss           0x00000000c00038c0        0x0 /nix/store/gbj4l2s4sjbxcgnqad1k61xnpb5acbz8-riscv32-unknown-elf-rv32imac-toolchain-8.3.0-afcc8bc/lib/gcc/riscv32-unknown-elf/8.3.0/libgcc.a(_clz.o)
 .bss           0x00000000c00038c0        0x0 /nix/store/gbj4l2s4sjbxcgnqad1k61xnpb5acbz8-riscv32-unknown-elf-rv32imac-toolchain-8.3.0-afcc8bc/lib/gcc/riscv32-unknown-elf/8.3.0/../../../../riscv32-unknown-elf/lib/libc.a(lib_a-atexit.o)
 .bss           0x00000000c00038c0        0x0 /nix/store/gbj4l2s4sjbxcgnqad1k61xnpb5acbz8-riscv32-unknown-elf-rv32imac-toolchain-8.3.0-afcc8bc/lib/gcc/riscv32-unknown-elf/8.3.0/../../../../riscv32-unknown-elf/lib/libc.a(lib_a-errno.o)
 .bss           0x00000000c00038c0        0x0 /nix/store/gbj4l2s4sjbxcgnqad1k61xnpb5acbz8-riscv32-unknown-elf-rv32imac-toolchain-8.3.0-afcc8bc/lib/gcc/riscv32-unknown-elf/8.3.0/../../../../riscv32-unknown-elf/lib/libc.a(lib_a-exit.o)
 .bss           0x00000000c00038c0        0x0 /nix/store/gbj4l2s4sjbxcgnqad1k61xnpb5acbz8-riscv32-unknown-elf-rv32imac-toolchain-8.3.0-afcc8bc/lib/gcc/riscv32-unknown-elf/8.3.0/../../../../riscv32-unknown-elf/lib/libc.a(lib_a-fgetc.o)
 .bss           0x00000000c00038c0        0x0 /nix/store/gbj4l2s4sjbxcgnqad1k61xnpb5acbz8-riscv32-unknown-elf-rv32imac-toolchain-8.3.0-afcc8bc/lib/gcc/riscv32-unknown-elf/8.3.0/../../../../riscv32-unknown-elf/lib/libc.a(lib_a-findfp.o)
 .bss           0x00000000c00038c0        0x0 /nix/store/gbj4l2s4sjbxcgnqad1k61xnpb5acbz8-riscv32-unknown-elf-rv32imac-toolchain-8.3.0-afcc8bc/lib/gcc/riscv32-unknown-elf/8.3.0/../../../../riscv32-unknown-elf/lib/libc.a(lib_a-fini.o)
 .bss           0x00000000c00038c0        0x0 /nix/store/gbj4l2s4sjbxcgnqad1k61xnpb5acbz8-riscv32-unknown-elf-rv32imac-toolchain-8.3.0-afcc8bc/lib/gcc/riscv32-unknown-elf/8.3.0/../../../../riscv32-unknown-elf/lib/libc.a(lib_a-fputc.o)
 .bss           0x00000000c00038c0        0x0 /nix/store/gbj4l2s4sjbxcgnqad1k61xnpb5acbz8-riscv32-unknown-elf-rv32imac-toolchain-8.3.0-afcc8bc/lib/gcc/riscv32-unknown-elf/8.3.0/../../../../riscv32-unknown-elf/lib/libc.a(lib_a-fwalk.o)
 .bss           0x00000000c00038c0        0x0 /nix/store/gbj4l2s4sjbxcgnqad1k61xnpb5acbz8-riscv32-unknown-elf-rv32imac-toolchain-8.3.0-afcc8bc/lib/gcc/riscv32-unknown-elf/8.3.0/../../../../riscv32-unknown-elf/lib/libc.a(lib_a-impure.o)
 .bss           0x00000000c00038c0        0x0 /nix/store/gbj4l2s4sjbxcgnqad1k61xnpb5acbz8-riscv32-unknown-elf-rv32imac-toolchain-8.3.0-afcc8bc/lib/gcc/riscv32-unknown-elf/8.3.0/../../../../riscv32-unknown-elf/lib/libc.a(lib_a-init.o)
 .bss           0x00000000c00038c0       0x28 /nix/store/gbj4l2s4sjbxcgnqad1k61xnpb5acbz8-riscv32-unknown-elf-rv32imac-toolchain-8.3.0-afcc8bc/lib/gcc/riscv32-unknown-elf/8.3.0/../../../../riscv32-unknown-elf/lib/libc.a(lib_a-mallocr.o)
                0x00000000c00038c0                __malloc_current_mallinfo
 .bss           0x00000000c00038e8        0x0 /nix/store/gbj4l2s4sjbxcgnqad1k61xnpb5acbz8-riscv32-unknown-elf-rv32imac-toolchain-8.3.0-afcc8bc/lib/gcc/riscv32-unknown-elf/8.3.0/../../../../riscv32-unknown-elf/lib/libc.a(lib_a-memset.o)
 .bss           0x00000000c00038e8        0x0 /nix/store/gbj4l2s4sjbxcgnqad1k61xnpb5acbz8-riscv32-unknown-elf-rv32imac-toolchain-8.3.0-afcc8bc/lib/gcc/riscv32-unknown-elf/8.3.0/../../../../riscv32-unknown-elf/lib/libc.a(lib_a-mlock.o)
 .bss           0x00000000c00038e8        0x0 /nix/store/gbj4l2s4sjbxcgnqad1k61xnpb5acbz8-riscv32-unknown-elf-rv32imac-toolchain-8.3.0-afcc8bc/lib/gcc/riscv32-unknown-elf/8.3.0/../../../../riscv32-unknown-elf/lib/libc.a(lib_a-putc.o)
 .bss           0x00000000c00038e8        0x0 /nix/store/gbj4l2s4sjbxcgnqad1k61xnpb5acbz8-riscv32-unknown-elf-rv32imac-toolchain-8.3.0-afcc8bc/lib/gcc/riscv32-unknown-elf/8.3.0/../../../../riscv32-unknown-elf/lib/libc.a(lib_a-rget.o)
 .bss           0x00000000c00038e8        0x0 /nix/store/gbj4l2s4sjbxcgnqad1k61xnpb5acbz8-riscv32-unknown-elf-rv32imac-toolchain-8.3.0-afcc8bc/lib/gcc/riscv32-unknown-elf/8.3.0/../../../../riscv32-unknown-elf/lib/libc.a(lib_a-sbrkr.o)
 .bss           0x00000000c00038e8        0x0 /nix/store/gbj4l2s4sjbxcgnqad1k61xnpb5acbz8-riscv32-unknown-elf-rv32imac-toolchain-8.3.0-afcc8bc/lib/gcc/riscv32-unknown-elf/8.3.0/../../../../riscv32-unknown-elf/lib/libc.a(lib_a-stdio.o)
 .bss           0x00000000c00038e8        0x0 /nix/store/gbj4l2s4sjbxcgnqad1k61xnpb5acbz8-riscv32-unknown-elf-rv32imac-toolchain-8.3.0-afcc8bc/lib/gcc/riscv32-unknown-elf/8.3.0/../../../../riscv32-unknown-elf/lib/libc.a(lib_a-wbuf.o)
 .bss           0x00000000c00038e8        0x0 /nix/store/gbj4l2s4sjbxcgnqad1k61xnpb5acbz8-riscv32-unknown-elf-rv32imac-toolchain-8.3.0-afcc8bc/lib/gcc/riscv32-unknown-elf/8.3.0/../../../../riscv32-unknown-elf/lib/libc.a(lib_a-writer.o)
 .bss           0x00000000c00038e8        0x0 /nix/store/gbj4l2s4sjbxcgnqad1k61xnpb5acbz8-riscv32-unknown-elf-rv32imac-toolchain-8.3.0-afcc8bc/lib/gcc/riscv32-unknown-elf/8.3.0/../../../../riscv32-unknown-elf/lib/libc.a(lib_a-wsetup.o)
 .bss           0x00000000c00038e8        0x0 /nix/store/gbj4l2s4sjbxcgnqad1k61xnpb5acbz8-riscv32-unknown-elf-rv32imac-toolchain-8.3.0-afcc8bc/lib/gcc/riscv32-unknown-elf/8.3.0/../../../../riscv32-unknown-elf/lib/libc.a(lib_a-__atexit.o)
 .bss           0x00000000c00038e8        0x0 /nix/store/gbj4l2s4sjbxcgnqad1k61xnpb5acbz8-riscv32-unknown-elf-rv32imac-toolchain-8.3.0-afcc8bc/lib/gcc/riscv32-unknown-elf/8.3.0/../../../../riscv32-unknown-elf/lib/libc.a(lib_a-__call_atexit.o)
 .bss           0x00000000c00038e8        0x0 /nix/store/gbj4l2s4sjbxcgnqad1k61xnpb5acbz8-riscv32-unknown-elf-rv32imac-toolchain-8.3.0-afcc8bc/lib/gcc/riscv32-unknown-elf/8.3.0/../../../../riscv32-unknown-elf/lib/libc.a(lib_a-closer.o)
 .bss           0x00000000c00038e8        0x0 /nix/store/gbj4l2s4sjbxcgnqad1k61xnpb5acbz8-riscv32-unknown-elf-rv32imac-toolchain-8.3.0-afcc8bc/lib/gcc/riscv32-unknown-elf/8.3.0/../../../../riscv32-unknown-elf/lib/libc.a(lib_a-fclose.o)
 .bss           0x00000000c00038e8        0x0 /nix/store/gbj4l2s4sjbxcgnqad1k61xnpb5acbz8-riscv32-unknown-elf-rv32imac-toolchain-8.3.0-afcc8bc/lib/gcc/riscv32-unknown-elf/8.3.0/../../../../riscv32-unknown-elf/lib/libc.a(lib_a-fflush.o)
 .bss           0x00000000c00038e8        0x0 /nix/store/gbj4l2s4sjbxcgnqad1k61xnpb5acbz8-riscv32-unknown-elf-rv32imac-toolchain-8.3.0-afcc8bc/lib/gcc/riscv32-unknown-elf/8.3.0/../../../../riscv32-unknown-elf/lib/libc.a(lib_a-freer.o)
 .bss           0x00000000c00038e8        0x0 /nix/store/gbj4l2s4sjbxcgnqad1k61xnpb5acbz8-riscv32-unknown-elf-rv32imac-toolchain-8.3.0-afcc8bc/lib/gcc/riscv32-unknown-elf/8.3.0/../../../../riscv32-unknown-elf/lib/libc.a(lib_a-lseekr.o)
 .bss           0x00000000c00038e8        0x0 /nix/store/gbj4l2s4sjbxcgnqad1k61xnpb5acbz8-riscv32-unknown-elf-rv32imac-toolchain-8.3.0-afcc8bc/lib/gcc/riscv32-unknown-elf/8.3.0/../../../../riscv32-unknown-elf/lib/libc.a(lib_a-makebuf.o)
 .bss           0x00000000c00038e8        0x0 /nix/store/gbj4l2s4sjbxcgnqad1k61xnpb5acbz8-riscv32-unknown-elf-rv32imac-toolchain-8.3.0-afcc8bc/lib/gcc/riscv32-unknown-elf/8.3.0/../../../../riscv32-unknown-elf/lib/libc.a(lib_a-readr.o)
 .bss           0x00000000c00038e8        0x0 /nix/store/gbj4l2s4sjbxcgnqad1k61xnpb5acbz8-riscv32-unknown-elf-rv32imac-toolchain-8.3.0-afcc8bc/lib/gcc/riscv32-unknown-elf/8.3.0/../../../../riscv32-unknown-elf/lib/libc.a(lib_a-reent.o)
 .bss           0x00000000c00038e8        0x0 /nix/store/gbj4l2s4sjbxcgnqad1k61xnpb5acbz8-riscv32-unknown-elf-rv32imac-toolchain-8.3.0-afcc8bc/lib/gcc/riscv32-unknown-elf/8.3.0/../../../../riscv32-unknown-elf/lib/libc.a(lib_a-refill.o)
 .bss           0x00000000c00038e8        0x0 /nix/store/gbj4l2s4sjbxcgnqad1k61xnpb5acbz8-riscv32-unknown-elf-rv32imac-toolchain-8.3.0-afcc8bc/lib/gcc/riscv32-unknown-elf/8.3.0/../../../../riscv32-unknown-elf/lib/libc.a(lib_a-fstatr.o)
 .bss           0x00000000c00038e8        0x0 /nix/store/gbj4l2s4sjbxcgnqad1k61xnpb5acbz8-riscv32-unknown-elf-rv32imac-toolchain-8.3.0-afcc8bc/lib/gcc/riscv32-unknown-elf/8.3.0/../../../../riscv32-unknown-elf/lib/libc.a(lib_a-isattyr.o)
 .bss           0x00000000c00038e8        0x0 /nix/store/gbj4l2s4sjbxcgnqad1k61xnpb5acbz8-riscv32-unknown-elf-rv32imac-toolchain-8.3.0-afcc8bc/lib/gcc/riscv32-unknown-elf/8.3.0/../../../../riscv32-unknown-elf/lib/libnosys.a(_exit.o)
 .bss           0x00000000c00038e8        0x0 /nix/store/gbj4l2s4sjbxcgnqad1k61xnpb5acbz8-riscv32-unknown-elf-rv32imac-toolchain-8.3.0-afcc8bc/lib/gcc/riscv32-unknown-elf/8.3.0/crtend.o
 *(COMMON)
 COMMON         0x00000000c00038e8        0x4 /nix/store/gbj4l2s4sjbxcgnqad1k61xnpb5acbz8-riscv32-unknown-elf-rv32imac-toolchain-8.3.0-afcc8bc/lib/gcc/riscv32-unknown-elf/8.3.0/../../../../riscv32-unknown-elf/lib/libc.a(lib_a-reent.o)
                0x00000000c00038e8                errno
                0x00000000c00038ec                . = ALIGN ((. != 0x0)?0x4:0x1)
LOAD /nix/store/gbj4l2s4sjbxcgnqad1k61xnpb5acbz8-riscv32-unknown-elf-rv32imac-toolchain-8.3.0-afcc8bc/lib/gcc/riscv32-unknown-elf/8.3.0/../../../../riscv32-unknown-elf/lib/crt0.o
LOAD /nix/store/gbj4l2s4sjbxcgnqad1k61xnpb5acbz8-riscv32-unknown-elf-rv32imac-toolchain-8.3.0-afcc8bc/lib/gcc/riscv32-unknown-elf/8.3.0/crtbegin.o
                0x00000000c00038ec                __startup_save = .

.startup        0x00000000c0000000       0x44
 startup.o(.text)
 .text          0x00000000c0000000       0x44 ./lib/startup.o
                0x00000000c0000000                _reset
                0x00000000c00038ec                . = __startup_save
                0x00000000c00038ec                . = ALIGN (0x4)
                0x00000000c00038ec                . = SEGMENT_START ("ldata-segment", .)
                0x00000000c00038ec                . = ALIGN (0x4)
                0x00000000c00038ec                __BSS_END__ = .
                0x00000000c0003850                __global_pointer$ = MIN ((__SDATA_BEGIN__ + 0x800), MAX ((__DATA_BEGIN__ + 0x800), (__BSS_END__ - 0x800)))
                0x00000000c00038ec                _end = .
                [!provide]                        PROVIDE (end = .)
                0x00000000c00038ec                . = DATA_SEGMENT_END (.)

.stab
 *(.stab)

.stabstr
 *(.stabstr)

.stab.excl
 *(.stab.excl)

.stab.exclstr
 *(.stab.exclstr)

.stab.index
 *(.stab.index)

.stab.indexstr
 *(.stab.indexstr)

.comment        0x0000000000000000       0x11
 *(.comment)
 .comment       0x0000000000000000       0x11 /nix/store/gbj4l2s4sjbxcgnqad1k61xnpb5acbz8-riscv32-unknown-elf-rv32imac-toolchain-8.3.0-afcc8bc/lib/gcc/riscv32-unknown-elf/8.3.0/crtbegin.o
                                         0x12 (size before relaxing)
 .comment       0x0000000000000011       0x12 ./lib/syscalls.o
 .comment       0x0000000000000011       0x12 ./lib/riscv_counters.o
 .comment       0x0000000000000011       0x12 ./lib/ns16550.o
 .comment       0x0000000000000011       0x12 /run/user/1001/ccun6zlI.o
 .comment       0x0000000000000011       0x12 /nix/store/gbj4l2s4sjbxcgnqad1k61xnpb5acbz8-riscv32-unknown-elf-rv32imac-toolchain-8.3.0-afcc8bc/lib/gcc/riscv32-unknown-elf/8.3.0/libgcc.a(_divdi3.o)
 .comment       0x0000000000000011       0x12 /nix/store/gbj4l2s4sjbxcgnqad1k61xnpb5acbz8-riscv32-unknown-elf-rv32imac-toolchain-8.3.0-afcc8bc/lib/gcc/riscv32-unknown-elf/8.3.0/libgcc.a(_moddi3.o)
 .comment       0x0000000000000011       0x12 /nix/store/gbj4l2s4sjbxcgnqad1k61xnpb5acbz8-riscv32-unknown-elf-rv32imac-toolchain-8.3.0-afcc8bc/lib/gcc/riscv32-unknown-elf/8.3.0/libgcc.a(_clz.o)
 .comment       0x0000000000000011       0x12 /nix/store/gbj4l2s4sjbxcgnqad1k61xnpb5acbz8-riscv32-unknown-elf-rv32imac-toolchain-8.3.0-afcc8bc/lib/gcc/riscv32-unknown-elf/8.3.0/../../../../riscv32-unknown-elf/lib/libc.a(lib_a-atexit.o)
 .comment       0x0000000000000011       0x12 /nix/store/gbj4l2s4sjbxcgnqad1k61xnpb5acbz8-riscv32-unknown-elf-rv32imac-toolchain-8.3.0-afcc8bc/lib/gcc/riscv32-unknown-elf/8.3.0/../../../../riscv32-unknown-elf/lib/libc.a(lib_a-errno.o)
 .comment       0x0000000000000011       0x12 /nix/store/gbj4l2s4sjbxcgnqad1k61xnpb5acbz8-riscv32-unknown-elf-rv32imac-toolchain-8.3.0-afcc8bc/lib/gcc/riscv32-unknown-elf/8.3.0/../../../../riscv32-unknown-elf/lib/libc.a(lib_a-exit.o)
 .comment       0x0000000000000011       0x12 /nix/store/gbj4l2s4sjbxcgnqad1k61xnpb5acbz8-riscv32-unknown-elf-rv32imac-toolchain-8.3.0-afcc8bc/lib/gcc/riscv32-unknown-elf/8.3.0/../../../../riscv32-unknown-elf/lib/libc.a(lib_a-fgetc.o)
 .comment       0x0000000000000011       0x12 /nix/store/gbj4l2s4sjbxcgnqad1k61xnpb5acbz8-riscv32-unknown-elf-rv32imac-toolchain-8.3.0-afcc8bc/lib/gcc/riscv32-unknown-elf/8.3.0/../../../../riscv32-unknown-elf/lib/libc.a(lib_a-findfp.o)
 .comment       0x0000000000000011       0x12 /nix/store/gbj4l2s4sjbxcgnqad1k61xnpb5acbz8-riscv32-unknown-elf-rv32imac-toolchain-8.3.0-afcc8bc/lib/gcc/riscv32-unknown-elf/8.3.0/../../../../riscv32-unknown-elf/lib/libc.a(lib_a-fini.o)
 .comment       0x0000000000000011       0x12 /nix/store/gbj4l2s4sjbxcgnqad1k61xnpb5acbz8-riscv32-unknown-elf-rv32imac-toolchain-8.3.0-afcc8bc/lib/gcc/riscv32-unknown-elf/8.3.0/../../../../riscv32-unknown-elf/lib/libc.a(lib_a-fputc.o)
 .comment       0x0000000000000011       0x12 /nix/store/gbj4l2s4sjbxcgnqad1k61xnpb5acbz8-riscv32-unknown-elf-rv32imac-toolchain-8.3.0-afcc8bc/lib/gcc/riscv32-unknown-elf/8.3.0/../../../../riscv32-unknown-elf/lib/libc.a(lib_a-fwalk.o)
 .comment       0x0000000000000011       0x12 /nix/store/gbj4l2s4sjbxcgnqad1k61xnpb5acbz8-riscv32-unknown-elf-rv32imac-toolchain-8.3.0-afcc8bc/lib/gcc/riscv32-unknown-elf/8.3.0/../../../../riscv32-unknown-elf/lib/libc.a(lib_a-impure.o)
 .comment       0x0000000000000011       0x12 /nix/store/gbj4l2s4sjbxcgnqad1k61xnpb5acbz8-riscv32-unknown-elf-rv32imac-toolchain-8.3.0-afcc8bc/lib/gcc/riscv32-unknown-elf/8.3.0/../../../../riscv32-unknown-elf/lib/libc.a(lib_a-init.o)
 .comment       0x0000000000000011       0x12 /nix/store/gbj4l2s4sjbxcgnqad1k61xnpb5acbz8-riscv32-unknown-elf-rv32imac-toolchain-8.3.0-afcc8bc/lib/gcc/riscv32-unknown-elf/8.3.0/../../../../riscv32-unknown-elf/lib/libc.a(lib_a-mallocr.o)
 .comment       0x0000000000000011       0x12 /nix/store/gbj4l2s4sjbxcgnqad1k61xnpb5acbz8-riscv32-unknown-elf-rv32imac-toolchain-8.3.0-afcc8bc/lib/gcc/riscv32-unknown-elf/8.3.0/../../../../riscv32-unknown-elf/lib/libc.a(lib_a-mlock.o)
 .comment       0x0000000000000011       0x12 /nix/store/gbj4l2s4sjbxcgnqad1k61xnpb5acbz8-riscv32-unknown-elf-rv32imac-toolchain-8.3.0-afcc8bc/lib/gcc/riscv32-unknown-elf/8.3.0/../../../../riscv32-unknown-elf/lib/libc.a(lib_a-putc.o)
 .comment       0x0000000000000011       0x12 /nix/store/gbj4l2s4sjbxcgnqad1k61xnpb5acbz8-riscv32-unknown-elf-rv32imac-toolchain-8.3.0-afcc8bc/lib/gcc/riscv32-unknown-elf/8.3.0/../../../../riscv32-unknown-elf/lib/libc.a(lib_a-rget.o)
 .comment       0x0000000000000011       0x12 /nix/store/gbj4l2s4sjbxcgnqad1k61xnpb5acbz8-riscv32-unknown-elf-rv32imac-toolchain-8.3.0-afcc8bc/lib/gcc/riscv32-unknown-elf/8.3.0/../../../../riscv32-unknown-elf/lib/libc.a(lib_a-sbrkr.o)
 .comment       0x0000000000000011       0x12 /nix/store/gbj4l2s4sjbxcgnqad1k61xnpb5acbz8-riscv32-unknown-elf-rv32imac-toolchain-8.3.0-afcc8bc/lib/gcc/riscv32-unknown-elf/8.3.0/../../../../riscv32-unknown-elf/lib/libc.a(lib_a-stdio.o)
 .comment       0x0000000000000011       0x12 /nix/store/gbj4l2s4sjbxcgnqad1k61xnpb5acbz8-riscv32-unknown-elf-rv32imac-toolchain-8.3.0-afcc8bc/lib/gcc/riscv32-unknown-elf/8.3.0/../../../../riscv32-unknown-elf/lib/libc.a(lib_a-wbuf.o)
 .comment       0x0000000000000011       0x12 /nix/store/gbj4l2s4sjbxcgnqad1k61xnpb5acbz8-riscv32-unknown-elf-rv32imac-toolchain-8.3.0-afcc8bc/lib/gcc/riscv32-unknown-elf/8.3.0/../../../../riscv32-unknown-elf/lib/libc.a(lib_a-writer.o)
 .comment       0x0000000000000011       0x12 /nix/store/gbj4l2s4sjbxcgnqad1k61xnpb5acbz8-riscv32-unknown-elf-rv32imac-toolchain-8.3.0-afcc8bc/lib/gcc/riscv32-unknown-elf/8.3.0/../../../../riscv32-unknown-elf/lib/libc.a(lib_a-wsetup.o)
 .comment       0x0000000000000011       0x12 /nix/store/gbj4l2s4sjbxcgnqad1k61xnpb5acbz8-riscv32-unknown-elf-rv32imac-toolchain-8.3.0-afcc8bc/lib/gcc/riscv32-unknown-elf/8.3.0/../../../../riscv32-unknown-elf/lib/libc.a(lib_a-__atexit.o)
 .comment       0x0000000000000011       0x12 /nix/store/gbj4l2s4sjbxcgnqad1k61xnpb5acbz8-riscv32-unknown-elf-rv32imac-toolchain-8.3.0-afcc8bc/lib/gcc/riscv32-unknown-elf/8.3.0/../../../../riscv32-unknown-elf/lib/libc.a(lib_a-__call_atexit.o)
 .comment       0x0000000000000011       0x12 /nix/store/gbj4l2s4sjbxcgnqad1k61xnpb5acbz8-riscv32-unknown-elf-rv32imac-toolchain-8.3.0-afcc8bc/lib/gcc/riscv32-unknown-elf/8.3.0/../../../../riscv32-unknown-elf/lib/libc.a(lib_a-closer.o)
 .comment       0x0000000000000011       0x12 /nix/store/gbj4l2s4sjbxcgnqad1k61xnpb5acbz8-riscv32-unknown-elf-rv32imac-toolchain-8.3.0-afcc8bc/lib/gcc/riscv32-unknown-elf/8.3.0/../../../../riscv32-unknown-elf/lib/libc.a(lib_a-fclose.o)
 .comment       0x0000000000000011       0x12 /nix/store/gbj4l2s4sjbxcgnqad1k61xnpb5acbz8-riscv32-unknown-elf-rv32imac-toolchain-8.3.0-afcc8bc/lib/gcc/riscv32-unknown-elf/8.3.0/../../../../riscv32-unknown-elf/lib/libc.a(lib_a-fflush.o)
 .comment       0x0000000000000011       0x12 /nix/store/gbj4l2s4sjbxcgnqad1k61xnpb5acbz8-riscv32-unknown-elf-rv32imac-toolchain-8.3.0-afcc8bc/lib/gcc/riscv32-unknown-elf/8.3.0/../../../../riscv32-unknown-elf/lib/libc.a(lib_a-freer.o)
 .comment       0x0000000000000011       0x12 /nix/store/gbj4l2s4sjbxcgnqad1k61xnpb5acbz8-riscv32-unknown-elf-rv32imac-toolchain-8.3.0-afcc8bc/lib/gcc/riscv32-unknown-elf/8.3.0/../../../../riscv32-unknown-elf/lib/libc.a(lib_a-lseekr.o)
 .comment       0x0000000000000011       0x12 /nix/store/gbj4l2s4sjbxcgnqad1k61xnpb5acbz8-riscv32-unknown-elf-rv32imac-toolchain-8.3.0-afcc8bc/lib/gcc/riscv32-unknown-elf/8.3.0/../../../../riscv32-unknown-elf/lib/libc.a(lib_a-makebuf.o)
 .comment       0x0000000000000011       0x12 /nix/store/gbj4l2s4sjbxcgnqad1k61xnpb5acbz8-riscv32-unknown-elf-rv32imac-toolchain-8.3.0-afcc8bc/lib/gcc/riscv32-unknown-elf/8.3.0/../../../../riscv32-unknown-elf/lib/libc.a(lib_a-readr.o)
 .comment       0x0000000000000011       0x12 /nix/store/gbj4l2s4sjbxcgnqad1k61xnpb5acbz8-riscv32-unknown-elf-rv32imac-toolchain-8.3.0-afcc8bc/lib/gcc/riscv32-unknown-elf/8.3.0/../../../../riscv32-unknown-elf/lib/libc.a(lib_a-reent.o)
 .comment       0x0000000000000011       0x12 /nix/store/gbj4l2s4sjbxcgnqad1k61xnpb5acbz8-riscv32-unknown-elf-rv32imac-toolchain-8.3.0-afcc8bc/lib/gcc/riscv32-unknown-elf/8.3.0/../../../../riscv32-unknown-elf/lib/libc.a(lib_a-refill.o)
 .comment       0x0000000000000011       0x12 /nix/store/gbj4l2s4sjbxcgnqad1k61xnpb5acbz8-riscv32-unknown-elf-rv32imac-toolchain-8.3.0-afcc8bc/lib/gcc/riscv32-unknown-elf/8.3.0/../../../../riscv32-unknown-elf/lib/libc.a(lib_a-fstatr.o)
 .comment       0x0000000000000011       0x12 /nix/store/gbj4l2s4sjbxcgnqad1k61xnpb5acbz8-riscv32-unknown-elf-rv32imac-toolchain-8.3.0-afcc8bc/lib/gcc/riscv32-unknown-elf/8.3.0/../../../../riscv32-unknown-elf/lib/libc.a(lib_a-isattyr.o)
 .comment       0x0000000000000011       0x12 /nix/store/gbj4l2s4sjbxcgnqad1k61xnpb5acbz8-riscv32-unknown-elf-rv32imac-toolchain-8.3.0-afcc8bc/lib/gcc/riscv32-unknown-elf/8.3.0/../../../../riscv32-unknown-elf/lib/libnosys.a(_exit.o)
 .comment       0x0000000000000011       0x12 /nix/store/gbj4l2s4sjbxcgnqad1k61xnpb5acbz8-riscv32-unknown-elf-rv32imac-toolchain-8.3.0-afcc8bc/lib/gcc/riscv32-unknown-elf/8.3.0/crtend.o

.riscv.attributes
                0x0000000000000000       0x29
 .riscv.attributes
                0x0000000000000000       0x29 /nix/store/gbj4l2s4sjbxcgnqad1k61xnpb5acbz8-riscv32-unknown-elf-rv32imac-toolchain-8.3.0-afcc8bc/lib/gcc/riscv32-unknown-elf/8.3.0/../../../../riscv32-unknown-elf/lib/crt0.o
 .riscv.attributes
                0x0000000000000029       0x29 /nix/store/gbj4l2s4sjbxcgnqad1k61xnpb5acbz8-riscv32-unknown-elf-rv32imac-toolchain-8.3.0-afcc8bc/lib/gcc/riscv32-unknown-elf/8.3.0/crtbegin.o
 .riscv.attributes
                0x0000000000000052       0x1f ./lib/startup.o
 .riscv.attributes
                0x0000000000000071       0x1f ./lib/syscalls.o
 .riscv.attributes
                0x0000000000000090       0x1f ./lib/riscv_counters.o
 .riscv.attributes
                0x00000000000000af       0x1f ./lib/ns16550.o
 .riscv.attributes
                0x00000000000000ce       0x1f /run/user/1001/ccun6zlI.o
 .riscv.attributes
                0x00000000000000ed       0x29 /nix/store/gbj4l2s4sjbxcgnqad1k61xnpb5acbz8-riscv32-unknown-elf-rv32imac-toolchain-8.3.0-afcc8bc/lib/gcc/riscv32-unknown-elf/8.3.0/libgcc.a(_divdi3.o)
 .riscv.attributes
                0x0000000000000116       0x29 /nix/store/gbj4l2s4sjbxcgnqad1k61xnpb5acbz8-riscv32-unknown-elf-rv32imac-toolchain-8.3.0-afcc8bc/lib/gcc/riscv32-unknown-elf/8.3.0/libgcc.a(_moddi3.o)
 .riscv.attributes
                0x000000000000013f       0x29 /nix/store/gbj4l2s4sjbxcgnqad1k61xnpb5acbz8-riscv32-unknown-elf-rv32imac-toolchain-8.3.0-afcc8bc/lib/gcc/riscv32-unknown-elf/8.3.0/libgcc.a(_clz.o)
 .riscv.attributes
                0x0000000000000168       0x29 /nix/store/gbj4l2s4sjbxcgnqad1k61xnpb5acbz8-riscv32-unknown-elf-rv32imac-toolchain-8.3.0-afcc8bc/lib/gcc/riscv32-unknown-elf/8.3.0/../../../../riscv32-unknown-elf/lib/libc.a(lib_a-atexit.o)
 .riscv.attributes
                0x0000000000000191       0x29 /nix/store/gbj4l2s4sjbxcgnqad1k61xnpb5acbz8-riscv32-unknown-elf-rv32imac-toolchain-8.3.0-afcc8bc/lib/gcc/riscv32-unknown-elf/8.3.0/../../../../riscv32-unknown-elf/lib/libc.a(lib_a-errno.o)
 .riscv.attributes
                0x00000000000001ba       0x29 /nix/store/gbj4l2s4sjbxcgnqad1k61xnpb5acbz8-riscv32-unknown-elf-rv32imac-toolchain-8.3.0-afcc8bc/lib/gcc/riscv32-unknown-elf/8.3.0/../../../../riscv32-unknown-elf/lib/libc.a(lib_a-exit.o)
 .riscv.attributes
                0x00000000000001e3       0x29 /nix/store/gbj4l2s4sjbxcgnqad1k61xnpb5acbz8-riscv32-unknown-elf-rv32imac-toolchain-8.3.0-afcc8bc/lib/gcc/riscv32-unknown-elf/8.3.0/../../../../riscv32-unknown-elf/lib/libc.a(lib_a-fgetc.o)
 .riscv.attributes
                0x000000000000020c       0x29 /nix/store/gbj4l2s4sjbxcgnqad1k61xnpb5acbz8-riscv32-unknown-elf-rv32imac-toolchain-8.3.0-afcc8bc/lib/gcc/riscv32-unknown-elf/8.3.0/../../../../riscv32-unknown-elf/lib/libc.a(lib_a-findfp.o)
 .riscv.attributes
                0x0000000000000235       0x29 /nix/store/gbj4l2s4sjbxcgnqad1k61xnpb5acbz8-riscv32-unknown-elf-rv32imac-toolchain-8.3.0-afcc8bc/lib/gcc/riscv32-unknown-elf/8.3.0/../../../../riscv32-unknown-elf/lib/libc.a(lib_a-fini.o)
 .riscv.attributes
                0x000000000000025e       0x29 /nix/store/gbj4l2s4sjbxcgnqad1k61xnpb5acbz8-riscv32-unknown-elf-rv32imac-toolchain-8.3.0-afcc8bc/lib/gcc/riscv32-unknown-elf/8.3.0/../../../../riscv32-unknown-elf/lib/libc.a(lib_a-fputc.o)
 .riscv.attributes
                0x0000000000000287       0x29 /nix/store/gbj4l2s4sjbxcgnqad1k61xnpb5acbz8-riscv32-unknown-elf-rv32imac-toolchain-8.3.0-afcc8bc/lib/gcc/riscv32-unknown-elf/8.3.0/../../../../riscv32-unknown-elf/lib/libc.a(lib_a-fwalk.o)
 .riscv.attributes
                0x00000000000002b0       0x29 /nix/store/gbj4l2s4sjbxcgnqad1k61xnpb5acbz8-riscv32-unknown-elf-rv32imac-toolchain-8.3.0-afcc8bc/lib/gcc/riscv32-unknown-elf/8.3.0/../../../../riscv32-unknown-elf/lib/libc.a(lib_a-impure.o)
 .riscv.attributes
                0x00000000000002d9       0x29 /nix/store/gbj4l2s4sjbxcgnqad1k61xnpb5acbz8-riscv32-unknown-elf-rv32imac-toolchain-8.3.0-afcc8bc/lib/gcc/riscv32-unknown-elf/8.3.0/../../../../riscv32-unknown-elf/lib/libc.a(lib_a-init.o)
 .riscv.attributes
                0x0000000000000302       0x29 /nix/store/gbj4l2s4sjbxcgnqad1k61xnpb5acbz8-riscv32-unknown-elf-rv32imac-toolchain-8.3.0-afcc8bc/lib/gcc/riscv32-unknown-elf/8.3.0/../../../../riscv32-unknown-elf/lib/libc.a(lib_a-mallocr.o)
 .riscv.attributes
                0x000000000000032b       0x29 /nix/store/gbj4l2s4sjbxcgnqad1k61xnpb5acbz8-riscv32-unknown-elf-rv32imac-toolchain-8.3.0-afcc8bc/lib/gcc/riscv32-unknown-elf/8.3.0/../../../../riscv32-unknown-elf/lib/libc.a(lib_a-memset.o)
 .riscv.attributes
                0x0000000000000354       0x29 /nix/store/gbj4l2s4sjbxcgnqad1k61xnpb5acbz8-riscv32-unknown-elf-rv32imac-toolchain-8.3.0-afcc8bc/lib/gcc/riscv32-unknown-elf/8.3.0/../../../../riscv32-unknown-elf/lib/libc.a(lib_a-mlock.o)
 .riscv.attributes
                0x000000000000037d       0x29 /nix/store/gbj4l2s4sjbxcgnqad1k61xnpb5acbz8-riscv32-unknown-elf-rv32imac-toolchain-8.3.0-afcc8bc/lib/gcc/riscv32-unknown-elf/8.3.0/../../../../riscv32-unknown-elf/lib/libc.a(lib_a-putc.o)
 .riscv.attributes
                0x00000000000003a6       0x29 /nix/store/gbj4l2s4sjbxcgnqad1k61xnpb5acbz8-riscv32-unknown-elf-rv32imac-toolchain-8.3.0-afcc8bc/lib/gcc/riscv32-unknown-elf/8.3.0/../../../../riscv32-unknown-elf/lib/libc.a(lib_a-rget.o)
 .riscv.attributes
                0x00000000000003cf       0x29 /nix/store/gbj4l2s4sjbxcgnqad1k61xnpb5acbz8-riscv32-unknown-elf-rv32imac-toolchain-8.3.0-afcc8bc/lib/gcc/riscv32-unknown-elf/8.3.0/../../../../riscv32-unknown-elf/lib/libc.a(lib_a-sbrkr.o)
 .riscv.attributes
                0x00000000000003f8       0x29 /nix/store/gbj4l2s4sjbxcgnqad1k61xnpb5acbz8-riscv32-unknown-elf-rv32imac-toolchain-8.3.0-afcc8bc/lib/gcc/riscv32-unknown-elf/8.3.0/../../../../riscv32-unknown-elf/lib/libc.a(lib_a-stdio.o)
 .riscv.attributes
                0x0000000000000421       0x29 /nix/store/gbj4l2s4sjbxcgnqad1k61xnpb5acbz8-riscv32-unknown-elf-rv32imac-toolchain-8.3.0-afcc8bc/lib/gcc/riscv32-unknown-elf/8.3.0/../../../../riscv32-unknown-elf/lib/libc.a(lib_a-wbuf.o)
 .riscv.attributes
                0x000000000000044a       0x29 /nix/store/gbj4l2s4sjbxcgnqad1k61xnpb5acbz8-riscv32-unknown-elf-rv32imac-toolchain-8.3.0-afcc8bc/lib/gcc/riscv32-unknown-elf/8.3.0/../../../../riscv32-unknown-elf/lib/libc.a(lib_a-writer.o)
 .riscv.attributes
                0x0000000000000473       0x29 /nix/store/gbj4l2s4sjbxcgnqad1k61xnpb5acbz8-riscv32-unknown-elf-rv32imac-toolchain-8.3.0-afcc8bc/lib/gcc/riscv32-unknown-elf/8.3.0/../../../../riscv32-unknown-elf/lib/libc.a(lib_a-wsetup.o)
 .riscv.attributes
                0x000000000000049c       0x29 /nix/store/gbj4l2s4sjbxcgnqad1k61xnpb5acbz8-riscv32-unknown-elf-rv32imac-toolchain-8.3.0-afcc8bc/lib/gcc/riscv32-unknown-elf/8.3.0/../../../../riscv32-unknown-elf/lib/libc.a(lib_a-__atexit.o)
 .riscv.attributes
                0x00000000000004c5       0x29 /nix/store/gbj4l2s4sjbxcgnqad1k61xnpb5acbz8-riscv32-unknown-elf-rv32imac-toolchain-8.3.0-afcc8bc/lib/gcc/riscv32-unknown-elf/8.3.0/../../../../riscv32-unknown-elf/lib/libc.a(lib_a-__call_atexit.o)
 .riscv.attributes
                0x00000000000004ee       0x29 /nix/store/gbj4l2s4sjbxcgnqad1k61xnpb5acbz8-riscv32-unknown-elf-rv32imac-toolchain-8.3.0-afcc8bc/lib/gcc/riscv32-unknown-elf/8.3.0/../../../../riscv32-unknown-elf/lib/libc.a(lib_a-closer.o)
 .riscv.attributes
                0x0000000000000517       0x29 /nix/store/gbj4l2s4sjbxcgnqad1k61xnpb5acbz8-riscv32-unknown-elf-rv32imac-toolchain-8.3.0-afcc8bc/lib/gcc/riscv32-unknown-elf/8.3.0/../../../../riscv32-unknown-elf/lib/libc.a(lib_a-fclose.o)
 .riscv.attributes
                0x0000000000000540       0x29 /nix/store/gbj4l2s4sjbxcgnqad1k61xnpb5acbz8-riscv32-unknown-elf-rv32imac-toolchain-8.3.0-afcc8bc/lib/gcc/riscv32-unknown-elf/8.3.0/../../../../riscv32-unknown-elf/lib/libc.a(lib_a-fflush.o)
 .riscv.attributes
                0x0000000000000569       0x29 /nix/store/gbj4l2s4sjbxcgnqad1k61xnpb5acbz8-riscv32-unknown-elf-rv32imac-toolchain-8.3.0-afcc8bc/lib/gcc/riscv32-unknown-elf/8.3.0/../../../../riscv32-unknown-elf/lib/libc.a(lib_a-freer.o)
 .riscv.attributes
                0x0000000000000592       0x29 /nix/store/gbj4l2s4sjbxcgnqad1k61xnpb5acbz8-riscv32-unknown-elf-rv32imac-toolchain-8.3.0-afcc8bc/lib/gcc/riscv32-unknown-elf/8.3.0/../../../../riscv32-unknown-elf/lib/libc.a(lib_a-lseekr.o)
 .riscv.attributes
                0x00000000000005bb       0x29 /nix/store/gbj4l2s4sjbxcgnqad1k61xnpb5acbz8-riscv32-unknown-elf-rv32imac-toolchain-8.3.0-afcc8bc/lib/gcc/riscv32-unknown-elf/8.3.0/../../../../riscv32-unknown-elf/lib/libc.a(lib_a-makebuf.o)
 .riscv.attributes
                0x00000000000005e4       0x29 /nix/store/gbj4l2s4sjbxcgnqad1k61xnpb5acbz8-riscv32-unknown-elf-rv32imac-toolchain-8.3.0-afcc8bc/lib/gcc/riscv32-unknown-elf/8.3.0/../../../../riscv32-unknown-elf/lib/libc.a(lib_a-readr.o)
 .riscv.attributes
                0x000000000000060d       0x29 /nix/store/gbj4l2s4sjbxcgnqad1k61xnpb5acbz8-riscv32-unknown-elf-rv32imac-toolchain-8.3.0-afcc8bc/lib/gcc/riscv32-unknown-elf/8.3.0/../../../../riscv32-unknown-elf/lib/libc.a(lib_a-reent.o)
 .riscv.attributes
                0x0000000000000636       0x29 /nix/store/gbj4l2s4sjbxcgnqad1k61xnpb5acbz8-riscv32-unknown-elf-rv32imac-toolchain-8.3.0-afcc8bc/lib/gcc/riscv32-unknown-elf/8.3.0/../../../../riscv32-unknown-elf/lib/libc.a(lib_a-refill.o)
 .riscv.attributes
                0x000000000000065f       0x29 /nix/store/gbj4l2s4sjbxcgnqad1k61xnpb5acbz8-riscv32-unknown-elf-rv32imac-toolchain-8.3.0-afcc8bc/lib/gcc/riscv32-unknown-elf/8.3.0/../../../../riscv32-unknown-elf/lib/libc.a(lib_a-fstatr.o)
 .riscv.attributes
                0x0000000000000688       0x29 /nix/store/gbj4l2s4sjbxcgnqad1k61xnpb5acbz8-riscv32-unknown-elf-rv32imac-toolchain-8.3.0-afcc8bc/lib/gcc/riscv32-unknown-elf/8.3.0/../../../../riscv32-unknown-elf/lib/libc.a(lib_a-isattyr.o)
 .riscv.attributes
                0x00000000000006b1       0x29 /nix/store/gbj4l2s4sjbxcgnqad1k61xnpb5acbz8-riscv32-unknown-elf-rv32imac-toolchain-8.3.0-afcc8bc/lib/gcc/riscv32-unknown-elf/8.3.0/../../../../riscv32-unknown-elf/lib/libnosys.a(_exit.o)
 .riscv.attributes
                0x00000000000006da       0x29 /nix/store/gbj4l2s4sjbxcgnqad1k61xnpb5acbz8-riscv32-unknown-elf-rv32imac-toolchain-8.3.0-afcc8bc/lib/gcc/riscv32-unknown-elf/8.3.0/crtend.o

.gnu.build.attributes
 *(.gnu.build.attributes .gnu.build.attributes.*)

.debug
 *(.debug)

.line
 *(.line)

.debug_srcinfo
 *(.debug_srcinfo)

.debug_sfnames
 *(.debug_sfnames)

.debug_aranges  0x0000000000000000       0xf8
 *(.debug_aranges)
 .debug_aranges
                0x0000000000000000       0x20 ./lib/startup.o
 .debug_aranges
                0x0000000000000020       0x20 ./lib/syscalls.o
 .debug_aranges
                0x0000000000000040       0x20 ./lib/riscv_counters.o
 .debug_aranges
                0x0000000000000060       0x20 ./lib/ns16550.o
 .debug_aranges
                0x0000000000000080       0x20 /run/user/1001/ccun6zlI.o
 .debug_aranges
                0x00000000000000a0       0x20 /nix/store/gbj4l2s4sjbxcgnqad1k61xnpb5acbz8-riscv32-unknown-elf-rv32imac-toolchain-8.3.0-afcc8bc/lib/gcc/riscv32-unknown-elf/8.3.0/libgcc.a(_divdi3.o)
 .debug_aranges
                0x00000000000000c0       0x20 /nix/store/gbj4l2s4sjbxcgnqad1k61xnpb5acbz8-riscv32-unknown-elf-rv32imac-toolchain-8.3.0-afcc8bc/lib/gcc/riscv32-unknown-elf/8.3.0/libgcc.a(_moddi3.o)
 .debug_aranges
                0x00000000000000e0       0x18 /nix/store/gbj4l2s4sjbxcgnqad1k61xnpb5acbz8-riscv32-unknown-elf-rv32imac-toolchain-8.3.0-afcc8bc/lib/gcc/riscv32-unknown-elf/8.3.0/libgcc.a(_clz.o)

.debug_pubnames
 *(.debug_pubnames)

.debug_info     0x0000000000000000     0x55ef
 *(.debug_info .gnu.linkonce.wi.*)
 .debug_info    0x0000000000000000       0x26 ./lib/startup.o
 .debug_info    0x0000000000000026      0xd2c ./lib/syscalls.o
 .debug_info    0x0000000000000d52      0xb26 ./lib/riscv_counters.o
 .debug_info    0x0000000000001878      0x3e4 ./lib/ns16550.o
 .debug_info    0x0000000000001c5c      0x963 /run/user/1001/ccun6zlI.o
 .debug_info    0x00000000000025bf     0x1250 /nix/store/gbj4l2s4sjbxcgnqad1k61xnpb5acbz8-riscv32-unknown-elf-rv32imac-toolchain-8.3.0-afcc8bc/lib/gcc/riscv32-unknown-elf/8.3.0/libgcc.a(_divdi3.o)
 .debug_info    0x000000000000380f     0x12a1 /nix/store/gbj4l2s4sjbxcgnqad1k61xnpb5acbz8-riscv32-unknown-elf-rv32imac-toolchain-8.3.0-afcc8bc/lib/gcc/riscv32-unknown-elf/8.3.0/libgcc.a(_moddi3.o)
 .debug_info    0x0000000000004ab0      0xb3f /nix/store/gbj4l2s4sjbxcgnqad1k61xnpb5acbz8-riscv32-unknown-elf-rv32imac-toolchain-8.3.0-afcc8bc/lib/gcc/riscv32-unknown-elf/8.3.0/libgcc.a(_clz.o)

.debug_abbrev   0x0000000000000000      0xfe2
 *(.debug_abbrev)
 .debug_abbrev  0x0000000000000000       0x14 ./lib/startup.o
 .debug_abbrev  0x0000000000000014      0x27d ./lib/syscalls.o
 .debug_abbrev  0x0000000000000291      0x256 ./lib/riscv_counters.o
 .debug_abbrev  0x00000000000004e7      0x15e ./lib/ns16550.o
 .debug_abbrev  0x0000000000000645      0x1e2 /run/user/1001/ccun6zlI.o
 .debug_abbrev  0x0000000000000827      0x2e4 /nix/store/gbj4l2s4sjbxcgnqad1k61xnpb5acbz8-riscv32-unknown-elf-rv32imac-toolchain-8.3.0-afcc8bc/lib/gcc/riscv32-unknown-elf/8.3.0/libgcc.a(_divdi3.o)
 .debug_abbrev  0x0000000000000b0b      0x2ef /nix/store/gbj4l2s4sjbxcgnqad1k61xnpb5acbz8-riscv32-unknown-elf-rv32imac-toolchain-8.3.0-afcc8bc/lib/gcc/riscv32-unknown-elf/8.3.0/libgcc.a(_moddi3.o)
 .debug_abbrev  0x0000000000000dfa      0x1e8 /nix/store/gbj4l2s4sjbxcgnqad1k61xnpb5acbz8-riscv32-unknown-elf-rv32imac-toolchain-8.3.0-afcc8bc/lib/gcc/riscv32-unknown-elf/8.3.0/libgcc.a(_clz.o)

.debug_line     0x0000000000000000     0x2642
 *(.debug_line .debug_line.* .debug_line_end)
 .debug_line    0x0000000000000000       0x8a ./lib/startup.o
 .debug_line    0x000000000000008a      0x5d3 ./lib/syscalls.o
 .debug_line    0x000000000000065d      0x394 ./lib/riscv_counters.o
 .debug_line    0x00000000000009f1      0x2f6 ./lib/ns16550.o
 .debug_line    0x0000000000000ce7      0x1d1 /run/user/1001/ccun6zlI.o
 .debug_line    0x0000000000000eb8      0xa3b /nix/store/gbj4l2s4sjbxcgnqad1k61xnpb5acbz8-riscv32-unknown-elf-rv32imac-toolchain-8.3.0-afcc8bc/lib/gcc/riscv32-unknown-elf/8.3.0/libgcc.a(_divdi3.o)
 .debug_line    0x00000000000018f3      0xa9b /nix/store/gbj4l2s4sjbxcgnqad1k61xnpb5acbz8-riscv32-unknown-elf-rv32imac-toolchain-8.3.0-afcc8bc/lib/gcc/riscv32-unknown-elf/8.3.0/libgcc.a(_moddi3.o)
 .debug_line    0x000000000000238e      0x2b4 /nix/store/gbj4l2s4sjbxcgnqad1k61xnpb5acbz8-riscv32-unknown-elf-rv32imac-toolchain-8.3.0-afcc8bc/lib/gcc/riscv32-unknown-elf/8.3.0/libgcc.a(_clz.o)

.debug_frame    0x0000000000000000      0x3dc
 *(.debug_frame)
 .debug_frame   0x0000000000000000      0x1e8 ./lib/syscalls.o
 .debug_frame   0x00000000000001e8      0x110 ./lib/riscv_counters.o
 .debug_frame   0x00000000000002f8       0xb0 ./lib/ns16550.o
 .debug_frame   0x00000000000003a8       0x34 /run/user/1001/ccun6zlI.o

.debug_str      0x0000000000000000      0xca5
 *(.debug_str)
 .debug_str     0x0000000000000000       0x4a ./lib/startup.o
 .debug_str     0x000000000000004a      0x556 ./lib/syscalls.o
                                        0x615 (size before relaxing)
 .debug_str     0x00000000000005a0       0x92 ./lib/riscv_counters.o
                                        0x5a1 (size before relaxing)
 .debug_str     0x0000000000000632      0x240 ./lib/ns16550.o
                                        0x359 (size before relaxing)
 .debug_str     0x0000000000000872       0x19 /run/user/1001/ccun6zlI.o
                                        0x50f (size before relaxing)
 .debug_str     0x000000000000088b      0x36f /nix/store/gbj4l2s4sjbxcgnqad1k61xnpb5acbz8-riscv32-unknown-elf-rv32imac-toolchain-8.3.0-afcc8bc/lib/gcc/riscv32-unknown-elf/8.3.0/libgcc.a(_divdi3.o)
                                        0x841 (size before relaxing)
 .debug_str     0x0000000000000bfa        0x9 /nix/store/gbj4l2s4sjbxcgnqad1k61xnpb5acbz8-riscv32-unknown-elf-rv32imac-toolchain-8.3.0-afcc8bc/lib/gcc/riscv32-unknown-elf/8.3.0/libgcc.a(_moddi3.o)
                                        0x841 (size before relaxing)
 .debug_str     0x0000000000000c03       0xa2 /nix/store/gbj4l2s4sjbxcgnqad1k61xnpb5acbz8-riscv32-unknown-elf-rv32imac-toolchain-8.3.0-afcc8bc/lib/gcc/riscv32-unknown-elf/8.3.0/libgcc.a(_clz.o)
                                        0x789 (size before relaxing)

.debug_loc      0x0000000000000000     0x13a6
 *(.debug_loc)
 .debug_loc     0x0000000000000000      0x971 /nix/store/gbj4l2s4sjbxcgnqad1k61xnpb5acbz8-riscv32-unknown-elf-rv32imac-toolchain-8.3.0-afcc8bc/lib/gcc/riscv32-unknown-elf/8.3.0/libgcc.a(_divdi3.o)
 .debug_loc     0x0000000000000971      0xa35 /nix/store/gbj4l2s4sjbxcgnqad1k61xnpb5acbz8-riscv32-unknown-elf-rv32imac-toolchain-8.3.0-afcc8bc/lib/gcc/riscv32-unknown-elf/8.3.0/libgcc.a(_moddi3.o)

.debug_macinfo
 *(.debug_macinfo)

.debug_weaknames
 *(.debug_weaknames)

.debug_funcnames
 *(.debug_funcnames)

.debug_typenames
 *(.debug_typenames)

.debug_varnames
 *(.debug_varnames)

.debug_pubtypes
 *(.debug_pubtypes)

.debug_ranges   0x0000000000000000      0x1c0
 *(.debug_ranges)
 .debug_ranges  0x0000000000000000      0x108 /nix/store/gbj4l2s4sjbxcgnqad1k61xnpb5acbz8-riscv32-unknown-elf-rv32imac-toolchain-8.3.0-afcc8bc/lib/gcc/riscv32-unknown-elf/8.3.0/libgcc.a(_divdi3.o)
 .debug_ranges  0x0000000000000108       0xb8 /nix/store/gbj4l2s4sjbxcgnqad1k61xnpb5acbz8-riscv32-unknown-elf-rv32imac-toolchain-8.3.0-afcc8bc/lib/gcc/riscv32-unknown-elf/8.3.0/libgcc.a(_moddi3.o)

.debug_macro
 *(.debug_macro)

.debug_addr
 *(.debug_addr)

.gnu.attributes
 *(.gnu.attributes)

/DISCARD/
 *(.note.GNU-stack)
 *(.gnu_debuglink)
 *(.gnu.lto_*)
OUTPUT(cat/cat elf32-littleriscv)
