Archive member included to satisfy reference by file (symbol)

/nix/store/gbj4l2s4sjbxcgnqad1k61xnpb5acbz8-riscv32-unknown-elf-rv32imac-toolchain-8.3.0-afcc8bc/lib/gcc/riscv32-unknown-elf/8.3.0/libgcc.a(_divdi3.o)
                              ./lib/syscalls.o (__divdi3)
/nix/store/gbj4l2s4sjbxcgnqad1k61xnpb5acbz8-riscv32-unknown-elf-rv32imac-toolchain-8.3.0-afcc8bc/lib/gcc/riscv32-unknown-elf/8.3.0/libgcc.a(_moddi3.o)
                              ./lib/syscalls.o (__moddi3)
/nix/store/gbj4l2s4sjbxcgnqad1k61xnpb5acbz8-riscv32-unknown-elf-rv32imac-toolchain-8.3.0-afcc8bc/lib/gcc/riscv32-unknown-elf/8.3.0/libgcc.a(_clz.o)
                              /nix/store/gbj4l2s4sjbxcgnqad1k61xnpb5acbz8-riscv32-unknown-elf-rv32imac-toolchain-8.3.0-afcc8bc/lib/gcc/riscv32-unknown-elf/8.3.0/libgcc.a(_divdi3.o) (__clz_tab)
/nix/store/gbj4l2s4sjbxcgnqad1k61xnpb5acbz8-riscv32-unknown-elf-rv32imac-toolchain-8.3.0-afcc8bc/lib/gcc/riscv32-unknown-elf/8.3.0/../../../../riscv32-unknown-elf/lib/libc.a(lib_a-atexit.o)
                              /nix/store/gbj4l2s4sjbxcgnqad1k61xnpb5acbz8-riscv32-unknown-elf-rv32imac-toolchain-8.3.0-afcc8bc/lib/gcc/riscv32-unknown-elf/8.3.0/../../../../riscv32-unknown-elf/lib/crt0.o (atexit)
/nix/store/gbj4l2s4sjbxcgnqad1k61xnpb5acbz8-riscv32-unknown-elf-rv32imac-toolchain-8.3.0-afcc8bc/lib/gcc/riscv32-unknown-elf/8.3.0/../../../../riscv32-unknown-elf/lib/libc.a(lib_a-errno.o)
                              ./lib/syscalls.o (__errno)
/nix/store/gbj4l2s4sjbxcgnqad1k61xnpb5acbz8-riscv32-unknown-elf-rv32imac-toolchain-8.3.0-afcc8bc/lib/gcc/riscv32-unknown-elf/8.3.0/../../../../riscv32-unknown-elf/lib/libc.a(lib_a-exit.o)
                              /nix/store/gbj4l2s4sjbxcgnqad1k61xnpb5acbz8-riscv32-unknown-elf-rv32imac-toolchain-8.3.0-afcc8bc/lib/gcc/riscv32-unknown-elf/8.3.0/../../../../riscv32-unknown-elf/lib/crt0.o (exit)
/nix/store/gbj4l2s4sjbxcgnqad1k61xnpb5acbz8-riscv32-unknown-elf-rv32imac-toolchain-8.3.0-afcc8bc/lib/gcc/riscv32-unknown-elf/8.3.0/../../../../riscv32-unknown-elf/lib/libc.a(lib_a-fini.o)
                              /nix/store/gbj4l2s4sjbxcgnqad1k61xnpb5acbz8-riscv32-unknown-elf-rv32imac-toolchain-8.3.0-afcc8bc/lib/gcc/riscv32-unknown-elf/8.3.0/../../../../riscv32-unknown-elf/lib/crt0.o (__libc_fini_array)
/nix/store/gbj4l2s4sjbxcgnqad1k61xnpb5acbz8-riscv32-unknown-elf-rv32imac-toolchain-8.3.0-afcc8bc/lib/gcc/riscv32-unknown-elf/8.3.0/../../../../riscv32-unknown-elf/lib/libc.a(lib_a-impure.o)
                              /nix/store/gbj4l2s4sjbxcgnqad1k61xnpb5acbz8-riscv32-unknown-elf-rv32imac-toolchain-8.3.0-afcc8bc/lib/gcc/riscv32-unknown-elf/8.3.0/../../../../riscv32-unknown-elf/lib/libc.a(lib_a-exit.o) (_global_impure_ptr)
/nix/store/gbj4l2s4sjbxcgnqad1k61xnpb5acbz8-riscv32-unknown-elf-rv32imac-toolchain-8.3.0-afcc8bc/lib/gcc/riscv32-unknown-elf/8.3.0/../../../../riscv32-unknown-elf/lib/libc.a(lib_a-init.o)
                              /nix/store/gbj4l2s4sjbxcgnqad1k61xnpb5acbz8-riscv32-unknown-elf-rv32imac-toolchain-8.3.0-afcc8bc/lib/gcc/riscv32-unknown-elf/8.3.0/../../../../riscv32-unknown-elf/lib/crt0.o (__libc_init_array)
/nix/store/gbj4l2s4sjbxcgnqad1k61xnpb5acbz8-riscv32-unknown-elf-rv32imac-toolchain-8.3.0-afcc8bc/lib/gcc/riscv32-unknown-elf/8.3.0/../../../../riscv32-unknown-elf/lib/libc.a(lib_a-memset.o)
                              /nix/store/gbj4l2s4sjbxcgnqad1k61xnpb5acbz8-riscv32-unknown-elf-rv32imac-toolchain-8.3.0-afcc8bc/lib/gcc/riscv32-unknown-elf/8.3.0/../../../../riscv32-unknown-elf/lib/crt0.o (memset)
/nix/store/gbj4l2s4sjbxcgnqad1k61xnpb5acbz8-riscv32-unknown-elf-rv32imac-toolchain-8.3.0-afcc8bc/lib/gcc/riscv32-unknown-elf/8.3.0/../../../../riscv32-unknown-elf/lib/libc.a(lib_a-printf.o)
                              /run/user/1001/ccWMSTBm.o (printf)
/nix/store/gbj4l2s4sjbxcgnqad1k61xnpb5acbz8-riscv32-unknown-elf-rv32imac-toolchain-8.3.0-afcc8bc/lib/gcc/riscv32-unknown-elf/8.3.0/../../../../riscv32-unknown-elf/lib/libc.a(lib_a-vfprintf.o)
                              /nix/store/gbj4l2s4sjbxcgnqad1k61xnpb5acbz8-riscv32-unknown-elf-rv32imac-toolchain-8.3.0-afcc8bc/lib/gcc/riscv32-unknown-elf/8.3.0/../../../../riscv32-unknown-elf/lib/libc.a(lib_a-printf.o) (_vfprintf_r)
/nix/store/gbj4l2s4sjbxcgnqad1k61xnpb5acbz8-riscv32-unknown-elf-rv32imac-toolchain-8.3.0-afcc8bc/lib/gcc/riscv32-unknown-elf/8.3.0/../../../../riscv32-unknown-elf/lib/libc.a(lib_a-wsetup.o)
                              /nix/store/gbj4l2s4sjbxcgnqad1k61xnpb5acbz8-riscv32-unknown-elf-rv32imac-toolchain-8.3.0-afcc8bc/lib/gcc/riscv32-unknown-elf/8.3.0/../../../../riscv32-unknown-elf/lib/libc.a(lib_a-vfprintf.o) (__swsetup_r)
/nix/store/gbj4l2s4sjbxcgnqad1k61xnpb5acbz8-riscv32-unknown-elf-rv32imac-toolchain-8.3.0-afcc8bc/lib/gcc/riscv32-unknown-elf/8.3.0/../../../../riscv32-unknown-elf/lib/libc.a(lib_a-__atexit.o)
[...]
Memory Configuration

Name             Origin             Length             Attributes
*default*        0x0000000000000000 0xffffffffffffffff

Linker script and memory map

LOAD ./lib/syscalls.o
LOAD ./lib/riscv_counters.o
LOAD ./lib/ns16550.o
Address of section .text-segment set to 0xc0000000
LOAD /run/user/1001/ccWMSTBm.o
LOAD /nix/store/gbj4l2s4sjbxcgnqad1k61xnpb5acbz8-riscv32-unknown-elf-rv32imac-toolchain-8.3.0-afcc8bc/lib/gcc/riscv32-unknown-elf/8.3.0/../../../../riscv32-unknown-elf/lib/libm.a
LOAD /nix/store/gbj4l2s4sjbxcgnqad1k61xnpb5acbz8-riscv32-unknown-elf-rv32imac-toolchain-8.3.0-afcc8bc/lib/gcc/riscv32-unknown-elf/8.3.0/libgcc.a
LOAD /nix/store/gbj4l2s4sjbxcgnqad1k61xnpb5acbz8-riscv32-unknown-elf-rv32imac-toolchain-8.3.0-afcc8bc/lib/gcc/riscv32-unknown-elf/8.3.0/../../../../riscv32-unknown-elf/lib/libnosys.a
LOAD /nix/store/gbj4l2s4sjbxcgnqad1k61xnpb5acbz8-riscv32-unknown-elf-rv32imac-toolchain-8.3.0-afcc8bc/lib/gcc/riscv32-unknown-elf/8.3.0/libgcc.a
START GROUP
LOAD /nix/store/gbj4l2s4sjbxcgnqad1k61xnpb5acbz8-riscv32-unknown-elf-rv32imac-toolchain-8.3.0-afcc8bc/lib/gcc/riscv32-unknown-elf/8.3.0/libgcc.a
LOAD /nix/store/gbj4l2s4sjbxcgnqad1k61xnpb5acbz8-riscv32-unknown-elf-rv32imac-toolchain-8.3.0-afcc8bc/lib/gcc/riscv32-unknown-elf/8.3.0/../../../../riscv32-unknown-elf/lib/libc.a
LOAD /nix/store/gbj4l2s4sjbxcgnqad1k61xnpb5acbz8-riscv32-unknown-elf-rv32imac-toolchain-8.3.0-afcc8bc/lib/gcc/riscv32-unknown-elf/8.3.0/../../../../riscv32-unknown-elf/lib/libnosys.a
END GROUP
LOAD /nix/store/gbj4l2s4sjbxcgnqad1k61xnpb5acbz8-riscv32-unknown-elf-rv32imac-toolchain-8.3.0-afcc8bc/lib/gcc/riscv32-unknown-elf/8.3.0/crtend.o
                [!provide]                        PROVIDE (__executable_start = SEGMENT_START ("text-segment", 0x10000))
                0x00000000c0000074                . = (SEGMENT_START ("text-segment", 0x10000) + SIZEOF_HEADERS)

.interp
 *(.interp)

.note.gnu.build-id
 *(.note.gnu.build-id)

.hash
 *(.hash)

.gnu.hash
 *(.gnu.hash)

.dynsym
 *(.dynsym)

.dynstr
 *(.dynstr)

.gnu.version
 *(.gnu.version)

.gnu.version_d
 *(.gnu.version_d)

.gnu.version_r
 *(.gnu.version_r)

.rela.dyn       0x00000000c0000074        0x0
 *(.rela.init)
 *(.rela.text .rela.text.* .rela.gnu.linkonce.t.*)
 .rela.text     0x00000000c0000074        0x0 /nix/store/gbj4l2s4sjbxcgnqad1k61xnpb5acbz8-riscv32-unknown-elf-rv32imac-toolchain-8.3.0-afcc8bc/lib/gcc/riscv32-unknown-elf/8.3.0/../../../../riscv32-unknown-elf/lib/crt0.o
 *(.rela.fini)
 *(.rela.rodata .rela.rodata.* .rela.gnu.linkonce.r.*)
 *(.rela.data .rela.data.* .rela.gnu.linkonce.d.*)
 *(.rela.tdata .rela.tdata.* .rela.gnu.linkonce.td.*)
 *(.rela.tbss .rela.tbss.* .rela.gnu.linkonce.tb.*)
 *(.rela.ctors)
 *(.rela.dtors)
 *(.rela.got)
 *(.rela.sdata .rela.sdata.* .rela.gnu.linkonce.s.*)
 *(.rela.sbss .rela.sbss.* .rela.gnu.linkonce.sb.*)
 *(.rela.sdata2 .rela.sdata2.* .rela.gnu.linkonce.s2.*)
 *(.rela.sbss2 .rela.sbss2.* .rela.gnu.linkonce.sb2.*)
 *(.rela.bss .rela.bss.* .rela.gnu.linkonce.b.*)
                [!provide]                        PROVIDE (__rela_iplt_start = .)
 *(.rela.iplt)
                [!provide]                        PROVIDE (__rela_iplt_end = .)

.rela.plt
 *(.rela.plt)

.init
 *(SORT_NONE(.init))

.plt
 *(.plt)

.iplt
 *(.iplt)

.text           0x00000000c0000074     0xcf72
 *(.text.unlikely .text.*_unlikely .text.unlikely.*)
 *(.text.exit .text.exit.*)
 *(.text.startup .text.startup.*)
 *(.text.hot .text.hot.*)
 *(.text .stub .text.* .gnu.linkonce.t.*)
 .text          0x00000000c0000074       0x3c /nix/store/gbj4l2s4sjbxcgnqad1k61xnpb5acbz8-riscv32-unknown-elf-rv32imac-toolchain-8.3.0-afcc8bc/lib/gcc/riscv32-unknown-elf/8.3.0/../../../../riscv32-unknown-elf/lib/crt0.o
                0x00000000c0000074                _start
                0x00000000c00000ae                _init
                0x00000000c00000ae                _fini
 .text          0x00000000c00000b0       0xaa /nix/store/gbj4l2s4sjbxcgnqad1k61xnpb5acbz8-riscv32-unknown-elf-rv32imac-toolchain-8.3.0-afcc8bc/lib/gcc/riscv32-unknown-elf/8.3.0/crtbegin.o
 *fill*         0x00000000c000015a        0x2 
 .text          0x00000000c000015c      0x4ec ./lib/syscalls.o
                0x00000000c000015c                read
                0x00000000c00001e8                write
                0x00000000c0000254                gettimeofday
                0x00000000c0000350                sleep
                0x00000000c00003fc                _sbrk
                0x00000000c0000438                _write
                0x00000000c00004a4                _close
                0x00000000c00004e0                _lseek
                0x00000000c0000524                _read
                0x00000000c0000568                _fstat
                0x00000000c00005a8                _isatty
                0x00000000c00005e4                _kill
                0x00000000c0000624                _getpid
 .text          0x00000000c0000648      0x258 ./lib/riscv_counters.o
                0x00000000c0000648                read_cycle
                0x00000000c00006b4                read_time
                0x00000000c0000720                read_instret
                0x00000000c000078c                fence
                0x00000000c00007ac                io_read32
                0x00000000c00007e0                io_write32
                0x00000000c000081c                io_read64
                0x00000000c0000858                io_write64
 .text          0x00000000c00008a0      0x1e4 ./lib/ns16550.o
                0x00000000c0000978                ns16550_rxready
                0x00000000c00009b0                ns16550_rxchar
                0x00000000c00009f8                ns16550_txchar
                0x00000000c0000a4c                ns16550_flush
 .text          0x00000000c0000a84      0xc14 /run/user/1001/ccWMSTBm.o
                0x00000000c0000a84                compute32
                0x00000000c0000d50                compute64
                0x00000000c0001338                main
 .text          0x00000000c0001698      0x39c /nix/store/gbj4l2s4sjbxcgnqad1k61xnpb5acbz8-riscv32-unknown-elf-rv32imac-toolchain-8.3.0-afcc8bc/lib/gcc/riscv32-unknown-elf/8.3.0/libgcc.a(_divdi3.o)
                0x00000000c0001698                __divdi3
 .text          0x00000000c0001a34      0x392 /nix/store/gbj4l2s4sjbxcgnqad1k61xnpb5acbz8-riscv32-unknown-elf-rv32imac-toolchain-8.3.0-afcc8bc/lib/gcc/riscv32-unknown-elf/8.3.0/libgcc.a(_moddi3.o)
                0x00000000c0001a34                __moddi3
 .text          0x00000000c0001dc6        0x0 /nix/store/gbj4l2s4sjbxcgnqad1k61xnpb5acbz8-riscv32-unknown-elf-rv32imac-toolchain-8.3.0-afcc8bc/lib/gcc/riscv32-unknown-elf/8.3.0/libgcc.a(_clz.o)
 .text          0x00000000c0001dc6        0xc /nix/store/gbj4l2s4sjbxcgnqad1k61xnpb5acbz8-riscv32-unknown-elf-rv32imac-toolchain-8.3.0-afcc8bc/lib/gcc/riscv32-unknown-elf/8.3.0/../../../../riscv32-unknown-elf/lib/libc.a(lib_a-atexit.o)
                0x00000000c0001dc6                atexit
 .text          0x00000000c0001dd2        0x6 /nix/store/gbj4l2s4sjbxcgnqad1k61xnpb5acbz8-riscv32-unknown-elf-rv32imac-toolchain-8.3.0-afcc8bc/lib/gcc/riscv32-unknown-elf/8.3.0/../../../../riscv32-unknown-elf/lib/libc.a(lib_a-errno.o)
                0x00000000c0001dd2                __errno
 .text          0x00000000c0001dd8       0x1e /nix/store/gbj4l2s4sjbxcgnqad1k61xnpb5acbz8-riscv32-unknown-elf-rv32imac-toolchain-8.3.0-afcc8bc/lib/gcc/riscv32-unknown-elf/8.3.0/../../../../riscv32-unknown-elf/lib/libc.a(lib_a-exit.o)
                0x00000000c0001dd8                exit
 .text          0x00000000c0001df6       0x3c /nix/store/gbj4l2s4sjbxcgnqad1k61xnpb5acbz8-riscv32-unknown-elf-rv32imac-toolchain-8.3.0-afcc8bc/lib/gcc/riscv32-unknown-elf/8.3.0/../../../../riscv32-unknown-elf/lib/libc.a(lib_a-fini.o)
                0x00000000c0001df6                __libc_fini_array
 .text          0x00000000c0001e32        0x0 /nix/store/gbj4l2s4sjbxcgnqad1k61xnpb5acbz8-riscv32-unknown-elf-rv32imac-toolchain-8.3.0-afcc8bc/lib/gcc/riscv32-unknown-elf/8.3.0/../../../../riscv32-unknown-elf/lib/libc.a(lib_a-impure.o)
 .text          0x00000000c0001e32       0x72 /nix/store/gbj4l2s4sjbxcgnqad1k61xnpb5acbz8-riscv32-unknown-elf-rv32imac-toolchain-8.3.0-afcc8bc/lib/gcc/riscv32-unknown-elf/8.3.0/../../../../riscv32-unknown-elf/lib/libc.a(lib_a-init.o)
                0x00000000c0001e32                __libc_init_array
 .text          0x00000000c0001ea4       0xa8 /nix/store/gbj4l2s4sjbxcgnqad1k61xnpb5acbz8-riscv32-unknown-elf-rv32imac-toolchain-8.3.0-afcc8bc/lib/gcc/riscv32-unknown-elf/8.3.0/../../../../riscv32-unknown-elf/lib/libc.a(lib_a-memset.o)
                0x00000000c0001ea4                memset
 .text          0x00000000c0001f4c       0x48 /nix/store/gbj4l2s4sjbxcgnqad1k61xnpb5acbz8-riscv32-unknown-elf-rv32imac-toolchain-8.3.0-afcc8bc/lib/gcc/riscv32-unknown-elf/8.3.0/../../../../riscv32-unknown-elf/lib/libc.a(lib_a-printf.o)
                0x00000000c0001f4c                _printf_r
                0x00000000c0001f6c                printf
 .text          0x00000000c0001f94     0x1670 /nix/store/gbj4l2s4sjbxcgnqad1k61xnpb5acbz8-riscv32-unknown-elf-rv32imac-toolchain-8.3.0-afcc8bc/lib/gcc/riscv32-unknown-elf/8.3.0/../../../../riscv32-unknown-elf/lib/libc.a(lib_a-vfprintf.o)
                0x00000000c0001f94                _vfprintf_r
                0x00000000c000356c                vfprintf
 .text          0x00000000c0003604       0xd6 /nix/store/gbj4l2s4sjbxcgnqad1k61xnpb5acbz8-riscv32-unknown-elf-rv32imac-toolchain-8.3.0-afcc8bc/lib/gcc/riscv32-unknown-elf/8.3.0/../../../../riscv32-unknown-elf/lib/libc.a(lib_a-wsetup.o)
                0x00000000c0003604                __swsetup_r
 .text          0x00000000c00036da       0x60 /nix/store/gbj4l2s4sjbxcgnqad1k61xnpb5acbz8-riscv32-unknown-elf-rv32imac-toolchain-8.3.0-afcc8bc/lib/gcc/riscv32-unknown-elf/8.3.0/../../../../riscv32-unknown-elf/lib/libc.a(lib_a-__atexit.o)
                0x00000000c00036da                __register_exitproc
 .text          0x00000000c000373a       0xaa /nix/store/gbj4l2s4sjbxcgnqad1k61xnpb5acbz8-riscv32-unknown-elf-rv32imac-toolchain-8.3.0-afcc8bc/lib/gcc/riscv32-unknown-elf/8.3.0/../../../../riscv32-unknown-elf/lib/libc.a(lib_a-__call_atexit.o)
                0x00000000c000373a                __call_exitprocs
 .text          0x00000000c00037e4      0x1b0 /nix/store/gbj4l2s4sjbxcgnqad1k61xnpb5acbz8-riscv32-unknown-elf-rv32imac-toolchain-8.3.0-afcc8bc/lib/gcc/riscv32-unknown-elf/8.3.0/../../../../riscv32-unknown-elf/lib/libc.a(lib_a-fflush.o)
                0x00000000c00037e4                __sflush_r
                0x00000000c000394e                _fflush_r
                0x00000000c000397c                fflush
 .text          0x00000000c0003994      0x1d6 /nix/store/gbj4l2s4sjbxcgnqad1k61xnpb5acbz8-riscv32-unknown-elf-rv32imac-toolchain-8.3.0-afcc8bc/lib/gcc/riscv32-unknown-elf/8.3.0/../../../../riscv32-unknown-elf/lib/libc.a(lib_a-findfp.o)
                0x00000000c0003a02                _cleanup_r
                0x00000000c0003a10                __sfmoreglue
                0x00000000c0003a58                _cleanup
                0x00000000c0003a5e                __sinit
                0x00000000c0003aac                __sfp
                0x00000000c0003b46                __sfp_lock_acquire
                0x00000000c0003b48                __sfp_lock_release
                0x00000000c0003b4a                __sinit_lock_acquire
                0x00000000c0003b4c                __sinit_lock_release
                0x00000000c0003b4e                __fp_lock_all
                0x00000000c0003b5c                __fp_unlock_all
 .text          0x00000000c0003b6a      0x25e /nix/store/gbj4l2s4sjbxcgnqad1k61xnpb5acbz8-riscv32-unknown-elf-rv32imac-toolchain-8.3.0-afcc8bc/lib/gcc/riscv32-unknown-elf/8.3.0/../../../../riscv32-unknown-elf/lib/libc.a(lib_a-freer.o)
                0x00000000c0003b6a                _malloc_trim_r
                0x00000000c0003c2a                _free_r
 .text          0x00000000c0003dc8       0xce /nix/store/gbj4l2s4sjbxcgnqad1k61xnpb5acbz8-riscv32-unknown-elf-rv32imac-toolchain-8.3.0-afcc8bc/lib/gcc/riscv32-unknown-elf/8.3.0/../../../../riscv32-unknown-elf/lib/libc.a(lib_a-fwalk.o)
                0x00000000c0003dc8                _fwalk
                0x00000000c0003e2a                _fwalk_reent
 .text          0x00000000c0003e96     0x15f6 /nix/store/gbj4l2s4sjbxcgnqad1k61xnpb5acbz8-riscv32-unknown-elf-rv32imac-toolchain-8.3.0-afcc8bc/lib/gcc/riscv32-unknown-elf/8.3.0/../../../../riscv32-unknown-elf/lib/libc.a(lib_a-ldtoa.o)
                0x00000000c0004b70                _ldtoa_r
                0x00000000c000544e                _ldcheck
 .text          0x00000000c000548c       0x2a /nix/store/gbj4l2s4sjbxcgnqad1k61xnpb5acbz8-riscv32-unknown-elf-rv32imac-toolchain-8.3.0-afcc8bc/lib/gcc/riscv32-unknown-elf/8.3.0/../../../../riscv32-unknown-elf/lib/libc.a(lib_a-localeconv.o)
                0x00000000c000548c                __localeconv_l
                0x00000000c0005492                _localeconv_r
                0x00000000c00054a4                localeconv
 .text          0x00000000c00054b6      0x104 /nix/store/gbj4l2s4sjbxcgnqad1k61xnpb5acbz8-riscv32-unknown-elf-rv32imac-toolchain-8.3.0-afcc8bc/lib/gcc/riscv32-unknown-elf/8.3.0/../../../../riscv32-unknown-elf/lib/libc.a(lib_a-makebuf.o)
                0x00000000c00054b6                __swhatbuf_r
                0x00000000c000551c                __smakebuf_r
 .text          0x00000000c00055ba      0x4a8 /nix/store/gbj4l2s4sjbxcgnqad1k61xnpb5acbz8-riscv32-unknown-elf-rv32imac-toolchain-8.3.0-afcc8bc/lib/gcc/riscv32-unknown-elf/8.3.0/../../../../riscv32-unknown-elf/lib/libc.a(lib_a-mallocr.o)
                0x00000000c00055ba                _malloc_r
 .text          0x00000000c0005a62       0x1a /nix/store/gbj4l2s4sjbxcgnqad1k61xnpb5acbz8-riscv32-unknown-elf-rv32imac-toolchain-8.3.0-afcc8bc/lib/gcc/riscv32-unknown-elf/8.3.0/../../../../riscv32-unknown-elf/lib/libc.a(lib_a-memchr.o)
                0x00000000c0005a62                memchr
 .text          0x00000000c0005a7c        0x4 /nix/store/gbj4l2s4sjbxcgnqad1k61xnpb5acbz8-riscv32-unknown-elf-rv32imac-toolchain-8.3.0-afcc8bc/lib/gcc/riscv32-unknown-elf/8.3.0/../../../../riscv32-unknown-elf/lib/libc.a(lib_a-mlock.o)
                0x00000000c0005a7c                __malloc_lock
                0x00000000c0005a7e                __malloc_unlock
 .text          0x00000000c0005a80      0x938 /nix/store/gbj4l2s4sjbxcgnqad1k61xnpb5acbz8-riscv32-unknown-elf-rv32imac-toolchain-8.3.0-afcc8bc/lib/gcc/riscv32-unknown-elf/8.3.0/../../../../riscv32-unknown-elf/lib/libc.a(lib_a-mprec.o)
                0x00000000c0005a80                _Balloc
                0x00000000c0005ae6                _Bfree
                0x00000000c0005afa                __multadd
                0x00000000c0005b8e                __s2b
                0x00000000c0005c2e                __hi0bits
                0x00000000c0005c74                __lo0bits
                0x00000000c0005cde                __i2b
                0x00000000c0005cf8                __multiply
                0x00000000c0005e3a                __pow5mult
                0x00000000c0005eca                __lshift
                0x00000000c0005f94                __mcmp
                0x00000000c0005fc6                __mdiff
                0x00000000c00060b2                __ulp
                0x00000000c00060f8                __b2d
                0x00000000c00061aa                __d2b
                0x00000000c0006276                __ratio
                0x00000000c00062e6                _mprec_log10
                0x00000000c000633c                __copybits
                0x00000000c0006372                __any_on
 .text          0x00000000c00063b8       0x7e /nix/store/gbj4l2s4sjbxcgnqad1k61xnpb5acbz8-riscv32-unknown-elf-rv32imac-toolchain-8.3.0-afcc8bc/lib/gcc/riscv32-unknown-elf/8.3.0/../../../../riscv32-unknown-elf/lib/libc.a(lib_a-s_frexp.o)
                0x00000000c00063b8                frexp
 .text          0x00000000c0006436       0x30 /nix/store/gbj4l2s4sjbxcgnqad1k61xnpb5acbz8-riscv32-unknown-elf-rv32imac-toolchain-8.3.0-afcc8bc/lib/gcc/riscv32-unknown-elf/8.3.0/../../../../riscv32-unknown-elf/lib/libc.a(lib_a-sbrkr.o)
                0x00000000c0006436                _sbrk_r
 .text          0x00000000c0006466       0x7c /nix/store/gbj4l2s4sjbxcgnqad1k61xnpb5acbz8-riscv32-unknown-elf-rv32imac-toolchain-8.3.0-afcc8bc/lib/gcc/riscv32-unknown-elf/8.3.0/../../../../riscv32-unknown-elf/lib/libc.a(lib_a-sprintf.o)
                0x00000000c0006466                _sprintf_r
                0x00000000c00064a0                sprintf
 .text          0x00000000c00064e2       0xc8 /nix/store/gbj4l2s4sjbxcgnqad1k61xnpb5acbz8-riscv32-unknown-elf-rv32imac-toolchain-8.3.0-afcc8bc/lib/gcc/riscv32-unknown-elf/8.3.0/../../../../riscv32-unknown-elf/lib/libc.a(lib_a-stdio.o)
                0x00000000c00064e2                __sread
                0x00000000c0006514                __seofread
                0x00000000c0006518                __swrite
                0x00000000c000656a                __sseek
                0x00000000c00065a2                __sclose
 .text          0x00000000c00065aa       0x12 /nix/store/gbj4l2s4sjbxcgnqad1k61xnpb5acbz8-riscv32-unknown-elf-rv32imac-toolchain-8.3.0-afcc8bc/lib/gcc/riscv32-unknown-elf/8.3.0/../../../../riscv32-unknown-elf/lib/libc.a(lib_a-strcpy.o)
                0x00000000c00065aa                strcpy
 .text          0x00000000c00065bc       0x12 /nix/store/gbj4l2s4sjbxcgnqad1k61xnpb5acbz8-riscv32-unknown-elf-rv32imac-toolchain-8.3.0-afcc8bc/lib/gcc/riscv32-unknown-elf/8.3.0/../../../../riscv32-unknown-elf/lib/libc.a(lib_a-strlen.o)
                0x00000000c00065bc                strlen
 .text          0x00000000c00065ce       0x24 /nix/store/gbj4l2s4sjbxcgnqad1k61xnpb5acbz8-riscv32-unknown-elf-rv32imac-toolchain-8.3.0-afcc8bc/lib/gcc/riscv32-unknown-elf/8.3.0/../../../../riscv32-unknown-elf/lib/libc.a(lib_a-strncpy.o)
                0x00000000c00065ce                strncpy
 .text          0x00000000c00065f2     0x159e /nix/store/gbj4l2s4sjbxcgnqad1k61xnpb5acbz8-riscv32-unknown-elf-rv32imac-toolchain-8.3.0-afcc8bc/lib/gcc/riscv32-unknown-elf/8.3.0/../../../../riscv32-unknown-elf/lib/libc.a(lib_a-svfprintf.o)
                0x00000000c00065f2                _svfprintf_r
 .text          0x00000000c0007b90      0xa0c /nix/store/gbj4l2s4sjbxcgnqad1k61xnpb5acbz8-riscv32-unknown-elf-rv32imac-toolchain-8.3.0-afcc8bc/lib/gcc/riscv32-unknown-elf/8.3.0/../../../../riscv32-unknown-elf/lib/libc.a(lib_a-vfiprintf.o)
                0x00000000c0007b90                __sprint_r
                0x00000000c0007c2c                _vfiprintf_r
                0x00000000c0008502                vfiprintf
 .text          0x00000000c000859c       0x34 /nix/store/gbj4l2s4sjbxcgnqad1k61xnpb5acbz8-riscv32-unknown-elf-rv32imac-toolchain-8.3.0-afcc8bc/lib/gcc/riscv32-unknown-elf/8.3.0/../../../../riscv32-unknown-elf/lib/libc.a(lib_a-writer.o)
                0x00000000c000859c                _write_r
 .text          0x00000000c00085d0       0x78 /nix/store/gbj4l2s4sjbxcgnqad1k61xnpb5acbz8-riscv32-unknown-elf-rv32imac-toolchain-8.3.0-afcc8bc/lib/gcc/riscv32-unknown-elf/8.3.0/../../../../riscv32-unknown-elf/lib/libc.a(lib_a-callocr.o)
                0x00000000c00085d0                _calloc_r
 .text          0x00000000c0008648       0x30 /nix/store/gbj4l2s4sjbxcgnqad1k61xnpb5acbz8-riscv32-unknown-elf-rv32imac-toolchain-8.3.0-afcc8bc/lib/gcc/riscv32-unknown-elf/8.3.0/../../../../riscv32-unknown-elf/lib/libc.a(lib_a-closer.o)
                0x00000000c0008648                _close_r
 .text          0x00000000c0008678       0x96 /nix/store/gbj4l2s4sjbxcgnqad1k61xnpb5acbz8-riscv32-unknown-elf-rv32imac-toolchain-8.3.0-afcc8bc/lib/gcc/riscv32-unknown-elf/8.3.0/../../../../riscv32-unknown-elf/lib/libc.a(lib_a-fclose.o)
                0x00000000c0008678                _fclose_r
                0x00000000c0008706                fclose
 .text          0x00000000c000870e      0x100 /nix/store/gbj4l2s4sjbxcgnqad1k61xnpb5acbz8-riscv32-unknown-elf-rv32imac-toolchain-8.3.0-afcc8bc/lib/gcc/riscv32-unknown-elf/8.3.0/../../../../riscv32-unknown-elf/lib/libc.a(lib_a-fputwc.o)
                0x00000000c000870e                __fputwc
                0x00000000c00087c2                _fputwc_r
                0x00000000c00087e0                fputwc
 .text          0x00000000c000880e       0x32 /nix/store/gbj4l2s4sjbxcgnqad1k61xnpb5acbz8-riscv32-unknown-elf-rv32imac-toolchain-8.3.0-afcc8bc/lib/gcc/riscv32-unknown-elf/8.3.0/../../../../riscv32-unknown-elf/lib/libc.a(lib_a-fstatr.o)
                0x00000000c000880e                _fstat_r
 .text          0x00000000c0008840      0x2da /nix/store/gbj4l2s4sjbxcgnqad1k61xnpb5acbz8-riscv32-unknown-elf-rv32imac-toolchain-8.3.0-afcc8bc/lib/gcc/riscv32-unknown-elf/8.3.0/../../../../riscv32-unknown-elf/lib/libc.a(lib_a-fvwrite.o)
                0x00000000c0008840                __sfvwrite_r
 .text          0x00000000c0008b1a       0x30 /nix/store/gbj4l2s4sjbxcgnqad1k61xnpb5acbz8-riscv32-unknown-elf-rv32imac-toolchain-8.3.0-afcc8bc/lib/gcc/riscv32-unknown-elf/8.3.0/../../../../riscv32-unknown-elf/lib/libc.a(lib_a-isattyr.o)
                0x00000000c0008b1a                _isatty_r
 .text          0x00000000c0008b4a       0x7c /nix/store/gbj4l2s4sjbxcgnqad1k61xnpb5acbz8-riscv32-unknown-elf-rv32imac-toolchain-8.3.0-afcc8bc/lib/gcc/riscv32-unknown-elf/8.3.0/../../../../riscv32-unknown-elf/lib/libc.a(lib_a-locale.o)
                0x00000000c0008b4a                _setlocale_r
                0x00000000c0008b92                __locale_mb_cur_max
                0x00000000c0008ba4                __locale_ctype_ptr_l
                0x00000000c0008baa                __locale_ctype_ptr
                0x00000000c0008bbc                setlocale
 .text          0x00000000c0008bc6       0x34 /nix/store/gbj4l2s4sjbxcgnqad1k61xnpb5acbz8-riscv32-unknown-elf-rv32imac-toolchain-8.3.0-afcc8bc/lib/gcc/riscv32-unknown-elf/8.3.0/../../../../riscv32-unknown-elf/lib/libc.a(lib_a-lseekr.o)
                0x00000000c0008bc6                _lseek_r
 .text          0x00000000c0008bfa       0x4c /nix/store/gbj4l2s4sjbxcgnqad1k61xnpb5acbz8-riscv32-unknown-elf-rv32imac-toolchain-8.3.0-afcc8bc/lib/gcc/riscv32-unknown-elf/8.3.0/../../../../riscv32-unknown-elf/lib/libc.a(lib_a-mbtowc_r.o)
                0x00000000c0008bfa                _mbtowc_r
                0x00000000c0008c0c                __ascii_mbtowc
 .text          0x00000000c0008c46       0xb6 /nix/store/gbj4l2s4sjbxcgnqad1k61xnpb5acbz8-riscv32-unknown-elf-rv32imac-toolchain-8.3.0-afcc8bc/lib/gcc/riscv32-unknown-elf/8.3.0/../../../../riscv32-unknown-elf/lib/libc.a(lib_a-memcpy.o)
                0x00000000c0008c46                memcpy
 .text          0x00000000c0008cfc       0x4a /nix/store/gbj4l2s4sjbxcgnqad1k61xnpb5acbz8-riscv32-unknown-elf-rv32imac-toolchain-8.3.0-afcc8bc/lib/gcc/riscv32-unknown-elf/8.3.0/../../../../riscv32-unknown-elf/lib/libc.a(lib_a-memmove.o)
                0x00000000c0008cfc                memmove
 .text          0x00000000c0008d46       0x34 /nix/store/gbj4l2s4sjbxcgnqad1k61xnpb5acbz8-riscv32-unknown-elf-rv32imac-toolchain-8.3.0-afcc8bc/lib/gcc/riscv32-unknown-elf/8.3.0/../../../../riscv32-unknown-elf/lib/libc.a(lib_a-readr.o)
                0x00000000c0008d46                _read_r
 .text          0x00000000c0008d7a      0x39e /nix/store/gbj4l2s4sjbxcgnqad1k61xnpb5acbz8-riscv32-unknown-elf-rv32imac-toolchain-8.3.0-afcc8bc/lib/gcc/riscv32-unknown-elf/8.3.0/../../../../riscv32-unknown-elf/lib/libc.a(lib_a-reallocr.o)
                0x00000000c0008d7a                _realloc_r
 .text          0x00000000c0009118       0xc8 /nix/store/gbj4l2s4sjbxcgnqad1k61xnpb5acbz8-riscv32-unknown-elf-rv32imac-toolchain-8.3.0-afcc8bc/lib/gcc/riscv32-unknown-elf/8.3.0/../../../../riscv32-unknown-elf/lib/libc.a(lib_a-reent.o)
                0x00000000c0009118                cleanup_glue
                0x00000000c000913a                _reclaim_reent
 .text          0x00000000c00091e0      0x11e /nix/store/gbj4l2s4sjbxcgnqad1k61xnpb5acbz8-riscv32-unknown-elf-rv32imac-toolchain-8.3.0-afcc8bc/lib/gcc/riscv32-unknown-elf/8.3.0/../../../../riscv32-unknown-elf/lib/libc.a(lib_a-strcmp.o)
                0x00000000c00091e0                strcmp
 .text          0x00000000c00092fe      0x9b4 /nix/store/gbj4l2s4sjbxcgnqad1k61xnpb5acbz8-riscv32-unknown-elf-rv32imac-toolchain-8.3.0-afcc8bc/lib/gcc/riscv32-unknown-elf/8.3.0/../../../../riscv32-unknown-elf/lib/libc.a(lib_a-svfiprintf.o)
                0x00000000c00092fe                __ssprint_r
                0x00000000c0009432                _svfiprintf_r
 .text          0x00000000c0009cb2       0xc4 /nix/store/gbj4l2s4sjbxcgnqad1k61xnpb5acbz8-riscv32-unknown-elf-rv32imac-toolchain-8.3.0-afcc8bc/lib/gcc/riscv32-unknown-elf/8.3.0/../../../../riscv32-unknown-elf/lib/libc.a(lib_a-wbuf.o)
                0x00000000c0009cb2                __swbuf_r
                0x00000000c0009d6c                __swbuf
 .text          0x00000000c0009d76       0x5c /nix/store/gbj4l2s4sjbxcgnqad1k61xnpb5acbz8-riscv32-unknown-elf-rv32imac-toolchain-8.3.0-afcc8bc/lib/gcc/riscv32-unknown-elf/8.3.0/../../../../riscv32-unknown-elf/lib/libc.a(lib_a-wcrtomb.o)
                0x00000000c0009d76                _wcrtomb_r
                0x00000000c0009dc6                wcrtomb
 .text          0x00000000c0009dd2       0x32 /nix/store/gbj4l2s4sjbxcgnqad1k61xnpb5acbz8-riscv32-unknown-elf-rv32imac-toolchain-8.3.0-afcc8bc/lib/gcc/riscv32-unknown-elf/8.3.0/../../../../riscv32-unknown-elf/lib/libc.a(lib_a-wctomb_r.o)
                0x00000000c0009dd2                _wctomb_r
                0x00000000c0009de4                __ascii_wctomb
 .text          0x00000000c0009e04        0x0 /nix/store/gbj4l2s4sjbxcgnqad1k61xnpb5acbz8-riscv32-unknown-elf-rv32imac-toolchain-8.3.0-afcc8bc/lib/gcc/riscv32-unknown-elf/8.3.0/../../../../riscv32-unknown-elf/lib/libc.a(lib_a-ctype_.o)
 .text          0x00000000c0009e04        0x2 /nix/store/gbj4l2s4sjbxcgnqad1k61xnpb5acbz8-riscv32-unknown-elf-rv32imac-toolchain-8.3.0-afcc8bc/lib/gcc/riscv32-unknown-elf/8.3.0/../../../../riscv32-unknown-elf/lib/libnosys.a(_exit.o)
                0x00000000c0009e04                _exit
 .text          0x00000000c0009e06      0x35e /nix/store/gbj4l2s4sjbxcgnqad1k61xnpb5acbz8-riscv32-unknown-elf-rv32imac-toolchain-8.3.0-afcc8bc/lib/gcc/riscv32-unknown-elf/8.3.0/libgcc.a(_udivdi3.o)
                0x00000000c0009e06                __udivdi3
 .text          0x00000000c000a164      0x352 /nix/store/gbj4l2s4sjbxcgnqad1k61xnpb5acbz8-riscv32-unknown-elf-rv32imac-toolchain-8.3.0-afcc8bc/lib/gcc/riscv32-unknown-elf/8.3.0/libgcc.a(_umoddi3.o)
                0x00000000c000a164                __umoddi3
 .text          0x00000000c000a4b6      0x534 /nix/store/gbj4l2s4sjbxcgnqad1k61xnpb5acbz8-riscv32-unknown-elf-rv32imac-toolchain-8.3.0-afcc8bc/lib/gcc/riscv32-unknown-elf/8.3.0/libgcc.a(divdf3.o)
                0x00000000c000a4b6                __divdf3
 .text          0x00000000c000a9ea      0x43a /nix/store/gbj4l2s4sjbxcgnqad1k61xnpb5acbz8-riscv32-unknown-elf-rv32imac-toolchain-8.3.0-afcc8bc/lib/gcc/riscv32-unknown-elf/8.3.0/libgcc.a(muldf3.o)
                0x00000000c000a9ea                __muldf3
 .text          0x00000000c000ae24       0xa6 /nix/store/gbj4l2s4sjbxcgnqad1k61xnpb5acbz8-riscv32-unknown-elf-rv32imac-toolchain-8.3.0-afcc8bc/lib/gcc/riscv32-unknown-elf/8.3.0/libgcc.a(eqtf2.o)
                0x00000000c000ae24                __eqtf2
                0x00000000c000ae24                __netf2
 .text          0x00000000c000aeca       0xf4 /nix/store/gbj4l2s4sjbxcgnqad1k61xnpb5acbz8-riscv32-unknown-elf-rv32imac-toolchain-8.3.0-afcc8bc/lib/gcc/riscv32-unknown-elf/8.3.0/libgcc.a(getf2.o)
                0x00000000c000aeca                __getf2
                0x00000000c000aeca                __gttf2
 .text          0x00000000c000afbe       0xf4 /nix/store/gbj4l2s4sjbxcgnqad1k61xnpb5acbz8-riscv32-unknown-elf-rv32imac-toolchain-8.3.0-afcc8bc/lib/gcc/riscv32-unknown-elf/8.3.0/libgcc.a(letf2.o)
                0x00000000c000afbe                __letf2
                0x00000000c000afbe                __lttf2
 .text          0x00000000c000b0b2      0xb3a /nix/store/gbj4l2s4sjbxcgnqad1k61xnpb5acbz8-riscv32-unknown-elf-rv32imac-toolchain-8.3.0-afcc8bc/lib/gcc/riscv32-unknown-elf/8.3.0/libgcc.a(multf3.o)
                0x00000000c000b0b2                __multf3
 .text          0x00000000c000bbec      0xe5e /nix/store/gbj4l2s4sjbxcgnqad1k61xnpb5acbz8-riscv32-unknown-elf-rv32imac-toolchain-8.3.0-afcc8bc/lib/gcc/riscv32-unknown-elf/8.3.0/libgcc.a(subtf3.o)
                0x00000000c000bbec                __subtf3
 .text          0x00000000c000ca4a       0xec /nix/store/gbj4l2s4sjbxcgnqad1k61xnpb5acbz8-riscv32-unknown-elf-rv32imac-toolchain-8.3.0-afcc8bc/lib/gcc/riscv32-unknown-elf/8.3.0/libgcc.a(fixtfsi.o)
                0x00000000c000ca4a                __fixtfsi
 .text          0x00000000c000cb36       0xf2 /nix/store/gbj4l2s4sjbxcgnqad1k61xnpb5acbz8-riscv32-unknown-elf-rv32imac-toolchain-8.3.0-afcc8bc/lib/gcc/riscv32-unknown-elf/8.3.0/libgcc.a(floatsitf.o)
                0x00000000c000cb36                __floatsitf
 .text          0x00000000c000cc28      0x152 /nix/store/gbj4l2s4sjbxcgnqad1k61xnpb5acbz8-riscv32-unknown-elf-rv32imac-toolchain-8.3.0-afcc8bc/lib/gcc/riscv32-unknown-elf/8.3.0/libgcc.a(extenddftf2.o)
                0x00000000c000cc28                __extenddftf2
 .text          0x00000000c000cd7a      0x230 /nix/store/gbj4l2s4sjbxcgnqad1k61xnpb5acbz8-riscv32-unknown-elf-rv32imac-toolchain-8.3.0-afcc8bc/lib/gcc/riscv32-unknown-elf/8.3.0/libgcc.a(trunctfdf2.o)
                0x00000000c000cd7a                __trunctfdf2
 .text          0x00000000c000cfaa       0x3c /nix/store/gbj4l2s4sjbxcgnqad1k61xnpb5acbz8-riscv32-unknown-elf-rv32imac-toolchain-8.3.0-afcc8bc/lib/gcc/riscv32-unknown-elf/8.3.0/libgcc.a(_clzsi2.o)
                0x00000000c000cfaa                __clzsi2
 .text          0x00000000c000cfe6        0x0 /nix/store/gbj4l2s4sjbxcgnqad1k61xnpb5acbz8-riscv32-unknown-elf-rv32imac-toolchain-8.3.0-afcc8bc/lib/gcc/riscv32-unknown-elf/8.3.0/crtend.o
 *(.gnu.warning)

.fini
 *(SORT_NONE(.fini))
                [!provide]                        PROVIDE (__etext = .)
                [!provide]                        PROVIDE (_etext = .)
                [!provide]                        PROVIDE (etext = .)

.rodata         0x00000000c000cfe8      0xf0c
 *(.rodata .rodata.* .gnu.linkonce.r.*)
 .rodata        0x00000000c000cfe8      0x231 /run/user/1001/ccWMSTBm.o
 *fill*         0x00000000c000d219        0x3 
 .rodata        0x00000000c000d21c      0x100 /nix/store/gbj4l2s4sjbxcgnqad1k61xnpb5acbz8-riscv32-unknown-elf-rv32imac-toolchain-8.3.0-afcc8bc/lib/gcc/riscv32-unknown-elf/8.3.0/libgcc.a(_clz.o)
                0x00000000c000d21c                __clz_tab
 .rodata        0x00000000c000d31c      0x18c /nix/store/gbj4l2s4sjbxcgnqad1k61xnpb5acbz8-riscv32-unknown-elf-rv32imac-toolchain-8.3.0-afcc8bc/lib/gcc/riscv32-unknown-elf/8.3.0/../../../../riscv32-unknown-elf/lib/libc.a(lib_a-vfprintf.o)
 .rodata.str1.4
                0x00000000c000d4a8       0x3a /nix/store/gbj4l2s4sjbxcgnqad1k61xnpb5acbz8-riscv32-unknown-elf-rv32imac-toolchain-8.3.0-afcc8bc/lib/gcc/riscv32-unknown-elf/8.3.0/../../../../riscv32-unknown-elf/lib/libc.a(lib_a-vfprintf.o)
 *fill*         0x00000000c000d4e2        0x2 
 .rodata        0x00000000c000d4e4      0x254 /nix/store/gbj4l2s4sjbxcgnqad1k61xnpb5acbz8-riscv32-unknown-elf-rv32imac-toolchain-8.3.0-afcc8bc/lib/gcc/riscv32-unknown-elf/8.3.0/../../../../riscv32-unknown-elf/lib/libc.a(lib_a-ldtoa.o)
 .rodata.str1.4
                0x00000000c000d738       0x28 /nix/store/gbj4l2s4sjbxcgnqad1k61xnpb5acbz8-riscv32-unknown-elf-rv32imac-toolchain-8.3.0-afcc8bc/lib/gcc/riscv32-unknown-elf/8.3.0/../../../../riscv32-unknown-elf/lib/libc.a(lib_a-ldtoa.o)
 .rodata        0x00000000c000d760      0x128 /nix/store/gbj4l2s4sjbxcgnqad1k61xnpb5acbz8-riscv32-unknown-elf-rv32imac-toolchain-8.3.0-afcc8bc/lib/gcc/riscv32-unknown-elf/8.3.0/../../../../riscv32-unknown-elf/lib/libc.a(lib_a-mprec.o)
                0x00000000c000d770                __mprec_tens
                0x00000000c000d838                __mprec_tinytens
                0x00000000c000d860                __mprec_bigtens
 .rodata        0x00000000c000d888      0x18c /nix/store/gbj4l2s4sjbxcgnqad1k61xnpb5acbz8-riscv32-unknown-elf-rv32imac-toolchain-8.3.0-afcc8bc/lib/gcc/riscv32-unknown-elf/8.3.0/../../../../riscv32-unknown-elf/lib/libc.a(lib_a-svfprintf.o)
 .rodata.str1.4
                0x00000000c000da14       0x3a /nix/store/gbj4l2s4sjbxcgnqad1k61xnpb5acbz8-riscv32-unknown-elf-rv32imac-toolchain-8.3.0-afcc8bc/lib/gcc/riscv32-unknown-elf/8.3.0/../../../../riscv32-unknown-elf/lib/libc.a(lib_a-svfprintf.o)
 .rodata        0x00000000c000da14      0x18c /nix/store/gbj4l2s4sjbxcgnqad1k61xnpb5acbz8-riscv32-unknown-elf-rv32imac-toolchain-8.3.0-afcc8bc/lib/gcc/riscv32-unknown-elf/8.3.0/../../../../riscv32-unknown-elf/lib/libc.a(lib_a-vfiprintf.o)
 .rodata.str1.4
                0x00000000c000dba0       0x25 /nix/store/gbj4l2s4sjbxcgnqad1k61xnpb5acbz8-riscv32-unknown-elf-rv32imac-toolchain-8.3.0-afcc8bc/lib/gcc/riscv32-unknown-elf/8.3.0/../../../../riscv32-unknown-elf/lib/libc.a(lib_a-vfiprintf.o)
 .rodata.str1.4
                0x00000000c000dba0       0x10 /nix/store/gbj4l2s4sjbxcgnqad1k61xnpb5acbz8-riscv32-unknown-elf-rv32imac-toolchain-8.3.0-afcc8bc/lib/gcc/riscv32-unknown-elf/8.3.0/../../../../riscv32-unknown-elf/lib/libc.a(lib_a-locale.o)
                                         0x12 (size before relaxing)
 .rodata        0x00000000c000dbb0      0x18c /nix/store/gbj4l2s4sjbxcgnqad1k61xnpb5acbz8-riscv32-unknown-elf-rv32imac-toolchain-8.3.0-afcc8bc/lib/gcc/riscv32-unknown-elf/8.3.0/../../../../riscv32-unknown-elf/lib/libc.a(lib_a-svfiprintf.o)
 .rodata.str1.4
                0x00000000c000dd3c       0x25 /nix/store/gbj4l2s4sjbxcgnqad1k61xnpb5acbz8-riscv32-unknown-elf-rv32imac-toolchain-8.3.0-afcc8bc/lib/gcc/riscv32-unknown-elf/8.3.0/../../../../riscv32-unknown-elf/lib/libc.a(lib_a-svfiprintf.o)
 .rodata        0x00000000c000dd3c      0x101 /nix/store/gbj4l2s4sjbxcgnqad1k61xnpb5acbz8-riscv32-unknown-elf-rv32imac-toolchain-8.3.0-afcc8bc/lib/gcc/riscv32-unknown-elf/8.3.0/../../../../riscv32-unknown-elf/lib/libc.a(lib_a-ctype_.o)
                0x00000000c000dd3c                _ctype_
 *fill*         0x00000000c000de3d        0x3 
 .rodata        0x00000000c000de40       0x3c /nix/store/gbj4l2s4sjbxcgnqad1k61xnpb5acbz8-riscv32-unknown-elf-rv32imac-toolchain-8.3.0-afcc8bc/lib/gcc/riscv32-unknown-elf/8.3.0/libgcc.a(divdf3.o)
 .rodata        0x00000000c000de7c       0x3c /nix/store/gbj4l2s4sjbxcgnqad1k61xnpb5acbz8-riscv32-unknown-elf-rv32imac-toolchain-8.3.0-afcc8bc/lib/gcc/riscv32-unknown-elf/8.3.0/libgcc.a(muldf3.o)
 .rodata        0x00000000c000deb8       0x3c /nix/store/gbj4l2s4sjbxcgnqad1k61xnpb5acbz8-riscv32-unknown-elf-rv32imac-toolchain-8.3.0-afcc8bc/lib/gcc/riscv32-unknown-elf/8.3.0/libgcc.a(multf3.o)

.rodata1
 *(.rodata1)

.sdata2
 *(.sdata2 .sdata2.* .gnu.linkonce.s2.*)

.sbss2
 *(.sbss2 .sbss2.* .gnu.linkonce.sb2.*)

.eh_frame_hdr
 *(.eh_frame_hdr)
 *(.eh_frame_entry .eh_frame_entry.*)

.eh_frame
 *(.eh_frame)
 *(.eh_frame.*)

.gcc_except_table
 *(.gcc_except_table .gcc_except_table.*)

.gnu_extab
 *(.gnu_extab*)

.exception_ranges
 *(.exception_ranges*)
                0x00000000c000eef4                . = DATA_SEGMENT_ALIGN (CONSTANT (MAXPAGESIZE), CONSTANT (COMMONPAGESIZE))

.eh_frame       0x00000000c000eef4       0x68
 *(.eh_frame)
 .eh_frame      0x00000000c000eef4        0x0 /nix/store/gbj4l2s4sjbxcgnqad1k61xnpb5acbz8-riscv32-unknown-elf-rv32imac-toolchain-8.3.0-afcc8bc/lib/gcc/riscv32-unknown-elf/8.3.0/crtbegin.o
 .eh_frame      0x00000000c000eef4       0x28 /nix/store/gbj4l2s4sjbxcgnqad1k61xnpb5acbz8-riscv32-unknown-elf-rv32imac-toolchain-8.3.0-afcc8bc/lib/gcc/riscv32-unknown-elf/8.3.0/libgcc.a(_divdi3.o)
 .eh_frame      0x00000000c000ef1c       0x14 /nix/store/gbj4l2s4sjbxcgnqad1k61xnpb5acbz8-riscv32-unknown-elf-rv32imac-toolchain-8.3.0-afcc8bc/lib/gcc/riscv32-unknown-elf/8.3.0/libgcc.a(_moddi3.o)
                                         0x28 (size before relaxing)
 .eh_frame      0x00000000c000ef30       0x14 /nix/store/gbj4l2s4sjbxcgnqad1k61xnpb5acbz8-riscv32-unknown-elf-rv32imac-toolchain-8.3.0-afcc8bc/lib/gcc/riscv32-unknown-elf/8.3.0/libgcc.a(_udivdi3.o)
                                         0x28 (size before relaxing)
 .eh_frame      0x00000000c000ef44       0x14 /nix/store/gbj4l2s4sjbxcgnqad1k61xnpb5acbz8-riscv32-unknown-elf-rv32imac-toolchain-8.3.0-afcc8bc/lib/gcc/riscv32-unknown-elf/8.3.0/libgcc.a(_umoddi3.o)
                                         0x28 (size before relaxing)
 .eh_frame      0x00000000c000ef58        0x4 /nix/store/gbj4l2s4sjbxcgnqad1k61xnpb5acbz8-riscv32-unknown-elf-rv32imac-toolchain-8.3.0-afcc8bc/lib/gcc/riscv32-unknown-elf/8.3.0/crtend.o
 *(.eh_frame.*)

.gnu_extab
 *(.gnu_extab)

.gcc_except_table
 *(.gcc_except_table .gcc_except_table.*)

.exception_ranges
 *(.exception_ranges*)

.tdata          0x00000000c000ef5c        0x0
                [!provide]                        PROVIDE (__tdata_start = .)
 *(.tdata .tdata.* .gnu.linkonce.td.*)

.tbss
 *(.tbss .tbss.* .gnu.linkonce.tb.*)
 *(.tcommon)

.preinit_array  0x00000000c000ef5c        0x0
                0x00000000c000ef5c                PROVIDE (__preinit_array_start = .)
 *(.preinit_array)
                0x00000000c000ef5c                PROVIDE (__preinit_array_end = .)

.init_array     0x00000000c000ef5c        0x8
                0x00000000c000ef5c                PROVIDE (__init_array_start = .)
 *(SORT_BY_INIT_PRIORITY(.init_array.*) SORT_BY_INIT_PRIORITY(.ctors.*))
 *(.init_array EXCLUDE_FILE(*crtend?.o *crtend.o *crtbegin?.o *crtbegin.o) .ctors)
 .init_array    0x00000000c000ef5c        0x4 /nix/store/gbj4l2s4sjbxcgnqad1k61xnpb5acbz8-riscv32-unknown-elf-rv32imac-toolchain-8.3.0-afcc8bc/lib/gcc/riscv32-unknown-elf/8.3.0/crtbegin.o
 .init_array    0x00000000c000ef60        0x4 ./lib/ns16550.o
                0x00000000c000ef64                PROVIDE (__init_array_end = .)

.fini_array     0x00000000c000ef64        0x4
                0x00000000c000ef64                PROVIDE (__fini_array_start = .)
 *(SORT_BY_INIT_PRIORITY(.fini_array.*) SORT_BY_INIT_PRIORITY(.dtors.*))
 *(.fini_array EXCLUDE_FILE(*crtend?.o *crtend.o *crtbegin?.o *crtbegin.o) .dtors)
 .fini_array    0x00000000c000ef64        0x4 /nix/store/gbj4l2s4sjbxcgnqad1k61xnpb5acbz8-riscv32-unknown-elf-rv32imac-toolchain-8.3.0-afcc8bc/lib/gcc/riscv32-unknown-elf/8.3.0/crtbegin.o
                0x00000000c000ef68                PROVIDE (__fini_array_end = .)

.ctors
 *crtbegin.o(.ctors)
 *crtbegin?.o(.ctors)
 *(EXCLUDE_FILE(*crtend?.o *crtend.o) .ctors)
 *(SORT_BY_NAME(.ctors.*))
 *(.ctors)

.dtors
 *crtbegin.o(.dtors)
 *crtbegin?.o(.dtors)
 *(EXCLUDE_FILE(*crtend?.o *crtend.o) .dtors)
 *(SORT_BY_NAME(.dtors.*))
 *(.dtors)

.jcr
 *(.jcr)

.data.rel.ro
 *(.data.rel.ro.local* .gnu.linkonce.d.rel.ro.local.*)
 *(.data.rel.ro .data.rel.ro.* .gnu.linkonce.d.rel.ro.*)

.dynamic
 *(.dynamic)
                0x00000000c000ef68                . = DATA_SEGMENT_RELRO_END (., 0x0)

.data           0x00000000c000ef68    0x29f6c
                0x00000000c000ef68                __DATA_BEGIN__ = .
 *(.data .data.* .gnu.linkonce.d.*)
 .data          0x00000000c000ef68        0x0 /nix/store/gbj4l2s4sjbxcgnqad1k61xnpb5acbz8-riscv32-unknown-elf-rv32imac-toolchain-8.3.0-afcc8bc/lib/gcc/riscv32-unknown-elf/8.3.0/../../../../riscv32-unknown-elf/lib/crt0.o
 .data          0x00000000c000ef68        0x0 /nix/store/gbj4l2s4sjbxcgnqad1k61xnpb5acbz8-riscv32-unknown-elf-rv32imac-toolchain-8.3.0-afcc8bc/lib/gcc/riscv32-unknown-elf/8.3.0/crtbegin.o
 .data          0x00000000c000ef68        0x0 ./lib/startup.o
 .data          0x00000000c000ef68        0x0 ./lib/syscalls.o
 .data          0x00000000c000ef68        0x0 ./lib/riscv_counters.o
 .data          0x00000000c000ef68        0x0 ./lib/ns16550.o
 .data          0x00000000c000ef68    0x295d0 /run/user/1001/ccWMSTBm.o
                0x00000000c000ef68                opcode_names
                0x00000000c000efb4                test_data32
                0x00000000c001cc38                test_data64
 .data          0x00000000c0038538        0x0 /nix/store/gbj4l2s4sjbxcgnqad1k61xnpb5acbz8-riscv32-unknown-elf-rv32imac-toolchain-8.3.0-afcc8bc/lib/gcc/riscv32-unknown-elf/8.3.0/libgcc.a(_divdi3.o)
 .data          0x00000000c0038538        0x0 /nix/store/gbj4l2s4sjbxcgnqad1k61xnpb5acbz8-riscv32-unknown-elf-rv32imac-toolchain-8.3.0-afcc8bc/lib/gcc/riscv32-unknown-elf/8.3.0/libgcc.a(_moddi3.o)
 .data          0x00000000c0038538        0x0 /nix/store/gbj4l2s4sjbxcgnqad1k61xnpb5acbz8-riscv32-unknown-elf-rv32imac-toolchain-8.3.0-afcc8bc/lib/gcc/riscv32-unknown-elf/8.3.0/libgcc.a(_clz.o)
 .data          0x00000000c0038538        0x0 /nix/store/gbj4l2s4sjbxcgnqad1k61xnpb5acbz8-riscv32-unknown-elf-rv32imac-toolchain-8.3.0-afcc8bc/lib/gcc/riscv32-unknown-elf/8.3.0/../../../../riscv32-unknown-elf/lib/libc.a(lib_a-atexit.o)
 .data          0x00000000c0038538        0x0 /nix/store/gbj4l2s4sjbxcgnqad1k61xnpb5acbz8-riscv32-unknown-elf-rv32imac-toolchain-8.3.0-afcc8bc/lib/gcc/riscv32-unknown-elf/8.3.0/../../../../riscv32-unknown-elf/lib/libc.a(lib_a-errno.o)
 .data          0x00000000c0038538        0x0 /nix/store/gbj4l2s4sjbxcgnqad1k61xnpb5acbz8-riscv32-unknown-elf-rv32imac-toolchain-8.3.0-afcc8bc/lib/gcc/riscv32-unknown-elf/8.3.0/../../../../riscv32-unknown-elf/lib/libc.a(lib_a-exit.o)
 .data          0x00000000c0038538        0x0 /nix/store/gbj4l2s4sjbxcgnqad1k61xnpb5acbz8-riscv32-unknown-elf-rv32imac-toolchain-8.3.0-afcc8bc/lib/gcc/riscv32-unknown-elf/8.3.0/../../../../riscv32-unknown-elf/lib/libc.a(lib_a-fini.o)
 .data          0x00000000c0038538      0x428 /nix/store/gbj4l2s4sjbxcgnqad1k61xnpb5acbz8-riscv32-unknown-elf-rv32imac-toolchain-8.3.0-afcc8bc/lib/gcc/riscv32-unknown-elf/8.3.0/../../../../riscv32-unknown-elf/lib/libc.a(lib_a-impure.o)
 .data          0x00000000c0038960        0x0 /nix/store/gbj4l2s4sjbxcgnqad1k61xnpb5acbz8-riscv32-unknown-elf-rv32imac-toolchain-8.3.0-afcc8bc/lib/gcc/riscv32-unknown-elf/8.3.0/../../../../riscv32-unknown-elf/lib/libc.a(lib_a-init.o)
 .data          0x00000000c0038960        0x0 /nix/store/gbj4l2s4sjbxcgnqad1k61xnpb5acbz8-riscv32-unknown-elf-rv32imac-toolchain-8.3.0-afcc8bc/lib/gcc/riscv32-unknown-elf/8.3.0/../../../../riscv32-unknown-elf/lib/libc.a(lib_a-memset.o)
 .data          0x00000000c0038960        0x0 /nix/store/gbj4l2s4sjbxcgnqad1k61xnpb5acbz8-riscv32-unknown-elf-rv32imac-toolchain-8.3.0-afcc8bc/lib/gcc/riscv32-unknown-elf/8.3.0/../../../../riscv32-unknown-elf/lib/libc.a(lib_a-printf.o)
 .data          0x00000000c0038960        0x0 /nix/store/gbj4l2s4sjbxcgnqad1k61xnpb5acbz8-riscv32-unknown-elf-rv32imac-toolchain-8.3.0-afcc8bc/lib/gcc/riscv32-unknown-elf/8.3.0/../../../../riscv32-unknown-elf/lib/libc.a(lib_a-vfprintf.o)
 .data          0x00000000c0038960        0x0 /nix/store/gbj4l2s4sjbxcgnqad1k61xnpb5acbz8-riscv32-unknown-elf-rv32imac-toolchain-8.3.0-afcc8bc/lib/gcc/riscv32-unknown-elf/8.3.0/../../../../riscv32-unknown-elf/lib/libc.a(lib_a-wsetup.o)
 .data          0x00000000c0038960        0x0 /nix/store/gbj4l2s4sjbxcgnqad1k61xnpb5acbz8-riscv32-unknown-elf-rv32imac-toolchain-8.3.0-afcc8bc/lib/gcc/riscv32-unknown-elf/8.3.0/../../../../riscv32-unknown-elf/lib/libc.a(lib_a-__atexit.o)
 .data          0x00000000c0038960        0x0 /nix/store/gbj4l2s4sjbxcgnqad1k61xnpb5acbz8-riscv32-unknown-elf-rv32imac-toolchain-8.3.0-afcc8bc/lib/gcc/riscv32-unknown-elf/8.3.0/../../../../riscv32-unknown-elf/lib/libc.a(lib_a-__call_atexit.o)
 .data          0x00000000c0038960        0x0 /nix/store/gbj4l2s4sjbxcgnqad1k61xnpb5acbz8-riscv32-unknown-elf-rv32imac-toolchain-8.3.0-afcc8bc/lib/gcc/riscv32-unknown-elf/8.3.0/../../../../riscv32-unknown-elf/lib/libc.a(lib_a-fflush.o)
 .data          0x00000000c0038960        0x0 /nix/store/gbj4l2s4sjbxcgnqad1k61xnpb5acbz8-riscv32-unknown-elf-rv32imac-toolchain-8.3.0-afcc8bc/lib/gcc/riscv32-unknown-elf/8.3.0/../../../../riscv32-unknown-elf/lib/libc.a(lib_a-findfp.o)
 .data          0x00000000c0038960        0x0 /nix/store/gbj4l2s4sjbxcgnqad1k61xnpb5acbz8-riscv32-unknown-elf-rv32imac-toolchain-8.3.0-afcc8bc/lib/gcc/riscv32-unknown-elf/8.3.0/../../../../riscv32-unknown-elf/lib/libc.a(lib_a-freer.o)
 .data          0x00000000c0038960        0x0 /nix/store/gbj4l2s4sjbxcgnqad1k61xnpb5acbz8-riscv32-unknown-elf-rv32imac-toolchain-8.3.0-afcc8bc/lib/gcc/riscv32-unknown-elf/8.3.0/../../../../riscv32-unknown-elf/lib/libc.a(lib_a-fwalk.o)
 .data          0x00000000c0038960        0x0 /nix/store/gbj4l2s4sjbxcgnqad1k61xnpb5acbz8-riscv32-unknown-elf-rv32imac-toolchain-8.3.0-afcc8bc/lib/gcc/riscv32-unknown-elf/8.3.0/../../../../riscv32-unknown-elf/lib/libc.a(lib_a-ldtoa.o)
 .data          0x00000000c0038960        0x0 /nix/store/gbj4l2s4sjbxcgnqad1k61xnpb5acbz8-riscv32-unknown-elf-rv32imac-toolchain-8.3.0-afcc8bc/lib/gcc/riscv32-unknown-elf/8.3.0/../../../../riscv32-unknown-elf/lib/libc.a(lib_a-localeconv.o)
 .data          0x00000000c0038960        0x0 /nix/store/gbj4l2s4sjbxcgnqad1k61xnpb5acbz8-riscv32-unknown-elf-rv32imac-toolchain-8.3.0-afcc8bc/lib/gcc/riscv32-unknown-elf/8.3.0/../../../../riscv32-unknown-elf/lib/libc.a(lib_a-makebuf.o)
 .data          0x00000000c0038960      0x408 /nix/store/gbj4l2s4sjbxcgnqad1k61xnpb5acbz8-riscv32-unknown-elf-rv32imac-toolchain-8.3.0-afcc8bc/lib/gcc/riscv32-unknown-elf/8.3.0/../../../../riscv32-unknown-elf/lib/libc.a(lib_a-mallocr.o)
                0x00000000c0038960                __malloc_av_
 .data          0x00000000c0038d68        0x0 /nix/store/gbj4l2s4sjbxcgnqad1k61xnpb5acbz8-riscv32-unknown-elf-rv32imac-toolchain-8.3.0-afcc8bc/lib/gcc/riscv32-unknown-elf/8.3.0/../../../../riscv32-unknown-elf/lib/libc.a(lib_a-memchr.o)
 .data          0x00000000c0038d68        0x0 /nix/store/gbj4l2s4sjbxcgnqad1k61xnpb5acbz8-riscv32-unknown-elf-rv32imac-toolchain-8.3.0-afcc8bc/lib/gcc/riscv32-unknown-elf/8.3.0/../../../../riscv32-unknown-elf/lib/libc.a(lib_a-mlock.o)
 .data          0x00000000c0038d68        0x0 /nix/store/gbj4l2s4sjbxcgnqad1k61xnpb5acbz8-riscv32-unknown-elf-rv32imac-toolchain-8.3.0-afcc8bc/lib/gcc/riscv32-unknown-elf/8.3.0/../../../../riscv32-unknown-elf/lib/libc.a(lib_a-mprec.o)
 .data          0x00000000c0038d68        0x0 /nix/store/gbj4l2s4sjbxcgnqad1k61xnpb5acbz8-riscv32-unknown-elf-rv32imac-toolchain-8.3.0-afcc8bc/lib/gcc/riscv32-unknown-elf/8.3.0/../../../../riscv32-unknown-elf/lib/libc.a(lib_a-s_frexp.o)
 .data          0x00000000c0038d68        0x0 /nix/store/gbj4l2s4sjbxcgnqad1k61xnpb5acbz8-riscv32-unknown-elf-rv32imac-toolchain-8.3.0-afcc8bc/lib/gcc/riscv32-unknown-elf/8.3.0/../../../../riscv32-unknown-elf/lib/libc.a(lib_a-sbrkr.o)
 .data          0x00000000c0038d68        0x0 /nix/store/gbj4l2s4sjbxcgnqad1k61xnpb5acbz8-riscv32-unknown-elf-rv32imac-toolchain-8.3.0-afcc8bc/lib/gcc/riscv32-unknown-elf/8.3.0/../../../../riscv32-unknown-elf/lib/libc.a(lib_a-sprintf.o)
 .data          0x00000000c0038d68        0x0 /nix/store/gbj4l2s4sjbxcgnqad1k61xnpb5acbz8-riscv32-unknown-elf-rv32imac-toolchain-8.3.0-afcc8bc/lib/gcc/riscv32-unknown-elf/8.3.0/../../../../riscv32-unknown-elf/lib/libc.a(lib_a-stdio.o)
 .data          0x00000000c0038d68        0x0 /nix/store/gbj4l2s4sjbxcgnqad1k61xnpb5acbz8-riscv32-unknown-elf-rv32imac-toolchain-8.3.0-afcc8bc/lib/gcc/riscv32-unknown-elf/8.3.0/../../../../riscv32-unknown-elf/lib/libc.a(lib_a-strcpy.o)
 .data          0x00000000c0038d68        0x0 /nix/store/gbj4l2s4sjbxcgnqad1k61xnpb5acbz8-riscv32-unknown-elf-rv32imac-toolchain-8.3.0-afcc8bc/lib/gcc/riscv32-unknown-elf/8.3.0/../../../../riscv32-unknown-elf/lib/libc.a(lib_a-strlen.o)
 .data          0x00000000c0038d68        0x0 /nix/store/gbj4l2s4sjbxcgnqad1k61xnpb5acbz8-riscv32-unknown-elf-rv32imac-toolchain-8.3.0-afcc8bc/lib/gcc/riscv32-unknown-elf/8.3.0/../../../../riscv32-unknown-elf/lib/libc.a(lib_a-strncpy.o)
 .data          0x00000000c0038d68        0x0 /nix/store/gbj4l2s4sjbxcgnqad1k61xnpb5acbz8-riscv32-unknown-elf-rv32imac-toolchain-8.3.0-afcc8bc/lib/gcc/riscv32-unknown-elf/8.3.0/../../../../riscv32-unknown-elf/lib/libc.a(lib_a-svfprintf.o)
 .data          0x00000000c0038d68        0x0 /nix/store/gbj4l2s4sjbxcgnqad1k61xnpb5acbz8-riscv32-unknown-elf-rv32imac-toolchain-8.3.0-afcc8bc/lib/gcc/riscv32-unknown-elf/8.3.0/../../../../riscv32-unknown-elf/lib/libc.a(lib_a-vfiprintf.o)
 .data          0x00000000c0038d68        0x0 /nix/store/gbj4l2s4sjbxcgnqad1k61xnpb5acbz8-riscv32-unknown-elf-rv32imac-toolchain-8.3.0-afcc8bc/lib/gcc/riscv32-unknown-elf/8.3.0/../../../../riscv32-unknown-elf/lib/libc.a(lib_a-writer.o)
 .data          0x00000000c0038d68        0x0 /nix/store/gbj4l2s4sjbxcgnqad1k61xnpb5acbz8-riscv32-unknown-elf-rv32imac-toolchain-8.3.0-afcc8bc/lib/gcc/riscv32-unknown-elf/8.3.0/../../../../riscv32-unknown-elf/lib/libc.a(lib_a-callocr.o)
 .data          0x00000000c0038d68        0x0 /nix/store/gbj4l2s4sjbxcgnqad1k61xnpb5acbz8-riscv32-unknown-elf-rv32imac-toolchain-8.3.0-afcc8bc/lib/gcc/riscv32-unknown-elf/8.3.0/../../../../riscv32-unknown-elf/lib/libc.a(lib_a-closer.o)
 .data          0x00000000c0038d68        0x0 /nix/store/gbj4l2s4sjbxcgnqad1k61xnpb5acbz8-riscv32-unknown-elf-rv32imac-toolchain-8.3.0-afcc8bc/lib/gcc/riscv32-unknown-elf/8.3.0/../../../../riscv32-unknown-elf/lib/libc.a(lib_a-fclose.o)
 .data          0x00000000c0038d68        0x0 /nix/store/gbj4l2s4sjbxcgnqad1k61xnpb5acbz8-riscv32-unknown-elf-rv32imac-toolchain-8.3.0-afcc8bc/lib/gcc/riscv32-unknown-elf/8.3.0/../../../../riscv32-unknown-elf/lib/libc.a(lib_a-fputwc.o)
 .data          0x00000000c0038d68        0x0 /nix/store/gbj4l2s4sjbxcgnqad1k61xnpb5acbz8-riscv32-unknown-elf-rv32imac-toolchain-8.3.0-afcc8bc/lib/gcc/riscv32-unknown-elf/8.3.0/../../../../riscv32-unknown-elf/lib/libc.a(lib_a-fstatr.o)
 .data          0x00000000c0038d68        0x0 /nix/store/gbj4l2s4sjbxcgnqad1k61xnpb5acbz8-riscv32-unknown-elf-rv32imac-toolchain-8.3.0-afcc8bc/lib/gcc/riscv32-unknown-elf/8.3.0/../../../../riscv32-unknown-elf/lib/libc.a(lib_a-fvwrite.o)
 .data          0x00000000c0038d68        0x0 /nix/store/gbj4l2s4sjbxcgnqad1k61xnpb5acbz8-riscv32-unknown-elf-rv32imac-toolchain-8.3.0-afcc8bc/lib/gcc/riscv32-unknown-elf/8.3.0/../../../../riscv32-unknown-elf/lib/libc.a(lib_a-isattyr.o)
 .data          0x00000000c0038d68      0x16c /nix/store/gbj4l2s4sjbxcgnqad1k61xnpb5acbz8-riscv32-unknown-elf-rv32imac-toolchain-8.3.0-afcc8bc/lib/gcc/riscv32-unknown-elf/8.3.0/../../../../riscv32-unknown-elf/lib/libc.a(lib_a-locale.o)
                0x00000000c0038d68                __global_locale
 .data          0x00000000c0038ed4        0x0 /nix/store/gbj4l2s4sjbxcgnqad1k61xnpb5acbz8-riscv32-unknown-elf-rv32imac-toolchain-8.3.0-afcc8bc/lib/gcc/riscv32-unknown-elf/8.3.0/../../../../riscv32-unknown-elf/lib/libc.a(lib_a-lseekr.o)
 .data          0x00000000c0038ed4        0x0 /nix/store/gbj4l2s4sjbxcgnqad1k61xnpb5acbz8-riscv32-unknown-elf-rv32imac-toolchain-8.3.0-afcc8bc/lib/gcc/riscv32-unknown-elf/8.3.0/../../../../riscv32-unknown-elf/lib/libc.a(lib_a-mbtowc_r.o)
 .data          0x00000000c0038ed4        0x0 /nix/store/gbj4l2s4sjbxcgnqad1k61xnpb5acbz8-riscv32-unknown-elf-rv32imac-toolchain-8.3.0-afcc8bc/lib/gcc/riscv32-unknown-elf/8.3.0/../../../../riscv32-unknown-elf/lib/libc.a(lib_a-memcpy.o)
 .data          0x00000000c0038ed4        0x0 /nix/store/gbj4l2s4sjbxcgnqad1k61xnpb5acbz8-riscv32-unknown-elf-rv32imac-toolchain-8.3.0-afcc8bc/lib/gcc/riscv32-unknown-elf/8.3.0/../../../../riscv32-unknown-elf/lib/libc.a(lib_a-memmove.o)
 .data          0x00000000c0038ed4        0x0 /nix/store/gbj4l2s4sjbxcgnqad1k61xnpb5acbz8-riscv32-unknown-elf-rv32imac-toolchain-8.3.0-afcc8bc/lib/gcc/riscv32-unknown-elf/8.3.0/../../../../riscv32-unknown-elf/lib/libc.a(lib_a-readr.o)
 .data          0x00000000c0038ed4        0x0 /nix/store/gbj4l2s4sjbxcgnqad1k61xnpb5acbz8-riscv32-unknown-elf-rv32imac-toolchain-8.3.0-afcc8bc/lib/gcc/riscv32-unknown-elf/8.3.0/../../../../riscv32-unknown-elf/lib/libc.a(lib_a-reallocr.o)
 .data          0x00000000c0038ed4        0x0 /nix/store/gbj4l2s4sjbxcgnqad1k61xnpb5acbz8-riscv32-unknown-elf-rv32imac-toolchain-8.3.0-afcc8bc/lib/gcc/riscv32-unknown-elf/8.3.0/../../../../riscv32-unknown-elf/lib/libc.a(lib_a-reent.o)
 .data          0x00000000c0038ed4        0x0 /nix/store/gbj4l2s4sjbxcgnqad1k61xnpb5acbz8-riscv32-unknown-elf-rv32imac-toolchain-8.3.0-afcc8bc/lib/gcc/riscv32-unknown-elf/8.3.0/../../../../riscv32-unknown-elf/lib/libc.a(lib_a-strcmp.o)
 .data          0x00000000c0038ed4        0x0 /nix/store/gbj4l2s4sjbxcgnqad1k61xnpb5acbz8-riscv32-unknown-elf-rv32imac-toolchain-8.3.0-afcc8bc/lib/gcc/riscv32-unknown-elf/8.3.0/../../../../riscv32-unknown-elf/lib/libc.a(lib_a-svfiprintf.o)
 .data          0x00000000c0038ed4        0x0 /nix/store/gbj4l2s4sjbxcgnqad1k61xnpb5acbz8-riscv32-unknown-elf-rv32imac-toolchain-8.3.0-afcc8bc/lib/gcc/riscv32-unknown-elf/8.3.0/../../../../riscv32-unknown-elf/lib/libc.a(lib_a-wbuf.o)
 .data          0x00000000c0038ed4        0x0 /nix/store/gbj4l2s4sjbxcgnqad1k61xnpb5acbz8-riscv32-unknown-elf-rv32imac-toolchain-8.3.0-afcc8bc/lib/gcc/riscv32-unknown-elf/8.3.0/../../../../riscv32-unknown-elf/lib/libc.a(lib_a-wcrtomb.o)
 .data          0x00000000c0038ed4        0x0 /nix/store/gbj4l2s4sjbxcgnqad1k61xnpb5acbz8-riscv32-unknown-elf-rv32imac-toolchain-8.3.0-afcc8bc/lib/gcc/riscv32-unknown-elf/8.3.0/../../../../riscv32-unknown-elf/lib/libc.a(lib_a-wctomb_r.o)
 .data          0x00000000c0038ed4        0x0 /nix/store/gbj4l2s4sjbxcgnqad1k61xnpb5acbz8-riscv32-unknown-elf-rv32imac-toolchain-8.3.0-afcc8bc/lib/gcc/riscv32-unknown-elf/8.3.0/../../../../riscv32-unknown-elf/lib/libc.a(lib_a-ctype_.o)
 .data          0x00000000c0038ed4        0x0 /nix/store/gbj4l2s4sjbxcgnqad1k61xnpb5acbz8-riscv32-unknown-elf-rv32imac-toolchain-8.3.0-afcc8bc/lib/gcc/riscv32-unknown-elf/8.3.0/../../../../riscv32-unknown-elf/lib/libnosys.a(_exit.o)
 .data          0x00000000c0038ed4        0x0 /nix/store/gbj4l2s4sjbxcgnqad1k61xnpb5acbz8-riscv32-unknown-elf-rv32imac-toolchain-8.3.0-afcc8bc/lib/gcc/riscv32-unknown-elf/8.3.0/libgcc.a(_udivdi3.o)
 .data          0x00000000c0038ed4        0x0 /nix/store/gbj4l2s4sjbxcgnqad1k61xnpb5acbz8-riscv32-unknown-elf-rv32imac-toolchain-8.3.0-afcc8bc/lib/gcc/riscv32-unknown-elf/8.3.0/libgcc.a(_umoddi3.o)
 .data          0x00000000c0038ed4        0x0 /nix/store/gbj4l2s4sjbxcgnqad1k61xnpb5acbz8-riscv32-unknown-elf-rv32imac-toolchain-8.3.0-afcc8bc/lib/gcc/riscv32-unknown-elf/8.3.0/libgcc.a(divdf3.o)
 .data          0x00000000c0038ed4        0x0 /nix/store/gbj4l2s4sjbxcgnqad1k61xnpb5acbz8-riscv32-unknown-elf-rv32imac-toolchain-8.3.0-afcc8bc/lib/gcc/riscv32-unknown-elf/8.3.0/libgcc.a(muldf3.o)
 .data          0x00000000c0038ed4        0x0 /nix/store/gbj4l2s4sjbxcgnqad1k61xnpb5acbz8-riscv32-unknown-elf-rv32imac-toolchain-8.3.0-afcc8bc/lib/gcc/riscv32-unknown-elf/8.3.0/libgcc.a(eqtf2.o)
 .data          0x00000000c0038ed4        0x0 /nix/store/gbj4l2s4sjbxcgnqad1k61xnpb5acbz8-riscv32-unknown-elf-rv32imac-toolchain-8.3.0-afcc8bc/lib/gcc/riscv32-unknown-elf/8.3.0/libgcc.a(getf2.o)
 .data          0x00000000c0038ed4        0x0 /nix/store/gbj4l2s4sjbxcgnqad1k61xnpb5acbz8-riscv32-unknown-elf-rv32imac-toolchain-8.3.0-afcc8bc/lib/gcc/riscv32-unknown-elf/8.3.0/libgcc.a(letf2.o)
 .data          0x00000000c0038ed4        0x0 /nix/store/gbj4l2s4sjbxcgnqad1k61xnpb5acbz8-riscv32-unknown-elf-rv32imac-toolchain-8.3.0-afcc8bc/lib/gcc/riscv32-unknown-elf/8.3.0/libgcc.a(multf3.o)
 .data          0x00000000c0038ed4        0x0 /nix/store/gbj4l2s4sjbxcgnqad1k61xnpb5acbz8-riscv32-unknown-elf-rv32imac-toolchain-8.3.0-afcc8bc/lib/gcc/riscv32-unknown-elf/8.3.0/libgcc.a(subtf3.o)
 .data          0x00000000c0038ed4        0x0 /nix/store/gbj4l2s4sjbxcgnqad1k61xnpb5acbz8-riscv32-unknown-elf-rv32imac-toolchain-8.3.0-afcc8bc/lib/gcc/riscv32-unknown-elf/8.3.0/libgcc.a(fixtfsi.o)
 .data          0x00000000c0038ed4        0x0 /nix/store/gbj4l2s4sjbxcgnqad1k61xnpb5acbz8-riscv32-unknown-elf-rv32imac-toolchain-8.3.0-afcc8bc/lib/gcc/riscv32-unknown-elf/8.3.0/libgcc.a(floatsitf.o)
 .data          0x00000000c0038ed4        0x0 /nix/store/gbj4l2s4sjbxcgnqad1k61xnpb5acbz8-riscv32-unknown-elf-rv32imac-toolchain-8.3.0-afcc8bc/lib/gcc/riscv32-unknown-elf/8.3.0/libgcc.a(extenddftf2.o)
 .data          0x00000000c0038ed4        0x0 /nix/store/gbj4l2s4sjbxcgnqad1k61xnpb5acbz8-riscv32-unknown-elf-rv32imac-toolchain-8.3.0-afcc8bc/lib/gcc/riscv32-unknown-elf/8.3.0/libgcc.a(trunctfdf2.o)
 .data          0x00000000c0038ed4        0x0 /nix/store/gbj4l2s4sjbxcgnqad1k61xnpb5acbz8-riscv32-unknown-elf-rv32imac-toolchain-8.3.0-afcc8bc/lib/gcc/riscv32-unknown-elf/8.3.0/libgcc.a(_clzsi2.o)
 .data          0x00000000c0038ed4        0x0 /nix/store/gbj4l2s4sjbxcgnqad1k61xnpb5acbz8-riscv32-unknown-elf-rv32imac-toolchain-8.3.0-afcc8bc/lib/gcc/riscv32-unknown-elf/8.3.0/crtend.o

.tm_clone_table
                0x00000000c0038ed4        0x0
 .tm_clone_table
                0x00000000c0038ed4        0x0 /nix/store/gbj4l2s4sjbxcgnqad1k61xnpb5acbz8-riscv32-unknown-elf-rv32imac-toolchain-8.3.0-afcc8bc/lib/gcc/riscv32-unknown-elf/8.3.0/crtbegin.o
 .tm_clone_table
                0x00000000c0038ed4        0x0 /nix/store/gbj4l2s4sjbxcgnqad1k61xnpb5acbz8-riscv32-unknown-elf-rv32imac-toolchain-8.3.0-afcc8bc/lib/gcc/riscv32-unknown-elf/8.3.0/crtend.o

.data1
 *(.data1)

.got
 *(.got.plt)
 *(.igot.plt)
 *(.got)
 *(.igot)

.sdata          0x00000000c0038ed8       0x30
                0x00000000c0038ed8                __SDATA_BEGIN__ = .
 *(.srodata.cst16)
 *(.srodata.cst8)
 .srodata.cst8  0x00000000c0038ed8       0x10 /nix/store/gbj4l2s4sjbxcgnqad1k61xnpb5acbz8-riscv32-unknown-elf-rv32imac-toolchain-8.3.0-afcc8bc/lib/gcc/riscv32-unknown-elf/8.3.0/../../../../riscv32-unknown-elf/lib/libc.a(lib_a-mprec.o)
 .srodata.cst8  0x00000000c0038ee8        0x8 /nix/store/gbj4l2s4sjbxcgnqad1k61xnpb5acbz8-riscv32-unknown-elf-rv32imac-toolchain-8.3.0-afcc8bc/lib/gcc/riscv32-unknown-elf/8.3.0/../../../../riscv32-unknown-elf/lib/libc.a(lib_a-s_frexp.o)
 *(.srodata.cst4)
 *(.srodata.cst2)
 *(.srodata .srodata.*)
 .srodata       0x00000000c0038ef0        0x4 /nix/store/gbj4l2s4sjbxcgnqad1k61xnpb5acbz8-riscv32-unknown-elf-rv32imac-toolchain-8.3.0-afcc8bc/lib/gcc/riscv32-unknown-elf/8.3.0/../../../../riscv32-unknown-elf/lib/libc.a(lib_a-impure.o)
                0x00000000c0038ef0                _global_impure_ptr
 *(.sdata .sdata.* .gnu.linkonce.s.*)
 .sdata         0x00000000c0038ef4        0x4 /nix/store/gbj4l2s4sjbxcgnqad1k61xnpb5acbz8-riscv32-unknown-elf-rv32imac-toolchain-8.3.0-afcc8bc/lib/gcc/riscv32-unknown-elf/8.3.0/crtbegin.o
                0x00000000c0038ef4                __dso_handle
 .sdata         0x00000000c0038ef8        0x4 ./lib/ns16550.o
 .sdata         0x00000000c0038efc        0x4 /nix/store/gbj4l2s4sjbxcgnqad1k61xnpb5acbz8-riscv32-unknown-elf-rv32imac-toolchain-8.3.0-afcc8bc/lib/gcc/riscv32-unknown-elf/8.3.0/../../../../riscv32-unknown-elf/lib/libc.a(lib_a-impure.o)
                0x00000000c0038efc                _impure_ptr
 .sdata         0x00000000c0038f00        0x8 /nix/store/gbj4l2s4sjbxcgnqad1k61xnpb5acbz8-riscv32-unknown-elf-rv32imac-toolchain-8.3.0-afcc8bc/lib/gcc/riscv32-unknown-elf/8.3.0/../../../../riscv32-unknown-elf/lib/libc.a(lib_a-mallocr.o)
                0x00000000c0038f00                __malloc_sbrk_base
                0x00000000c0038f04                __malloc_trim_threshold
                0x00000000c0038f08                _edata = .
                [!provide]                        PROVIDE (edata = .)
                0x00000000c0038f08                . = .
                0x00000000c0038f08                __bss_start = .

.sbss           0x00000000c0038f08       0x10
 *(.dynsbss)
 *(.sbss .sbss.* .gnu.linkonce.sb.*)
 .sbss          0x00000000c0038f08        0xc /nix/store/gbj4l2s4sjbxcgnqad1k61xnpb5acbz8-riscv32-unknown-elf-rv32imac-toolchain-8.3.0-afcc8bc/lib/gcc/riscv32-unknown-elf/8.3.0/../../../../riscv32-unknown-elf/lib/libc.a(lib_a-mallocr.o)
                0x00000000c0038f08                __malloc_max_total_mem
                0x00000000c0038f0c                __malloc_max_sbrked_mem
                0x00000000c0038f10                __malloc_top_pad
 .sbss          0x00000000c0038f14        0x4 /nix/store/gbj4l2s4sjbxcgnqad1k61xnpb5acbz8-riscv32-unknown-elf-rv32imac-toolchain-8.3.0-afcc8bc/lib/gcc/riscv32-unknown-elf/8.3.0/../../../../riscv32-unknown-elf/lib/libc.a(lib_a-locale.o)
                0x00000000c0038f14                _PathLocale
 *(.scommon)

.bss            0x00000000c0038f18       0x48
 *(.dynbss)
 *(.bss .bss.* .gnu.linkonce.b.*)
 .bss           0x00000000c0038f18        0x0 /nix/store/gbj4l2s4sjbxcgnqad1k61xnpb5acbz8-riscv32-unknown-elf-rv32imac-toolchain-8.3.0-afcc8bc/lib/gcc/riscv32-unknown-elf/8.3.0/../../../../riscv32-unknown-elf/lib/crt0.o
 .bss           0x00000000c0038f18       0x1c /nix/store/gbj4l2s4sjbxcgnqad1k61xnpb5acbz8-riscv32-unknown-elf-rv32imac-toolchain-8.3.0-afcc8bc/lib/gcc/riscv32-unknown-elf/8.3.0/crtbegin.o
 .bss           0x00000000c0038f34        0x0 ./lib/startup.o
 .bss           0x00000000c0038f34        0x0 ./lib/syscalls.o
 .bss           0x00000000c0038f34        0x0 ./lib/riscv_counters.o
 .bss           0x00000000c0038f34        0x0 ./lib/ns16550.o
 .bss           0x00000000c0038f34        0x0 /run/user/1001/ccWMSTBm.o
 .bss           0x00000000c0038f34        0x0 /nix/store/gbj4l2s4sjbxcgnqad1k61xnpb5acbz8-riscv32-unknown-elf-rv32imac-toolchain-8.3.0-afcc8bc/lib/gcc/riscv32-unknown-elf/8.3.0/libgcc.a(_divdi3.o)
 .bss           0x00000000c0038f34        0x0 /nix/store/gbj4l2s4sjbxcgnqad1k61xnpb5acbz8-riscv32-unknown-elf-rv32imac-toolchain-8.3.0-afcc8bc/lib/gcc/riscv32-unknown-elf/8.3.0/libgcc.a(_moddi3.o)
 .bss           0x00000000c0038f34        0x0 /nix/store/gbj4l2s4sjbxcgnqad1k61xnpb5acbz8-riscv32-unknown-elf-rv32imac-toolchain-8.3.0-afcc8bc/lib/gcc/riscv32-unknown-elf/8.3.0/libgcc.a(_clz.o)
 .bss           0x00000000c0038f34        0x0 /nix/store/gbj4l2s4sjbxcgnqad1k61xnpb5acbz8-riscv32-unknown-elf-rv32imac-toolchain-8.3.0-afcc8bc/lib/gcc/riscv32-unknown-elf/8.3.0/../../../../riscv32-unknown-elf/lib/libc.a(lib_a-atexit.o)
 .bss           0x00000000c0038f34        0x0 /nix/store/gbj4l2s4sjbxcgnqad1k61xnpb5acbz8-riscv32-unknown-elf-rv32imac-toolchain-8.3.0-afcc8bc/lib/gcc/riscv32-unknown-elf/8.3.0/../../../../riscv32-unknown-elf/lib/libc.a(lib_a-errno.o)
 .bss           0x00000000c0038f34        0x0 /nix/store/gbj4l2s4sjbxcgnqad1k61xnpb5acbz8-riscv32-unknown-elf-rv32imac-toolchain-8.3.0-afcc8bc/lib/gcc/riscv32-unknown-elf/8.3.0/../../../../riscv32-unknown-elf/lib/libc.a(lib_a-exit.o)
 .bss           0x00000000c0038f34        0x0 /nix/store/gbj4l2s4sjbxcgnqad1k61xnpb5acbz8-riscv32-unknown-elf-rv32imac-toolchain-8.3.0-afcc8bc/lib/gcc/riscv32-unknown-elf/8.3.0/../../../../riscv32-unknown-elf/lib/libc.a(lib_a-fini.o)
 .bss           0x00000000c0038f34        0x0 /nix/store/gbj4l2s4sjbxcgnqad1k61xnpb5acbz8-riscv32-unknown-elf-rv32imac-toolchain-8.3.0-afcc8bc/lib/gcc/riscv32-unknown-elf/8.3.0/../../../../riscv32-unknown-elf/lib/libc.a(lib_a-impure.o)
 .bss           0x00000000c0038f34        0x0 /nix/store/gbj4l2s4sjbxcgnqad1k61xnpb5acbz8-riscv32-unknown-elf-rv32imac-toolchain-8.3.0-afcc8bc/lib/gcc/riscv32-unknown-elf/8.3.0/../../../../riscv32-unknown-elf/lib/libc.a(lib_a-init.o)
 .bss           0x00000000c0038f34        0x0 /nix/store/gbj4l2s4sjbxcgnqad1k61xnpb5acbz8-riscv32-unknown-elf-rv32imac-toolchain-8.3.0-afcc8bc/lib/gcc/riscv32-unknown-elf/8.3.0/../../../../riscv32-unknown-elf/lib/libc.a(lib_a-memset.o)
 .bss           0x00000000c0038f34        0x0 /nix/store/gbj4l2s4sjbxcgnqad1k61xnpb5acbz8-riscv32-unknown-elf-rv32imac-toolchain-8.3.0-afcc8bc/lib/gcc/riscv32-unknown-elf/8.3.0/../../../../riscv32-unknown-elf/lib/libc.a(lib_a-printf.o)
 .bss           0x00000000c0038f34        0x0 /nix/store/gbj4l2s4sjbxcgnqad1k61xnpb5acbz8-riscv32-unknown-elf-rv32imac-toolchain-8.3.0-afcc8bc/lib/gcc/riscv32-unknown-elf/8.3.0/../../../../riscv32-unknown-elf/lib/libc.a(lib_a-vfprintf.o)
 .bss           0x00000000c0038f34        0x0 /nix/store/gbj4l2s4sjbxcgnqad1k61xnpb5acbz8-riscv32-unknown-elf-rv32imac-toolchain-8.3.0-afcc8bc/lib/gcc/riscv32-unknown-elf/8.3.0/../../../../riscv32-unknown-elf/lib/libc.a(lib_a-wsetup.o)
 .bss           0x00000000c0038f34        0x0 /nix/store/gbj4l2s4sjbxcgnqad1k61xnpb5acbz8-riscv32-unknown-elf-rv32imac-toolchain-8.3.0-afcc8bc/lib/gcc/riscv32-unknown-elf/8.3.0/../../../../riscv32-unknown-elf/lib/libc.a(lib_a-__atexit.o)
 .bss           0x00000000c0038f34        0x0 /nix/store/gbj4l2s4sjbxcgnqad1k61xnpb5acbz8-riscv32-unknown-elf-rv32imac-toolchain-8.3.0-afcc8bc/lib/gcc/riscv32-unknown-elf/8.3.0/../../../../riscv32-unknown-elf/lib/libc.a(lib_a-__call_atexit.o)
 .bss           0x00000000c0038f34        0x0 /nix/store/gbj4l2s4sjbxcgnqad1k61xnpb5acbz8-riscv32-unknown-elf-rv32imac-toolchain-8.3.0-afcc8bc/lib/gcc/riscv32-unknown-elf/8.3.0/../../../../riscv32-unknown-elf/lib/libc.a(lib_a-fflush.o)
 .bss           0x00000000c0038f34        0x0 /nix/store/gbj4l2s4sjbxcgnqad1k61xnpb5acbz8-riscv32-unknown-elf-rv32imac-toolchain-8.3.0-afcc8bc/lib/gcc/riscv32-unknown-elf/8.3.0/../../../../riscv32-unknown-elf/lib/libc.a(lib_a-findfp.o)
 .bss           0x00000000c0038f34        0x0 /nix/store/gbj4l2s4sjbxcgnqad1k61xnpb5acbz8-riscv32-unknown-elf-rv32imac-toolchain-8.3.0-afcc8bc/lib/gcc/riscv32-unknown-elf/8.3.0/../../../../riscv32-unknown-elf/lib/libc.a(lib_a-freer.o)
 .bss           0x00000000c0038f34        0x0 /nix/store/gbj4l2s4sjbxcgnqad1k61xnpb5acbz8-riscv32-unknown-elf-rv32imac-toolchain-8.3.0-afcc8bc/lib/gcc/riscv32-unknown-elf/8.3.0/../../../../riscv32-unknown-elf/lib/libc.a(lib_a-fwalk.o)
 .bss           0x00000000c0038f34        0x0 /nix/store/gbj4l2s4sjbxcgnqad1k61xnpb5acbz8-riscv32-unknown-elf-rv32imac-toolchain-8.3.0-afcc8bc/lib/gcc/riscv32-unknown-elf/8.3.0/../../../../riscv32-unknown-elf/lib/libc.a(lib_a-ldtoa.o)
 .bss           0x00000000c0038f34        0x0 /nix/store/gbj4l2s4sjbxcgnqad1k61xnpb5acbz8-riscv32-unknown-elf-rv32imac-toolchain-8.3.0-afcc8bc/lib/gcc/riscv32-unknown-elf/8.3.0/../../../../riscv32-unknown-elf/lib/libc.a(lib_a-localeconv.o)
 .bss           0x00000000c0038f34        0x0 /nix/store/gbj4l2s4sjbxcgnqad1k61xnpb5acbz8-riscv32-unknown-elf-rv32imac-toolchain-8.3.0-afcc8bc/lib/gcc/riscv32-unknown-elf/8.3.0/../../../../riscv32-unknown-elf/lib/libc.a(lib_a-makebuf.o)
 .bss           0x00000000c0038f34       0x28 /nix/store/gbj4l2s4sjbxcgnqad1k61xnpb5acbz8-riscv32-unknown-elf-rv32imac-toolchain-8.3.0-afcc8bc/lib/gcc/riscv32-unknown-elf/8.3.0/../../../../riscv32-unknown-elf/lib/libc.a(lib_a-mallocr.o)
                0x00000000c0038f34                __malloc_current_mallinfo
 .bss           0x00000000c0038f5c        0x0 /nix/store/gbj4l2s4sjbxcgnqad1k61xnpb5acbz8-riscv32-unknown-elf-rv32imac-toolchain-8.3.0-afcc8bc/lib/gcc/riscv32-unknown-elf/8.3.0/../../../../riscv32-unknown-elf/lib/libc.a(lib_a-memchr.o)
 .bss           0x00000000c0038f5c        0x0 /nix/store/gbj4l2s4sjbxcgnqad1k61xnpb5acbz8-riscv32-unknown-elf-rv32imac-toolchain-8.3.0-afcc8bc/lib/gcc/riscv32-unknown-elf/8.3.0/../../../../riscv32-unknown-elf/lib/libc.a(lib_a-mlock.o)
 .bss           0x00000000c0038f5c        0x0 /nix/store/gbj4l2s4sjbxcgnqad1k61xnpb5acbz8-riscv32-unknown-elf-rv32imac-toolchain-8.3.0-afcc8bc/lib/gcc/riscv32-unknown-elf/8.3.0/../../../../riscv32-unknown-elf/lib/libc.a(lib_a-mprec.o)
 .bss           0x00000000c0038f5c        0x0 /nix/store/gbj4l2s4sjbxcgnqad1k61xnpb5acbz8-riscv32-unknown-elf-rv32imac-toolchain-8.3.0-afcc8bc/lib/gcc/riscv32-unknown-elf/8.3.0/../../../../riscv32-unknown-elf/lib/libc.a(lib_a-s_frexp.o)
 .bss           0x00000000c0038f5c        0x0 /nix/store/gbj4l2s4sjbxcgnqad1k61xnpb5acbz8-riscv32-unknown-elf-rv32imac-toolchain-8.3.0-afcc8bc/lib/gcc/riscv32-unknown-elf/8.3.0/../../../../riscv32-unknown-elf/lib/libc.a(lib_a-sbrkr.o)
 .bss           0x00000000c0038f5c        0x0 /nix/store/gbj4l2s4sjbxcgnqad1k61xnpb5acbz8-riscv32-unknown-elf-rv32imac-toolchain-8.3.0-afcc8bc/lib/gcc/riscv32-unknown-elf/8.3.0/../../../../riscv32-unknown-elf/lib/libc.a(lib_a-sprintf.o)
 .bss           0x00000000c0038f5c        0x0 /nix/store/gbj4l2s4sjbxcgnqad1k61xnpb5acbz8-riscv32-unknown-elf-rv32imac-toolchain-8.3.0-afcc8bc/lib/gcc/riscv32-unknown-elf/8.3.0/../../../../riscv32-unknown-elf/lib/libc.a(lib_a-stdio.o)
 .bss           0x00000000c0038f5c        0x0 /nix/store/gbj4l2s4sjbxcgnqad1k61xnpb5acbz8-riscv32-unknown-elf-rv32imac-toolchain-8.3.0-afcc8bc/lib/gcc/riscv32-unknown-elf/8.3.0/../../../../riscv32-unknown-elf/lib/libc.a(lib_a-strcpy.o)
 .bss           0x00000000c0038f5c        0x0 /nix/store/gbj4l2s4sjbxcgnqad1k61xnpb5acbz8-riscv32-unknown-elf-rv32imac-toolchain-8.3.0-afcc8bc/lib/gcc/riscv32-unknown-elf/8.3.0/../../../../riscv32-unknown-elf/lib/libc.a(lib_a-strlen.o)
 .bss           0x00000000c0038f5c        0x0 /nix/store/gbj4l2s4sjbxcgnqad1k61xnpb5acbz8-riscv32-unknown-elf-rv32imac-toolchain-8.3.0-afcc8bc/lib/gcc/riscv32-unknown-elf/8.3.0/../../../../riscv32-unknown-elf/lib/libc.a(lib_a-strncpy.o)
 .bss           0x00000000c0038f5c        0x0 /nix/store/gbj4l2s4sjbxcgnqad1k61xnpb5acbz8-riscv32-unknown-elf-rv32imac-toolchain-8.3.0-afcc8bc/lib/gcc/riscv32-unknown-elf/8.3.0/../../../../riscv32-unknown-elf/lib/libc.a(lib_a-svfprintf.o)
 .bss           0x00000000c0038f5c        0x0 /nix/store/gbj4l2s4sjbxcgnqad1k61xnpb5acbz8-riscv32-unknown-elf-rv32imac-toolchain-8.3.0-afcc8bc/lib/gcc/riscv32-unknown-elf/8.3.0/../../../../riscv32-unknown-elf/lib/libc.a(lib_a-vfiprintf.o)
 .bss           0x00000000c0038f5c        0x0 /nix/store/gbj4l2s4sjbxcgnqad1k61xnpb5acbz8-riscv32-unknown-elf-rv32imac-toolchain-8.3.0-afcc8bc/lib/gcc/riscv32-unknown-elf/8.3.0/../../../../riscv32-unknown-elf/lib/libc.a(lib_a-writer.o)
 .bss           0x00000000c0038f5c        0x0 /nix/store/gbj4l2s4sjbxcgnqad1k61xnpb5acbz8-riscv32-unknown-elf-rv32imac-toolchain-8.3.0-afcc8bc/lib/gcc/riscv32-unknown-elf/8.3.0/../../../../riscv32-unknown-elf/lib/libc.a(lib_a-callocr.o)
 .bss           0x00000000c0038f5c        0x0 /nix/store/gbj4l2s4sjbxcgnqad1k61xnpb5acbz8-riscv32-unknown-elf-rv32imac-toolchain-8.3.0-afcc8bc/lib/gcc/riscv32-unknown-elf/8.3.0/../../../../riscv32-unknown-elf/lib/libc.a(lib_a-closer.o)
 .bss           0x00000000c0038f5c        0x0 /nix/store/gbj4l2s4sjbxcgnqad1k61xnpb5acbz8-riscv32-unknown-elf-rv32imac-toolchain-8.3.0-afcc8bc/lib/gcc/riscv32-unknown-elf/8.3.0/../../../../riscv32-unknown-elf/lib/libc.a(lib_a-fclose.o)
 .bss           0x00000000c0038f5c        0x0 /nix/store/gbj4l2s4sjbxcgnqad1k61xnpb5acbz8-riscv32-unknown-elf-rv32imac-toolchain-8.3.0-afcc8bc/lib/gcc/riscv32-unknown-elf/8.3.0/../../../../riscv32-unknown-elf/lib/libc.a(lib_a-fputwc.o)
 .bss           0x00000000c0038f5c        0x0 /nix/store/gbj4l2s4sjbxcgnqad1k61xnpb5acbz8-riscv32-unknown-elf-rv32imac-toolchain-8.3.0-afcc8bc/lib/gcc/riscv32-unknown-elf/8.3.0/../../../../riscv32-unknown-elf/lib/libc.a(lib_a-fstatr.o)
 .bss           0x00000000c0038f5c        0x0 /nix/store/gbj4l2s4sjbxcgnqad1k61xnpb5acbz8-riscv32-unknown-elf-rv32imac-toolchain-8.3.0-afcc8bc/lib/gcc/riscv32-unknown-elf/8.3.0/../../../../riscv32-unknown-elf/lib/libc.a(lib_a-fvwrite.o)
 .bss           0x00000000c0038f5c        0x0 /nix/store/gbj4l2s4sjbxcgnqad1k61xnpb5acbz8-riscv32-unknown-elf-rv32imac-toolchain-8.3.0-afcc8bc/lib/gcc/riscv32-unknown-elf/8.3.0/../../../../riscv32-unknown-elf/lib/libc.a(lib_a-isattyr.o)
 .bss           0x00000000c0038f5c        0x0 /nix/store/gbj4l2s4sjbxcgnqad1k61xnpb5acbz8-riscv32-unknown-elf-rv32imac-toolchain-8.3.0-afcc8bc/lib/gcc/riscv32-unknown-elf/8.3.0/../../../../riscv32-unknown-elf/lib/libc.a(lib_a-locale.o)
 .bss           0x00000000c0038f5c        0x0 /nix/store/gbj4l2s4sjbxcgnqad1k61xnpb5acbz8-riscv32-unknown-elf-rv32imac-toolchain-8.3.0-afcc8bc/lib/gcc/riscv32-unknown-elf/8.3.0/../../../../riscv32-unknown-elf/lib/libc.a(lib_a-lseekr.o)
 .bss           0x00000000c0038f5c        0x0 /nix/store/gbj4l2s4sjbxcgnqad1k61xnpb5acbz8-riscv32-unknown-elf-rv32imac-toolchain-8.3.0-afcc8bc/lib/gcc/riscv32-unknown-elf/8.3.0/../../../../riscv32-unknown-elf/lib/libc.a(lib_a-mbtowc_r.o)
 .bss           0x00000000c0038f5c        0x0 /nix/store/gbj4l2s4sjbxcgnqad1k61xnpb5acbz8-riscv32-unknown-elf-rv32imac-toolchain-8.3.0-afcc8bc/lib/gcc/riscv32-unknown-elf/8.3.0/../../../../riscv32-unknown-elf/lib/libc.a(lib_a-memcpy.o)
 .bss           0x00000000c0038f5c        0x0 /nix/store/gbj4l2s4sjbxcgnqad1k61xnpb5acbz8-riscv32-unknown-elf-rv32imac-toolchain-8.3.0-afcc8bc/lib/gcc/riscv32-unknown-elf/8.3.0/../../../../riscv32-unknown-elf/lib/libc.a(lib_a-memmove.o)
 .bss           0x00000000c0038f5c        0x0 /nix/store/gbj4l2s4sjbxcgnqad1k61xnpb5acbz8-riscv32-unknown-elf-rv32imac-toolchain-8.3.0-afcc8bc/lib/gcc/riscv32-unknown-elf/8.3.0/../../../../riscv32-unknown-elf/lib/libc.a(lib_a-readr.o)
 .bss           0x00000000c0038f5c        0x0 /nix/store/gbj4l2s4sjbxcgnqad1k61xnpb5acbz8-riscv32-unknown-elf-rv32imac-toolchain-8.3.0-afcc8bc/lib/gcc/riscv32-unknown-elf/8.3.0/../../../../riscv32-unknown-elf/lib/libc.a(lib_a-reallocr.o)
 .bss           0x00000000c0038f5c        0x0 /nix/store/gbj4l2s4sjbxcgnqad1k61xnpb5acbz8-riscv32-unknown-elf-rv32imac-toolchain-8.3.0-afcc8bc/lib/gcc/riscv32-unknown-elf/8.3.0/../../../../riscv32-unknown-elf/lib/libc.a(lib_a-reent.o)
 .bss           0x00000000c0038f5c        0x0 /nix/store/gbj4l2s4sjbxcgnqad1k61xnpb5acbz8-riscv32-unknown-elf-rv32imac-toolchain-8.3.0-afcc8bc/lib/gcc/riscv32-unknown-elf/8.3.0/../../../../riscv32-unknown-elf/lib/libc.a(lib_a-strcmp.o)
 .bss           0x00000000c0038f5c        0x0 /nix/store/gbj4l2s4sjbxcgnqad1k61xnpb5acbz8-riscv32-unknown-elf-rv32imac-toolchain-8.3.0-afcc8bc/lib/gcc/riscv32-unknown-elf/8.3.0/../../../../riscv32-unknown-elf/lib/libc.a(lib_a-svfiprintf.o)
 .bss           0x00000000c0038f5c        0x0 /nix/store/gbj4l2s4sjbxcgnqad1k61xnpb5acbz8-riscv32-unknown-elf-rv32imac-toolchain-8.3.0-afcc8bc/lib/gcc/riscv32-unknown-elf/8.3.0/../../../../riscv32-unknown-elf/lib/libc.a(lib_a-wbuf.o)
 .bss           0x00000000c0038f5c        0x0 /nix/store/gbj4l2s4sjbxcgnqad1k61xnpb5acbz8-riscv32-unknown-elf-rv32imac-toolchain-8.3.0-afcc8bc/lib/gcc/riscv32-unknown-elf/8.3.0/../../../../riscv32-unknown-elf/lib/libc.a(lib_a-wcrtomb.o)
 .bss           0x00000000c0038f5c        0x0 /nix/store/gbj4l2s4sjbxcgnqad1k61xnpb5acbz8-riscv32-unknown-elf-rv32imac-toolchain-8.3.0-afcc8bc/lib/gcc/riscv32-unknown-elf/8.3.0/../../../../riscv32-unknown-elf/lib/libc.a(lib_a-wctomb_r.o)
 .bss           0x00000000c0038f5c        0x0 /nix/store/gbj4l2s4sjbxcgnqad1k61xnpb5acbz8-riscv32-unknown-elf-rv32imac-toolchain-8.3.0-afcc8bc/lib/gcc/riscv32-unknown-elf/8.3.0/../../../../riscv32-unknown-elf/lib/libc.a(lib_a-ctype_.o)
 .bss           0x00000000c0038f5c        0x0 /nix/store/gbj4l2s4sjbxcgnqad1k61xnpb5acbz8-riscv32-unknown-elf-rv32imac-toolchain-8.3.0-afcc8bc/lib/gcc/riscv32-unknown-elf/8.3.0/../../../../riscv32-unknown-elf/lib/libnosys.a(_exit.o)
 .bss           0x00000000c0038f5c        0x0 /nix/store/gbj4l2s4sjbxcgnqad1k61xnpb5acbz8-riscv32-unknown-elf-rv32imac-toolchain-8.3.0-afcc8bc/lib/gcc/riscv32-unknown-elf/8.3.0/libgcc.a(_udivdi3.o)
 .bss           0x00000000c0038f5c        0x0 /nix/store/gbj4l2s4sjbxcgnqad1k61xnpb5acbz8-riscv32-unknown-elf-rv32imac-toolchain-8.3.0-afcc8bc/lib/gcc/riscv32-unknown-elf/8.3.0/libgcc.a(_umoddi3.o)
 .bss           0x00000000c0038f5c        0x0 /nix/store/gbj4l2s4sjbxcgnqad1k61xnpb5acbz8-riscv32-unknown-elf-rv32imac-toolchain-8.3.0-afcc8bc/lib/gcc/riscv32-unknown-elf/8.3.0/libgcc.a(divdf3.o)
 .bss           0x00000000c0038f5c        0x0 /nix/store/gbj4l2s4sjbxcgnqad1k61xnpb5acbz8-riscv32-unknown-elf-rv32imac-toolchain-8.3.0-afcc8bc/lib/gcc/riscv32-unknown-elf/8.3.0/libgcc.a(muldf3.o)
 .bss           0x00000000c0038f5c        0x0 /nix/store/gbj4l2s4sjbxcgnqad1k61xnpb5acbz8-riscv32-unknown-elf-rv32imac-toolchain-8.3.0-afcc8bc/lib/gcc/riscv32-unknown-elf/8.3.0/libgcc.a(eqtf2.o)
 .bss           0x00000000c0038f5c        0x0 /nix/store/gbj4l2s4sjbxcgnqad1k61xnpb5acbz8-riscv32-unknown-elf-rv32imac-toolchain-8.3.0-afcc8bc/lib/gcc/riscv32-unknown-elf/8.3.0/libgcc.a(getf2.o)
 .bss           0x00000000c0038f5c        0x0 /nix/store/gbj4l2s4sjbxcgnqad1k61xnpb5acbz8-riscv32-unknown-elf-rv32imac-toolchain-8.3.0-afcc8bc/lib/gcc/riscv32-unknown-elf/8.3.0/libgcc.a(letf2.o)
 .bss           0x00000000c0038f5c        0x0 /nix/store/gbj4l2s4sjbxcgnqad1k61xnpb5acbz8-riscv32-unknown-elf-rv32imac-toolchain-8.3.0-afcc8bc/lib/gcc/riscv32-unknown-elf/8.3.0/libgcc.a(multf3.o)
 .bss           0x00000000c0038f5c        0x0 /nix/store/gbj4l2s4sjbxcgnqad1k61xnpb5acbz8-riscv32-unknown-elf-rv32imac-toolchain-8.3.0-afcc8bc/lib/gcc/riscv32-unknown-elf/8.3.0/libgcc.a(subtf3.o)
 .bss           0x00000000c0038f5c        0x0 /nix/store/gbj4l2s4sjbxcgnqad1k61xnpb5acbz8-riscv32-unknown-elf-rv32imac-toolchain-8.3.0-afcc8bc/lib/gcc/riscv32-unknown-elf/8.3.0/libgcc.a(fixtfsi.o)
 .bss           0x00000000c0038f5c        0x0 /nix/store/gbj4l2s4sjbxcgnqad1k61xnpb5acbz8-riscv32-unknown-elf-rv32imac-toolchain-8.3.0-afcc8bc/lib/gcc/riscv32-unknown-elf/8.3.0/libgcc.a(floatsitf.o)
 .bss           0x00000000c0038f5c        0x0 /nix/store/gbj4l2s4sjbxcgnqad1k61xnpb5acbz8-riscv32-unknown-elf-rv32imac-toolchain-8.3.0-afcc8bc/lib/gcc/riscv32-unknown-elf/8.3.0/libgcc.a(extenddftf2.o)
 .bss           0x00000000c0038f5c        0x0 /nix/store/gbj4l2s4sjbxcgnqad1k61xnpb5acbz8-riscv32-unknown-elf-rv32imac-toolchain-8.3.0-afcc8bc/lib/gcc/riscv32-unknown-elf/8.3.0/libgcc.a(trunctfdf2.o)
 .bss           0x00000000c0038f5c        0x0 /nix/store/gbj4l2s4sjbxcgnqad1k61xnpb5acbz8-riscv32-unknown-elf-rv32imac-toolchain-8.3.0-afcc8bc/lib/gcc/riscv32-unknown-elf/8.3.0/libgcc.a(_clzsi2.o)
 .bss           0x00000000c0038f5c        0x0 /nix/store/gbj4l2s4sjbxcgnqad1k61xnpb5acbz8-riscv32-unknown-elf-rv32imac-toolchain-8.3.0-afcc8bc/lib/gcc/riscv32-unknown-elf/8.3.0/crtend.o
 *(COMMON)
 COMMON         0x00000000c0038f5c        0x4 /nix/store/gbj4l2s4sjbxcgnqad1k61xnpb5acbz8-riscv32-unknown-elf-rv32imac-toolchain-8.3.0-afcc8bc/lib/gcc/riscv32-unknown-elf/8.3.0/../../../../riscv32-unknown-elf/lib/libc.a(lib_a-reent.o)
                0x00000000c0038f5c                errno
                0x00000000c0038f60                . = ALIGN ((. != 0x0)?0x4:0x1)
LOAD /nix/store/gbj4l2s4sjbxcgnqad1k61xnpb5acbz8-riscv32-unknown-elf-rv32imac-toolchain-8.3.0-afcc8bc/lib/gcc/riscv32-unknown-elf/8.3.0/../../../../riscv32-unknown-elf/lib/crt0.o
LOAD /nix/store/gbj4l2s4sjbxcgnqad1k61xnpb5acbz8-riscv32-unknown-elf-rv32imac-toolchain-8.3.0-afcc8bc/lib/gcc/riscv32-unknown-elf/8.3.0/crtbegin.o
                0x00000000c0038f60                __startup_save = .

.startup        0x00000000c0000000       0x44
 startup.o(.text)
 .text          0x00000000c0000000       0x44 ./lib/startup.o
                0x00000000c0000000                _reset
                0x00000000c0038f60                . = __startup_save
                0x00000000c0038f60                . = ALIGN (0x4)
                0x00000000c0038f60                . = SEGMENT_START ("ldata-segment", .)
                0x00000000c0038f60                . = ALIGN (0x4)
                0x00000000c0038f60                __BSS_END__ = .
                0x00000000c0038760                __global_pointer$ = MIN ((__SDATA_BEGIN__ + 0x800), MAX ((__DATA_BEGIN__ + 0x800), (__BSS_END__ - 0x800)))
                0x00000000c0038f60                _end = .
                [!provide]                        PROVIDE (end = .)
                0x00000000c0038f60                . = DATA_SEGMENT_END (.)

.stab
 *(.stab)

.stabstr
 *(.stabstr)

.stab.excl
 *(.stab.excl)

.stab.exclstr
 *(.stab.exclstr)

.stab.index
 *(.stab.index)

.stab.indexstr
 *(.stab.indexstr)

.comment        0x0000000000000000       0x11
 *(.comment)
 .comment       0x0000000000000000       0x11 /nix/store/gbj4l2s4sjbxcgnqad1k61xnpb5acbz8-riscv32-unknown-elf-rv32imac-toolchain-8.3.0-afcc8bc/lib/gcc/riscv32-unknown-elf/8.3.0/crtbegin.o
                                         0x12 (size before relaxing)
 .comment       0x0000000000000011       0x12 ./lib/syscalls.o
 .comment       0x0000000000000011       0x12 ./lib/riscv_counters.o
 .comment       0x0000000000000011       0x12 ./lib/ns16550.o
 .comment       0x0000000000000011       0x12 /run/user/1001/ccWMSTBm.o
 .comment       0x0000000000000011       0x12 /nix/store/gbj4l2s4sjbxcgnqad1k61xnpb5acbz8-riscv32-unknown-elf-rv32imac-toolchain-8.3.0-afcc8bc/lib/gcc/riscv32-unknown-elf/8.3.0/libgcc.a(_divdi3.o)
 .comment       0x0000000000000011       0x12 /nix/store/gbj4l2s4sjbxcgnqad1k61xnpb5acbz8-riscv32-unknown-elf-rv32imac-toolchain-8.3.0-afcc8bc/lib/gcc/riscv32-unknown-elf/8.3.0/libgcc.a(_moddi3.o)
 .comment       0x0000000000000011       0x12 /nix/store/gbj4l2s4sjbxcgnqad1k61xnpb5acbz8-riscv32-unknown-elf-rv32imac-toolchain-8.3.0-afcc8bc/lib/gcc/riscv32-unknown-elf/8.3.0/libgcc.a(_clz.o)
 .comment       0x0000000000000011       0x12 /nix/store/gbj4l2s4sjbxcgnqad1k61xnpb5acbz8-riscv32-unknown-elf-rv32imac-toolchain-8.3.0-afcc8bc/lib/gcc/riscv32-unknown-elf/8.3.0/../../../../riscv32-unknown-elf/lib/libc.a(lib_a-atexit.o)
 .comment       0x0000000000000011       0x12 /nix/store/gbj4l2s4sjbxcgnqad1k61xnpb5acbz8-riscv32-unknown-elf-rv32imac-toolchain-8.3.0-afcc8bc/lib/gcc/riscv32-unknown-elf/8.3.0/../../../../riscv32-unknown-elf/lib/libc.a(lib_a-errno.o)
 .comment       0x0000000000000011       0x12 /nix/store/gbj4l2s4sjbxcgnqad1k61xnpb5acbz8-riscv32-unknown-elf-rv32imac-toolchain-8.3.0-afcc8bc/lib/gcc/riscv32-unknown-elf/8.3.0/../../../../riscv32-unknown-elf/lib/libc.a(lib_a-exit.o)
 .comment       0x0000000000000011       0x12 /nix/store/gbj4l2s4sjbxcgnqad1k61xnpb5acbz8-riscv32-unknown-elf-rv32imac-toolchain-8.3.0-afcc8bc/lib/gcc/riscv32-unknown-elf/8.3.0/../../../../riscv32-unknown-elf/lib/libc.a(lib_a-fini.o)
 .comment       0x0000000000000011       0x12 /nix/store/gbj4l2s4sjbxcgnqad1k61xnpb5acbz8-riscv32-unknown-elf-rv32imac-toolchain-8.3.0-afcc8bc/lib/gcc/riscv32-unknown-elf/8.3.0/../../../../riscv32-unknown-elf/lib/libc.a(lib_a-impure.o)
 .comment       0x0000000000000011       0x12 /nix/store/gbj4l2s4sjbxcgnqad1k61xnpb5acbz8-riscv32-unknown-elf-rv32imac-toolchain-8.3.0-afcc8bc/lib/gcc/riscv32-unknown-elf/8.3.0/../../../../riscv32-unknown-elf/lib/libc.a(lib_a-init.o)
 .comment       0x0000000000000011       0x12 /nix/store/gbj4l2s4sjbxcgnqad1k61xnpb5acbz8-riscv32-unknown-elf-rv32imac-toolchain-8.3.0-afcc8bc/lib/gcc/riscv32-unknown-elf/8.3.0/../../../../riscv32-unknown-elf/lib/libc.a(lib_a-printf.o)
 .comment       0x0000000000000011       0x12 /nix/store/gbj4l2s4sjbxcgnqad1k61xnpb5acbz8-riscv32-unknown-elf-rv32imac-toolchain-8.3.0-afcc8bc/lib/gcc/riscv32-unknown-elf/8.3.0/../../../../riscv32-unknown-elf/lib/libc.a(lib_a-vfprintf.o)
 .comment       0x0000000000000011       0x12 /nix/store/gbj4l2s4sjbxcgnqad1k61xnpb5acbz8-riscv32-unknown-elf-rv32imac-toolchain-8.3.0-afcc8bc/lib/gcc/riscv32-unknown-elf/8.3.0/../../../../riscv32-unknown-elf/lib/libc.a(lib_a-wsetup.o)
 .comment       0x0000000000000011       0x12 /nix/store/gbj4l2s4sjbxcgnqad1k61xnpb5acbz8-riscv32-unknown-elf-rv32imac-toolchain-8.3.0-afcc8bc/lib/gcc/riscv32-unknown-elf/8.3.0/../../../../riscv32-unknown-elf/lib/libc.a(lib_a-__atexit.o)
 .comment       0x0000000000000011       0x12 /nix/store/gbj4l2s4sjbxcgnqad1k61xnpb5acbz8-riscv32-unknown-elf-rv32imac-toolchain-8.3.0-afcc8bc/lib/gcc/riscv32-unknown-elf/8.3.0/../../../../riscv32-unknown-elf/lib/libc.a(lib_a-__call_atexit.o)
 .comment       0x0000000000000011       0x12 /nix/store/gbj4l2s4sjbxcgnqad1k61xnpb5acbz8-riscv32-unknown-elf-rv32imac-toolchain-8.3.0-afcc8bc/lib/gcc/riscv32-unknown-elf/8.3.0/../../../../riscv32-unknown-elf/lib/libc.a(lib_a-fflush.o)
 .comment       0x0000000000000011       0x12 /nix/store/gbj4l2s4sjbxcgnqad1k61xnpb5acbz8-riscv32-unknown-elf-rv32imac-toolchain-8.3.0-afcc8bc/lib/gcc/riscv32-unknown-elf/8.3.0/../../../../riscv32-unknown-elf/lib/libc.a(lib_a-findfp.o)
 .comment       0x0000000000000011       0x12 /nix/store/gbj4l2s4sjbxcgnqad1k61xnpb5acbz8-riscv32-unknown-elf-rv32imac-toolchain-8.3.0-afcc8bc/lib/gcc/riscv32-unknown-elf/8.3.0/../../../../riscv32-unknown-elf/lib/libc.a(lib_a-freer.o)
 .comment       0x0000000000000011       0x12 /nix/store/gbj4l2s4sjbxcgnqad1k61xnpb5acbz8-riscv32-unknown-elf-rv32imac-toolchain-8.3.0-afcc8bc/lib/gcc/riscv32-unknown-elf/8.3.0/../../../../riscv32-unknown-elf/lib/libc.a(lib_a-fwalk.o)
 .comment       0x0000000000000011       0x12 /nix/store/gbj4l2s4sjbxcgnqad1k61xnpb5acbz8-riscv32-unknown-elf-rv32imac-toolchain-8.3.0-afcc8bc/lib/gcc/riscv32-unknown-elf/8.3.0/../../../../riscv32-unknown-elf/lib/libc.a(lib_a-ldtoa.o)
 .comment       0x0000000000000011       0x12 /nix/store/gbj4l2s4sjbxcgnqad1k61xnpb5acbz8-riscv32-unknown-elf-rv32imac-toolchain-8.3.0-afcc8bc/lib/gcc/riscv32-unknown-elf/8.3.0/../../../../riscv32-unknown-elf/lib/libc.a(lib_a-localeconv.o)
 .comment       0x0000000000000011       0x12 /nix/store/gbj4l2s4sjbxcgnqad1k61xnpb5acbz8-riscv32-unknown-elf-rv32imac-toolchain-8.3.0-afcc8bc/lib/gcc/riscv32-unknown-elf/8.3.0/../../../../riscv32-unknown-elf/lib/libc.a(lib_a-makebuf.o)
 .comment       0x0000000000000011       0x12 /nix/store/gbj4l2s4sjbxcgnqad1k61xnpb5acbz8-riscv32-unknown-elf-rv32imac-toolchain-8.3.0-afcc8bc/lib/gcc/riscv32-unknown-elf/8.3.0/../../../../riscv32-unknown-elf/lib/libc.a(lib_a-mallocr.o)
 .comment       0x0000000000000011       0x12 /nix/store/gbj4l2s4sjbxcgnqad1k61xnpb5acbz8-riscv32-unknown-elf-rv32imac-toolchain-8.3.0-afcc8bc/lib/gcc/riscv32-unknown-elf/8.3.0/../../../../riscv32-unknown-elf/lib/libc.a(lib_a-memchr.o)
 .comment       0x0000000000000011       0x12 /nix/store/gbj4l2s4sjbxcgnqad1k61xnpb5acbz8-riscv32-unknown-elf-rv32imac-toolchain-8.3.0-afcc8bc/lib/gcc/riscv32-unknown-elf/8.3.0/../../../../riscv32-unknown-elf/lib/libc.a(lib_a-mlock.o)
 .comment       0x0000000000000011       0x12 /nix/store/gbj4l2s4sjbxcgnqad1k61xnpb5acbz8-riscv32-unknown-elf-rv32imac-toolchain-8.3.0-afcc8bc/lib/gcc/riscv32-unknown-elf/8.3.0/../../../../riscv32-unknown-elf/lib/libc.a(lib_a-mprec.o)
 .comment       0x0000000000000011       0x12 /nix/store/gbj4l2s4sjbxcgnqad1k61xnpb5acbz8-riscv32-unknown-elf-rv32imac-toolchain-8.3.0-afcc8bc/lib/gcc/riscv32-unknown-elf/8.3.0/../../../../riscv32-unknown-elf/lib/libc.a(lib_a-s_frexp.o)
 .comment       0x0000000000000011       0x12 /nix/store/gbj4l2s4sjbxcgnqad1k61xnpb5acbz8-riscv32-unknown-elf-rv32imac-toolchain-8.3.0-afcc8bc/lib/gcc/riscv32-unknown-elf/8.3.0/../../../../riscv32-unknown-elf/lib/libc.a(lib_a-sbrkr.o)
 .comment       0x0000000000000011       0x12 /nix/store/gbj4l2s4sjbxcgnqad1k61xnpb5acbz8-riscv32-unknown-elf-rv32imac-toolchain-8.3.0-afcc8bc/lib/gcc/riscv32-unknown-elf/8.3.0/../../../../riscv32-unknown-elf/lib/libc.a(lib_a-sprintf.o)
 .comment       0x0000000000000011       0x12 /nix/store/gbj4l2s4sjbxcgnqad1k61xnpb5acbz8-riscv32-unknown-elf-rv32imac-toolchain-8.3.0-afcc8bc/lib/gcc/riscv32-unknown-elf/8.3.0/../../../../riscv32-unknown-elf/lib/libc.a(lib_a-stdio.o)
 .comment       0x0000000000000011       0x12 /nix/store/gbj4l2s4sjbxcgnqad1k61xnpb5acbz8-riscv32-unknown-elf-rv32imac-toolchain-8.3.0-afcc8bc/lib/gcc/riscv32-unknown-elf/8.3.0/../../../../riscv32-unknown-elf/lib/libc.a(lib_a-strcpy.o)
 .comment       0x0000000000000011       0x12 /nix/store/gbj4l2s4sjbxcgnqad1k61xnpb5acbz8-riscv32-unknown-elf-rv32imac-toolchain-8.3.0-afcc8bc/lib/gcc/riscv32-unknown-elf/8.3.0/../../../../riscv32-unknown-elf/lib/libc.a(lib_a-strlen.o)
 .comment       0x0000000000000011       0x12 /nix/store/gbj4l2s4sjbxcgnqad1k61xnpb5acbz8-riscv32-unknown-elf-rv32imac-toolchain-8.3.0-afcc8bc/lib/gcc/riscv32-unknown-elf/8.3.0/../../../../riscv32-unknown-elf/lib/libc.a(lib_a-strncpy.o)
 .comment       0x0000000000000011       0x12 /nix/store/gbj4l2s4sjbxcgnqad1k61xnpb5acbz8-riscv32-unknown-elf-rv32imac-toolchain-8.3.0-afcc8bc/lib/gcc/riscv32-unknown-elf/8.3.0/../../../../riscv32-unknown-elf/lib/libc.a(lib_a-svfprintf.o)
 .comment       0x0000000000000011       0x12 /nix/store/gbj4l2s4sjbxcgnqad1k61xnpb5acbz8-riscv32-unknown-elf-rv32imac-toolchain-8.3.0-afcc8bc/lib/gcc/riscv32-unknown-elf/8.3.0/../../../../riscv32-unknown-elf/lib/libc.a(lib_a-vfiprintf.o)
 .comment       0x0000000000000011       0x12 /nix/store/gbj4l2s4sjbxcgnqad1k61xnpb5acbz8-riscv32-unknown-elf-rv32imac-toolchain-8.3.0-afcc8bc/lib/gcc/riscv32-unknown-elf/8.3.0/../../../../riscv32-unknown-elf/lib/libc.a(lib_a-writer.o)
 .comment       0x0000000000000011       0x12 /nix/store/gbj4l2s4sjbxcgnqad1k61xnpb5acbz8-riscv32-unknown-elf-rv32imac-toolchain-8.3.0-afcc8bc/lib/gcc/riscv32-unknown-elf/8.3.0/../../../../riscv32-unknown-elf/lib/libc.a(lib_a-callocr.o)
 .comment       0x0000000000000011       0x12 /nix/store/gbj4l2s4sjbxcgnqad1k61xnpb5acbz8-riscv32-unknown-elf-rv32imac-toolchain-8.3.0-afcc8bc/lib/gcc/riscv32-unknown-elf/8.3.0/../../../../riscv32-unknown-elf/lib/libc.a(lib_a-closer.o)
 .comment       0x0000000000000011       0x12 /nix/store/gbj4l2s4sjbxcgnqad1k61xnpb5acbz8-riscv32-unknown-elf-rv32imac-toolchain-8.3.0-afcc8bc/lib/gcc/riscv32-unknown-elf/8.3.0/../../../../riscv32-unknown-elf/lib/libc.a(lib_a-fclose.o)
 .comment       0x0000000000000011       0x12 /nix/store/gbj4l2s4sjbxcgnqad1k61xnpb5acbz8-riscv32-unknown-elf-rv32imac-toolchain-8.3.0-afcc8bc/lib/gcc/riscv32-unknown-elf/8.3.0/../../../../riscv32-unknown-elf/lib/libc.a(lib_a-fputwc.o)
 .comment       0x0000000000000011       0x12 /nix/store/gbj4l2s4sjbxcgnqad1k61xnpb5acbz8-riscv32-unknown-elf-rv32imac-toolchain-8.3.0-afcc8bc/lib/gcc/riscv32-unknown-elf/8.3.0/../../../../riscv32-unknown-elf/lib/libc.a(lib_a-fstatr.o)
 .comment       0x0000000000000011       0x12 /nix/store/gbj4l2s4sjbxcgnqad1k61xnpb5acbz8-riscv32-unknown-elf-rv32imac-toolchain-8.3.0-afcc8bc/lib/gcc/riscv32-unknown-elf/8.3.0/../../../../riscv32-unknown-elf/lib/libc.a(lib_a-fvwrite.o)
 .comment       0x0000000000000011       0x12 /nix/store/gbj4l2s4sjbxcgnqad1k61xnpb5acbz8-riscv32-unknown-elf-rv32imac-toolchain-8.3.0-afcc8bc/lib/gcc/riscv32-unknown-elf/8.3.0/../../../../riscv32-unknown-elf/lib/libc.a(lib_a-isattyr.o)
 .comment       0x0000000000000011       0x12 /nix/store/gbj4l2s4sjbxcgnqad1k61xnpb5acbz8-riscv32-unknown-elf-rv32imac-toolchain-8.3.0-afcc8bc/lib/gcc/riscv32-unknown-elf/8.3.0/../../../../riscv32-unknown-elf/lib/libc.a(lib_a-locale.o)
 .comment       0x0000000000000011       0x12 /nix/store/gbj4l2s4sjbxcgnqad1k61xnpb5acbz8-riscv32-unknown-elf-rv32imac-toolchain-8.3.0-afcc8bc/lib/gcc/riscv32-unknown-elf/8.3.0/../../../../riscv32-unknown-elf/lib/libc.a(lib_a-lseekr.o)
 .comment       0x0000000000000011       0x12 /nix/store/gbj4l2s4sjbxcgnqad1k61xnpb5acbz8-riscv32-unknown-elf-rv32imac-toolchain-8.3.0-afcc8bc/lib/gcc/riscv32-unknown-elf/8.3.0/../../../../riscv32-unknown-elf/lib/libc.a(lib_a-mbtowc_r.o)
 .comment       0x0000000000000011       0x12 /nix/store/gbj4l2s4sjbxcgnqad1k61xnpb5acbz8-riscv32-unknown-elf-rv32imac-toolchain-8.3.0-afcc8bc/lib/gcc/riscv32-unknown-elf/8.3.0/../../../../riscv32-unknown-elf/lib/libc.a(lib_a-memcpy.o)
 .comment       0x0000000000000011       0x12 /nix/store/gbj4l2s4sjbxcgnqad1k61xnpb5acbz8-riscv32-unknown-elf-rv32imac-toolchain-8.3.0-afcc8bc/lib/gcc/riscv32-unknown-elf/8.3.0/../../../../riscv32-unknown-elf/lib/libc.a(lib_a-memmove.o)
 .comment       0x0000000000000011       0x12 /nix/store/gbj4l2s4sjbxcgnqad1k61xnpb5acbz8-riscv32-unknown-elf-rv32imac-toolchain-8.3.0-afcc8bc/lib/gcc/riscv32-unknown-elf/8.3.0/../../../../riscv32-unknown-elf/lib/libc.a(lib_a-readr.o)
 .comment       0x0000000000000011       0x12 /nix/store/gbj4l2s4sjbxcgnqad1k61xnpb5acbz8-riscv32-unknown-elf-rv32imac-toolchain-8.3.0-afcc8bc/lib/gcc/riscv32-unknown-elf/8.3.0/../../../../riscv32-unknown-elf/lib/libc.a(lib_a-reallocr.o)
 .comment       0x0000000000000011       0x12 /nix/store/gbj4l2s4sjbxcgnqad1k61xnpb5acbz8-riscv32-unknown-elf-rv32imac-toolchain-8.3.0-afcc8bc/lib/gcc/riscv32-unknown-elf/8.3.0/../../../../riscv32-unknown-elf/lib/libc.a(lib_a-reent.o)
 .comment       0x0000000000000011       0x12 /nix/store/gbj4l2s4sjbxcgnqad1k61xnpb5acbz8-riscv32-unknown-elf-rv32imac-toolchain-8.3.0-afcc8bc/lib/gcc/riscv32-unknown-elf/8.3.0/../../../../riscv32-unknown-elf/lib/libc.a(lib_a-svfiprintf.o)
 .comment       0x0000000000000011       0x12 /nix/store/gbj4l2s4sjbxcgnqad1k61xnpb5acbz8-riscv32-unknown-elf-rv32imac-toolchain-8.3.0-afcc8bc/lib/gcc/riscv32-unknown-elf/8.3.0/../../../../riscv32-unknown-elf/lib/libc.a(lib_a-wbuf.o)
 .comment       0x0000000000000011       0x12 /nix/store/gbj4l2s4sjbxcgnqad1k61xnpb5acbz8-riscv32-unknown-elf-rv32imac-toolchain-8.3.0-afcc8bc/lib/gcc/riscv32-unknown-elf/8.3.0/../../../../riscv32-unknown-elf/lib/libc.a(lib_a-wcrtomb.o)
 .comment       0x0000000000000011       0x12 /nix/store/gbj4l2s4sjbxcgnqad1k61xnpb5acbz8-riscv32-unknown-elf-rv32imac-toolchain-8.3.0-afcc8bc/lib/gcc/riscv32-unknown-elf/8.3.0/../../../../riscv32-unknown-elf/lib/libc.a(lib_a-wctomb_r.o)
 .comment       0x0000000000000011       0x12 /nix/store/gbj4l2s4sjbxcgnqad1k61xnpb5acbz8-riscv32-unknown-elf-rv32imac-toolchain-8.3.0-afcc8bc/lib/gcc/riscv32-unknown-elf/8.3.0/../../../../riscv32-unknown-elf/lib/libc.a(lib_a-ctype_.o)
 .comment       0x0000000000000011       0x12 /nix/store/gbj4l2s4sjbxcgnqad1k61xnpb5acbz8-riscv32-unknown-elf-rv32imac-toolchain-8.3.0-afcc8bc/lib/gcc/riscv32-unknown-elf/8.3.0/../../../../riscv32-unknown-elf/lib/libnosys.a(_exit.o)
 .comment       0x0000000000000011       0x12 /nix/store/gbj4l2s4sjbxcgnqad1k61xnpb5acbz8-riscv32-unknown-elf-rv32imac-toolchain-8.3.0-afcc8bc/lib/gcc/riscv32-unknown-elf/8.3.0/libgcc.a(_udivdi3.o)
 .comment       0x0000000000000011       0x12 /nix/store/gbj4l2s4sjbxcgnqad1k61xnpb5acbz8-riscv32-unknown-elf-rv32imac-toolchain-8.3.0-afcc8bc/lib/gcc/riscv32-unknown-elf/8.3.0/libgcc.a(_umoddi3.o)
 .comment       0x0000000000000011       0x12 /nix/store/gbj4l2s4sjbxcgnqad1k61xnpb5acbz8-riscv32-unknown-elf-rv32imac-toolchain-8.3.0-afcc8bc/lib/gcc/riscv32-unknown-elf/8.3.0/libgcc.a(divdf3.o)
 .comment       0x0000000000000011       0x12 /nix/store/gbj4l2s4sjbxcgnqad1k61xnpb5acbz8-riscv32-unknown-elf-rv32imac-toolchain-8.3.0-afcc8bc/lib/gcc/riscv32-unknown-elf/8.3.0/libgcc.a(muldf3.o)