Archive member included to satisfy reference by file (symbol)

/raid/tools/cross-compilers/riscv-rv64gc-medany/lib/gcc/riscv64-unknown-elf/8.3.0/../../../../riscv64-unknown-elf/lib/libc.a(lib_a-atexit.o)
                              /raid/tools/cross-compilers/riscv-rv64gc-medany/lib/gcc/riscv64-unknown-elf/8.3.0/../../../../riscv64-unknown-elf/lib/crt0.o (atexit)
/raid/tools/cross-compilers/riscv-rv64gc-medany/lib/gcc/riscv64-unknown-elf/8.3.0/../../../../riscv64-unknown-elf/lib/libc.a(lib_a-errno.o)
                              ./lib/syscalls.o (__errno)
/raid/tools/cross-compilers/riscv-rv64gc-medany/lib/gcc/riscv64-unknown-elf/8.3.0/../../../../riscv64-unknown-elf/lib/libc.a(lib_a-exit.o)
                              /raid/tools/cross-compilers/riscv-rv64gc-medany/lib/gcc/riscv64-unknown-elf/8.3.0/../../../../riscv64-unknown-elf/lib/crt0.o (exit)
/raid/tools/cross-compilers/riscv-rv64gc-medany/lib/gcc/riscv64-unknown-elf/8.3.0/../../../../riscv64-unknown-elf/lib/libc.a(lib_a-fgetc.o)
                              /tmp/ccm7Z1eI.o (fgetc)
/raid/tools/cross-compilers/riscv-rv64gc-medany/lib/gcc/riscv64-unknown-elf/8.3.0/../../../../riscv64-unknown-elf/lib/libc.a(lib_a-findfp.o)
                              /raid/tools/cross-compilers/riscv-rv64gc-medany/lib/gcc/riscv64-unknown-elf/8.3.0/../../../../riscv64-unknown-elf/lib/libc.a(lib_a-fgetc.o) (__sinit)
/raid/tools/cross-compilers/riscv-rv64gc-medany/lib/gcc/riscv64-unknown-elf/8.3.0/../../../../riscv64-unknown-elf/lib/libc.a(lib_a-fini.o)
                              /raid/tools/cross-compilers/riscv-rv64gc-medany/lib/gcc/riscv64-unknown-elf/8.3.0/../../../../riscv64-unknown-elf/lib/crt0.o (__libc_fini_array)
/raid/tools/cross-compilers/riscv-rv64gc-medany/lib/gcc/riscv64-unknown-elf/8.3.0/../../../../riscv64-unknown-elf/lib/libc.a(lib_a-fputc.o)
                              /tmp/ccm7Z1eI.o (fputc)
/raid/tools/cross-compilers/riscv-rv64gc-medany/lib/gcc/riscv64-unknown-elf/8.3.0/../../../../riscv64-unknown-elf/lib/libc.a(lib_a-fwalk.o)
                              /raid/tools/cross-compilers/riscv-rv64gc-medany/lib/gcc/riscv64-unknown-elf/8.3.0/../../../../riscv64-unknown-elf/lib/libc.a(lib_a-findfp.o) (_fwalk)
/raid/tools/cross-compilers/riscv-rv64gc-medany/lib/gcc/riscv64-unknown-elf/8.3.0/../../../../riscv64-unknown-elf/lib/libc.a(lib_a-impure.o)
                              /raid/tools/cross-compilers/riscv-rv64gc-medany/lib/gcc/riscv64-unknown-elf/8.3.0/../../../../riscv64-unknown-elf/lib/libc.a(lib_a-exit.o) (_global_impure_ptr)
/raid/tools/cross-compilers/riscv-rv64gc-medany/lib/gcc/riscv64-unknown-elf/8.3.0/../../../../riscv64-unknown-elf/lib/libc.a(lib_a-init.o)
                              /raid/tools/cross-compilers/riscv-rv64gc-medany/lib/gcc/riscv64-unknown-elf/8.3.0/../../../../riscv64-unknown-elf/lib/crt0.o (__libc_init_array)
/raid/tools/cross-compilers/riscv-rv64gc-medany/lib/gcc/riscv64-unknown-elf/8.3.0/../../../../riscv64-unknown-elf/lib/libc.a(lib_a-mallocr.o)
                              /raid/tools/cross-compilers/riscv-rv64gc-medany/lib/gcc/riscv64-unknown-elf/8.3.0/../../../../riscv64-unknown-elf/lib/libc.a(lib_a-findfp.o) (_malloc_r)
/raid/tools/cross-compilers/riscv-rv64gc-medany/lib/gcc/riscv64-unknown-elf/8.3.0/../../../../riscv64-unknown-elf/lib/libc.a(lib_a-memset.o)
                              /raid/tools/cross-compilers/riscv-rv64gc-medany/lib/gcc/riscv64-unknown-elf/8.3.0/../../../../riscv64-unknown-elf/lib/crt0.o (memset)
/raid/tools/cross-compilers/riscv-rv64gc-medany/lib/gcc/riscv64-unknown-elf/8.3.0/../../../../riscv64-unknown-elf/lib/libc.a(lib_a-mlock.o)
                              /raid/tools/cross-compilers/riscv-rv64gc-medany/lib/gcc/riscv64-unknown-elf/8.3.0/../../../../riscv64-unknown-elf/lib/libc.a(lib_a-mallocr.o) (__malloc_lock)
/raid/tools/cross-compilers/riscv-rv64gc-medany/lib/gcc/riscv64-unknown-elf/8.3.0/../../../../riscv64-unknown-elf/lib/libc.a(lib_a-putc.o)
                              /raid/tools/cross-compilers/riscv-rv64gc-medany/lib/gcc/riscv64-unknown-elf/8.3.0/../../../../riscv64-unknown-elf/lib/libc.a(lib_a-fputc.o) (_putc_r)
/raid/tools/cross-compilers/riscv-rv64gc-medany/lib/gcc/riscv64-unknown-elf/8.3.0/../../../../riscv64-unknown-elf/lib/libc.a(lib_a-rget.o)
                              /raid/tools/cross-compilers/riscv-rv64gc-medany/lib/gcc/riscv64-unknown-elf/8.3.0/../../../../riscv64-unknown-elf/lib/libc.a(lib_a-fgetc.o) (__srget_r)
/raid/tools/cross-compilers/riscv-rv64gc-medany/lib/gcc/riscv64-unknown-elf/8.3.0/../../../../riscv64-unknown-elf/lib/libc.a(lib_a-sbrkr.o)
                              /raid/tools/cross-compilers/riscv-rv64gc-medany/lib/gcc/riscv64-unknown-elf/8.3.0/../../../../riscv64-unknown-elf/lib/libc.a(lib_a-mallocr.o) (_sbrk_r)
/raid/tools/cross-compilers/riscv-rv64gc-medany/lib/gcc/riscv64-unknown-elf/8.3.0/../../../../riscv64-unknown-elf/lib/libc.a(lib_a-stdio.o)
                              /raid/tools/cross-compilers/riscv-rv64gc-medany/lib/gcc/riscv64-unknown-elf/8.3.0/../../../../riscv64-unknown-elf/lib/libc.a(lib_a-findfp.o) (__sread)
/raid/tools/cross-compilers/riscv-rv64gc-medany/lib/gcc/riscv64-unknown-elf/8.3.0/../../../../riscv64-unknown-elf/lib/libc.a(lib_a-wbuf.o)
                              /raid/tools/cross-compilers/riscv-rv64gc-medany/lib/gcc/riscv64-unknown-elf/8.3.0/../../../../riscv64-unknown-elf/lib/libc.a(lib_a-putc.o) (__swbuf_r)
/raid/tools/cross-compilers/riscv-rv64gc-medany/lib/gcc/riscv64-unknown-elf/8.3.0/../../../../riscv64-unknown-elf/lib/libc.a(lib_a-writer.o)
                              /raid/tools/cross-compilers/riscv-rv64gc-medany/lib/gcc/riscv64-unknown-elf/8.3.0/../../../../riscv64-unknown-elf/lib/libc.a(lib_a-stdio.o) (_write_r)
/raid/tools/cross-compilers/riscv-rv64gc-medany/lib/gcc/riscv64-unknown-elf/8.3.0/../../../../riscv64-unknown-elf/lib/libc.a(lib_a-wsetup.o)
                              /raid/tools/cross-compilers/riscv-rv64gc-medany/lib/gcc/riscv64-unknown-elf/8.3.0/../../../../riscv64-unknown-elf/lib/libc.a(lib_a-wbuf.o) (__swsetup_r)
/raid/tools/cross-compilers/riscv-rv64gc-medany/lib/gcc/riscv64-unknown-elf/8.3.0/../../../../riscv64-unknown-elf/lib/libc.a(lib_a-__atexit.o)
                              /raid/tools/cross-compilers/riscv-rv64gc-medany/lib/gcc/riscv64-unknown-elf/8.3.0/../../../../riscv64-unknown-elf/lib/libc.a(lib_a-atexit.o) (__register_exitproc)
/raid/tools/cross-compilers/riscv-rv64gc-medany/lib/gcc/riscv64-unknown-elf/8.3.0/../../../../riscv64-unknown-elf/lib/libc.a(lib_a-__call_atexit.o)
                              /raid/tools/cross-compilers/riscv-rv64gc-medany/lib/gcc/riscv64-unknown-elf/8.3.0/../../../../riscv64-unknown-elf/lib/libc.a(lib_a-exit.o) (__call_exitprocs)
/raid/tools/cross-compilers/riscv-rv64gc-medany/lib/gcc/riscv64-unknown-elf/8.3.0/../../../../riscv64-unknown-elf/lib/libc.a(lib_a-closer.o)
                              /raid/tools/cross-compilers/riscv-rv64gc-medany/lib/gcc/riscv64-unknown-elf/8.3.0/../../../../riscv64-unknown-elf/lib/libc.a(lib_a-stdio.o) (_close_r)
/raid/tools/cross-compilers/riscv-rv64gc-medany/lib/gcc/riscv64-unknown-elf/8.3.0/../../../../riscv64-unknown-elf/lib/libc.a(lib_a-fclose.o)
                              /raid/tools/cross-compilers/riscv-rv64gc-medany/lib/gcc/riscv64-unknown-elf/8.3.0/../../../../riscv64-unknown-elf/lib/libc.a(lib_a-findfp.o) (_fclose_r)
/raid/tools/cross-compilers/riscv-rv64gc-medany/lib/gcc/riscv64-unknown-elf/8.3.0/../../../../riscv64-unknown-elf/lib/libc.a(lib_a-fflush.o)
                              /raid/tools/cross-compilers/riscv-rv64gc-medany/lib/gcc/riscv64-unknown-elf/8.3.0/../../../../riscv64-unknown-elf/lib/libc.a(lib_a-fclose.o) (__sflush_r)
/raid/tools/cross-compilers/riscv-rv64gc-medany/lib/gcc/riscv64-unknown-elf/8.3.0/../../../../riscv64-unknown-elf/lib/libc.a(lib_a-freer.o)
                              /raid/tools/cross-compilers/riscv-rv64gc-medany/lib/gcc/riscv64-unknown-elf/8.3.0/../../../../riscv64-unknown-elf/lib/libc.a(lib_a-mallocr.o) (_free_r)
/raid/tools/cross-compilers/riscv-rv64gc-medany/lib/gcc/riscv64-unknown-elf/8.3.0/../../../../riscv64-unknown-elf/lib/libc.a(lib_a-lseekr.o)
                              /raid/tools/cross-compilers/riscv-rv64gc-medany/lib/gcc/riscv64-unknown-elf/8.3.0/../../../../riscv64-unknown-elf/lib/libc.a(lib_a-stdio.o) (_lseek_r)
/raid/tools/cross-compilers/riscv-rv64gc-medany/lib/gcc/riscv64-unknown-elf/8.3.0/../../../../riscv64-unknown-elf/lib/libc.a(lib_a-makebuf.o)
                              /raid/tools/cross-compilers/riscv-rv64gc-medany/lib/gcc/riscv64-unknown-elf/8.3.0/../../../../riscv64-unknown-elf/lib/libc.a(lib_a-wsetup.o) (__smakebuf_r)
/raid/tools/cross-compilers/riscv-rv64gc-medany/lib/gcc/riscv64-unknown-elf/8.3.0/../../../../riscv64-unknown-elf/lib/libc.a(lib_a-readr.o)
                              /raid/tools/cross-compilers/riscv-rv64gc-medany/lib/gcc/riscv64-unknown-elf/8.3.0/../../../../riscv64-unknown-elf/lib/libc.a(lib_a-stdio.o) (_read_r)
/raid/tools/cross-compilers/riscv-rv64gc-medany/lib/gcc/riscv64-unknown-elf/8.3.0/../../../../riscv64-unknown-elf/lib/libc.a(lib_a-reent.o)
                              /raid/tools/cross-compilers/riscv-rv64gc-medany/lib/gcc/riscv64-unknown-elf/8.3.0/../../../../riscv64-unknown-elf/lib/libc.a(lib_a-sbrkr.o) (errno)
/raid/tools/cross-compilers/riscv-rv64gc-medany/lib/gcc/riscv64-unknown-elf/8.3.0/../../../../riscv64-unknown-elf/lib/libc.a(lib_a-refill.o)
                              /raid/tools/cross-compilers/riscv-rv64gc-medany/lib/gcc/riscv64-unknown-elf/8.3.0/../../../../riscv64-unknown-elf/lib/libc.a(lib_a-rget.o) (__srefill_r)
/raid/tools/cross-compilers/riscv-rv64gc-medany/lib/gcc/riscv64-unknown-elf/8.3.0/../../../../riscv64-unknown-elf/lib/libc.a(lib_a-fstatr.o)
                              /raid/tools/cross-compilers/riscv-rv64gc-medany/lib/gcc/riscv64-unknown-elf/8.3.0/../../../../riscv64-unknown-elf/lib/libc.a(lib_a-makebuf.o) (_fstat_r)
/raid/tools/cross-compilers/riscv-rv64gc-medany/lib/gcc/riscv64-unknown-elf/8.3.0/../../../../riscv64-unknown-elf/lib/libc.a(lib_a-isattyr.o)
                              /raid/tools/cross-compilers/riscv-rv64gc-medany/lib/gcc/riscv64-unknown-elf/8.3.0/../../../../riscv64-unknown-elf/lib/libc.a(lib_a-makebuf.o) (_isatty_r)
/raid/tools/cross-compilers/riscv-rv64gc-medany/lib/gcc/riscv64-unknown-elf/8.3.0/../../../../riscv64-unknown-elf/lib/libnosys.a(_exit.o)
                              /raid/tools/cross-compilers/riscv-rv64gc-medany/lib/gcc/riscv64-unknown-elf/8.3.0/../../../../riscv64-unknown-elf/lib/libc.a(lib_a-exit.o) (_exit)

Allocating common symbols
Common symbol       size              file

errno               0x4               /raid/tools/cross-compilers/riscv-rv64gc-medany/lib/gcc/riscv64-unknown-elf/8.3.0/../../../../riscv64-unknown-elf/lib/libc.a(lib_a-reent.o)

Memory Configuration

Name             Origin             Length             Attributes
*default*        0x0000000000000000 0xffffffffffffffff

Linker script and memory map

LOAD ./lib/syscalls.o
LOAD ./lib/riscv_counters.o
LOAD ./lib/ns16550.o
Address of section .text-segment set to 0xc0000000
LOAD /tmp/ccm7Z1eI.o
LOAD /raid/tools/cross-compilers/riscv-rv64gc-medany/lib/gcc/riscv64-unknown-elf/8.3.0/../../../../riscv64-unknown-elf/lib/libm.a
LOAD /raid/tools/cross-compilers/riscv-rv64gc-medany/lib/gcc/riscv64-unknown-elf/8.3.0/libgcc.a
LOAD /raid/tools/cross-compilers/riscv-rv64gc-medany/lib/gcc/riscv64-unknown-elf/8.3.0/../../../../riscv64-unknown-elf/lib/libnosys.a
LOAD /raid/tools/cross-compilers/riscv-rv64gc-medany/lib/gcc/riscv64-unknown-elf/8.3.0/libgcc.a
START GROUP
LOAD /raid/tools/cross-compilers/riscv-rv64gc-medany/lib/gcc/riscv64-unknown-elf/8.3.0/libgcc.a
LOAD /raid/tools/cross-compilers/riscv-rv64gc-medany/lib/gcc/riscv64-unknown-elf/8.3.0/../../../../riscv64-unknown-elf/lib/libc.a
LOAD /raid/tools/cross-compilers/riscv-rv64gc-medany/lib/gcc/riscv64-unknown-elf/8.3.0/../../../../riscv64-unknown-elf/lib/libnosys.a
END GROUP
LOAD /raid/tools/cross-compilers/riscv-rv64gc-medany/lib/gcc/riscv64-unknown-elf/8.3.0/crtend.o
                [!provide]                        PROVIDE (__executable_start = SEGMENT_START ("text-segment", 0x10000))
                0x00000000c00000b0                . = (SEGMENT_START ("text-segment", 0x10000) + SIZEOF_HEADERS)

.interp
 *(.interp)

.note.gnu.build-id
 *(.note.gnu.build-id)

.hash
 *(.hash)

.gnu.hash
 *(.gnu.hash)

.dynsym
 *(.dynsym)

.dynstr
 *(.dynstr)

.gnu.version
 *(.gnu.version)

.gnu.version_d
 *(.gnu.version_d)

.gnu.version_r
 *(.gnu.version_r)

.rela.dyn       0x00000000c00000b0        0x0
 *(.rela.init)
 *(.rela.text .rela.text.* .rela.gnu.linkonce.t.*)
 .rela.text     0x00000000c00000b0        0x0 /raid/tools/cross-compilers/riscv-rv64gc-medany/lib/gcc/riscv64-unknown-elf/8.3.0/../../../../riscv64-unknown-elf/lib/crt0.o
 *(.rela.fini)
 *(.rela.rodata .rela.rodata.* .rela.gnu.linkonce.r.*)
 *(.rela.data .rela.data.* .rela.gnu.linkonce.d.*)
 *(.rela.tdata .rela.tdata.* .rela.gnu.linkonce.td.*)
 *(.rela.tbss .rela.tbss.* .rela.gnu.linkonce.tb.*)
 *(.rela.ctors)
 *(.rela.dtors)
 *(.rela.got)
 *(.rela.sdata .rela.sdata.* .rela.gnu.linkonce.s.*)
 *(.rela.sbss .rela.sbss.* .rela.gnu.linkonce.sb.*)
 *(.rela.sdata2 .rela.sdata2.* .rela.gnu.linkonce.s2.*)
 *(.rela.sbss2 .rela.sbss2.* .rela.gnu.linkonce.sb2.*)
 *(.rela.bss .rela.bss.* .rela.gnu.linkonce.b.*)
                [!provide]                        PROVIDE (__rela_iplt_start = .)
 *(.rela.iplt)
                [!provide]                        PROVIDE (__rela_iplt_end = .)

.rela.plt
 *(.rela.plt)

.init
 *(SORT_NONE(.init))

.plt
 *(.plt)

.iplt
 *(.iplt)

.text           0x00000000c00000b0     0x26a0
 *(.text.unlikely .text.*_unlikely .text.unlikely.*)
 *(.text.exit .text.exit.*)
 *(.text.startup .text.startup.*)
 *(.text.hot .text.hot.*)
 *(.text .stub .text.* .gnu.linkonce.t.*)
 .text          0x00000000c00000b0       0x3c /raid/tools/cross-compilers/riscv-rv64gc-medany/lib/gcc/riscv64-unknown-elf/8.3.0/../../../../riscv64-unknown-elf/lib/crt0.o
                0x00000000c00000b0                _start
                0x00000000c00000ea                _init
                0x00000000c00000ea                _fini
 .text          0x00000000c00000ec       0xa0 /raid/tools/cross-compilers/riscv-rv64gc-medany/lib/gcc/riscv64-unknown-elf/8.3.0/crtbegin.o
 .text          0x00000000c000018c      0x4ac ./lib/syscalls.o
                0x00000000c000018c                read
                0x00000000c0000234                write
                0x00000000c00002b8                gettimeofday
                0x00000000c0000328                sleep
                0x00000000c000039c                _sbrk
                0x00000000c00003dc                _write
                0x00000000c0000460                _close
                0x00000000c00004a0                _lseek
                0x00000000c00004f0                _read
                0x00000000c0000540                _fstat
                0x00000000c0000584                _isatty
                0x00000000c00005c4                _kill
                0x00000000c0000610                _getpid
 .text          0x00000000c0000638      0x16c ./lib/riscv_counters.o
                0x00000000c0000638                read_cycle
                0x00000000c0000660                read_time
                0x00000000c0000688                read_instret
                0x00000000c00006b0                fence
                0x00000000c00006d0                io_read32
                0x00000000c0000700                io_write32
                0x00000000c000073c                io_read64
                0x00000000c000076c                io_write64
 .text          0x00000000c00007a4      0x214 ./lib/ns16550.o
                0x00000000c0000880                ns16550_rxready
                0x00000000c00008c4                ns16550_rxchar
                0x00000000c0000918                ns16550_txchar
                0x00000000c0000978                ns16550_flush
 .text          0x00000000c00009b8       0xa4 /tmp/ccm7Z1eI.o
                0x00000000c00009b8                main
 .text          0x00000000c0000a5c        0xc /raid/tools/cross-compilers/riscv-rv64gc-medany/lib/gcc/riscv64-unknown-elf/8.3.0/../../../../riscv64-unknown-elf/lib/libc.a(lib_a-atexit.o)
                0x00000000c0000a5c                atexit
 .text          0x00000000c0000a68        0x8 /raid/tools/cross-compilers/riscv-rv64gc-medany/lib/gcc/riscv64-unknown-elf/8.3.0/../../../../riscv64-unknown-elf/lib/libc.a(lib_a-errno.o)
                0x00000000c0000a68                __errno
 .text          0x00000000c0000a70       0x20 /raid/tools/cross-compilers/riscv-rv64gc-medany/lib/gcc/riscv64-unknown-elf/8.3.0/../../../../riscv64-unknown-elf/lib/libc.a(lib_a-exit.o)
                0x00000000c0000a70                exit
 .text          0x00000000c0000a90       0xb0 /raid/tools/cross-compilers/riscv-rv64gc-medany/lib/gcc/riscv64-unknown-elf/8.3.0/../../../../riscv64-unknown-elf/lib/libc.a(lib_a-fgetc.o)
                0x00000000c0000a90                _fgetc_r
                0x00000000c0000ae2                fgetc
 .text          0x00000000c0000b40      0x288 /raid/tools/cross-compilers/riscv-rv64gc-medany/lib/gcc/riscv64-unknown-elf/8.3.0/../../../../riscv64-unknown-elf/lib/libc.a(lib_a-findfp.o)
                0x00000000c0000b44                _cleanup_r
                0x00000000c0000c7c                __sfmoreglue
                0x00000000c0000cc4                __sfp
                0x00000000c0000d80                _cleanup
                0x00000000c0000d92                __sinit
                0x00000000c0000d9c                __sfp_lock_acquire
                0x00000000c0000d9e                __sfp_lock_release
                0x00000000c0000da0                __sinit_lock_acquire
                0x00000000c0000da2                __sinit_lock_release
                0x00000000c0000da4                __fp_lock_all
                0x00000000c0000db6                __fp_unlock_all
 .text          0x00000000c0000dc8       0x3a /raid/tools/cross-compilers/riscv-rv64gc-medany/lib/gcc/riscv64-unknown-elf/8.3.0/../../../../riscv64-unknown-elf/lib/libc.a(lib_a-fini.o)
                0x00000000c0000dc8                __libc_fini_array
 .text          0x00000000c0000e02       0x74 /raid/tools/cross-compilers/riscv-rv64gc-medany/lib/gcc/riscv64-unknown-elf/8.3.0/../../../../riscv64-unknown-elf/lib/libc.a(lib_a-fputc.o)
                0x00000000c0000e02                _fputc_r
                0x00000000c0000e34                fputc
 .text          0x00000000c0000e76      0x11c /raid/tools/cross-compilers/riscv-rv64gc-medany/lib/gcc/riscv64-unknown-elf/8.3.0/../../../../riscv64-unknown-elf/lib/libc.a(lib_a-fwalk.o)
                0x00000000c0000e76                _fwalk
                0x00000000c0000f00                _fwalk_reent
 .text          0x00000000c0000f92        0x0 /raid/tools/cross-compilers/riscv-rv64gc-medany/lib/gcc/riscv64-unknown-elf/8.3.0/../../../../riscv64-unknown-elf/lib/libc.a(lib_a-impure.o)
 .text          0x00000000c0000f92       0x6e /raid/tools/cross-compilers/riscv-rv64gc-medany/lib/gcc/riscv64-unknown-elf/8.3.0/../../../../riscv64-unknown-elf/lib/libc.a(lib_a-init.o)
                0x00000000c0000f92                __libc_init_array
 .text          0x00000000c0001000      0x660 /raid/tools/cross-compilers/riscv-rv64gc-medany/lib/gcc/riscv64-unknown-elf/8.3.0/../../../../riscv64-unknown-elf/lib/libc.a(lib_a-mallocr.o)
                0x00000000c0001000                _malloc_r
 .text          0x00000000c0001660       0xaa /raid/tools/cross-compilers/riscv-rv64gc-medany/lib/gcc/riscv64-unknown-elf/8.3.0/../../../../riscv64-unknown-elf/lib/libc.a(lib_a-memset.o)
                0x00000000c0001660                memset
 .text          0x00000000c000170a        0x4 /raid/tools/cross-compilers/riscv-rv64gc-medany/lib/gcc/riscv64-unknown-elf/8.3.0/../../../../riscv64-unknown-elf/lib/libc.a(lib_a-mlock.o)
                0x00000000c000170a                __malloc_lock
                0x00000000c000170c                __malloc_unlock
 .text          0x00000000c000170e       0xc6 /raid/tools/cross-compilers/riscv-rv64gc-medany/lib/gcc/riscv64-unknown-elf/8.3.0/../../../../riscv64-unknown-elf/lib/libc.a(lib_a-putc.o)
                0x00000000c000170e                _putc_r
                0x00000000c000176a                putc
 .text          0x00000000c00017d4       0x4e /raid/tools/cross-compilers/riscv-rv64gc-medany/lib/gcc/riscv64-unknown-elf/8.3.0/../../../../riscv64-unknown-elf/lib/libc.a(lib_a-rget.o)
                0x00000000c00017d4                __srget_r
                0x00000000c0001816                __srget
 .text          0x00000000c0001822       0x3a /raid/tools/cross-compilers/riscv-rv64gc-medany/lib/gcc/riscv64-unknown-elf/8.3.0/../../../../riscv64-unknown-elf/lib/libc.a(lib_a-sbrkr.o)
                0x00000000c0001822                _sbrk_r
 .text          0x00000000c000185c       0xda /raid/tools/cross-compilers/riscv-rv64gc-medany/lib/gcc/riscv64-unknown-elf/8.3.0/../../../../riscv64-unknown-elf/lib/libc.a(lib_a-stdio.o)
                0x00000000c000185c                __sread
                0x00000000c0001894                __seofread
                0x00000000c0001898                __swrite
                0x00000000c00018ec                __sseek
                0x00000000c000192e                __sclose
 .text          0x00000000c0001936      0x10c /raid/tools/cross-compilers/riscv-rv64gc-medany/lib/gcc/riscv64-unknown-elf/8.3.0/../../../../riscv64-unknown-elf/lib/libc.a(lib_a-wbuf.o)
                0x00000000c0001936                __swbuf_r
                0x00000000c0001a34                __swbuf
 .text          0x00000000c0001a42       0x40 /raid/tools/cross-compilers/riscv-rv64gc-medany/lib/gcc/riscv64-unknown-elf/8.3.0/../../../../riscv64-unknown-elf/lib/libc.a(lib_a-writer.o)
                0x00000000c0001a42                _write_r
 .text          0x00000000c0001a82       0xf4 /raid/tools/cross-compilers/riscv-rv64gc-medany/lib/gcc/riscv64-unknown-elf/8.3.0/../../../../riscv64-unknown-elf/lib/libc.a(lib_a-wsetup.o)
                0x00000000c0001a82                __swsetup_r
 .text          0x00000000c0001b76       0x78 /raid/tools/cross-compilers/riscv-rv64gc-medany/lib/gcc/riscv64-unknown-elf/8.3.0/../../../../riscv64-unknown-elf/lib/libc.a(lib_a-__atexit.o)
                0x00000000c0001b76                __register_exitproc
 .text          0x00000000c0001bee       0xc2 /raid/tools/cross-compilers/riscv-rv64gc-medany/lib/gcc/riscv64-unknown-elf/8.3.0/../../../../riscv64-unknown-elf/lib/libc.a(lib_a-__call_atexit.o)
                0x00000000c0001bee                __call_exitprocs
 .text          0x00000000c0001cb0       0x3a /raid/tools/cross-compilers/riscv-rv64gc-medany/lib/gcc/riscv64-unknown-elf/8.3.0/../../../../riscv64-unknown-elf/lib/libc.a(lib_a-closer.o)
                0x00000000c0001cb0                _close_r
 .text          0x00000000c0001cea       0xba /raid/tools/cross-compilers/riscv-rv64gc-medany/lib/gcc/riscv64-unknown-elf/8.3.0/../../../../riscv64-unknown-elf/lib/libc.a(lib_a-fclose.o)
                0x00000000c0001cea                _fclose_r
                0x00000000c0001d98                fclose
 .text          0x00000000c0001da4      0x1ee /raid/tools/cross-compilers/riscv-rv64gc-medany/lib/gcc/riscv64-unknown-elf/8.3.0/../../../../riscv64-unknown-elf/lib/libc.a(lib_a-fflush.o)
                0x00000000c0001da4                __sflush_r
                0x00000000c0001f3a                _fflush_r
                0x00000000c0001f72                fflush
 .text          0x00000000c0001f92      0x342 /raid/tools/cross-compilers/riscv-rv64gc-medany/lib/gcc/riscv64-unknown-elf/8.3.0/../../../../riscv64-unknown-elf/lib/libc.a(lib_a-freer.o)
                0x00000000c0001f92                _malloc_trim_r
                0x00000000c000206a                _free_r
 .text          0x00000000c00022d4       0x40 /raid/tools/cross-compilers/riscv-rv64gc-medany/lib/gcc/riscv64-unknown-elf/8.3.0/../../../../riscv64-unknown-elf/lib/libc.a(lib_a-lseekr.o)
                0x00000000c00022d4                _lseek_r
 .text          0x00000000c0002314      0x13e /raid/tools/cross-compilers/riscv-rv64gc-medany/lib/gcc/riscv64-unknown-elf/8.3.0/../../../../riscv64-unknown-elf/lib/libc.a(lib_a-makebuf.o)
                0x00000000c0002314                __swhatbuf_r
                0x00000000c0002396                __smakebuf_r
 .text          0x00000000c0002452       0x40 /raid/tools/cross-compilers/riscv-rv64gc-medany/lib/gcc/riscv64-unknown-elf/8.3.0/../../../../riscv64-unknown-elf/lib/libc.a(lib_a-readr.o)
                0x00000000c0002452                _read_r
 .text          0x00000000c0002492       0xcc /raid/tools/cross-compilers/riscv-rv64gc-medany/lib/gcc/riscv64-unknown-elf/8.3.0/../../../../riscv64-unknown-elf/lib/libc.a(lib_a-reent.o)
                0x00000000c0002492                cleanup_glue
                0x00000000c00024b6                _reclaim_reent
 .text          0x00000000c000255e      0x178 /raid/tools/cross-compilers/riscv-rv64gc-medany/lib/gcc/riscv64-unknown-elf/8.3.0/../../../../riscv64-unknown-elf/lib/libc.a(lib_a-refill.o)
                0x00000000c0002572                __srefill_r
 .text          0x00000000c00026d6       0x3e /raid/tools/cross-compilers/riscv-rv64gc-medany/lib/gcc/riscv64-unknown-elf/8.3.0/../../../../riscv64-unknown-elf/lib/libc.a(lib_a-fstatr.o)
                0x00000000c00026d6                _fstat_r
 .text          0x00000000c0002714       0x3a /raid/tools/cross-compilers/riscv-rv64gc-medany/lib/gcc/riscv64-unknown-elf/8.3.0/../../../../riscv64-unknown-elf/lib/libc.a(lib_a-isattyr.o)
                0x00000000c0002714                _isatty_r
 .text          0x00000000c000274e        0x2 /raid/tools/cross-compilers/riscv-rv64gc-medany/lib/gcc/riscv64-unknown-elf/8.3.0/../../../../riscv64-unknown-elf/lib/libnosys.a(_exit.o)
                0x00000000c000274e                _exit
 .text          0x00000000c0002750        0x0 /raid/tools/cross-compilers/riscv-rv64gc-medany/lib/gcc/riscv64-unknown-elf/8.3.0/crtend.o
 *(.gnu.warning)

.fini
 *(SORT_NONE(.fini))
                [!provide]                        PROVIDE (__etext = .)
                [!provide]                        PROVIDE (_etext = .)
                [!provide]                        PROVIDE (etext = .)

.rodata
 *(.rodata .rodata.* .gnu.linkonce.r.*)

.rodata1
 *(.rodata1)

.sdata2
 *(.sdata2 .sdata2.* .gnu.linkonce.s2.*)

.sbss2
 *(.sbss2 .sbss2.* .gnu.linkonce.sb2.*)

.eh_frame_hdr
 *(.eh_frame_hdr)
 *(.eh_frame_entry .eh_frame_entry.*)

.eh_frame
 *(.eh_frame)
 *(.eh_frame.*)

.gcc_except_table
 *(.gcc_except_table .gcc_except_table.*)

.gnu_extab
 *(.gnu_extab*)

.exception_ranges
 *(.exception_ranges*)
                0x00000000c0003750                . = DATA_SEGMENT_ALIGN (CONSTANT (MAXPAGESIZE), CONSTANT (COMMONPAGESIZE))

.eh_frame       0x00000000c0003750        0x4
 *(.eh_frame)
 .eh_frame      0x00000000c0003750        0x0 /raid/tools/cross-compilers/riscv-rv64gc-medany/lib/gcc/riscv64-unknown-elf/8.3.0/crtbegin.o
 .eh_frame      0x00000000c0003750        0x4 /raid/tools/cross-compilers/riscv-rv64gc-medany/lib/gcc/riscv64-unknown-elf/8.3.0/crtend.o
 *(.eh_frame.*)

.gnu_extab
 *(.gnu_extab)

.gcc_except_table
 *(.gcc_except_table .gcc_except_table.*)

.exception_ranges
 *(.exception_ranges*)

.tdata          0x00000000c0003754        0x0
                [!provide]                        PROVIDE (__tdata_start = .)
 *(.tdata .tdata.* .gnu.linkonce.td.*)

.tbss
 *(.tbss .tbss.* .gnu.linkonce.tb.*)
 *(.tcommon)

.preinit_array  0x00000000c0003754        0x0
                0x00000000c0003754                PROVIDE (__preinit_array_start = .)
 *(.preinit_array)
                0x00000000c0003754                PROVIDE (__preinit_array_end = .)

.init_array     0x00000000c0003758       0x10
                0x00000000c0003758                PROVIDE (__init_array_start = .)
 *(SORT_BY_INIT_PRIORITY(.init_array.*) SORT_BY_INIT_PRIORITY(.ctors.*))
 *(.init_array EXCLUDE_FILE(*crtend?.o *crtend.o *crtbegin?.o *crtbegin.o) .ctors)
 .init_array    0x00000000c0003758        0x8 /raid/tools/cross-compilers/riscv-rv64gc-medany/lib/gcc/riscv64-unknown-elf/8.3.0/crtbegin.o
 .init_array    0x00000000c0003760        0x8 ./lib/ns16550.o
                0x00000000c0003768                PROVIDE (__init_array_end = .)

.fini_array     0x00000000c0003768        0x8
                0x00000000c0003768                PROVIDE (__fini_array_start = .)
 *(SORT_BY_INIT_PRIORITY(.fini_array.*) SORT_BY_INIT_PRIORITY(.dtors.*))
 *(.fini_array EXCLUDE_FILE(*crtend?.o *crtend.o *crtbegin?.o *crtbegin.o) .dtors)
 .fini_array    0x00000000c0003768        0x8 /raid/tools/cross-compilers/riscv-rv64gc-medany/lib/gcc/riscv64-unknown-elf/8.3.0/crtbegin.o
                0x00000000c0003770                PROVIDE (__fini_array_end = .)

.ctors
 *crtbegin.o(.ctors)
 *crtbegin?.o(.ctors)
 *(EXCLUDE_FILE(*crtend?.o *crtend.o) .ctors)
 *(SORT_BY_NAME(.ctors.*))
 *(.ctors)

.dtors
 *crtbegin.o(.dtors)
 *crtbegin?.o(.dtors)
 *(EXCLUDE_FILE(*crtend?.o *crtend.o) .dtors)
 *(SORT_BY_NAME(.dtors.*))
 *(.dtors)

.jcr
 *(.jcr)

.data.rel.ro
 *(.data.rel.ro.local* .gnu.linkonce.d.rel.ro.local.*)
 *(.data.rel.ro .data.rel.ro.* .gnu.linkonce.d.rel.ro.*)

.dynamic
 *(.dynamic)
                0x00000000c0003770                . = DATA_SEGMENT_RELRO_END (., 0x0)

.data           0x00000000c0003770      0xf58
                0x00000000c0003770                __DATA_BEGIN__ = .
 *(.data .data.* .gnu.linkonce.d.*)
 .data          0x00000000c0003770        0x0 /raid/tools/cross-compilers/riscv-rv64gc-medany/lib/gcc/riscv64-unknown-elf/8.3.0/../../../../riscv64-unknown-elf/lib/crt0.o
 .data          0x00000000c0003770        0x0 /raid/tools/cross-compilers/riscv-rv64gc-medany/lib/gcc/riscv64-unknown-elf/8.3.0/crtbegin.o
 .data          0x00000000c0003770        0x0 ./lib/startup.o
 .data          0x00000000c0003770        0x0 ./lib/syscalls.o
 .data          0x00000000c0003770        0x0 ./lib/riscv_counters.o
 .data          0x00000000c0003770        0x0 ./lib/ns16550.o
 .data          0x00000000c0003770        0x0 /tmp/ccm7Z1eI.o
 .data          0x00000000c0003770        0x0 /raid/tools/cross-compilers/riscv-rv64gc-medany/lib/gcc/riscv64-unknown-elf/8.3.0/../../../../riscv64-unknown-elf/lib/libc.a(lib_a-atexit.o)
 .data          0x00000000c0003770        0x0 /raid/tools/cross-compilers/riscv-rv64gc-medany/lib/gcc/riscv64-unknown-elf/8.3.0/../../../../riscv64-unknown-elf/lib/libc.a(lib_a-errno.o)
 .data          0x00000000c0003770        0x0 /raid/tools/cross-compilers/riscv-rv64gc-medany/lib/gcc/riscv64-unknown-elf/8.3.0/../../../../riscv64-unknown-elf/lib/libc.a(lib_a-exit.o)
 .data          0x00000000c0003770        0x0 /raid/tools/cross-compilers/riscv-rv64gc-medany/lib/gcc/riscv64-unknown-elf/8.3.0/../../../../riscv64-unknown-elf/lib/libc.a(lib_a-fgetc.o)
 .data          0x00000000c0003770        0x0 /raid/tools/cross-compilers/riscv-rv64gc-medany/lib/gcc/riscv64-unknown-elf/8.3.0/../../../../riscv64-unknown-elf/lib/libc.a(lib_a-findfp.o)
 .data          0x00000000c0003770        0x0 /raid/tools/cross-compilers/riscv-rv64gc-medany/lib/gcc/riscv64-unknown-elf/8.3.0/../../../../riscv64-unknown-elf/lib/libc.a(lib_a-fini.o)
 .data          0x00000000c0003770        0x0 /raid/tools/cross-compilers/riscv-rv64gc-medany/lib/gcc/riscv64-unknown-elf/8.3.0/../../../../riscv64-unknown-elf/lib/libc.a(lib_a-fputc.o)
 .data          0x00000000c0003770        0x0 /raid/tools/cross-compilers/riscv-rv64gc-medany/lib/gcc/riscv64-unknown-elf/8.3.0/../../../../riscv64-unknown-elf/lib/libc.a(lib_a-fwalk.o)
 .data          0x00000000c0003770      0x748 /raid/tools/cross-compilers/riscv-rv64gc-medany/lib/gcc/riscv64-unknown-elf/8.3.0/../../../../riscv64-unknown-elf/lib/libc.a(lib_a-impure.o)
 .data          0x00000000c0003eb8        0x0 /raid/tools/cross-compilers/riscv-rv64gc-medany/lib/gcc/riscv64-unknown-elf/8.3.0/../../../../riscv64-unknown-elf/lib/libc.a(lib_a-init.o)
 .data          0x00000000c0003eb8      0x810 /raid/tools/cross-compilers/riscv-rv64gc-medany/lib/gcc/riscv64-unknown-elf/8.3.0/../../../../riscv64-unknown-elf/lib/libc.a(lib_a-mallocr.o)
                0x00000000c0003eb8                __malloc_av_
 .data          0x00000000c00046c8        0x0 /raid/tools/cross-compilers/riscv-rv64gc-medany/lib/gcc/riscv64-unknown-elf/8.3.0/../../../../riscv64-unknown-elf/lib/libc.a(lib_a-memset.o)
 .data          0x00000000c00046c8        0x0 /raid/tools/cross-compilers/riscv-rv64gc-medany/lib/gcc/riscv64-unknown-elf/8.3.0/../../../../riscv64-unknown-elf/lib/libc.a(lib_a-mlock.o)
 .data          0x00000000c00046c8        0x0 /raid/tools/cross-compilers/riscv-rv64gc-medany/lib/gcc/riscv64-unknown-elf/8.3.0/../../../../riscv64-unknown-elf/lib/libc.a(lib_a-putc.o)
 .data          0x00000000c00046c8        0x0 /raid/tools/cross-compilers/riscv-rv64gc-medany/lib/gcc/riscv64-unknown-elf/8.3.0/../../../../riscv64-unknown-elf/lib/libc.a(lib_a-rget.o)
 .data          0x00000000c00046c8        0x0 /raid/tools/cross-compilers/riscv-rv64gc-medany/lib/gcc/riscv64-unknown-elf/8.3.0/../../../../riscv64-unknown-elf/lib/libc.a(lib_a-sbrkr.o)
 .data          0x00000000c00046c8        0x0 /raid/tools/cross-compilers/riscv-rv64gc-medany/lib/gcc/riscv64-unknown-elf/8.3.0/../../../../riscv64-unknown-elf/lib/libc.a(lib_a-stdio.o)
 .data          0x00000000c00046c8        0x0 /raid/tools/cross-compilers/riscv-rv64gc-medany/lib/gcc/riscv64-unknown-elf/8.3.0/../../../../riscv64-unknown-elf/lib/libc.a(lib_a-wbuf.o)
 .data          0x00000000c00046c8        0x0 /raid/tools/cross-compilers/riscv-rv64gc-medany/lib/gcc/riscv64-unknown-elf/8.3.0/../../../../riscv64-unknown-elf/lib/libc.a(lib_a-writer.o)
 .data          0x00000000c00046c8        0x0 /raid/tools/cross-compilers/riscv-rv64gc-medany/lib/gcc/riscv64-unknown-elf/8.3.0/../../../../riscv64-unknown-elf/lib/libc.a(lib_a-wsetup.o)
 .data          0x00000000c00046c8        0x0 /raid/tools/cross-compilers/riscv-rv64gc-medany/lib/gcc/riscv64-unknown-elf/8.3.0/../../../../riscv64-unknown-elf/lib/libc.a(lib_a-__atexit.o)
 .data          0x00000000c00046c8        0x0 /raid/tools/cross-compilers/riscv-rv64gc-medany/lib/gcc/riscv64-unknown-elf/8.3.0/../../../../riscv64-unknown-elf/lib/libc.a(lib_a-__call_atexit.o)
 .data          0x00000000c00046c8        0x0 /raid/tools/cross-compilers/riscv-rv64gc-medany/lib/gcc/riscv64-unknown-elf/8.3.0/../../../../riscv64-unknown-elf/lib/libc.a(lib_a-closer.o)
 .data          0x00000000c00046c8        0x0 /raid/tools/cross-compilers/riscv-rv64gc-medany/lib/gcc/riscv64-unknown-elf/8.3.0/../../../../riscv64-unknown-elf/lib/libc.a(lib_a-fclose.o)
 .data          0x00000000c00046c8        0x0 /raid/tools/cross-compilers/riscv-rv64gc-medany/lib/gcc/riscv64-unknown-elf/8.3.0/../../../../riscv64-unknown-elf/lib/libc.a(lib_a-fflush.o)
 .data          0x00000000c00046c8        0x0 /raid/tools/cross-compilers/riscv-rv64gc-medany/lib/gcc/riscv64-unknown-elf/8.3.0/../../../../riscv64-unknown-elf/lib/libc.a(lib_a-freer.o)
 .data          0x00000000c00046c8        0x0 /raid/tools/cross-compilers/riscv-rv64gc-medany/lib/gcc/riscv64-unknown-elf/8.3.0/../../../../riscv64-unknown-elf/lib/libc.a(lib_a-lseekr.o)
 .data          0x00000000c00046c8        0x0 /raid/tools/cross-compilers/riscv-rv64gc-medany/lib/gcc/riscv64-unknown-elf/8.3.0/../../../../riscv64-unknown-elf/lib/libc.a(lib_a-makebuf.o)
 .data          0x00000000c00046c8        0x0 /raid/tools/cross-compilers/riscv-rv64gc-medany/lib/gcc/riscv64-unknown-elf/8.3.0/../../../../riscv64-unknown-elf/lib/libc.a(lib_a-readr.o)
 .data          0x00000000c00046c8        0x0 /raid/tools/cross-compilers/riscv-rv64gc-medany/lib/gcc/riscv64-unknown-elf/8.3.0/../../../../riscv64-unknown-elf/lib/libc.a(lib_a-reent.o)
 .data          0x00000000c00046c8        0x0 /raid/tools/cross-compilers/riscv-rv64gc-medany/lib/gcc/riscv64-unknown-elf/8.3.0/../../../../riscv64-unknown-elf/lib/libc.a(lib_a-refill.o)
 .data          0x00000000c00046c8        0x0 /raid/tools/cross-compilers/riscv-rv64gc-medany/lib/gcc/riscv64-unknown-elf/8.3.0/../../../../riscv64-unknown-elf/lib/libc.a(lib_a-fstatr.o)
 .data          0x00000000c00046c8        0x0 /raid/tools/cross-compilers/riscv-rv64gc-medany/lib/gcc/riscv64-unknown-elf/8.3.0/../../../../riscv64-unknown-elf/lib/libc.a(lib_a-isattyr.o)
 .data          0x00000000c00046c8        0x0 /raid/tools/cross-compilers/riscv-rv64gc-medany/lib/gcc/riscv64-unknown-elf/8.3.0/../../../../riscv64-unknown-elf/lib/libnosys.a(_exit.o)
 .data          0x00000000c00046c8        0x0 /raid/tools/cross-compilers/riscv-rv64gc-medany/lib/gcc/riscv64-unknown-elf/8.3.0/crtend.o

.tm_clone_table
                0x00000000c00046c8        0x0
 .tm_clone_table
                0x00000000c00046c8        0x0 /raid/tools/cross-compilers/riscv-rv64gc-medany/lib/gcc/riscv64-unknown-elf/8.3.0/crtbegin.o
 .tm_clone_table
                0x00000000c00046c8        0x0 /raid/tools/cross-compilers/riscv-rv64gc-medany/lib/gcc/riscv64-unknown-elf/8.3.0/crtend.o

.data1
 *(.data1)

.got
 *(.got.plt)
 *(.igot.plt)
 *(.got)
 *(.igot)

.sdata          0x00000000c00046c8       0x30
                0x00000000c00046c8                __SDATA_BEGIN__ = .
 *(.srodata.cst16)
 *(.srodata.cst8)
 *(.srodata.cst4)
 *(.srodata.cst2)
 *(.srodata .srodata.*)
 .srodata       0x00000000c00046c8        0x8 /raid/tools/cross-compilers/riscv-rv64gc-medany/lib/gcc/riscv64-unknown-elf/8.3.0/../../../../riscv64-unknown-elf/lib/libc.a(lib_a-impure.o)
                0x00000000c00046c8                _global_impure_ptr
 *(.sdata .sdata.* .gnu.linkonce.s.*)
 .sdata         0x00000000c00046d0        0x8 /raid/tools/cross-compilers/riscv-rv64gc-medany/lib/gcc/riscv64-unknown-elf/8.3.0/crtbegin.o
                0x00000000c00046d0                __dso_handle
 .sdata         0x00000000c00046d8        0x8 ./lib/ns16550.o
 .sdata         0x00000000c00046e0        0x8 /raid/tools/cross-compilers/riscv-rv64gc-medany/lib/gcc/riscv64-unknown-elf/8.3.0/../../../../riscv64-unknown-elf/lib/libc.a(lib_a-impure.o)
                0x00000000c00046e0                _impure_ptr
 .sdata         0x00000000c00046e8       0x10 /raid/tools/cross-compilers/riscv-rv64gc-medany/lib/gcc/riscv64-unknown-elf/8.3.0/../../../../riscv64-unknown-elf/lib/libc.a(lib_a-mallocr.o)
                0x00000000c00046e8                __malloc_sbrk_base
                0x00000000c00046f0                __malloc_trim_threshold
                0x00000000c00046f8                _edata = .
                [!provide]                        PROVIDE (edata = .)
                0x00000000c00046f8                . = .
                0x00000000c00046f8                __bss_start = .

.sbss           0x00000000c00046f8       0x18
 *(.dynsbss)
 *(.sbss .sbss.* .gnu.linkonce.sb.*)
 .sbss          0x00000000c00046f8       0x18 /raid/tools/cross-compilers/riscv-rv64gc-medany/lib/gcc/riscv64-unknown-elf/8.3.0/../../../../riscv64-unknown-elf/lib/libc.a(lib_a-mallocr.o)
                0x00000000c00046f8                __malloc_max_total_mem
                0x00000000c0004700                __malloc_max_sbrked_mem
                0x00000000c0004708                __malloc_top_pad
 *(.scommon)

.bss            0x00000000c0004710       0x68
 *(.dynbss)
 *(.bss .bss.* .gnu.linkonce.b.*)
 .bss           0x00000000c0004710        0x0 /raid/tools/cross-compilers/riscv-rv64gc-medany/lib/gcc/riscv64-unknown-elf/8.3.0/../../../../riscv64-unknown-elf/lib/crt0.o
 .bss           0x00000000c0004710       0x38 /raid/tools/cross-compilers/riscv-rv64gc-medany/lib/gcc/riscv64-unknown-elf/8.3.0/crtbegin.o
 .bss           0x00000000c0004748        0x0 ./lib/startup.o
 .bss           0x00000000c0004748        0x0 ./lib/syscalls.o
 .bss           0x00000000c0004748        0x0 ./lib/riscv_counters.o
 .bss           0x00000000c0004748        0x0 ./lib/ns16550.o
 .bss           0x00000000c0004748        0x0 /tmp/ccm7Z1eI.o
 .bss           0x00000000c0004748        0x0 /raid/tools/cross-compilers/riscv-rv64gc-medany/lib/gcc/riscv64-unknown-elf/8.3.0/../../../../riscv64-unknown-elf/lib/libc.a(lib_a-atexit.o)
 .bss           0x00000000c0004748        0x0 /raid/tools/cross-compilers/riscv-rv64gc-medany/lib/gcc/riscv64-unknown-elf/8.3.0/../../../../riscv64-unknown-elf/lib/libc.a(lib_a-errno.o)
 .bss           0x00000000c0004748        0x0 /raid/tools/cross-compilers/riscv-rv64gc-medany/lib/gcc/riscv64-unknown-elf/8.3.0/../../../../riscv64-unknown-elf/lib/libc.a(lib_a-exit.o)
 .bss           0x00000000c0004748        0x0 /raid/tools/cross-compilers/riscv-rv64gc-medany/lib/gcc/riscv64-unknown-elf/8.3.0/../../../../riscv64-unknown-elf/lib/libc.a(lib_a-fgetc.o)
 .bss           0x00000000c0004748        0x0 /raid/tools/cross-compilers/riscv-rv64gc-medany/lib/gcc/riscv64-unknown-elf/8.3.0/../../../../riscv64-unknown-elf/lib/libc.a(lib_a-findfp.o)
 .bss           0x00000000c0004748        0x0 /raid/tools/cross-compilers/riscv-rv64gc-medany/lib/gcc/riscv64-unknown-elf/8.3.0/../../../../riscv64-unknown-elf/lib/libc.a(lib_a-fini.o)
 .bss           0x00000000c0004748        0x0 /raid/tools/cross-compilers/riscv-rv64gc-medany/lib/gcc/riscv64-unknown-elf/8.3.0/../../../../riscv64-unknown-elf/lib/libc.a(lib_a-fputc.o)
 .bss           0x00000000c0004748        0x0 /raid/tools/cross-compilers/riscv-rv64gc-medany/lib/gcc/riscv64-unknown-elf/8.3.0/../../../../riscv64-unknown-elf/lib/libc.a(lib_a-fwalk.o)
 .bss           0x00000000c0004748        0x0 /raid/tools/cross-compilers/riscv-rv64gc-medany/lib/gcc/riscv64-unknown-elf/8.3.0/../../../../riscv64-unknown-elf/lib/libc.a(lib_a-impure.o)
 .bss           0x00000000c0004748        0x0 /raid/tools/cross-compilers/riscv-rv64gc-medany/lib/gcc/riscv64-unknown-elf/8.3.0/../../../../riscv64-unknown-elf/lib/libc.a(lib_a-init.o)
 .bss           0x00000000c0004748       0x28 /raid/tools/cross-compilers/riscv-rv64gc-medany/lib/gcc/riscv64-unknown-elf/8.3.0/../../../../riscv64-unknown-elf/lib/libc.a(lib_a-mallocr.o)
                0x00000000c0004748                __malloc_current_mallinfo
 .bss           0x00000000c0004770        0x0 /raid/tools/cross-compilers/riscv-rv64gc-medany/lib/gcc/riscv64-unknown-elf/8.3.0/../../../../riscv64-unknown-elf/lib/libc.a(lib_a-memset.o)
 .bss           0x00000000c0004770        0x0 /raid/tools/cross-compilers/riscv-rv64gc-medany/lib/gcc/riscv64-unknown-elf/8.3.0/../../../../riscv64-unknown-elf/lib/libc.a(lib_a-mlock.o)
 .bss           0x00000000c0004770        0x0 /raid/tools/cross-compilers/riscv-rv64gc-medany/lib/gcc/riscv64-unknown-elf/8.3.0/../../../../riscv64-unknown-elf/lib/libc.a(lib_a-putc.o)
 .bss           0x00000000c0004770        0x0 /raid/tools/cross-compilers/riscv-rv64gc-medany/lib/gcc/riscv64-unknown-elf/8.3.0/../../../../riscv64-unknown-elf/lib/libc.a(lib_a-rget.o)
 .bss           0x00000000c0004770        0x0 /raid/tools/cross-compilers/riscv-rv64gc-medany/lib/gcc/riscv64-unknown-elf/8.3.0/../../../../riscv64-unknown-elf/lib/libc.a(lib_a-sbrkr.o)
 .bss           0x00000000c0004770        0x0 /raid/tools/cross-compilers/riscv-rv64gc-medany/lib/gcc/riscv64-unknown-elf/8.3.0/../../../../riscv64-unknown-elf/lib/libc.a(lib_a-stdio.o)
 .bss           0x00000000c0004770        0x0 /raid/tools/cross-compilers/riscv-rv64gc-medany/lib/gcc/riscv64-unknown-elf/8.3.0/../../../../riscv64-unknown-elf/lib/libc.a(lib_a-wbuf.o)
 .bss           0x00000000c0004770        0x0 /raid/tools/cross-compilers/riscv-rv64gc-medany/lib/gcc/riscv64-unknown-elf/8.3.0/../../../../riscv64-unknown-elf/lib/libc.a(lib_a-writer.o)
 .bss           0x00000000c0004770        0x0 /raid/tools/cross-compilers/riscv-rv64gc-medany/lib/gcc/riscv64-unknown-elf/8.3.0/../../../../riscv64-unknown-elf/lib/libc.a(lib_a-wsetup.o)
 .bss           0x00000000c0004770        0x0 /raid/tools/cross-compilers/riscv-rv64gc-medany/lib/gcc/riscv64-unknown-elf/8.3.0/../../../../riscv64-unknown-elf/lib/libc.a(lib_a-__atexit.o)
 .bss           0x00000000c0004770        0x0 /raid/tools/cross-compilers/riscv-rv64gc-medany/lib/gcc/riscv64-unknown-elf/8.3.0/../../../../riscv64-unknown-elf/lib/libc.a(lib_a-__call_atexit.o)
 .bss           0x00000000c0004770        0x0 /raid/tools/cross-compilers/riscv-rv64gc-medany/lib/gcc/riscv64-unknown-elf/8.3.0/../../../../riscv64-unknown-elf/lib/libc.a(lib_a-closer.o)
 .bss           0x00000000c0004770        0x0 /raid/tools/cross-compilers/riscv-rv64gc-medany/lib/gcc/riscv64-unknown-elf/8.3.0/../../../../riscv64-unknown-elf/lib/libc.a(lib_a-fclose.o)
 .bss           0x00000000c0004770        0x0 /raid/tools/cross-compilers/riscv-rv64gc-medany/lib/gcc/riscv64-unknown-elf/8.3.0/../../../../riscv64-unknown-elf/lib/libc.a(lib_a-fflush.o)
 .bss           0x00000000c0004770        0x0 /raid/tools/cross-compilers/riscv-rv64gc-medany/lib/gcc/riscv64-unknown-elf/8.3.0/../../../../riscv64-unknown-elf/lib/libc.a(lib_a-freer.o)
 .bss           0x00000000c0004770        0x0 /raid/tools/cross-compilers/riscv-rv64gc-medany/lib/gcc/riscv64-unknown-elf/8.3.0/../../../../riscv64-unknown-elf/lib/libc.a(lib_a-lseekr.o)
 .bss           0x00000000c0004770        0x0 /raid/tools/cross-compilers/riscv-rv64gc-medany/lib/gcc/riscv64-unknown-elf/8.3.0/../../../../riscv64-unknown-elf/lib/libc.a(lib_a-makebuf.o)
 .bss           0x00000000c0004770        0x0 /raid/tools/cross-compilers/riscv-rv64gc-medany/lib/gcc/riscv64-unknown-elf/8.3.0/../../../../riscv64-unknown-elf/lib/libc.a(lib_a-readr.o)
 .bss           0x00000000c0004770        0x0 /raid/tools/cross-compilers/riscv-rv64gc-medany/lib/gcc/riscv64-unknown-elf/8.3.0/../../../../riscv64-unknown-elf/lib/libc.a(lib_a-reent.o)
 .bss           0x00000000c0004770        0x0 /raid/tools/cross-compilers/riscv-rv64gc-medany/lib/gcc/riscv64-unknown-elf/8.3.0/../../../../riscv64-unknown-elf/lib/libc.a(lib_a-refill.o)
 .bss           0x00000000c0004770        0x0 /raid/tools/cross-compilers/riscv-rv64gc-medany/lib/gcc/riscv64-unknown-elf/8.3.0/../../../../riscv64-unknown-elf/lib/libc.a(lib_a-fstatr.o)
 .bss           0x00000000c0004770        0x0 /raid/tools/cross-compilers/riscv-rv64gc-medany/lib/gcc/riscv64-unknown-elf/8.3.0/../../../../riscv64-unknown-elf/lib/libc.a(lib_a-isattyr.o)
 .bss           0x00000000c0004770        0x0 /raid/tools/cross-compilers/riscv-rv64gc-medany/lib/gcc/riscv64-unknown-elf/8.3.0/../../../../riscv64-unknown-elf/lib/libnosys.a(_exit.o)
 .bss           0x00000000c0004770        0x0 /raid/tools/cross-compilers/riscv-rv64gc-medany/lib/gcc/riscv64-unknown-elf/8.3.0/crtend.o
 *(COMMON)
 COMMON         0x00000000c0004770        0x4 /raid/tools/cross-compilers/riscv-rv64gc-medany/lib/gcc/riscv64-unknown-elf/8.3.0/../../../../riscv64-unknown-elf/lib/libc.a(lib_a-reent.o)
                0x00000000c0004770                errno
                0x00000000c0004778                . = ALIGN ((. != 0x0)?0x8:0x1)
 *fill*         0x00000000c0004774        0x4 
LOAD /raid/tools/cross-compilers/riscv-rv64gc-medany/lib/gcc/riscv64-unknown-elf/8.3.0/../../../../riscv64-unknown-elf/lib/crt0.o
LOAD /raid/tools/cross-compilers/riscv-rv64gc-medany/lib/gcc/riscv64-unknown-elf/8.3.0/crtbegin.o
                0x00000000c0004778                __startup_save = .

.startup        0x00000000c0000000       0x5c
 startup.o(.text)
 .text          0x00000000c0000000       0x5c ./lib/startup.o
                0x00000000c0000000                _reset
                0x00000000c0004778                . = __startup_save
                0x00000000c0004778                . = ALIGN (0x8)
                0x00000000c0004778                . = SEGMENT_START ("ldata-segment", .)
                0x00000000c0004778                . = ALIGN (0x8)
                0x00000000c0004778                __BSS_END__ = .
                0x00000000c0003f78                __global_pointer$ = MIN ((__SDATA_BEGIN__ + 0x800), MAX ((__DATA_BEGIN__ + 0x800), (__BSS_END__ - 0x800)))
                0x00000000c0004778                _end = .
                [!provide]                        PROVIDE (end = .)
                0x00000000c0004778                . = DATA_SEGMENT_END (.)

.stab
 *(.stab)

.stabstr
 *(.stabstr)

.stab.excl
 *(.stab.excl)

.stab.exclstr
 *(.stab.exclstr)

.stab.index
 *(.stab.index)

.stab.indexstr
 *(.stab.indexstr)

.comment        0x0000000000000000       0x11
 *(.comment)
 .comment       0x0000000000000000       0x11 /raid/tools/cross-compilers/riscv-rv64gc-medany/lib/gcc/riscv64-unknown-elf/8.3.0/crtbegin.o
                                         0x12 (size before relaxing)
 .comment       0x0000000000000011       0x12 ./lib/syscalls.o
 .comment       0x0000000000000011       0x12 ./lib/riscv_counters.o
 .comment       0x0000000000000011       0x12 ./lib/ns16550.o
 .comment       0x0000000000000011       0x12 /tmp/ccm7Z1eI.o
 .comment       0x0000000000000011       0x12 /raid/tools/cross-compilers/riscv-rv64gc-medany/lib/gcc/riscv64-unknown-elf/8.3.0/../../../../riscv64-unknown-elf/lib/libc.a(lib_a-atexit.o)
 .comment       0x0000000000000011       0x12 /raid/tools/cross-compilers/riscv-rv64gc-medany/lib/gcc/riscv64-unknown-elf/8.3.0/../../../../riscv64-unknown-elf/lib/libc.a(lib_a-errno.o)
 .comment       0x0000000000000011       0x12 /raid/tools/cross-compilers/riscv-rv64gc-medany/lib/gcc/riscv64-unknown-elf/8.3.0/../../../../riscv64-unknown-elf/lib/libc.a(lib_a-exit.o)
 .comment       0x0000000000000011       0x12 /raid/tools/cross-compilers/riscv-rv64gc-medany/lib/gcc/riscv64-unknown-elf/8.3.0/../../../../riscv64-unknown-elf/lib/libc.a(lib_a-fgetc.o)
 .comment       0x0000000000000011       0x12 /raid/tools/cross-compilers/riscv-rv64gc-medany/lib/gcc/riscv64-unknown-elf/8.3.0/../../../../riscv64-unknown-elf/lib/libc.a(lib_a-findfp.o)
 .comment       0x0000000000000011       0x12 /raid/tools/cross-compilers/riscv-rv64gc-medany/lib/gcc/riscv64-unknown-elf/8.3.0/../../../../riscv64-unknown-elf/lib/libc.a(lib_a-fini.o)
 .comment       0x0000000000000011       0x12 /raid/tools/cross-compilers/riscv-rv64gc-medany/lib/gcc/riscv64-unknown-elf/8.3.0/../../../../riscv64-unknown-elf/lib/libc.a(lib_a-fputc.o)
 .comment       0x0000000000000011       0x12 /raid/tools/cross-compilers/riscv-rv64gc-medany/lib/gcc/riscv64-unknown-elf/8.3.0/../../../../riscv64-unknown-elf/lib/libc.a(lib_a-fwalk.o)
 .comment       0x0000000000000011       0x12 /raid/tools/cross-compilers/riscv-rv64gc-medany/lib/gcc/riscv64-unknown-elf/8.3.0/../../../../riscv64-unknown-elf/lib/libc.a(lib_a-impure.o)
 .comment       0x0000000000000011       0x12 /raid/tools/cross-compilers/riscv-rv64gc-medany/lib/gcc/riscv64-unknown-elf/8.3.0/../../../../riscv64-unknown-elf/lib/libc.a(lib_a-init.o)
 .comment       0x0000000000000011       0x12 /raid/tools/cross-compilers/riscv-rv64gc-medany/lib/gcc/riscv64-unknown-elf/8.3.0/../../../../riscv64-unknown-elf/lib/libc.a(lib_a-mallocr.o)
 .comment       0x0000000000000011       0x12 /raid/tools/cross-compilers/riscv-rv64gc-medany/lib/gcc/riscv64-unknown-elf/8.3.0/../../../../riscv64-unknown-elf/lib/libc.a(lib_a-mlock.o)
 .comment       0x0000000000000011       0x12 /raid/tools/cross-compilers/riscv-rv64gc-medany/lib/gcc/riscv64-unknown-elf/8.3.0/../../../../riscv64-unknown-elf/lib/libc.a(lib_a-putc.o)
 .comment       0x0000000000000011       0x12 /raid/tools/cross-compilers/riscv-rv64gc-medany/lib/gcc/riscv64-unknown-elf/8.3.0/../../../../riscv64-unknown-elf/lib/libc.a(lib_a-rget.o)
 .comment       0x0000000000000011       0x12 /raid/tools/cross-compilers/riscv-rv64gc-medany/lib/gcc/riscv64-unknown-elf/8.3.0/../../../../riscv64-unknown-elf/lib/libc.a(lib_a-sbrkr.o)
 .comment       0x0000000000000011       0x12 /raid/tools/cross-compilers/riscv-rv64gc-medany/lib/gcc/riscv64-unknown-elf/8.3.0/../../../../riscv64-unknown-elf/lib/libc.a(lib_a-stdio.o)
 .comment       0x0000000000000011       0x12 /raid/tools/cross-compilers/riscv-rv64gc-medany/lib/gcc/riscv64-unknown-elf/8.3.0/../../../../riscv64-unknown-elf/lib/libc.a(lib_a-wbuf.o)
 .comment       0x0000000000000011       0x12 /raid/tools/cross-compilers/riscv-rv64gc-medany/lib/gcc/riscv64-unknown-elf/8.3.0/../../../../riscv64-unknown-elf/lib/libc.a(lib_a-writer.o)
 .comment       0x0000000000000011       0x12 /raid/tools/cross-compilers/riscv-rv64gc-medany/lib/gcc/riscv64-unknown-elf/8.3.0/../../../../riscv64-unknown-elf/lib/libc.a(lib_a-wsetup.o)
 .comment       0x0000000000000011       0x12 /raid/tools/cross-compilers/riscv-rv64gc-medany/lib/gcc/riscv64-unknown-elf/8.3.0/../../../../riscv64-unknown-elf/lib/libc.a(lib_a-__atexit.o)
 .comment       0x0000000000000011       0x12 /raid/tools/cross-compilers/riscv-rv64gc-medany/lib/gcc/riscv64-unknown-elf/8.3.0/../../../../riscv64-unknown-elf/lib/libc.a(lib_a-__call_atexit.o)
 .comment       0x0000000000000011       0x12 /raid/tools/cross-compilers/riscv-rv64gc-medany/lib/gcc/riscv64-unknown-elf/8.3.0/../../../../riscv64-unknown-elf/lib/libc.a(lib_a-closer.o)
 .comment       0x0000000000000011       0x12 /raid/tools/cross-compilers/riscv-rv64gc-medany/lib/gcc/riscv64-unknown-elf/8.3.0/../../../../riscv64-unknown-elf/lib/libc.a(lib_a-fclose.o)
 .comment       0x0000000000000011       0x12 /raid/tools/cross-compilers/riscv-rv64gc-medany/lib/gcc/riscv64-unknown-elf/8.3.0/../../../../riscv64-unknown-elf/lib/libc.a(lib_a-fflush.o)
 .comment       0x0000000000000011       0x12 /raid/tools/cross-compilers/riscv-rv64gc-medany/lib/gcc/riscv64-unknown-elf/8.3.0/../../../../riscv64-unknown-elf/lib/libc.a(lib_a-freer.o)
 .comment       0x0000000000000011       0x12 /raid/tools/cross-compilers/riscv-rv64gc-medany/lib/gcc/riscv64-unknown-elf/8.3.0/../../../../riscv64-unknown-elf/lib/libc.a(lib_a-lseekr.o)
 .comment       0x0000000000000011       0x12 /raid/tools/cross-compilers/riscv-rv64gc-medany/lib/gcc/riscv64-unknown-elf/8.3.0/../../../../riscv64-unknown-elf/lib/libc.a(lib_a-makebuf.o)
 .comment       0x0000000000000011       0x12 /raid/tools/cross-compilers/riscv-rv64gc-medany/lib/gcc/riscv64-unknown-elf/8.3.0/../../../../riscv64-unknown-elf/lib/libc.a(lib_a-readr.o)
 .comment       0x0000000000000011       0x12 /raid/tools/cross-compilers/riscv-rv64gc-medany/lib/gcc/riscv64-unknown-elf/8.3.0/../../../../riscv64-unknown-elf/lib/libc.a(lib_a-reent.o)
 .comment       0x0000000000000011       0x12 /raid/tools/cross-compilers/riscv-rv64gc-medany/lib/gcc/riscv64-unknown-elf/8.3.0/../../../../riscv64-unknown-elf/lib/libc.a(lib_a-refill.o)
 .comment       0x0000000000000011       0x12 /raid/tools/cross-compilers/riscv-rv64gc-medany/lib/gcc/riscv64-unknown-elf/8.3.0/../../../../riscv64-unknown-elf/lib/libc.a(lib_a-fstatr.o)
 .comment       0x0000000000000011       0x12 /raid/tools/cross-compilers/riscv-rv64gc-medany/lib/gcc/riscv64-unknown-elf/8.3.0/../../../../riscv64-unknown-elf/lib/libc.a(lib_a-isattyr.o)
 .comment       0x0000000000000011       0x12 /raid/tools/cross-compilers/riscv-rv64gc-medany/lib/gcc/riscv64-unknown-elf/8.3.0/../../../../riscv64-unknown-elf/lib/libnosys.a(_exit.o)
 .comment       0x0000000000000011       0x12 /raid/tools/cross-compilers/riscv-rv64gc-medany/lib/gcc/riscv64-unknown-elf/8.3.0/crtend.o

.riscv.attributes
                0x0000000000000000       0x33
 .riscv.attributes
                0x0000000000000000       0x33 /raid/tools/cross-compilers/riscv-rv64gc-medany/lib/gcc/riscv64-unknown-elf/8.3.0/../../../../riscv64-unknown-elf/lib/crt0.o
 .riscv.attributes
                0x0000000000000033       0x33 /raid/tools/cross-compilers/riscv-rv64gc-medany/lib/gcc/riscv64-unknown-elf/8.3.0/crtbegin.o
 .riscv.attributes
                0x0000000000000066       0x2e ./lib/startup.o
 .riscv.attributes
                0x0000000000000094       0x2e ./lib/syscalls.o
 .riscv.attributes
                0x00000000000000c2       0x2e ./lib/riscv_counters.o
 .riscv.attributes
                0x00000000000000f0       0x2e ./lib/ns16550.o
 .riscv.attributes
                0x000000000000011e       0x2e /tmp/ccm7Z1eI.o
 .riscv.attributes
                0x000000000000014c       0x33 /raid/tools/cross-compilers/riscv-rv64gc-medany/lib/gcc/riscv64-unknown-elf/8.3.0/../../../../riscv64-unknown-elf/lib/libc.a(lib_a-atexit.o)
 .riscv.attributes
                0x000000000000017f       0x33 /raid/tools/cross-compilers/riscv-rv64gc-medany/lib/gcc/riscv64-unknown-elf/8.3.0/../../../../riscv64-unknown-elf/lib/libc.a(lib_a-errno.o)
 .riscv.attributes
                0x00000000000001b2       0x33 /raid/tools/cross-compilers/riscv-rv64gc-medany/lib/gcc/riscv64-unknown-elf/8.3.0/../../../../riscv64-unknown-elf/lib/libc.a(lib_a-exit.o)
 .riscv.attributes
                0x00000000000001e5       0x33 /raid/tools/cross-compilers/riscv-rv64gc-medany/lib/gcc/riscv64-unknown-elf/8.3.0/../../../../riscv64-unknown-elf/lib/libc.a(lib_a-fgetc.o)
 .riscv.attributes
                0x0000000000000218       0x33 /raid/tools/cross-compilers/riscv-rv64gc-medany/lib/gcc/riscv64-unknown-elf/8.3.0/../../../../riscv64-unknown-elf/lib/libc.a(lib_a-findfp.o)
 .riscv.attributes
                0x000000000000024b       0x33 /raid/tools/cross-compilers/riscv-rv64gc-medany/lib/gcc/riscv64-unknown-elf/8.3.0/../../../../riscv64-unknown-elf/lib/libc.a(lib_a-fini.o)
 .riscv.attributes
                0x000000000000027e       0x33 /raid/tools/cross-compilers/riscv-rv64gc-medany/lib/gcc/riscv64-unknown-elf/8.3.0/../../../../riscv64-unknown-elf/lib/libc.a(lib_a-fputc.o)
 .riscv.attributes
                0x00000000000002b1       0x33 /raid/tools/cross-compilers/riscv-rv64gc-medany/lib/gcc/riscv64-unknown-elf/8.3.0/../../../../riscv64-unknown-elf/lib/libc.a(lib_a-fwalk.o)
 .riscv.attributes
                0x00000000000002e4       0x33 /raid/tools/cross-compilers/riscv-rv64gc-medany/lib/gcc/riscv64-unknown-elf/8.3.0/../../../../riscv64-unknown-elf/lib/libc.a(lib_a-impure.o)
 .riscv.attributes
                0x0000000000000317       0x33 /raid/tools/cross-compilers/riscv-rv64gc-medany/lib/gcc/riscv64-unknown-elf/8.3.0/../../../../riscv64-unknown-elf/lib/libc.a(lib_a-init.o)
 .riscv.attributes
                0x000000000000034a       0x33 /raid/tools/cross-compilers/riscv-rv64gc-medany/lib/gcc/riscv64-unknown-elf/8.3.0/../../../../riscv64-unknown-elf/lib/libc.a(lib_a-mallocr.o)
 .riscv.attributes
                0x000000000000037d       0x33 /raid/tools/cross-compilers/riscv-rv64gc-medany/lib/gcc/riscv64-unknown-elf/8.3.0/../../../../riscv64-unknown-elf/lib/libc.a(lib_a-memset.o)
 .riscv.attributes
                0x00000000000003b0       0x33 /raid/tools/cross-compilers/riscv-rv64gc-medany/lib/gcc/riscv64-unknown-elf/8.3.0/../../../../riscv64-unknown-elf/lib/libc.a(lib_a-mlock.o)
 .riscv.attributes
                0x00000000000003e3       0x33 /raid/tools/cross-compilers/riscv-rv64gc-medany/lib/gcc/riscv64-unknown-elf/8.3.0/../../../../riscv64-unknown-elf/lib/libc.a(lib_a-putc.o)
 .riscv.attributes
                0x0000000000000416       0x33 /raid/tools/cross-compilers/riscv-rv64gc-medany/lib/gcc/riscv64-unknown-elf/8.3.0/../../../../riscv64-unknown-elf/lib/libc.a(lib_a-rget.o)
 .riscv.attributes
                0x0000000000000449       0x33 /raid/tools/cross-compilers/riscv-rv64gc-medany/lib/gcc/riscv64-unknown-elf/8.3.0/../../../../riscv64-unknown-elf/lib/libc.a(lib_a-sbrkr.o)
 .riscv.attributes
                0x000000000000047c       0x33 /raid/tools/cross-compilers/riscv-rv64gc-medany/lib/gcc/riscv64-unknown-elf/8.3.0/../../../../riscv64-unknown-elf/lib/libc.a(lib_a-stdio.o)
 .riscv.attributes
                0x00000000000004af       0x33 /raid/tools/cross-compilers/riscv-rv64gc-medany/lib/gcc/riscv64-unknown-elf/8.3.0/../../../../riscv64-unknown-elf/lib/libc.a(lib_a-wbuf.o)
 .riscv.attributes
                0x00000000000004e2       0x33 /raid/tools/cross-compilers/riscv-rv64gc-medany/lib/gcc/riscv64-unknown-elf/8.3.0/../../../../riscv64-unknown-elf/lib/libc.a(lib_a-writer.o)
 .riscv.attributes
                0x0000000000000515       0x33 /raid/tools/cross-compilers/riscv-rv64gc-medany/lib/gcc/riscv64-unknown-elf/8.3.0/../../../../riscv64-unknown-elf/lib/libc.a(lib_a-wsetup.o)
 .riscv.attributes
                0x0000000000000548       0x33 /raid/tools/cross-compilers/riscv-rv64gc-medany/lib/gcc/riscv64-unknown-elf/8.3.0/../../../../riscv64-unknown-elf/lib/libc.a(lib_a-__atexit.o)
 .riscv.attributes
                0x000000000000057b       0x33 /raid/tools/cross-compilers/riscv-rv64gc-medany/lib/gcc/riscv64-unknown-elf/8.3.0/../../../../riscv64-unknown-elf/lib/libc.a(lib_a-__call_atexit.o)
 .riscv.attributes
                0x00000000000005ae       0x33 /raid/tools/cross-compilers/riscv-rv64gc-medany/lib/gcc/riscv64-unknown-elf/8.3.0/../../../../riscv64-unknown-elf/lib/libc.a(lib_a-closer.o)
 .riscv.attributes
                0x00000000000005e1       0x33 /raid/tools/cross-compilers/riscv-rv64gc-medany/lib/gcc/riscv64-unknown-elf/8.3.0/../../../../riscv64-unknown-elf/lib/libc.a(lib_a-fclose.o)
 .riscv.attributes
                0x0000000000000614       0x33 /raid/tools/cross-compilers/riscv-rv64gc-medany/lib/gcc/riscv64-unknown-elf/8.3.0/../../../../riscv64-unknown-elf/lib/libc.a(lib_a-fflush.o)
 .riscv.attributes
                0x0000000000000647       0x33 /raid/tools/cross-compilers/riscv-rv64gc-medany/lib/gcc/riscv64-unknown-elf/8.3.0/../../../../riscv64-unknown-elf/lib/libc.a(lib_a-freer.o)
 .riscv.attributes
                0x000000000000067a       0x33 /raid/tools/cross-compilers/riscv-rv64gc-medany/lib/gcc/riscv64-unknown-elf/8.3.0/../../../../riscv64-unknown-elf/lib/libc.a(lib_a-lseekr.o)
 .riscv.attributes
                0x00000000000006ad       0x33 /raid/tools/cross-compilers/riscv-rv64gc-medany/lib/gcc/riscv64-unknown-elf/8.3.0/../../../../riscv64-unknown-elf/lib/libc.a(lib_a-makebuf.o)
 .riscv.attributes
                0x00000000000006e0       0x33 /raid/tools/cross-compilers/riscv-rv64gc-medany/lib/gcc/riscv64-unknown-elf/8.3.0/../../../../riscv64-unknown-elf/lib/libc.a(lib_a-readr.o)
 .riscv.attributes
                0x0000000000000713       0x33 /raid/tools/cross-compilers/riscv-rv64gc-medany/lib/gcc/riscv64-unknown-elf/8.3.0/../../../../riscv64-unknown-elf/lib/libc.a(lib_a-reent.o)
 .riscv.attributes
                0x0000000000000746       0x33 /raid/tools/cross-compilers/riscv-rv64gc-medany/lib/gcc/riscv64-unknown-elf/8.3.0/../../../../riscv64-unknown-elf/lib/libc.a(lib_a-refill.o)
 .riscv.attributes
                0x0000000000000779       0x33 /raid/tools/cross-compilers/riscv-rv64gc-medany/lib/gcc/riscv64-unknown-elf/8.3.0/../../../../riscv64-unknown-elf/lib/libc.a(lib_a-fstatr.o)
 .riscv.attributes
                0x00000000000007ac       0x33 /raid/tools/cross-compilers/riscv-rv64gc-medany/lib/gcc/riscv64-unknown-elf/8.3.0/../../../../riscv64-unknown-elf/lib/libc.a(lib_a-isattyr.o)
 .riscv.attributes
                0x00000000000007df       0x33 /raid/tools/cross-compilers/riscv-rv64gc-medany/lib/gcc/riscv64-unknown-elf/8.3.0/../../../../riscv64-unknown-elf/lib/libnosys.a(_exit.o)
 .riscv.attributes
                0x0000000000000812       0x33 /raid/tools/cross-compilers/riscv-rv64gc-medany/lib/gcc/riscv64-unknown-elf/8.3.0/crtend.o

.gnu.build.attributes
 *(.gnu.build.attributes .gnu.build.attributes.*)

.debug
 *(.debug)

.line
 *(.line)

.debug_srcinfo
 *(.debug_srcinfo)

.debug_sfnames
 *(.debug_sfnames)

.debug_aranges  0x0000000000000000       0xf0
 *(.debug_aranges)
 .debug_aranges
                0x0000000000000000       0x30 ./lib/startup.o
 .debug_aranges
                0x0000000000000030       0x30 ./lib/syscalls.o
 .debug_aranges
                0x0000000000000060       0x30 ./lib/riscv_counters.o
 .debug_aranges
                0x0000000000000090       0x30 ./lib/ns16550.o
 .debug_aranges
                0x00000000000000c0       0x30 /tmp/ccm7Z1eI.o

.debug_pubnames
 *(.debug_pubnames)

.debug_info     0x0000000000000000     0x2645
 *(.debug_info .gnu.linkonce.wi.*)
 .debug_info    0x0000000000000000       0x2e ./lib/startup.o
 .debug_info    0x000000000000002e      0xd7e ./lib/syscalls.o
 .debug_info    0x0000000000000dac      0xb18 ./lib/riscv_counters.o
 .debug_info    0x00000000000018c4      0x40a ./lib/ns16550.o
 .debug_info    0x0000000000001cce      0x977 /tmp/ccm7Z1eI.o

.debug_abbrev   0x0000000000000000      0x854
 *(.debug_abbrev)
 .debug_abbrev  0x0000000000000000       0x14 ./lib/startup.o
 .debug_abbrev  0x0000000000000014      0x28c ./lib/syscalls.o
 .debug_abbrev  0x00000000000002a0      0x265 ./lib/riscv_counters.o
 .debug_abbrev  0x0000000000000505      0x15e ./lib/ns16550.o
 .debug_abbrev  0x0000000000000663      0x1f1 /tmp/ccm7Z1eI.o

.debug_line     0x0000000000000000      0xba9
 *(.debug_line .debug_line.* .debug_line_end)
 .debug_line    0x0000000000000000       0x9a ./lib/startup.o
 .debug_line    0x000000000000009a      0x48b ./lib/syscalls.o
 .debug_line    0x0000000000000525      0x279 ./lib/riscv_counters.o
 .debug_line    0x000000000000079e      0x298 ./lib/ns16550.o
 .debug_line    0x0000000000000a36      0x173 /tmp/ccm7Z1eI.o

.debug_frame    0x0000000000000000      0x4d8
 *(.debug_frame)
 .debug_frame   0x0000000000000000      0x270 ./lib/syscalls.o
 .debug_frame   0x0000000000000270      0x150 ./lib/riscv_counters.o
 .debug_frame   0x00000000000003c0       0xd8 ./lib/ns16550.o
 .debug_frame   0x0000000000000498       0x40 /tmp/ccm7Z1eI.o

.debug_str      0x0000000000000000      0x87f
 *(.debug_str)
 .debug_str     0x0000000000000000       0x4f ./lib/startup.o
 .debug_str     0x000000000000004f      0x555 ./lib/syscalls.o
                                        0x60d (size before relaxing)
 .debug_str     0x00000000000005a4       0x82 ./lib/riscv_counters.o
                                        0x599 (size before relaxing)
 .debug_str     0x0000000000000626      0x240 ./lib/ns16550.o
                                        0x33c (size before relaxing)
 .debug_str     0x0000000000000866       0x19 /tmp/ccm7Z1eI.o
                                        0x517 (size before relaxing)

.debug_loc
 *(.debug_loc)

.debug_macinfo
 *(.debug_macinfo)

.debug_weaknames
 *(.debug_weaknames)

.debug_funcnames
 *(.debug_funcnames)

.debug_typenames
 *(.debug_typenames)

.debug_varnames
 *(.debug_varnames)

.debug_pubtypes
 *(.debug_pubtypes)

.debug_ranges
 *(.debug_ranges)

.debug_macro
 *(.debug_macro)

.debug_addr
 *(.debug_addr)

.gnu.attributes
 *(.gnu.attributes)

/DISCARD/
 *(.note.GNU-stack)
 *(.gnu_debuglink)
 *(.gnu.lto_*)
OUTPUT(cat/cat elf64-littleriscv)
